03-15 07:57:52.659  2014  2014 D SystemServer: ContentCaptureService disabled because resource is not overlaid
03-15 07:57:52.659  2014  2014 D SystemServer: AttentionService is not configured on this device
03-15 07:57:52.659  2014  2014 I SystemServer: StartSystemCaptionsManagerService
03-15 07:57:52.660  2014  2014 I SystemServiceManager: Starting com.android.server.systemcaptions.SystemCaptionsManagerService
03-15 07:57:52.661  2014  2014 D SystemServerTiming: StartSystemCaptionsManagerService took to complete: 1ms
03-15 07:57:52.661  2014  2014 I SystemServer: StartAppPredictionService
03-15 07:57:52.663  2014  2014 I SystemServiceManager: Starting com.android.server.appprediction.AppPredictionManagerService
03-15 07:57:52.664  2014  2014 D SystemServerTiming: StartAppPredictionService took to complete: 3ms
03-15 07:57:52.664  2014  2014 I SystemServer: StartContentSuggestionsService
03-15 07:57:52.666  2014  2014 I SystemServiceManager: Starting com.android.server.contentsuggestions.ContentSuggestionsManagerService
03-15 07:57:52.667  2014  2014 D SystemServerTiming: StartContentSuggestionsService took to complete: 3ms
03-15 07:57:52.667  2014  2014 I SystemServer: InitNetworkStackClient
03-15 07:57:52.668  2014  2014 D SystemServerTiming: InitNetworkStackClient took to complete: 1ms
03-15 07:57:52.668  2014  2014 I SystemServer: StartNetworkManagementService
03-15 07:57:52.679  1747  1747 I netd    : registerUnsolicitedEventListener() <0.03ms>
03-15 07:57:52.680  2014  2014 D SystemServerTiming: StartNetworkManagementService took to complete: 12ms
03-15 07:57:52.680  2014  2014 I SystemServer: StartIpSecService
03-15 07:57:52.681  2014  2014 D SystemServerTiming: StartIpSecService took to complete: 0ms
03-15 07:57:52.681  2014  2014 I SystemServer: StartTextServicesManager
03-15 07:57:52.681  2014  2014 I SystemServiceManager: Starting com.android.server.textservices.TextServicesManagerService$Lifecycle
03-15 07:57:52.682  2014  2014 D SystemServerTiming: StartTextServicesManager took to complete: 1ms
03-15 07:57:52.682  2014  2014 I SystemServer: StartTextClassificationManagerService
03-15 07:57:52.682  2014  2014 I SystemServiceManager: Starting com.android.server.textclassifier.TextClassificationManagerService$Lifecycle
03-15 07:57:52.685  2014  2014 D SystemServerTiming: StartTextClassificationManagerService took to complete: 3ms
03-15 07:57:52.685  2014  2014 I SystemServer: StartNetworkScoreService
03-15 07:57:52.685  2014  2014 I SystemServiceManager: Starting com.android.server.NetworkScoreService$Lifecycle
03-15 07:57:52.686  2014  2014 I NetworkScoreService: Registering network_score
03-15 07:57:52.686  2014  2014 D SystemServerTiming: StartNetworkScoreService took to complete: 1ms
03-15 07:57:52.686  2014  2014 I SystemServer: StartNetworkStatsService
03-15 07:57:52.689  2014  2014 D SystemServerTiming: StartNetworkStatsService took to complete: 3ms
03-15 07:57:52.689  2014  2014 I SystemServer: StartNetworkPolicyManagerService
03-15 07:57:52.698  2014  2014 D SystemServerTiming: StartNetworkPolicyManagerService took to complete: 9ms
03-15 07:57:52.698  2014  2014 I SystemServer: StartWifi
03-15 07:57:52.736  2014  2014 I SystemServiceManager: Starting com.android.server.wifi.WifiService
03-15 07:57:52.929  2014  2014 E HostapdHal: Malformed channel value detected: java.lang.NumberFormatException: For input string: ""
03-15 07:57:52.948  2014  2014 D WifiCountryCode: mDefaultCountryCode null mRevertCountryCodeOnCellularLoss false
03-15 07:57:52.948  2014  2014 D WifiApConfigStore: 2G band allowed channels are:1,6,11
03-15 07:57:52.951  2014  2014 I WifiScoringParams: rssi2=-83:-80:-73:-60,rssi5=-80:-77:-70:-57,pps=0:1:100,horizon=15,nud=8,expid=0
03-15 07:57:53.000  2014  2014 D WifiOpenNetworkNotifier: Settings toggle enabled=true
03-15 07:57:53.000  2014  2014 D WifiCarrierNetworkNotifier: Settings toggle enabled=true
03-15 07:57:53.004  2014  2014 D WifiActiveModeWarden: Starting Wifi in WifiDisabledState
03-15 07:57:53.005  2014  2121 D WifiActiveModeWarden: Entering WifiDisabledState
03-15 07:57:53.005  2014  2014 D WakeupController: WifiWake enabled
03-15 07:57:53.008  2014  2014 E WifiClientModeImpl: getWifiLinkLayerStats called without an interface
03-15 07:57:53.011  2014  2014 E SupplicantStaIfaceHal: Can't call setDebugParams, ISupplicant is null
03-15 07:57:53.012  2014  2014 W WifiDiags: no ring buffers found
03-15 07:57:53.012  2014  2014 W WifiDiags: Failed to start packet fate monitoring
03-15 07:57:53.013  2014  2014 I WifiService: Registering wifi
03-15 07:57:53.013  2014  2014 D SystemServerTiming: StartWifi took to complete: 315ms
03-15 07:57:53.013  2014  2014 I SystemServer: StartWifiScanning
03-15 07:57:53.014  2014  2014 I SystemServiceManager: Starting com.android.server.wifi.scanner.WifiScanningService
03-15 07:57:53.015  2014  2014 I WifiScanningService: Creating wifiscanner
03-15 07:57:53.018  2014  2014 I WifiScanningService: Publishing wifiscanner
03-15 07:57:53.018  2014  2014 D SystemServerTiming: StartWifiScanning took to complete: 5ms
03-15 07:57:53.019  2014  2014 I SystemServer: StartWifiP2P
03-15 07:57:53.019  2014  2014 I SystemServiceManager: Starting com.android.server.wifi.p2p.WifiP2pService
03-15 07:57:53.029  2014  2014 W HalDevMgr: isWifiStarted called but mWifi is null!?
03-15 07:57:53.029  2014  2014 I WifiP2pService: Registering wifip2p
03-15 07:57:53.030  2014  2014 D SystemServerTiming: StartWifiP2P took to complete: 12ms
03-15 07:57:53.030  2014  2014 I SystemServer: StartConnectivityService
03-15 07:57:53.036  2014  2014 D ConnectivityService: ConnectivityService starting up
03-15 07:57:53.039  2014  2014 D ConnectivityService: wifiOnly=false
03-15 07:57:53.052  2014  2014 D SystemServerTiming: StartConnectivityService took to complete: 22ms
03-15 07:57:53.052  2014  2014 I SystemServer: StartNsdService
03-15 07:57:53.055  2014  2014 D NsdService: Network service discovery is enabled
03-15 07:57:53.058  2014  2014 D SystemServerTiming: StartNsdService took to complete: 6ms
03-15 07:57:53.058  2014  2014 I SystemServer: StartSystemUpdateManagerService
03-15 07:57:53.059  2014  2014 I SystemUpdateManagerService: No existing info file /data/system/system-update-info.xml
03-15 07:57:53.060  2014  2014 D SystemServerTiming: StartSystemUpdateManagerService took to complete: 1ms
03-15 07:57:53.060  2014  2014 I SystemServer: StartUpdateLockService
03-15 07:57:53.061  2014  2014 D SystemServerTiming: StartUpdateLockService took to complete: 0ms
03-15 07:57:53.061  2014  2014 I SystemServer: StartNotificationManager
03-15 07:57:53.061  2014  2014 I SystemServiceManager: Starting com.android.server.notification.NotificationManagerService
03-15 07:57:53.082  2014  2014 D ConditionProviders.SCP: new ScheduleConditionProvider()
03-15 07:57:53.096  2014  2014 I NotificationListeners: Read notification listener permissions from xml
03-15 07:57:53.097  2014  2014 I NotificationAssistants: Read notification assistant permissions from xml
03-15 07:57:53.097  2014  2014 I ConditionProviders: Read condition provider permissions from xml
03-15 07:57:53.097  2014  2014 I ConditionProviders: Read condition provider permissions from xml
03-15 07:57:53.097  2014  2014 D NotificationAssistants: Approving default notification assistant for user 0
03-15 07:57:53.097  2014  2014 I ConditionProviders:  Allowing condition provider com.google.android.ext.services/android.ext.services.notification.Assistant
03-15 07:57:53.101  2014  2014 D NotificationService: Set default NAS to be com.google.android.ext.services/android.ext.services.notification.Assistant in 0
03-15 07:57:53.111  2014  2014 D SystemServerTiming: StartNotificationManager took to complete: 50ms
03-15 07:57:53.111  2014  2014 I SystemServer: StartDeviceMonitor
03-15 07:57:53.111  2014  2014 I SystemServiceManager: Starting com.android.server.storage.DeviceStorageMonitorService
03-15 07:57:53.117  2014  2014 D SystemServerTiming: StartDeviceMonitor took to complete: 5ms
03-15 07:57:53.117  2014  2014 I SystemServer: StartLocationManagerService
03-15 07:57:53.118  2014  2014 D SystemServerTiming: StartLocationManagerService took to complete: 2ms
03-15 07:57:53.118  2014  2014 I SystemServer: StartCountryDetectorService
03-15 07:57:53.119  2014  2014 D SystemServerTiming: StartCountryDetectorService took to complete: 1ms
03-15 07:57:53.119  2014  2014 I SystemServer: StartTimeDetectorService
03-15 07:57:53.120  2014  2014 I SystemServiceManager: Starting com.android.server.timedetector.TimeDetectorService$Lifecycle
03-15 07:57:53.121  2014  2014 D SystemServerTiming: StartTimeDetectorService took to complete: 2ms
03-15 07:57:53.121  2014  2014 I SystemServer: StartSearchManagerService
03-15 07:57:53.121  2014  2014 I SystemServiceManager: Starting com.android.server.search.SearchManagerService$Lifecycle
03-15 07:57:53.122  2014  2014 D SystemServerTiming: StartSearchManagerService took to complete: 1ms
03-15 07:57:53.123  2014  2014 I SystemServer: StartWallpaperManagerService
03-15 07:57:53.123  2014  2014 I SystemServiceManager: Starting com.android.server.wallpaper.WallpaperManagerService$Lifecycle
03-15 07:57:53.126  2014  2014 D SystemServerTiming: StartWallpaperManagerService took to complete: 4ms
03-15 07:57:53.126  2014  2014 I SystemServer: StartAudioService
03-15 07:57:53.126  2014  2014 I SystemServiceManager: Starting com.android.server.audio.AudioService$Lifecycle
03-15 07:57:53.145  1789  1789 D PermissionCache: checking android.permission.MODIFY_AUDIO_ROUTING for uid=1000 => granted (578 us)
03-15 07:57:53.147  2014  2014 W TelecomManager: Telecom Service not found.
03-15 07:57:53.151  1789  1934 D PermissionCache: checking android.permission.MODIFY_AUDIO_SETTINGS for uid=1000 => granted (444 us)
03-15 07:57:53.153  1789  1939 W AudioFlinger: no wake lock to update, system not ready yet
03-15 07:57:53.157  1754  1754 W DeviceHAL: Error from HAL Device in function set_mic_mute: Function not implemented
03-15 07:57:53.157  2014  2014 E AudioSystem-JNI: Command failed for android_media_AudioSystem_muteMicrophone: -38
03-15 07:57:53.183  1789  1934 D AudioFlinger: isLowRamDevice:false totalMemory:2089164800 mClientSharedHeapSize:4194304
03-15 07:57:53.184  2014  2014 D SystemServerTiming: StartAudioService took to complete: 58ms
03-15 07:57:53.185  2014  2014 I SystemServer: StartDockObserver
03-15 07:57:53.185  2014  2014 I SystemServiceManager: Starting com.android.server.DockObserver
03-15 07:57:53.185  2014  2014 W DockObserver: This kernel does not have dock station support
03-15 07:57:53.186  2014  2014 D SystemServerTiming: StartDockObserver took to complete: 2ms
03-15 07:57:53.186  2014  2014 I SystemServer: StartWiredAccessoryManager
03-15 07:57:53.187  1905  1905 I hostapd : wlan1: interface state COUNTRY_UPDATE->HT_SCAN
03-15 07:57:53.187  2014  2014 W WiredAccessoryManager: This kernel does not have usb audio support
03-15 07:57:53.187  2014  2014 W WiredAccessoryManager: This kernel does not have HDMI audio support
03-15 07:57:53.187  2014  2014 D SystemServerTiming: StartWiredAccessoryManager took to complete: 1ms
03-15 07:57:53.188  2014  2014 I SystemServer: StartMidiManager
03-15 07:57:53.188  2014  2014 I SystemServiceManager: Starting com.android.server.midi.MidiService$Lifecycle
03-15 07:57:53.189  2014  2014 D SystemServerTiming: StartMidiManager took to complete: 2ms
03-15 07:57:53.189  2014  2014 I SystemServer: StartAdbService
03-15 07:57:53.189  2014  2014 I SystemServiceManager: Starting com.android.server.adb.AdbService$Lifecycle
03-15 07:57:53.190  2014  2014 D SystemServerTiming: StartAdbService took to complete: 1ms
03-15 07:57:53.190  2014  2014 I SystemServer: StartUsbService
03-15 07:57:53.190  2014  2014 I SystemServiceManager: Starting com.android.server.usb.UsbService$Lifecycle
03-15 07:57:53.192  2014  2014 E UsbDeviceManager: failed to write to /sys/class/android_usb/android0/f_rndis/ethaddr
03-15 07:57:53.192  1650  1650 I hwservicemanager: getTransport: Cannot find entry android.hardware.usb.gadget@1.0::IUsbGadget/default in either framework or device manifest.
03-15 07:57:53.196  2014  2014 I UsbDeviceManager: USB GADGET HAL not present in the device
03-15 07:57:53.196  2014  2014 I UsbDeviceManager: java.util.NoSuchElementException
03-15 07:57:53.196  2014  2014 I UsbDeviceManager: 	at android.os.HwBinder.getService(Native Method)
03-15 07:57:53.196  2014  2014 I UsbDeviceManager: 	at android.hardware.usb.gadget.V1_0.IUsbGadget.getService(IUsbGadget.java:55)
03-15 07:57:53.196  2014  2014 I UsbDeviceManager: 	at android.hardware.usb.gadget.V1_0.IUsbGadget.getService(IUsbGadget.java:62)
03-15 07:57:53.196  2014  2014 I UsbDeviceManager: 	at com.android.server.usb.UsbDeviceManager.<init>(UsbDeviceManager.java:262)
03-15 07:57:53.196  2014  2014 I UsbDeviceManager: 	at com.android.server.usb.UsbService.<init>(UsbService.java:150)
03-15 07:57:53.196  2014  2014 I UsbDeviceManager: 	at com.android.server.usb.UsbService$Lifecycle.onStart(UsbService.java:84)
03-15 07:57:53.196  2014  2014 I UsbDeviceManager: 	at com.android.server.SystemServiceManager.startService(SystemServiceManager.java:129)
03-15 07:57:53.196  2014  2014 I UsbDeviceManager: 	at com.android.server.SystemServiceManager.startService(SystemServiceManager.java:116)
03-15 07:57:53.196  2014  2014 I UsbDeviceManager: 	at com.android.server.SystemServiceManager.startService(SystemServiceManager.java:75)
03-15 07:57:53.196  2014  2014 I UsbDeviceManager: 	at com.android.server.SystemServer.startOtherServices(SystemServer.java:1532)
03-15 07:57:53.196  2014  2014 I UsbDeviceManager: 	at com.android.server.SystemServer.run(SystemServer.java:512)
03-15 07:57:53.196  2014  2014 I UsbDeviceManager: 	at com.android.server.SystemServer.main(SystemServer.java:349)
03-15 07:57:53.196  2014  2014 I UsbDeviceManager: 	at java.lang.reflect.Method.invoke(Native Method)
03-15 07:57:53.196  2014  2014 I UsbDeviceManager: 	at com.android.internal.os.RuntimeInit$MethodAndArgsCaller.run(RuntimeInit.java:492)
03-15 07:57:53.196  2014  2014 I UsbDeviceManager: 	at com.android.internal.os.ZygoteInit.main(ZygoteInit.java:908)
03-15 07:57:53.196  2014  2014 E UsbDeviceManagerJNI: could not open control for mtp No such file or directory
03-15 07:57:53.196  2014  2014 E UsbDeviceManager: Failed to open control for mtp
03-15 07:57:53.196  2014  2014 E UsbDeviceManagerJNI: could not open control for ptp No such file or directory
03-15 07:57:53.196  2014  2014 E UsbDeviceManager: Failed to open control for ptp
03-15 07:57:53.217  2014  2014 W StorageManagerService: No primary storage defined yet; hacking together a stub
03-15 07:57:53.218  2014  2014 E UsbDeviceManagerJNI: could not open /dev/usb_accessory
03-15 07:57:53.221  2014  2014 I android_os_HwBinder: HwBinder: Starting thread pool for getting: android.hidl.manager@1.0::IServiceManager/default
03-15 07:57:53.224  1650  1650 I hwservicemanager: getTransport: Cannot find entry android.hardware.usb@1.0::IUsb/default in either framework or device manifest.
03-15 07:57:53.227  2014  2014 E UsbPortManager: connectToProxy: usb hal service not found. Did the service fail to start?
03-15 07:57:53.227  2014  2014 E UsbPortManager: java.util.NoSuchElementException
03-15 07:57:53.227  2014  2014 E UsbPortManager: 	at android.os.HwBinder.getService(Native Method)
03-15 07:57:53.227  2014  2014 E UsbPortManager: 	at android.os.HwBinder.getService(HwBinder.java:83)
03-15 07:57:53.227  2014  2014 E UsbPortManager: 	at android.hardware.usb.V1_0.IUsb.getService(IUsb.java:70)
03-15 07:57:53.227  2014  2014 E UsbPortManager: 	at android.hardware.usb.V1_0.IUsb.getService(IUsb.java:77)
03-15 07:57:53.227  2014  2014 E UsbPortManager: 	at com.android.server.usb.UsbPortManager.connectToProxy(UsbPortManager.java:780)
03-15 07:57:53.227  2014  2014 E UsbPortManager: 	at com.android.server.usb.UsbPortManager.<init>(UsbPortManager.java:175)
03-15 07:57:53.227  2014  2014 E UsbPortManager: 	at com.android.server.usb.UsbService.<init>(UsbService.java:153)
03-15 07:57:53.227  2014  2014 E UsbPortManager: 	at com.android.server.usb.UsbService$Lifecycle.onStart(UsbService.java:84)
03-15 07:57:53.227  2014  2014 E UsbPortManager: 	at com.android.server.SystemServiceManager.startService(SystemServiceManager.java:129)
03-15 07:57:53.227  2014  2014 E UsbPortManager: 	at com.android.server.SystemServiceManager.startService(SystemServiceManager.java:116)
03-15 07:57:53.227  2014  2014 E UsbPortManager: 	at com.android.server.SystemServiceManager.startService(SystemServiceManager.java:75)
03-15 07:57:53.227  2014  2014 E UsbPortManager: 	at com.android.server.SystemServer.startOtherServices(SystemServer.java:1532)
03-15 07:57:53.227  2014  2014 E UsbPortManager: 	at com.android.server.SystemServer.run(SystemServer.java:512)
03-15 07:57:53.227  2014  2014 E UsbPortManager: 	at com.android.server.SystemServer.main(SystemServer.java:349)
03-15 07:57:53.227  2014  2014 E UsbPortManager: 	at java.lang.reflect.Method.invoke(Native Method)
03-15 07:57:53.227  2014  2014 E UsbPortManager: 	at com.android.internal.os.RuntimeInit$MethodAndArgsCaller.run(RuntimeInit.java:492)
03-15 07:57:53.227  2014  2014 E UsbPortManager: 	at com.android.internal.os.ZygoteInit.main(ZygoteInit.java:908)
03-15 07:57:53.229  2014  2014 D SystemServerTiming: StartUsbService took to complete: 39ms
03-15 07:57:53.229  2014  2014 I SystemServer: StartSerialService
03-15 07:57:53.230  2014  2014 D SystemServerTiming: StartSerialService took to complete: 1ms
03-15 07:57:53.230  2014  2014 I SystemServer: StartHardwarePropertiesManagerService
03-15 07:57:53.231  1650  1650 I hwservicemanager: getTransport: Cannot find entry android.hardware.thermal@1.0::IThermal/default in either framework or device manifest.
03-15 07:57:53.231  2014  2014 E HardwarePropertiesManagerService-JNI: Unable to get Thermal service.
03-15 07:57:53.232  2014  2014 D SystemServerTiming: StartHardwarePropertiesManagerService took to complete: 1ms
03-15 07:57:53.232  2014  2014 I SystemServer: StartTwilightService
03-15 07:57:53.232  2014  2014 I SystemServiceManager: Starting com.android.server.twilight.TwilightService
03-15 07:57:53.232  2014  2014 D SystemServerTiming: StartTwilightService took to complete: 0ms
03-15 07:57:53.232  2014  2014 I SystemServer: StartColorDisplay
03-15 07:57:53.232  2014  2014 I SystemServiceManager: Starting com.android.server.display.color.ColorDisplayService
03-15 07:57:53.235  2014  2014 D SystemServerTiming: StartColorDisplay took to complete: 3ms
03-15 07:57:53.235  2014  2014 I SystemServer: StartJobScheduler
03-15 07:57:53.235  2014  2014 I SystemServiceManager: Starting com.android.server.job.JobSchedulerService
03-15 07:57:53.244  2014  2014 D JobStore: Start tag: job-info
03-15 07:57:53.254  2014  2014 I JobStore: Read 46 jobs
03-15 07:57:53.263  2014  2014 D SystemServerTiming: StartJobScheduler took to complete: 28ms
03-15 07:57:53.263  2014  2014 I SystemServer: StartSoundTrigger
03-15 07:57:53.263  2014  2014 I SystemServiceManager: Starting com.android.server.soundtrigger.SoundTriggerService
03-15 07:57:53.264  2014  2014 D SystemServerTiming: StartSoundTrigger took to complete: 1ms
03-15 07:57:53.264  2014  2014 I SystemServer: StartTrustManager
03-15 07:57:53.264  2014  2014 I SystemServiceManager: Starting com.android.server.trust.TrustManagerService
03-15 07:57:53.265  2014  2014 D SystemServerTiming: StartTrustManager took to complete: 1ms
03-15 07:57:53.265  2014  2014 I SystemServer: StartBackupManager
03-15 07:57:53.265  2014  2014 I SystemServiceManager: Starting com.android.server.backup.BackupManagerService$Lifecycle
03-15 07:57:53.274  2014  2014 D SystemServerTiming: StartBackupManager took to complete: 9ms
03-15 07:57:53.275  2014  2014 I SystemServer: StartAppWidgetService
03-15 07:57:53.275  2014  2014 I SystemServiceManager: Starting com.android.server.appwidget.AppWidgetService
03-15 07:57:53.279  2014  2014 D SystemServerTiming: StartAppWidgetService took to complete: 4ms
03-15 07:57:53.279  2014  2014 I SystemServer: StartRoleManagerService
03-15 07:57:53.283  2014  2014 D SystemServerTiming: StartRoleManagerService took to complete: 3ms
03-15 07:57:53.283  2014  2014 I SystemServer: StartVoiceRecognitionManager
03-15 07:57:53.283  2014  2014 I SystemServiceManager: Starting com.android.server.voiceinteraction.VoiceInteractionManagerService
03-15 07:57:53.286  2014  2014 I RoleUserState: Read roles.xml successfully
03-15 07:57:53.546  2014  2014 D SystemServerTiming: StartVoiceRecognitionManager took to complete: 263ms
03-15 07:57:53.546  2014  2014 I SystemServer: StartGestureLauncher
03-15 07:57:53.547  2014  2014 I SystemServiceManager: Starting com.android.server.GestureLauncherService
03-15 07:57:53.547  2014  2014 D SystemServerTiming: StartGestureLauncher took to complete: 0ms
03-15 07:57:53.547  2014  2014 I SystemServer: StartSensorNotification
03-15 07:57:53.547  2014  2014 I SystemServiceManager: Starting com.android.server.SensorNotificationService
03-15 07:57:53.547  2014  2014 D SystemServerTiming: StartSensorNotification took to complete: 0ms
03-15 07:57:53.547  2014  2014 I SystemServer: StartContextHubSystemService
03-15 07:57:53.547  2014  2014 I SystemServiceManager: Starting com.android.server.ContextHubSystemService
03-15 07:57:53.547  2014  2014 D SystemServerTiming: StartContextHubSystemService took to complete: 0ms
03-15 07:57:53.547  2014  2014 I SystemServer: StartDiskStatsService
03-15 07:57:53.547  2014  2103 D SystemServerInitThreadPool: Started executing Init ContextHubSystemService
03-15 07:57:53.549  1650  1650 I hwservicemanager: getTransport: Cannot find entry android.hardware.contexthub@1.0::IContexthub/default in either framework or device manifest.
03-15 07:57:53.549  2014  2103 I ContextHubService: Context Hub HAL service not found
03-15 07:57:53.550  2014  2103 D SystemServerInitThreadPool: Finished executing Init ContextHubSystemService
03-15 07:57:53.550  2014  2014 D SystemServerTiming: StartDiskStatsService took to complete: 3ms
03-15 07:57:53.550  2014  2014 I SystemServer: RuntimeService
03-15 07:57:53.551  2014  2014 D SystemServerTiming: RuntimeService took to complete: 1ms
03-15 07:57:53.551  2014  2014 I SystemServer: StartNetworkTimeUpdateService
03-15 07:57:53.551  2014  2014 D SystemServer: Using networkTimeUpdater class=class com.android.server.NewNetworkTimeUpdateService
03-15 07:57:53.552  2014  2014 D SystemServerTiming: StartNetworkTimeUpdateService took to complete: 1ms
03-15 07:57:53.552  2014  2014 I SystemServer: CertBlacklister
03-15 07:57:53.553  2014  2014 D SystemServerTiming: CertBlacklister took to complete: 0ms
03-15 07:57:53.553  2014  2014 I SystemServer: StartEmergencyAffordanceService
03-15 07:57:53.553  2014  2014 I SystemServiceManager: Starting com.android.server.emergency.EmergencyAffordanceService
03-15 07:57:53.553  2014  2014 D SystemServerTiming: StartEmergencyAffordanceService took to complete: 0ms
03-15 07:57:53.553  2014  2014 I SystemServer: StartDreamManager
03-15 07:57:53.553  2014  2014 I SystemServiceManager: Starting com.android.server.dreams.DreamManagerService
03-15 07:57:53.555  2014  2014 D SystemServerTiming: StartDreamManager took to complete: 2ms
03-15 07:57:53.555  2014  2014 I SystemServer: AddGraphicsStatsService
03-15 07:57:53.558  2014  2014 D SystemServerTiming: AddGraphicsStatsService took to complete: 3ms
03-15 07:57:53.559  2014  2014 I SystemServer: StartPrintManager
03-15 07:57:53.559  2014  2014 I SystemServiceManager: Starting com.android.server.print.PrintManagerService
03-15 07:57:53.561  2014  2014 D SystemServerTiming: StartPrintManager took to complete: 2ms
03-15 07:57:53.561  2014  2014 I SystemServer: StartRestrictionManager
03-15 07:57:53.561  2014  2014 I SystemServiceManager: Starting com.android.server.restrictions.RestrictionsManagerService
03-15 07:57:53.563  2014  2014 D SystemServerTiming: StartRestrictionManager took to complete: 2ms
03-15 07:57:53.563  2014  2014 I SystemServer: StartMediaSessionService
03-15 07:57:53.563  2014  2014 I SystemServiceManager: Starting com.android.server.media.MediaSessionService
03-15 07:57:53.578  2014  2014 D SystemServerTiming: StartMediaSessionService took to complete: 15ms
03-15 07:57:53.578  2014  2014 I SystemServer: StartMediaResourceMonitor
03-15 07:57:53.578  2014  2014 I SystemServiceManager: Starting com.android.server.media.MediaResourceMonitorService
03-15 07:57:53.580  2014  2014 D SystemServerTiming: StartMediaResourceMonitor took to complete: 1ms
03-15 07:57:53.580  2014  2014 I SystemServer: StartMediaRouterService
03-15 07:57:53.582  2014  2014 D SystemServerTiming: StartMediaRouterService took to complete: 1ms
03-15 07:57:53.582  2014  2014 I SystemServer: StartFingerprintSensor
03-15 07:57:53.582  2014  2014 I SystemServiceManager: Starting com.android.server.biometrics.fingerprint.FingerprintService
03-15 07:57:53.585  2014  2014 D SystemServerTiming: StartFingerprintSensor took to complete: 2ms
03-15 07:57:53.585  2014  2086 D SystemServerInitThreadPool: Started executing FingerprintService.onStart
03-15 07:57:53.585  2014  2014 I SystemServer: StartBiometricService
03-15 07:57:53.585  2014  2086 V FingerprintService: mDaemon was null, reconnect to fingerprint
03-15 07:57:53.585  2014  2014 I SystemServiceManager: Starting com.android.server.biometrics.BiometricService
03-15 07:57:53.588  2014  2086 I android_os_HwBinder: HwBinder: Starting thread pool for getting: android.hardware.biometrics.fingerprint@2.1::IBiometricsFingerprint/default
03-15 07:57:53.590  2014  2014 D SystemServerTiming: StartBiometricService took to complete: 4ms
03-15 07:57:53.590  2014  2014 I SystemServer: StartBackgroundDexOptService
03-15 07:57:53.590  2014  2014 W BackgroundDexOptService: SysProp pm.dexopt.downgrade_after_inactive_days not set
03-15 07:57:53.590  2014  2086 V FingerprintService: Fingerprint HAL id: 3905007616
03-15 07:57:53.591  1864  1864 D FingerprintHal: ----------------> fingerprint_set_active_group -----------------> path /data/vendor_de/0/fpdata
03-15 07:57:53.591  1864  1864 D FingerprintHal: ----------------> loadFingerprints ----------------->
03-15 07:57:53.592  2014  2014 D SystemServerTiming: StartBackgroundDexOptService took to complete: 1ms
03-15 07:57:53.592  2014  2014 I SystemServer: StartDynamicCodeLoggingService
03-15 07:57:53.592  1864  1864 E FingerprintHal: Could not load fingerprints from storage at /data/vendor_de/0/fpdata/emufp.bin; it has not yet been created.
03-15 07:57:53.592  1864  1864 D FingerprintHal: ----------------> loadAuthenticatorId ----------------->
03-15 07:57:53.594  2014  2014 D SystemServerTiming: StartDynamicCodeLoggingService took to complete: 2ms
03-15 07:57:53.594  2014  2014 I SystemServer: StartPruneInstantAppsJobService
03-15 07:57:53.594  1864  1864 D FingerprintHal: Read authenticator id (0x6b8b4567327b23c6)
03-15 07:57:53.595  2014  2086 V FingerprintService: Enumerating user(0)
03-15 07:57:53.595  2014  2014 D SystemServerTiming: StartPruneInstantAppsJobService took to complete: 2ms
03-15 07:57:53.595  2014  2014 I SystemServer: StartShortcutServiceLifecycle
03-15 07:57:53.596  2014  2014 I SystemServiceManager: Starting com.android.server.pm.ShortcutService$Lifecycle
03-15 07:57:53.596  2014  2086 D SystemServerInitThreadPool: Finished executing FingerprintService.onStart
03-15 07:57:53.600  2014  2014 D SystemServerTiming: StartShortcutServiceLifecycle took to complete: 5ms
03-15 07:57:53.600  2014  2014 I SystemServer: StartLauncherAppsService
03-15 07:57:53.601  2014  2014 I SystemServiceManager: Starting com.android.server.pm.LauncherAppsService
03-15 07:57:53.616  2014  2014 D SystemServerTiming: StartLauncherAppsService took to complete: 16ms
03-15 07:57:53.616  2014  2014 I SystemServer: StartCrossProfileAppsService
03-15 07:57:53.616  2014  2014 I SystemServiceManager: Starting com.android.server.pm.CrossProfileAppsService
03-15 07:57:53.618  2014  2014 D SystemServerTiming: StartCrossProfileAppsService took to complete: 2ms
03-15 07:57:53.618  2014  2014 I SystemServer: StartMediaProjectionManager
03-15 07:57:53.618  2014  2014 I SystemServiceManager: Starting com.android.server.media.projection.MediaProjectionManagerService
03-15 07:57:53.627  2014  2014 V MediaRouter: Selecting route: RouteInfo{ name=Phone, description=null, status=null, category=RouteCategory{ name=System types=ROUTE_TYPE_LIVE_AUDIO ROUTE_TYPE_LIVE_VIDEO  groupable=false }, supportedTypes=ROUTE_TYPE_LIVE_AUDIO ROUTE_TYPE_LIVE_VIDEO , presentationDisplay=null }
03-15 07:57:53.629  2014  2014 D SystemServerTiming: StartMediaProjectionManager took to complete: 11ms
03-15 07:57:53.629  2014  2014 I SystemServer: StartSliceManagerService
03-15 07:57:53.629  2014  2014 I SystemServiceManager: Starting com.android.server.slice.SliceManagerService$Lifecycle
03-15 07:57:53.631  2014  2014 D SystemServerTiming: StartSliceManagerService took to complete: 1ms
03-15 07:57:53.631  2014  2014 I SystemServer: StartCameraServiceProxy
03-15 07:57:53.631  2014  2014 I SystemServiceManager: Starting com.android.server.camera.CameraServiceProxy
03-15 07:57:53.633  2014  2014 D SystemServerTiming: StartCameraServiceProxy took to complete: 2ms
03-15 07:57:53.633  2014  2014 I SystemServer: StartStatsCompanionService
03-15 07:57:53.633  2014  2014 I SystemServiceManager: Starting com.android.server.stats.StatsCompanionService$Lifecycle
03-15 07:57:53.635  2014  2014 I StatsCompanionService: register thermal listener successfully
03-15 07:57:53.644  2014  2014 E KernelCpuThreadReader: Failed to initialize KernelCpuThreadReader
03-15 07:57:53.644  2014  2014 E KernelCpuThreadReader: java.nio.file.NoSuchFileException: /proc/self/time_in_state
03-15 07:57:53.644  2014  2014 E KernelCpuThreadReader: 	at sun.nio.fs.UnixFileSystemProvider.newByteChannel(UnixFileSystemProvider.java:214)
03-15 07:57:53.644  2014  2014 E KernelCpuThreadReader: 	at java.nio.file.Files.newByteChannel(Files.java:361)
03-15 07:57:53.644  2014  2014 E KernelCpuThreadReader: 	at java.nio.file.Files.newByteChannel(Files.java:407)
03-15 07:57:53.644  2014  2014 E KernelCpuThreadReader: 	at java.nio.file.Files.readAllBytes(Files.java:3152)
03-15 07:57:53.644  2014  2014 E KernelCpuThreadReader: 	at com.android.internal.os.ProcTimeInStateReader.initializeTimeInStateFormat(ProcTimeInStateReader.java:163)
03-15 07:57:53.644  2014  2014 E KernelCpuThreadReader: 	at com.android.internal.os.ProcTimeInStateReader.<init>(ProcTimeInStateReader.java:110)
03-15 07:57:53.644  2014  2014 E KernelCpuThreadReader: 	at com.android.internal.os.KernelCpuThreadReader.<init>(KernelCpuThreadReader.java:137)
03-15 07:57:53.644  2014  2014 E KernelCpuThreadReader: 	at com.android.internal.os.KernelCpuThreadReader.create(KernelCpuThreadReader.java:150)
03-15 07:57:53.644  2014  2014 E KernelCpuThreadReader: 	at com.android.internal.os.KernelCpuThreadReaderSettingsObserver.<init>(KernelCpuThreadReaderSettingsObserver.java:94)
03-15 07:57:53.644  2014  2014 E KernelCpuThreadReader: 	at com.android.internal.os.KernelCpuThreadReaderSettingsObserver.getSettingsModifiedReader(KernelCpuThreadReaderSettingsObserver.java:79)
03-15 07:57:53.644  2014  2014 E KernelCpuThreadReader: 	at com.android.server.stats.StatsCompanionService.<init>(StatsCompanionService.java:377)
03-15 07:57:53.644  2014  2014 E KernelCpuThreadReader: 	at com.android.server.stats.StatsCompanionService$Lifecycle.onStart(StatsCompanionService.java:2539)
03-15 07:57:53.644  2014  2014 E KernelCpuThreadReader: 	at com.android.server.SystemServiceManager.startService(SystemServiceManager.java:129)
03-15 07:57:53.644  2014  2014 E KernelCpuThreadReader: 	at com.android.server.SystemServiceManager.startService(SystemServiceManager.java:116)
03-15 07:57:53.644  2014  2014 E KernelCpuThreadReader: 	at com.android.server.SystemServer.startOtherServices(SystemServer.java:1879)
03-15 07:57:53.644  2014  2014 E KernelCpuThreadReader: 	at com.android.server.SystemServer.run(SystemServer.java:512)
03-15 07:57:53.644  2014  2014 E KernelCpuThreadReader: 	at com.android.server.SystemServer.main(SystemServer.java:349)
03-15 07:57:53.644  2014  2014 E KernelCpuThreadReader: 	at java.lang.reflect.Method.invoke(Native Method)
03-15 07:57:53.644  2014  2014 E KernelCpuThreadReader: 	at com.android.internal.os.RuntimeInit$MethodAndArgsCaller.run(RuntimeInit.java:492)
03-15 07:57:53.644  2014  2014 E KernelCpuThreadReader: 	at com.android.internal.os.ZygoteInit.main(ZygoteInit.java:908)
03-15 07:57:53.645  2014  2014 D SystemServerTiming: StartStatsCompanionService took to complete: 11ms
03-15 07:57:53.645  2014  2014 I SystemServer: StartIncidentCompanionService
03-15 07:57:53.645  2014  2014 I SystemServiceManager: Starting com.android.server.incident.IncidentCompanionService
03-15 07:57:53.646  2014  2014 D SystemServerTiming: StartIncidentCompanionService took to complete: 0ms
03-15 07:57:53.646  2014  2014 I SystemServer: StartMmsService
03-15 07:57:53.646  2014  2014 I SystemServiceManager: Starting com.android.server.MmsServiceBroker
03-15 07:57:53.647  2014  2014 D SystemServerTiming: StartMmsService took to complete: 0ms
03-15 07:57:53.647  2014  2014 I SystemServer: StartAutoFillService
03-15 07:57:53.647  2014  2014 I SystemServiceManager: Starting com.android.server.autofill.AutofillManagerService
03-15 07:57:53.649  2014  2014 D AutofillManagerService: setLogLevelFromSettings(): level=2, debug=true, verbose=false
03-15 07:57:53.651  2014  2014 D AutofillManagerService: setMaxPartitionsFromSettings(): 10
03-15 07:57:53.651  2014  2014 D AutofillManagerService: setMaxVisibleDatasetsFromSettings(): 0
03-15 07:57:53.652  2014  2036 D AutofillUI: destroySaveUiUiThread(): already destroyed
03-15 07:57:53.651  2014  2014 E AutofillManagerServiceImpl: Bad service name: com.google.android.gms/.autofill.service.AutofillService
03-15 07:57:53.652  2014  2014 D AutofillManagerServiceImpl: Reset component for user 0:com.google.android.gms/.autofill.service.AutofillService
03-15 07:57:53.652  2014  2014 D SystemServerTiming: StartAutoFillService took to complete: 5ms
03-15 07:57:53.652  2014  2014 I SystemServer: StartClipboardService
03-15 07:57:53.652  2014  2014 I SystemServiceManager: Starting com.android.server.clipboard.ClipboardService
03-15 07:57:53.654  2014  2014 D SystemServerTiming: StartClipboardService took to complete: 2ms
03-15 07:57:53.654  2014  2014 I SystemServer: AppServiceManager
03-15 07:57:53.655  2014  2014 I SystemServiceManager: Starting com.android.server.appbinding.AppBindingService$Lifecycle
03-15 07:57:53.655  2014  2014 D SystemServerTiming: AppServiceManager took to complete: 1ms
03-15 07:57:53.655  2014  2014 I SystemServer: MakeVibratorServiceReady
03-15 07:57:53.657  2014  2014 D SystemServerTiming: MakeVibratorServiceReady took to complete: 1ms
03-15 07:57:53.657  2014  2014 I SystemServer: MakeLockSettingsServiceReady
03-15 07:57:53.675  1650  1650 I hwservicemanager: getTransport: Cannot find entry android.hardware.weaver@1.0::IWeaver/default in either framework or device manifest.
03-15 07:57:53.676  2014  2014 I SyntheticPasswordManager: Device does not support weaver
03-15 07:57:53.676  1650  1650 I hwservicemanager: getTransport: Cannot find entry android.hardware.authsecret@1.0::IAuthSecret/default in either framework or device manifest.
03-15 07:57:53.676  2014  2014 I LockSettingsService: Device doesn't implement AuthSecret HAL
03-15 07:57:53.678  2014  2014 E LockSettingsStorage: Cannot read file java.io.FileNotFoundException: /data/system/gatekeeper.password.key: open failed: ENOENT (No such file or directory)
03-15 07:57:53.679  2014  2014 E LockSettingsStorage: Cannot read file java.io.FileNotFoundException: /data/system/password.key: open failed: ENOENT (No such file or directory)
03-15 07:57:53.679  2014  2014 E LockSettingsStorage: Cannot read file java.io.FileNotFoundException: /data/system/gatekeeper.pattern.key: open failed: ENOENT (No such file or directory)
03-15 07:57:53.679  2014  2014 E LockSettingsStorage: Cannot read file java.io.FileNotFoundException: /data/system/gatekeeper.gesture.key: open failed: ENOENT (No such file or directory)
03-15 07:57:53.679  2014  2014 E LockSettingsStorage: Cannot read file java.io.FileNotFoundException: /data/system/gesture.key: open failed: ENOENT (No such file or directory)
03-15 07:57:53.679  2014  2014 D SystemServerTiming: MakeLockSettingsServiceReady took to complete: 22ms
03-15 07:57:53.680  2014  2014 I SystemServer: StartBootPhaseLockSettingsReady
03-15 07:57:53.680  2014  2014 I SystemServiceManager: Starting phase 480
03-15 07:57:53.685  2014  2014 I DevicePolicyManager: Set ro.device_owner property to false
03-15 07:57:53.688  2014  2093 D SystemServerInitThreadPool: Started executing DevicePolicyManager
03-15 07:57:53.689  2014  2093 D SystemServerInitThreadPool: Finished executing DevicePolicyManager
03-15 07:57:53.695  2014  2014 D SystemServerTiming: StartBootPhaseLockSettingsReady took to complete: 15ms
03-15 07:57:53.695  2014  2014 I SystemServer: StartBootPhaseSystemServicesReady
03-15 07:57:53.695  2014  2014 I SystemServiceManager: Starting phase 500
03-15 07:57:53.697  2014  2014 D AppStandbyController: Setting app idle enabled state
03-15 07:57:53.726  2014  2014 D TestHarnessModeService: Setting up test harness mode
03-15 07:57:53.726  2014  2014 D TestHarnessModeService: Getting PersistentDataBlockManagerInternal from LocalServices
03-15 07:57:53.726  2014  2014 E TestHarnessModeService: Failed to start Test Harness Mode; no implementation of PersistentDataBlockManagerInternal was bound!
03-15 07:57:53.735  2014  2014 I WifiService: WifiService starting up with Wi-Fi enabled
03-15 07:57:53.741  2014  2121 I android_os_HwBinder: HwBinder: Starting thread pool for getting: android.hidl.manager@1.2::IServiceManager/default
03-15 07:57:53.743  2014  2053 D HalDevMgr: IWifi registration notification: fqName=android.hardware.wifi@1.0::IWifi, name=default, preexisting=true
03-15 07:57:53.746  2014  2121 I android_os_HwBinder: HwBinder: Starting thread pool for getting: android.hardware.wifi@1.0::IWifi/default
03-15 07:57:53.751  2014  2121 D WificondControl: tearing down interfaces in wificond
03-15 07:57:53.764  2014  2014 D WifiController: isAirplaneModeOn = false, isWifiEnabled = true, isScanningAvailable = true, isLocationModeActive = true
03-15 07:57:53.765  2014  2014 I WifiService: setWifiEnabled package=android uid=1000 enable=true
03-15 07:57:53.765  2014  2014 I WifiScanningService: Starting wifiscanner
03-15 07:57:53.790  1789  1934 D PermissionCache: checking android.permission.CAPTURE_AUDIO_HOTWORD for uid=1000 => granted (274 us)
03-15 07:57:53.791  2014  2014 W SoundTriggerHelper: listModules status=0, # of modules=0
03-15 07:57:53.792  2014  2014 D ContextHubSystemService: onBootPhase: PHASE_SYSTEM_SERVICES_READY
03-15 07:57:53.794  2014  2014 D SystemServerTiming: StartBootPhaseSystemServicesReady took to complete: 100ms
03-15 07:57:53.794  2014  2014 I SystemServer: MakeWindowManagerServiceReady
03-15 07:57:53.800  2014  2014 I android_os_HwBinder: HwBinder: Starting thread pool for getting: android.hardware.configstore@1.0::ISurfaceFlingerConfigs/default
03-15 07:57:53.810  2014  2014 D SystemServerTiming: MakeWindowManagerServiceReady took to complete: 16ms
03-15 07:57:53.806  2014  2014 I android_os_HwBinder: HwBinder: Starting thread pool for getting: android.hardware.configstore@1.0::ISurfaceFlingerConfigs/default
03-15 07:57:53.810  2014  2014 W InputReader: Device has associated, but no associated display id.
03-15 07:57:53.823  2014  2014 I SystemServer: MakePowerManagerServiceReady
03-15 07:57:53.831  2014  2014 E DisplayPowerController: failed to set up display white-balance: java.lang.IllegalStateException: cannot find sensor com.google.sensor.color
03-15 07:57:53.846  2014  2014 D SystemServerTiming: MakePowerManagerServiceReady took to complete: 22ms
03-15 07:57:53.849  2014  2014 I SystemServer: MakePackageManagerServiceReady
03-15 07:57:53.852  2014  2014 I PackageManager: Un-granting permission android.permission.ACCESS_MOCK_LOCATION from package com.github.uiautomator (protectionLevel=2 flags=0x3888be46)
03-15 07:57:53.853  2014  2049 E KernelCpuUidFreqTimeReader: Failed to read /proc/uid_time_in_state: java.nio.file.NoSuchFileException: /proc/uid_time_in_state
03-15 07:57:53.853  2014  2014 I PackageManager: Un-granting permission android.permission.SYSTEM_ALERT_WINDOW from package com.github.uiautomator (protectionLevel=1250 flags=0x3888be46)
03-15 07:57:53.854  2014  2014 I PackageManager: Un-granting permission android.permission.MANAGE_DOCUMENTS from package com.google.android.youtube (protectionLevel=262146 flags=0x30dbbe45)
03-15 07:57:53.855  2014  2014 I PackageManager: Un-granting permission com.google.android.googleapps.permission.GOOGLE_AUTH from package com.android.providers.calendar (protectionLevel=2 flags=0x30883e45)
03-15 07:57:53.855  2014  2014 I PackageManager: Un-granting permission com.google.android.googleapps.permission.GOOGLE_AUTH.cl from package com.android.providers.calendar (protectionLevel=2 flags=0x30883e45)
03-15 07:57:53.855  2014  2014 I PackageManager: Un-granting permission android.permission.WRITE_SECURE_SETTINGS from package com.google.android.apps.enterprise.dmagent (protectionLevel=50 flags=0x30083e05)
03-15 07:57:53.855  2014  2014 I PackageManager: Un-granting permission android.permission.CONNECTIVITY_INTERNAL from package com.google.android.apps.enterprise.dmagent (protectionLevel=18 flags=0x30083e05)
03-15 07:57:53.856  2014  2014 I PackageManager: Un-granting permission android.permission.MANAGE_USB from package com.google.android.apps.enterprise.dmagent (protectionLevel=18 flags=0x30083e05)
03-15 07:57:53.856  2014  2014 I PackageManager: Un-granting permission android.permission.CHANGE_COMPONENT_ENABLED_STATE from package com.google.android.apps.enterprise.dmagent (protectionLevel=18 flags=0x30083e05)
03-15 07:57:53.856  2014  2014 I PackageManager: Un-granting permission android.permission.MANAGE_CA_CERTIFICATES from package com.google.android.apps.enterprise.dmagent (protectionLevel=18 flags=0x30083e05)
03-15 07:57:53.856  2014  2014 I PackageManager: Un-granting permission android.permission.MANAGE_USERS from package com.google.android.apps.enterprise.dmagent (protectionLevel=18 flags=0x30083e05)
03-15 07:57:53.856  2014  2014 I PackageManager: Un-granting permission com.google.android.setupwizard.READ_DEVICE_ORIGIN from package com.google.android.apps.messaging (protectionLevel=18 flags=0x38cbbe45)
03-15 07:57:53.857  2014  2049 W KernelCpuProcStringReader: File not found. It's normal if not implemented: /proc/uid_time_in_state
03-15 07:57:53.857  2014  2014 I PackageManager: Un-granting permission android.permission.BIND_WALLPAPER from package com.android.camera2 (protectionLevel=18 flags=0x20d8bc45)
03-15 07:57:53.858  2014  2014 I PackageManager: Un-granting permission android.permission.REQUEST_INSTALL_PACKAGES from package com.google.android.gm (protectionLevel=66 flags=0x38cbbe45)
03-15 07:57:53.857  2014  2049 W KernelCpuProcStringReader: File not found. It's normal if not implemented: /proc/uid_concurrent_active_time
03-15 07:57:53.859  2014  2014 I PackageManager: Un-granting permission android.permission.BIND_JOB_SERVICE from package com.google.android.music (protectionLevel=2 flags=0x38cbbe65)
03-15 07:57:53.858  2014  2049 W KernelCpuProcStringReader: File not found. It's normal if not implemented: /proc/uid_concurrent_policy_time
03-15 07:57:53.863  2014  2014 I PackageManager: Un-granting permission android.permission.CONNECTIVITY_USE_RESTRICTED_NETWORKS from package com.google.android.captiveportallogin (protectionLevel=18 flags=0x38c8be45)
03-15 07:57:53.863  2014  2014 I PackageManager: Un-granting permission android.permission.NETWORK_BYPASS_PRIVATE_DNS from package com.google.android.captiveportallogin (protectionLevel=2 flags=0x38c8be45)
03-15 07:57:53.865  2014  2014 I PackageManager: Un-granting permission android.permission.REQUEST_INSTALL_PACKAGES from package com.google.android.apps.docs (protectionLevel=66 flags=0x38cbbe45)
03-15 07:57:53.866  2014  2014 I PackageManager: Un-granting permission android.permission.INTERACT_ACROSS_USERS from package com.google.android.syncadapters.contacts (protectionLevel=50 flags=0x20883e45)
03-15 07:57:53.866  2014  2014 I PackageManager: Un-granting permission android.permission.REQUEST_INSTALL_PACKAGES from package com.android.chrome (protectionLevel=66 flags=0xa0cbbe45)
03-15 07:57:53.867  2014  2014 I PackageManager: Un-granting permission com.google.android.apps.now.CURRENT_ACCOUNT_ACCESS from package com.android.chrome (protectionLevel=2 flags=0xa0cbbe45)
03-15 07:57:53.867  2014  2014 I PackageManager: Un-granting permission android.permission.CAPTURE_VIDEO_OUTPUT from package com.google.android.gms (protectionLevel=2 flags=0xb0cabe45)
03-15 07:57:53.867  2014  2014 I PackageManager: Un-granting permission android.permission.MANAGE_DEVICE_ADMINS from package com.google.android.gms (protectionLevel=2 flags=0xb0cabe45)
03-15 07:57:53.867  2014  2014 I PackageManager: Un-granting permission android.permission.MANAGE_ACTIVITY_STACKS from package com.google.android.gms (protectionLevel=2 flags=0xb0cabe45)
03-15 07:57:53.867  2014  2014 I PackageManager: Un-granting permission android.permission.CAPTURE_SECURE_VIDEO_OUTPUT from package com.google.android.gms (protectionLevel=2 flags=0xb0cabe45)
03-15 07:57:53.868  2014  2014 I PackageManager: Un-granting permission android.permission.MANAGE_ROLLBACKS from package com.google.android.gms (protectionLevel=514 flags=0xb0cabe45)
03-15 07:57:53.871  2014  2014 I PackageManager: Un-granting permission com.google.android.googleapps.permission.GOOGLE_AUTH from package com.google.android.videos (protectionLevel=2 flags=0x30dbbe45)
03-15 07:57:53.871  2014  2014 I PackageManager: Un-granting permission android.permission.WRITE_MEDIA_STORAGE from package com.google.android.apps.photos (protectionLevel=18 flags=0x38d9be45)
03-15 07:57:53.875  2014  2014 I PackageManager: Un-granting permission android.permission.READ_PRIVILEGED_PHONE_STATE from package com.optimize.performance (protectionLevel=18 flags=0x30c8bf46)
03-15 07:57:53.877  2014  2014 I PackageManager: Un-granting permission android.permission.READ_LOGS from package com.optimize.performance (protectionLevel=50 flags=0x30c8bf46)
03-15 07:57:53.877  2014  2014 I PackageManager: Un-granting permission android.permission.MOUNT_UNMOUNT_FILESYSTEMS from package com.optimize.performance (protectionLevel=18 flags=0x30c8bf46)
03-15 07:57:53.877  2014  2014 I PackageManager: Un-granting permission android.permission.WRITE_SETTINGS from package com.optimize.performance (protectionLevel=1218 flags=0x30c8bf46)
03-15 07:57:53.877  2014  2014 I PackageManager: Un-granting permission android.permission.SYSTEM_ALERT_WINDOW from package com.optimize.performance (protectionLevel=1250 flags=0x30c8bf46)
03-15 07:57:53.883  2014  2052 W KeyguardServiceDelegate: onScreenTurningOn(): no keyguard service!
03-15 07:57:53.884  2014  2052 V DisplayPowerController: Brightness [102] reason changing to: 'override', previous reason: '0'.
03-15 07:57:53.895  2014  2014 V UserDataPreparer: Found /data/user_de/0 with serial number 0
03-15 07:57:53.895  2014  2014 V UserDataPreparer: Found /data/user/0 with serial number 0
03-15 07:57:53.895  2014  2014 V UserDataPreparer: Found /data/system_de/0 with serial number 0
03-15 07:57:53.895  2014  2014 V UserDataPreparer: Found /data/system_ce/0 with serial number 0
03-15 07:57:53.895  2014  2014 V UserDataPreparer: Found /data/misc_ce/0 with serial number 0
03-15 07:57:53.810  2014  2014 I chatty  : uid=1000 system_server identical 8 lines
03-15 07:57:53.810  2014  2014 W InputReader: Device has associated, but no associated display id.
03-15 07:57:53.911  2014  2120 D WifiController: WifiController msg { when=-146ms what=155656 target=com.android.internal.util.StateMachine$SmHandler } deferred for 500ms
03-15 07:57:53.911  2014  2121 D WifiActiveModeWarden: received a message in WifiDisabledState: { when=-1ms what=1 target=com.android.internal.util.StateMachine$SmHandler }
03-15 07:57:53.911  2014  2121 D WifiActiveModeWarden: Switching from WifiDisabledState to ScanOnlyMode
03-15 07:57:53.911  2014  2121 D WifiActiveModeWarden: Entering ScanOnlyModeActiveState
03-15 07:57:53.912  2014  2014 D SystemServerTiming: MakePackageManagerServiceReady took to complete: 64ms
03-15 07:57:53.912  2014  2014 I SystemServer: MakeDisplayManagerServiceReady
03-15 07:57:53.913  2014  2121 D WifiScanOnlyModeManager: entering IdleState
03-15 07:57:53.913  2014  2038 E DisplayModeDirector: Asked about unknown display, returning empty allowed set! (id=0)
03-15 07:57:53.913  2014  2038 E DisplayModeDirector: Asked about unknown display, returning empty allowed set! (id=0)
03-15 07:57:53.915  2014  2014 D SystemServerTiming: MakeDisplayManagerServiceReady took to complete: 2ms
03-15 07:57:53.915  2014  2014 I SystemServer: StartDeviceSpecificServices
03-15 07:57:53.915  2014  2014 D SystemServerTiming: StartDeviceSpecificServices took to complete: 0ms
03-15 07:57:53.915  2014  2014 I SystemServer: StartBootPhaseDeviceSpecificServicesReady
03-15 07:57:53.915  2014  2014 I SystemServiceManager: Starting phase 520
03-15 07:57:53.919  2014  2014 D SystemServerTiming: StartBootPhaseDeviceSpecificServicesReady took to complete: 3ms
03-15 07:57:53.919  2014  2014 I SystemServer: StartPermissionPolicyService
03-15 07:57:53.919  2014  2014 I SystemServiceManager: Starting com.android.server.policy.PermissionPolicyService
03-15 07:57:53.920  1772  1772 I android.hardware.wifi@1.0-service: Wifi HAL started
03-15 07:57:53.921  2014  2121 I WifiVendorHal: Vendor Hal started successfully
