03-15 07:57:55.054  2014  2014 I system_server: The ClassLoaderContext is a special shared library.
03-15 07:57:55.061  2014  2031 W ActivityManager: Slow operation: 62ms so far, now at attachApplicationLocked: after mServices.attachApplicationLocked
03-15 07:57:55.076  2327  2327 I ndroid.setting: The ClassLoaderContext is a special shared library.
03-15 07:57:55.092  2159  2159 D skia    : --- Failed to create image decoder with message 'unimplemented'
03-15 07:57:55.093  2159  2159 D ProtoStore: no cached data
03-15 07:57:55.097  2327  2327 I ndroid.setting: The ClassLoaderContext is a special shared library.
03-15 07:57:55.126  2339  2339 I wpa_supplicant: Processing hidl events on FD 3
03-15 07:57:55.127  2275  2275 I m.android.phon: The ClassLoaderContext is a special shared library.
03-15 07:57:55.128  2339  2339 I ServiceManagement: Registered android.hardware.wifi.supplicant@1.2::ISupplicant/default (start delay of 204ms)
03-15 07:57:55.128  2339  2339 I wpa_supplicant: Successfully initialized wpa_supplicant
03-15 07:57:55.131  2014  2357 I OMXClient: IOmx service obtained
03-15 07:57:55.131  1858  1858 I OMXMaster: makeComponentInstance(OMX.google.vorbis.decoder) in android.hardwar process
03-15 07:57:55.135  2339  2339 I wpa_supplicant: rfkill: Cannot open RFKILL control device
03-15 07:57:55.144  1858  1858 E OMXNodeInstance: getConfig(0xec8190e0:google.vorbis.decoder, ConfigAndroidVendorExtension(0x6f100004)) ERROR: Undefined(0x80001001)
03-15 07:57:55.147  2275  2275 D CarrierProvider: onCreate
03-15 07:57:55.155  2275  2275 D CarrierIdProvider: onCreate
03-15 07:57:55.156  2159  2159 V SystemUIService: Starting SystemUI services for user 0.
03-15 07:57:55.156  2275  2275 D CarrierIdDatabaseHelper: CarrierIdDatabaseHelper: 5
03-15 07:57:55.163  2159  2159 D SystemUIBootTiming: StartServicescom.android.systemui.Dependency$DependencyCreator took to complete: 7ms
03-15 07:57:55.170  2159  2159 D SystemUIBootTiming: StartServicescom.android.systemui.util.NotificationChannels took to complete: 6ms
03-15 07:57:55.172  2159  2159 D SystemUIBootTiming: StartServicescom.android.systemui.statusbar.CommandQueue$CommandQueueStart took to complete: 2ms
03-15 07:57:55.180  2275  2275 D CarrierIdProvider: update database from pb file
03-15 07:57:55.195  2159  2159 V MediaRouter: Selecting route: RouteInfo{ name=Phone, description=null, status=null, category=RouteCategory{ name=System types=ROUTE_TYPE_LIVE_AUDIO ROUTE_TYPE_LIVE_VIDEO  groupable=false }, supportedTypes=ROUTE_TYPE_LIVE_AUDIO ROUTE_TYPE_LIVE_VIDEO , presentationDisplay=null }
03-15 07:57:55.204  2275  2275 E CarrierIdProvider: read carrier list from ota pb failure: java.io.FileNotFoundException: /data/misc/carrierid/carrier_list.pb: open failed: ENOENT (No such file or directory)
03-15 07:57:55.204  2275  2275 D CarrierIdProvider: latest version: 16777227 need update: false
03-15 07:57:55.243  2339  2339 I wpa_supplicant: rfkill: Cannot get wiphy information
03-15 07:57:55.245  2014  2149 I android_os_HwBinder: HwBinder: Starting thread pool for getting: android.hardware.wifi.supplicant@1.0::ISupplicant/default
03-15 07:57:55.247  2014  2149 I SupplicantStaIfaceHal: Completed initialization of ISupplicant.
03-15 07:57:55.262  1772  1772 I android.hardware.wifi@1.0-service: Adding interface handle for wlan0
03-15 07:57:55.262  1772  1772 W android.hardware.wifi@1.0-service: No active wlan interfaces in use! Using default
03-15 07:57:55.262  1772  1772 E android.hardware.wifi@1.0-service: Failed to register radio mode change callback
03-15 07:57:55.262  1772  1772 W android.hardware.wifi@1.0-service: No active wlan interfaces in use! Using default
03-15 07:57:55.270  2014  2014 W Looper  : Slow dispatch took 277ms main h=android.app.ActivityThread$H c=null m=114
03-15 07:57:55.285  1772  1772 W libc    : Unable to set property "vendor.wlan.firmware.version" to "1.0": error code: 0x18
03-15 07:57:55.303  1772  1772 W libc    : Unable to set property "vendor.wlan.driver.version" to "1.0": error code: 0x18
03-15 07:57:55.303  1772  1772 I android.hardware.wifi@1.0-service: Configured chip in mode 0
03-15 07:57:55.303  1772  1772 W android.hardware.wifi@1.0-service: No active wlan interfaces in use! Using default
03-15 07:57:55.307  2014  2121 D HalDevMgr: updateRttController: no one is interested in RTT controllers
03-15 07:57:55.307  1772  1772 E android.hardware.wifi@1.0-service: Failed to set DFS flag; DFS channels may be unavailable.
03-15 07:57:55.317  2014  2121 D WificondControl: Setting up interface for client mode
03-15 07:57:55.320  1857  1857 I wificond: create scanner for interface with index: 3
03-15 07:57:55.320  1857  1857 I wificond: subscribe scan result for interface with index: 3
03-15 07:57:55.320  1650  1650 I hwservicemanager: getTransport: Cannot find entry android.hardware.wifi.offload@1.0::IOffload/default in either framework or device manifest.
03-15 07:57:55.323  1857  1857 E wificond: No Offload Service available
03-15 07:57:55.323  1857  1857 I wificond: Offload HAL not supported 
03-15 07:57:55.329  2014  2121 E SupplicantStaIfaceHal: Can't call setupIface, ISupplicantStaIface is null
03-15 07:57:55.329  1650  1650 I hwservicemanager: getTransport: Cannot find entry android.hardware.wifi.supplicant@1.1::ISupplicant/default in either framework or device manifest.
03-15 07:57:55.336  1650  1650 I hwservicemanager: getTransport: Cannot find entry android.hardware.radio@1.4::IRadio/slot1 in either framework or device manifest.
03-15 07:57:55.341  1799  1887 E SurfaceFlinger: ro.sf.lcd_density must be defined as a build property
03-15 07:57:55.342  1799  1887 E SurfaceFlinger: ro.sf.lcd_density must be defined as a build property
03-15 07:57:55.343  1650  1650 I hwservicemanager: getTransport: Cannot find entry android.hardware.radio@1.3::IRadio/slot1 in either framework or device manifest.
03-15 07:57:55.343  2327  2376 D libEGL  : Emulator has host GPU support, qemu.gles is set to 1.
03-15 07:57:55.343  2014  2373 I OMXClient: IOmx service obtained
03-15 07:57:55.344  1858  2344 I OMXMaster: makeComponentInstance(OMX.google.vorbis.decoder) in android.hardwar process
03-15 07:57:55.348  1650  1650 I hwservicemanager: getTransport: Cannot find entry android.hardware.radio@1.2::IRadio/slot1 in either framework or device manifest.
03-15 07:57:55.349  1858  2344 E OMXNodeInstance: getConfig(0xec8190e0:google.vorbis.decoder, ConfigAndroidVendorExtension(0x6f100004)) ERROR: Undefined(0x80001001)
03-15 07:57:55.354  1650  1650 I hwservicemanager: getTransport: Cannot find entry android.hardware.radio@1.1::IRadio/slot1 in either framework or device manifest.
03-15 07:57:55.355  2159  2159 D SystemUIBootTiming: StartServicescom.android.systemui.keyguard.KeyguardViewMediator took to complete: 183ms
03-15 07:57:55.356  2327  2376 W libc    : Unable to set property "qemu.gles" to "1": error code: 0x18
03-15 07:57:55.358  1650  1650 I hwservicemanager: getTransport: Cannot find entry android.hardware.wifi.supplicant@1.2::ISupplicant/default in either framework or device manifest.
03-15 07:57:55.360  1650  1650 I hwservicemanager: getTransport: Cannot find entry android.hardware.wifi.supplicant@1.1::ISupplicant/default in either framework or device manifest.
03-15 07:57:55.362  2275  2275 I android_os_HwBinder: HwBinder: Starting thread pool for getting: android.hardware.radio@1.0::IRadio/slot1
03-15 07:57:55.363  2014  2014 E BluetoothAdapter: Bluetooth binder is null
03-15 07:57:55.372  2014  2121 I system_server: IncrementDisableThreadFlip blocked for 6.376ms
03-15 07:57:55.378  2327  2376 D libEGL  : loaded /vendor/lib/egl/libEGL_emulation.so
03-15 07:57:55.388  2327  2376 D libEGL  : loaded /vendor/lib/egl/libGLESv1_CM_emulation.so
03-15 07:57:55.392  2014  2380 I Telecom : BluetoothRouteManager: getBluetoothAudioConnectedDevice: no service available.
03-15 07:57:55.392  1747  1992 I netd    : interfaceGetCfg("wlan0") <0.25ms>
03-15 07:57:55.396  2327  2376 D libEGL  : loaded /vendor/lib/egl/libGLESv2_emulation.so
03-15 07:57:55.398  2014  2121 I WifiNative: Interface state changed on Iface:{Name=wlan0,Id=1,Type=STA_CONNECTIVITY}, isUp=true
03-15 07:57:55.399  1747  1992 I netd    : interfaceClearAddrs("wlan0") <0.19ms>
03-15 07:57:55.400  1747  1992 I netd    : interfaceSetIPv6PrivacyExtensions("wlan0", "true") <0.09ms>
03-15 07:57:55.401  1747  1992 I netd    : interfaceSetEnableIPv6("wlan0", "false") <0.21ms>
03-15 07:57:55.405  1839  1839 D incidentd: WorkDirectory::getReports
03-15 07:57:55.405  1650  1650 I hwservicemanager: getTransport: Cannot find entry android.hardware.radio.deprecated@1.0::IOemHook/slot1 in either framework or device manifest.
03-15 07:57:55.407  2014  2121 I WifiNative: Successfully setup Iface:{Name=wlan0,Id=1,Type=STA_CONNECTIVITY}
03-15 07:57:55.408  1650  1650 I hwservicemanager: getTransport: Cannot find entry android.hardware.wifi.supplicant@1.2::ISupplicant/default in either framework or device manifest.
03-15 07:57:55.412  2014  2121 E SupplicantStaIfaceHal: Method getKeyMgmtCapabilities is not supported in existing HAL
03-15 07:57:55.420  2159  2384 I OMXClient: IOmx service obtained
03-15 07:57:55.427  1858  1858 I OMXMaster: makeComponentInstance(OMX.google.vorbis.decoder) in android.hardwar process
03-15 07:57:55.428  1858  1858 E OMXNodeInstance: getConfig(0xec819440:google.vorbis.decoder, ConfigAndroidVendorExtension(0x6f100004)) ERROR: Undefined(0x80001001)
03-15 07:57:55.436  2275  2275 D TelephonyProvider: dbh.onOpen: ok, queried table=siminfo
03-15 07:57:55.436  2275  2275 D TelephonyProvider: dbh.onOpen: ok, queried table=carriers
03-15 07:57:55.439  2159  2159 D SystemUIBootTiming: StartServicescom.android.systemui.recents.Recents took to complete: 83ms
03-15 07:57:55.447  2159  2159 I vol.Events: writeEvent collection_started
03-15 07:57:55.450  2014  2121 D WifiClientModeManager: entering StartedState
03-15 07:57:55.451  1747  1992 I netd    : interfaceGetCfg("wlan0") <0.20ms>
03-15 07:57:55.451  2014  2121 D WifiClientModeManager: Wifi is ready to use for client mode
03-15 07:57:55.451  2014  2121 D WifiActiveModeWarden: State changed from client mode. state = 3
03-15 07:57:55.451  2014  2121 D WifiActiveModeWarden: client mode active
03-15 07:57:55.451  2014  2121 D WifiScanRequestProxy: Sending scan available broadcast: true
03-15 07:57:55.458  2014  2121 I WifiScanRequestProxy: Scanning is enabled
03-15 07:57:55.458  2014  2121 I WifiScanRequestProxy: Scanning for hidden networks is enabled
03-15 07:57:55.460  2014  2121 D WifiClientModeImpl: entering ConnectModeState: ifaceName = wlan0
03-15 07:57:55.460  2014  2121 D WifiClientModeImpl: setupClientMode() ifacename = wlan0
03-15 07:57:55.461  1748  1748 D Zygote  : Forked child process 2391
03-15 07:57:55.464  2014  2125 E WifiVendorHal: getBgScanCapabilities(l.630) failed {.code = ERROR_NOT_SUPPORTED, .description = }
03-15 07:57:55.471  2391  2391 W s.nexuslaunche: Unexpected CPU variant for X86 using defaults: x86
03-15 07:57:55.486  2014  2014 I Telecom : SystemStateHelper: Registering car mode receiver: android.content.IntentFilter@d56fe1f: TS.init@AAA
03-15 07:57:55.488  2014  2125 I WifiScanningService: wifi driver loaded with scan capabilities: max buckets=16
03-15 07:57:55.497  2014  2045 W ActivityManager: Slow operation: 70ms so far, now at startProcess: returned from zygote!
03-15 07:57:55.497  2014  2045 W ActivityManager: Slow operation: 71ms so far, now at startProcess: done updating battery stats
03-15 07:57:55.497  2014  2045 W ActivityManager: Slow operation: 71ms so far, now at startProcess: building log message
03-15 07:57:55.497  2014  2045 I ActivityManager: Start proc 2391:com.google.android.apps.nexuslauncher/u0a100 for service {com.google.android.apps.nexuslauncher/com.android.quickstep.TouchInteractionService}
03-15 07:57:55.497  2014  2045 W ActivityManager: Slow operation: 71ms so far, now at startProcess: starting to update pids map
03-15 07:57:55.501  2014  2045 W ActivityManager: Slow operation: 75ms so far, now at startProcess: done updating pids map
03-15 07:57:55.537  2327  2371 D HostConnection: HostConnection::get() New Host Connection established 0xd5d38f50, tid 2371
03-15 07:57:55.545  2327  2371 D HostConnection: HostComposition ext ANDROID_EMU_CHECKSUM_HELPER_v1 ANDROID_EMU_dma_v1 ANDROID_EMU_direct_mem ANDROID_EMU_host_composition_v1 ANDROID_EMU_host_composition_v2 ANDROID_EMU_vulkan ANDROID_EMU_deferred_vulkan_commands ANDROID_EMU_vulkan_null_optional_strings ANDROID_EMU_vulkan_create_resources_with_requirements ANDROID_EMU_YUV_Cache ANDROID_EMU_async_unmap_buffer ANDROID_EMU_vulkan_ignored_handles ANDROID_EMU_vulkan_free_memory_sync ANDROID_EMU_vulkan_shader_float16_int8 ANDROID_EMU_vulkan_async_queue_submit ANDROID_EMU_sync_buffer_data GL_OES_vertex_array_object GL_KHR_texture_compression_astc_ldr ANDROID_EMU_host_side_tracing ANDROID_EMU_async_frame_commands ANDROID_EMU_gles_max_version_2 
03-15 07:57:55.554  2327  2371 W OpenGLRenderer: Failed to choose config with EGL_SWAP_BEHAVIOR_PRESERVED, retrying without...
03-15 07:57:55.567  2327  2371 D EGL_emulation: eglCreateContext: 0xec77f9a0: maj 2 min 0 rcv 2
03-15 07:57:55.569  2327  2371 D EGL_emulation: eglMakeCurrent: 0xec77f9a0: ver 2 0 (tinfo 0xe145f4e0)
03-15 07:57:55.588  1764  1813 D gralloc_ranchu: gralloc_alloc: Creating ashmem region of size 8298496
03-15 07:57:55.593  2014  2386 W ActivityManager: Slow operation: 63ms so far, now at attachApplicationLocked: immediately before bindApplication
03-15 07:57:55.601  2014  2386 W ActivityManager: Slow operation: 72ms so far, now at attachApplicationLocked: immediately after bindApplication
03-15 07:57:55.602  2014  2386 W ActivityManager: Slow operation: 72ms so far, now at attachApplicationLocked: after updateLruProcessLocked
03-15 07:57:55.605  1650  1650 I hwservicemanager: getTransport: Cannot find entry android.hardware.graphics.mapper@3.0::IMapper/default in either framework or device manifest.
03-15 07:57:55.605  2327  2371 W Gralloc3: mapper 3.x is not supported
03-15 07:57:55.609  2327  2371 D HostConnection: createUnique: call
03-15 07:57:55.610  2327  2371 D HostConnection: HostConnection::get() New Host Connection established 0xd5d3a350, tid 2371
03-15 07:57:55.610  2327  2371 D HostConnection: HostComposition ext ANDROID_EMU_CHECKSUM_HELPER_v1 ANDROID_EMU_dma_v1 ANDROID_EMU_direct_mem ANDROID_EMU_host_composition_v1 ANDROID_EMU_host_composition_v2 ANDROID_EMU_vulkan ANDROID_EMU_deferred_vulkan_commands ANDROID_EMU_vulkan_null_optional_strings ANDROID_EMU_vulkan_create_resources_with_requirements ANDROID_EMU_YUV_Cache ANDROID_EMU_async_unmap_buffer ANDROID_EMU_vulkan_ignored_handles ANDROID_EMU_vulkan_free_memory_sync ANDROID_EMU_vulkan_shader_float16_int8 ANDROID_EMU_vulkan_async_queue_submit ANDROID_EMU_sync_buffer_data GL_OES_vertex_array_object GL_KHR_texture_compression_astc_ldr ANDROID_EMU_host_side_tracing ANDROID_EMU_async_frame_commands ANDROID_EMU_gles_max_version_2 
03-15 07:57:55.610  2327  2371 D eglCodecCommon: allocate: Ask for block of size 0x1000
03-15 07:57:55.611  2327  2371 D eglCodecCommon: allocate: ioctl allocate returned offset 0x3ffff6000 size 0x2000
03-15 07:57:55.612  1764  1813 D gralloc_ranchu: gralloc_alloc: Creating ashmem region of size 8298496
03-15 07:57:55.613  2014  2386 W ActivityManager: Slow operation: 84ms so far, now at attachApplicationLocked: after mServices.attachApplicationLocked
03-15 07:57:55.649  2327  2371 D EGL_emulation: eglMakeCurrent: 0xec77f9a0: ver 2 0 (tinfo 0xe145f4e0)
03-15 07:57:55.652  1764  1764 D gralloc_ranchu: gralloc_alloc: Creating ashmem region of size 8298496
03-15 07:57:55.690  1799  2112 D HostConnection: HostConnection::get() New Host Connection established 0xe5711520, tid 2112
03-15 07:57:55.690  1799  2112 D HostConnection: HostComposition ext ANDROID_EMU_CHECKSUM_HELPER_v1 ANDROID_EMU_dma_v1 ANDROID_EMU_direct_mem ANDROID_EMU_host_composition_v1 ANDROID_EMU_host_composition_v2 ANDROID_EMU_vulkan ANDROID_EMU_deferred_vulkan_commands ANDROID_EMU_vulkan_null_optional_strings ANDROID_EMU_vulkan_create_resources_with_requirements ANDROID_EMU_YUV_Cache ANDROID_EMU_async_unmap_buffer ANDROID_EMU_vulkan_ignored_handles ANDROID_EMU_vulkan_free_memory_sync ANDROID_EMU_vulkan_shader_float16_int8 ANDROID_EMU_vulkan_async_queue_submit ANDROID_EMU_sync_buffer_data GL_OES_vertex_array_object GL_KHR_texture_compression_astc_ldr ANDROID_EMU_host_side_tracing ANDROID_EMU_async_frame_commands ANDROID_EMU_gles_max_version_2 
03-15 07:57:55.696  2391  2391 I s.nexuslaunche: The ClassLoaderContext is a special shared library.
03-15 07:57:55.708  2014  2417 I OMXClient: IOmx service obtained
03-15 07:57:55.708  1858  2416 I OMXMaster: makeComponentInstance(OMX.google.vorbis.decoder) in android.hardwar process
03-15 07:57:55.711  1858  1858 E OMXNodeInstance: getConfig(0xec819440:google.vorbis.decoder, ConfigAndroidVendorExtension(0x6f100004)) ERROR: Undefined(0x80001001)
03-15 07:57:55.712  2014  2418 I Telecom : Logging.Events: Non-call EVENT: AUDIO_ROUTE, Entering state QuiescentSpeakerRoute
03-15 07:57:55.713  2014  2418 I Telecom : BluetoothRouteManager: getBluetoothAudioConnectedDevice: no service available.
03-15 07:57:55.727  2014  2038 W KeyguardServiceDelegate: onScreenTurningOn(): no keyguard service!
03-15 07:57:55.740  2014  2426 I Telecom : CallAudioModeStateMachine: Message received: null.: TS.init->CAMSM.pM_1@AAA
03-15 07:57:55.742  1748  1748 D Zygote  : Forked child process 2429
03-15 07:57:55.746  2014  2045 I ActivityManager: Start proc 2429:com.google.android.inputmethod.latin/u0a128 for service {com.google.android.inputmethod.latin/com.android.inputmethod.latin.LatinIME}
03-15 07:57:55.764  2429  2429 W putmethod.lati: Unexpected CPU variant for X86 using defaults: x86
03-15 07:57:55.767  2391  2391 W ContextImpl: Failed to ensure /data/user/0/com.google.android.apps.nexuslauncher/cache: mkdir failed: ENOENT (No such file or directory)
03-15 07:57:55.767  2391  2391 W ContextImpl: Failed to update user.inode_cache: stat failed: ENOENT (No such file or directory)
03-15 07:57:55.776  2159  2390 E vol.VolumeDialogControl: isCaptionsServiceEnabled failed to check for captions component
03-15 07:57:55.776  2159  2390 E vol.VolumeDialogControl: java.lang.IllegalArgumentException: Unknown component: ComponentInfo{com.google.android.as/com.google.android.apps.miphone.aiai.captions.CaptionsService}
03-15 07:57:55.776  2159  2390 E vol.VolumeDialogControl: 	at android.os.Parcel.createException(Parcel.java:2075)
03-15 07:57:55.776  2159  2390 E vol.VolumeDialogControl: 	at android.os.Parcel.readException(Parcel.java:2039)
03-15 07:57:55.776  2159  2390 E vol.VolumeDialogControl: 	at android.os.Parcel.readException(Parcel.java:1987)
03-15 07:57:55.776  2159  2390 E vol.VolumeDialogControl: 	at android.content.pm.IPackageManager$Stub$Proxy.getComponentEnabledSetting(IPackageManager.java:7365)
03-15 07:57:55.776  2159  2390 E vol.VolumeDialogControl: 	at android.app.ApplicationPackageManager.getComponentEnabledSetting(ApplicationPackageManager.java:2563)
03-15 07:57:55.776  2159  2390 E vol.VolumeDialogControl: 	at com.android.systemui.volume.VolumeDialogControllerImpl.onGetCaptionsComponentStateW(VolumeDialogControllerImpl.java:414)
03-15 07:57:55.776  2159  2390 E vol.VolumeDialogControl: 	at com.android.systemui.volume.VolumeDialogControllerImpl.access$1800(VolumeDialogControllerImpl.java:83)
03-15 07:57:55.776  2159  2390 E vol.VolumeDialogControl: 	at com.android.systemui.volume.VolumeDialogControllerImpl$W.handleMessage(VolumeDialogControllerImpl.java:800)
03-15 07:57:55.776  2159  2390 E vol.VolumeDialogControl: 	at android.os.Handler.dispatchMessage(Handler.java:107)
03-15 07:57:55.776  2159  2390 E vol.VolumeDialogControl: 	at android.os.Looper.loop(Looper.java:214)
03-15 07:57:55.776  2159  2390 E vol.VolumeDialogControl: 	at android.os.HandlerThread.run(HandlerThread.java:67)
03-15 07:57:55.776  2159  2390 E vol.VolumeDialogControl: Caused by: android.os.RemoteException: Remote stack trace:
03-15 07:57:55.776  2159  2390 E vol.VolumeDialogControl: 	at com.android.server.pm.Settings.getComponentEnabledSettingLPr(Settings.java:4258)
03-15 07:57:55.776  2159  2390 E vol.VolumeDialogControl: 	at com.android.server.pm.PackageManagerService.getComponentEnabledSetting(PackageManagerService.java:21520)
03-15 07:57:55.776  2159  2390 E vol.VolumeDialogControl: 	at android.content.pm.IPackageManager$Stub.onTransact(IPackageManager.java:3489)
03-15 07:57:55.776  2159  2390 E vol.VolumeDialogControl: 	at com.android.server.pm.PackageManagerService.onTransact(PackageManagerService.java:4014)
03-15 07:57:55.776  2159  2390 E vol.VolumeDialogControl: 	at android.os.Binder.execTransactInternal(Binder.java:1021)
03-15 07:57:55.776  2159  2390 E vol.VolumeDialogControl: 
03-15 07:57:55.782  2159  2390 I vol.Events: writeEvent level_changed STREAM_VOICE_CALL 1
03-15 07:57:55.786  2159  2444 I OMXClient: IOmx service obtained
03-15 07:57:55.786  1858  1918 I OMXMaster: makeComponentInstance(OMX.google.vorbis.decoder) in android.hardwar process
03-15 07:57:55.792  1858  2416 E OMXNodeInstance: getConfig(0xea746300:google.vorbis.decoder, ConfigAndroidVendorExtension(0x6f100004)) ERROR: Undefined(0x80001001)
03-15 07:57:55.793  2159  2390 I vol.Events: writeEvent level_changed STREAM_SYSTEM 5
03-15 07:57:55.801  2014  2014 I Telecom : MissedCallNotifierImpl: reloadFromDatabase: Boot not yet complete -- call log db may not be available. Deferring loading until boot complete for user 0: TS.init@AAA
03-15 07:57:55.802  2159  2390 I vol.Events: writeEvent level_changed STREAM_RING 5
03-15 07:57:55.811  2159  2159 D SystemUIBootTiming: StartServicescom.android.systemui.volume.VolumeUI took to complete: 372ms
03-15 07:57:55.812  2014  2014 E BluetoothAdapter: Bluetooth binder is null
03-15 07:57:55.816  2159  2390 I vol.Events: writeEvent level_changed STREAM_MUSIC 5
03-15 07:57:55.820  2014  2014 I Telecom : Class: TelecomSystem.INSTANCE being set
03-15 07:57:55.824  2014  2014 E BluetoothAdapter: Bluetooth binder is null
03-15 07:57:55.825  2014  2014 W Looper  : Slow dispatch took 554ms main h=android.app.ActivityThread$H c=null m=121
03-15 07:57:55.828  2159  2390 I vol.Events: writeEvent level_changed STREAM_ALARM 6
03-15 07:57:55.833  2159  2390 I vol.Events: writeEvent level_changed STREAM_BLUETOOTH_SCO 7
03-15 07:57:55.838  2014  2014 D PackageWatchdog: Getting all observed packages pending health checks
03-15 07:57:55.838  2014  2014 I PackageWatchdog: Syncing health check requests for packages: {}
03-15 07:57:55.838  2014  2014 I ExplicitHealthCheckController: Service not ready to get health check supported packages. Binding...
03-15 07:57:55.858  2159  2390 I vol.Events: writeEvent zen_mode_config_changed [disallowAlarms=false disallowMedia=false disallowSystem=true disallowRinger=false]
03-15 07:57:55.859  2014  2014 I ExplicitHealthCheckController: Explicit health check service is bound
03-15 07:57:55.860  2014  2014 V SettingsProvider: Notifying for 0: content://settings/global/boot_count
03-15 07:57:55.859  2429  2429 D ApplicationLoaders: Returning zygote-cached class loader: /system/framework/android.hidl.base-V1.0-java.jar
03-15 07:57:55.861  2429  2429 D ApplicationLoaders: Returning zygote-cached class loader: /system/framework/android.hidl.manager-V1.0-java.jar
03-15 07:57:55.861  2429  2429 D ApplicationLoaders: Returning zygote-cached class loader: /system/framework/android.hidl.base-V1.0-java.jar
03-15 07:57:55.865  2391  2391 D TouchInteractionService: Touch service connected
03-15 07:57:55.865  2014  2014 V SettingsProvider: Notifying for 0: content://settings/secure/location_providers_allowed
03-15 07:57:55.879  1799  1887 E SurfaceFlinger: ro.sf.lcd_density must be defined as a build property
03-15 07:57:55.879  1799  1887 E SurfaceFlinger: ro.sf.lcd_density must be defined as a build property
03-15 07:57:55.879  1748  1748 D Zygote  : Forked child process 2456
03-15 07:57:55.867  2014  2014 V SettingsProvider: Notifying for 0: content://settings/secure/location_providers_allowed
03-15 07:57:55.886  2014  2045 I ActivityManager: Start proc 2456:com.google.android.ext.services/u0a46 for service {com.google.android.ext.services/android.ext.services.watchdog.ExplicitHealthCheckServiceImpl}
03-15 07:57:55.898  2429  2429 I putmethod.lati: The ClassLoaderContext is a special shared library.
03-15 07:57:55.898  2456  2456 W id.ext.service: Unexpected CPU variant for X86 using defaults: x86
03-15 07:57:55.908  2429  2429 W ContextImpl: Failed to ensure /data/user/0/com.google.android.inputmethod.latin/cache: mkdir failed: ENOENT (No such file or directory)
03-15 07:57:55.908  2429  2429 W ContextImpl: Failed to update user.inode_cache: stat failed: ENOENT (No such file or directory)
03-15 07:57:55.913  2159  2159 D SystemUIBootTiming: StartServicescom.android.systemui.stackdivider.Divider took to complete: 102ms
03-15 07:57:55.933  2159  2159 I FalsingManagerPlugin: xdpi, ydpi: 480.0, 480.0
03-15 07:57:55.933  2159  2159 I FalsingManagerPlugin: width, height: 1080, 1776
03-15 07:57:55.939  2014  2027 I system_server: Background young concurrent copying GC freed 42818(3327KB) AllocSpace objects, 34(1820KB) LOS objects, 24% free, 10MB/13MB, paused 3.727ms total 570.658ms
03-15 07:57:55.967  2159  2481 I OMXClient: IOmx service obtained
03-15 07:57:55.968  1858  2416 I OMXMaster: makeComponentInstance(OMX.google.vorbis.decoder) in android.hardwar process
03-15 07:57:55.971  1858  1858 E OMXNodeInstance: getConfig(0xec819440:google.vorbis.decoder, ConfigAndroidVendorExtension(0x6f100004)) ERROR: Undefined(0x80001001)
03-15 07:57:55.972  2014  2482 I OMXClient: IOmx service obtained
03-15 07:57:55.973  1858  1858 I OMXMaster: makeComponentInstance(OMX.google.vorbis.decoder) in android.hardwar process
03-15 07:57:55.976  1858  1858 E OMXNodeInstance: getConfig(0xec819500:google.vorbis.decoder, ConfigAndroidVendorExtension(0x6f100004)) ERROR: Undefined(0x80001001)
03-15 07:57:56.020  2275  2275 W TelecomManager: Telecom Service not found.
03-15 07:57:56.051  2159  2159 V WifiManager: registerTrafficStateCallback: callback=com.android.systemui.statusbar.policy.WifiSignalController$WifiTrafficStateCallback@82b1672, handler=null
03-15 07:57:56.059  2456  2456 I id.ext.service: The ClassLoaderContext is a special shared library.
03-15 07:57:56.065  2014  2088 D ConnectivityService: requestNetwork for uid/pid:10093/2159 NetworkRequest [ TRACK_DEFAULT id=13, [ Capabilities: INTERNET&NOT_RESTRICTED&TRUSTED Uid: 10093] ]
03-15 07:57:56.109  2014  2014 W system_server: Long monitor contention with owner android.bg (2043) at android.content.res.Resources android.app.ResourcesManager.getOrCreateResources(android.os.IBinder, android.content.res.ResourcesKey, java.lang.ClassLoader)(ResourcesManager.java:762) waiters=0 in android.app.LoadedApk android.app.ActivityThread.getPackageInfo(android.content.pm.ApplicationInfo, android.content.res.CompatibilityInfo, java.lang.ClassLoader, boolean, boolean, boolean) for 240ms
03-15 07:57:56.114  2014  2014 W Looper  : Slow dispatch took 247ms main h=android.app.ActivityThread$H c=null m=114
03-15 07:57:56.114  2014  2014 E WiredAccessoryManager: No state change.
03-15 07:57:56.140  2159  2159 E ActivityThread: Failed to find provider info for com.google.android.apps.turbo.estimated_time_remaining
03-15 07:57:56.154  2014  2014 W NotificationListeners: Not binding notification listener service ComponentInfo{com.google.android.apps.restore/com.google.android.apps.pixelmigrate.component.NotificationConsolidatorService}: service not found
03-15 07:57:56.154  2014  2014 V NotificationListeners: enabling notification listener for 0: ComponentInfo{com.google.android.apps.nexuslauncher/com.android.launcher3.notification.NotificationListener}
03-15 07:57:56.154  2014  2014 V NotificationListeners: binding: Intent { act=android.service.notification.NotificationListenerService cmp=com.google.android.apps.nexuslauncher/com.android.launcher3.notification.NotificationListener (has extras) }
03-15 07:57:56.155  2014  2014 W ActivityManager: Unable to start service Intent { act=android.service.notification.NotificationListenerService cmp=com.google.android.apps.nexuslauncher/com.android.launcher3.notification.NotificationListener } U=0: not found
03-15 07:57:56.155  2014  2014 W NotificationListeners: Unable to bind notification listener service: Intent { act=android.service.notification.NotificationListenerService cmp=com.google.android.apps.nexuslauncher/com.android.launcher3.notification.NotificationListener (has extras) } in user 0
03-15 07:57:56.155  2014  2014 V NotificationAssistants: enabling notification assistant for 0: ComponentInfo{com.google.android.ext.services/android.ext.services.notification.Assistant}
03-15 07:57:56.157  2014  2014 V NotificationAssistants: binding: Intent { act=android.service.notification.NotificationAssistantService cmp=com.google.android.ext.services/android.ext.services.notification.Assistant (has extras) }
03-15 07:57:56.175  1754  1754 W DeviceHAL: Error from HAL Device in function set_mic_mute: Function not implemented
03-15 07:57:56.175  2014  2014 E AudioSystem-JNI: Command failed for android_media_AudioSystem_muteMicrophone: -38
03-15 07:57:56.208  2275  2275 I SystemConfig: Adding association: com.google.android.as <- com.android.providers.contacts
03-15 07:57:56.208  2275  2275 I SystemConfig: Adding association: com.google.android.as <- com.android.providers.media
03-15 07:57:56.208  2275  2275 I SystemConfig: Adding association: com.google.android.as <- com.android.providers.telephony
03-15 07:57:56.208  2275  2275 I SystemConfig: Adding association: com.google.android.as <- com.android.systemui
03-15 07:57:56.208  2275  2275 I SystemConfig: Adding association: com.google.android.as <- com.google.android.gms
03-15 07:57:56.208  2275  2275 I SystemConfig: Adding association: com.google.android.as <- com.google.android.gsf
03-15 07:57:56.222  2014  2014 W BroadcastQueue: Background execution not allowed: receiving Intent { act=android.intent.action.ACTION_POWER_DISCONNECTED flg=0x4000010 (has extras) } to com.google.android.gms/.chimera.GmsIntentOperationService$PersistentTrustedReceiver
03-15 07:57:56.225  2014  2014 D WifiP2pService: Wifi enabled=false, P2P Interface availability=true
03-15 07:57:56.227  2014  2044 W BroadcastQueue: Background execution not allowed: receiving Intent { act=android.location.PROVIDERS_CHANGED flg=0x10 (has extras) } to com.google.android.gms/.chimera.GmsIntentOperationService$PersistentTrustedReceiver
03-15 07:57:56.227  2014  2014 I NetworkStackClient: Network stack service connected
03-15 07:57:56.227  2014  2044 I chatty  : uid=1000(system) ActivityManager identical 1 line
03-15 07:57:56.228  2014  2044 W BroadcastQueue: Background execution not allowed: receiving Intent { act=android.location.PROVIDERS_CHANGED flg=0x10 (has extras) } to com.google.android.gms/.chimera.GmsIntentOperationService$PersistentTrustedReceiver
03-15 07:57:56.228  2014  2044 W BroadcastQueue: Background execution not allowed: receiving Intent { act=android.location.MODE_CHANGED flg=0x10 } to com.google.android.gms/.chimera.GmsIntentOperationService$PersistentTrustedReceiver
03-15 07:57:56.229  2014  2044 W BroadcastQueue: Background execution not allowed: receiving Intent { act=android.location.PROVIDERS_CHANGED flg=0x10 (has extras) } to com.google.android.gms/.chimera.GmsIntentOperationService$PersistentTrustedReceiver
03-15 07:57:56.231  2014  2014 V SettingsProvider: Notifying for 0: content://settings/secure/location_providers_allowed
03-15 07:57:56.233  2275  2275 W SystemConfig: No directory /product_services/etc/sysconfig, skipping
03-15 07:57:56.233  2275  2275 W SystemConfig: No directory /product_services/etc/permissions, skipping
03-15 07:57:56.243  2014  2121 D WifiClientModeImpl: Setting OUI to DA-A1-19
03-15 07:57:56.243  2014  2121 D WifiCountryCode: updateCountryCode to null
03-15 07:57:56.248  1747  1992 W ServiceManager: Permission failure: android.permission.NETWORK_STACK from uid=1073 pid=2230
03-15 07:57:56.250  1747  1992 I netd    : interfaceSetEnableIPv6("wlan0", "false") <9.26ms>
03-15 07:57:56.250  2014  2121 I WifiVendorHal: Driver: 1.0 Firmware: 1.0
03-15 07:57:56.252  2275  2275 D PhoneSwitcherNetworkRequstListener: Registering NetworkFactory
03-15 07:57:56.253  2014  2126 D ConnectivityService: Got NetworkFactory Messenger for PhoneSwitcherNetworkRequstListener
03-15 07:57:56.260  1747  1992 W ServiceManager: Permission failure: android.permission.NETWORK_STACK from uid=1073 pid=2230
03-15 07:57:56.261  1747  1992 I netd    : interfaceClearAddrs("wlan0") <2.23ms>
03-15 07:57:56.264  2014  2121 E SupplicantStaIfaceHal: ISupplicantStaIface.setPowerSave failed: {.code = FAILURE_UNKNOWN, .debugMessage = }
03-15 07:57:56.266  2014  2121 D WakeupController: reset()
03-15 07:57:56.266  2014  2121 D WakeupController: Setting active to false
03-15 07:57:56.266  2014  2121 E WifiConfigManager: Cannot save to store before store is read!
03-15 07:57:56.267  2014  2121 I WifiClientModeImpl: disconnectedstate enter
03-15 07:57:56.287  2014  2126 D ConnectivityService: Got NetworkFactory Messenger for TelephonyNetworkFactory[0]
03-15 07:57:56.305  2275  2503 E ActivityThread: Failed to find provider info for com.android.contacts
03-15 07:57:56.305  2275  2503 W CallerInfoCache: cursor is null
03-15 07:57:56.312  2275  2275 D CarrierConfigLoader: CarrierConfigLoader has started
03-15 07:57:56.313  2275  2275 E BluetoothAdapter: Bluetooth binder is null
03-15 07:57:56.330  2014  2014 I system_server: The ClassLoaderContext is a special shared library.
03-15 07:57:56.346  2159  2159 D StatusBar: disable<e i a s b h r c s > disable2<q i n >
03-15 07:57:56.349  2014  2088 I StatusBarManagerService: registerStatusBar bar=com.android.internal.statusbar.IStatusBar$Stub$Proxy@d3b58fe
03-15 07:57:56.369  2014  2014 I system_server: The ClassLoaderContext is a special shared library.
03-15 07:57:56.370  1650  1650 I hwservicemanager: getTransport: Cannot find entry android.hardware.radio.config@1.1::IRadioConfig/default in either framework or device manifest.
03-15 07:57:56.374  1650  1650 I hwservicemanager: getTransport: Cannot find entry android.hardware.radio.config@1.0::IRadioConfig/default in either framework or device manifest.
03-15 07:57:56.379  2014  2014 W Looper  : Slow dispatch took 149ms main h=android.app.ActivityThread$H c=null m=114
03-15 07:57:56.400  2014  2014 D ConditionProviders.SCP: onSubscribe condition://android/schedule?days=1.2.3.4.5.6.7&start=22.0&end=7.0&exitAtAlarm=true
03-15 07:57:56.400  2014  2014 D ConditionProviders.SCP: setRegistered true
03-15 07:57:56.407  2014  2132 E ActivityThread: Failed to find provider info for com.android.calendar
03-15 07:57:56.417  2014  2088 D AlarmManagerService: Kernel timezone updated to 0 minutes west of GMT
03-15 07:57:56.408  2014  2132 E ActivityThread: Failed to find provider info for com.android.calendar
03-15 07:57:56.421  2014  2014 D ConditionProviders.SCP: evaluateSubscriptionLocked cal=ScheduleCalendar[mDays={1, 2, 3, 4, 5, 6, 7}, mSchedule=ScheduleInfo{days=[1, 2, 3, 4, 5, 6, 7], startHour=22, startMinute=0, endHour=7, endMinute=0, exitAtAlarm=true, nextAlarm=Thu Jan 01 00:00:00 GMT 1970 (0)}], now=Tue Mar 15 07:57:56 GMT 2022 (1647331076400), nextUserAlarmTime=Thu Jan 01 00:00:00 GMT 1970 (0)
03-15 07:57:56.421  2014  2014 D ConditionProviders.SCP: notifyCondition condition://android/schedule?days=1.2.3.4.5.6.7&start=22.0&end=7.0&exitAtAlarm=true STATE_FALSE reason=!meetsSchedule
03-15 07:57:56.422  2014  2014 D ConditionProviders.SCP: Scheduling evaluate for Tue Mar 15 22:00:00 GMT 2022 (1647381600000), in +14h2m3s600ms, now=Tue Mar 15 07:57:56 GMT 2022 (1647331076400)
03-15 07:57:56.422  2014  2014 V FingerprintService: handleEnumeratedTemplate: 0
03-15 07:57:56.422  2014  2014 V FingerprintService: Matched: false
03-15 07:57:56.422  2014  2014 V FingerprintService: Done with client: android
03-15 07:57:56.422  2014  2014 V FingerprintService: clearEnumerateState()
03-15 07:57:56.455  2014  2088 D timedetector.SimpleTimeDetectorStrategy: adjustAndSetDeviceSystemClock: Not setting system clock. New time and system clock are close enough. elapsedRealtimeMillis=17240 newTime=TimestampedValue{mReferenceTimeMillis=9204, mValue=1647331068000} reason=New time signal systemClockUpdateThreshold=2000 absTimeDifference=419
03-15 07:57:56.485  2014  2088 I DefaultPermGrantPolicy: Revoking permissions from disabled data services for user:0
03-15 07:57:56.486  2014  2088 I DefaultPermGrantPolicy: Granting permissions to enabled data services for user:0
03-15 07:57:56.507  2275  2299 W System  : A resource failed to call end. 
03-15 07:57:56.552  2014  2014 D WifiP2pService: Wifi enabled=true, P2P Interface availability=true, Number of clients=0
03-15 07:57:56.552  2014  2014 D WifiP2pService: Wifi enabled=true, P2P Interface availability=true
03-15 07:57:56.553  2014  2014 I Telecom : WiredHeadsetManager: ACTION_HEADSET_PLUG event, plugged in: false, : WHC.oADA@AAE
03-15 07:57:56.558  1659  1659 D vold    : Recognized experimental block major ID 253 as virtio-blk (emulator's virtual SD card device)
03-15 07:57:56.558  1659  1659 D vold    : /system/bin/sgdisk
03-15 07:57:56.558  1659  1659 D vold    :     --android-dump
03-15 07:57:56.558  1659  1659 D vold    :     /dev/block/vold/disk:253,80
03-15 07:57:56.559  2014  2014 D MediaSessionService: Global priority session is changed from null to com.android.server.telecom/HeadsetMediaButton (userId=0)
03-15 07:57:56.567  2014  2014 I ExplicitHealthCheckController: Explicit health check service is connected ComponentInfo{com.google.android.ext.services/android.ext.services.watchdog.ExplicitHealthCheckServiceImpl}
03-15 07:57:56.567  2014  2014 I ExplicitHealthCheckController: Service initialized, syncing requests
03-15 07:57:56.568  2014  2014 I ContentSuggestionsManagerService: Updating for user 0: disabled=false
03-15 07:57:56.569  2014  2014 E ContentSuggestionsPerUserService: Bad service name: com.google.android.as/com.google.android.apps.miphone.aiai.app.AiAiContentSuggestionsService
03-15 07:57:56.569  2014  2014 D AutofillManagerService: Restriction did not change for user 0
03-15 07:57:56.572  2014  2014 V SettingsProvider: Notifying for 0: content://settings/secure/accessibility_enabled
03-15 07:57:56.576  2014  2014 V NotificationAssistants: 0 notification assistant service connected: ComponentInfo{com.google.android.ext.services/android.ext.services.notification.Assistant}
03-15 07:57:56.580  1659  1659 D vold    : DISK mbr
03-15 07:57:56.580  1659  1659 D vold    : 
03-15 07:57:56.579  2456  2509 D ExtAssistant: File doesn't exist or isn't readable yet
03-15 07:57:56.581  1659  1659 W vold    : disk:253,80 has unknown partition table; trying entire device
03-15 07:57:56.581  1659  1659 D vold    : /system/bin/blkid
03-15 07:57:56.581  1659  1659 D vold    :     -c
03-15 07:57:56.581  1659  1659 D vold    :     /dev/null
03-15 07:57:56.581  1659  1659 D vold    :     -s
03-15 07:57:56.581  1659  1659 D vold    :     TYPE
03-15 07:57:56.581  1659  1659 D vold    :     -s
03-15 07:57:56.581  1659  1659 D vold    :     UUID
03-15 07:57:56.581  1659  1659 D vold    :     -s
03-15 07:57:56.581  1659  1659 D vold    :     LABEL
03-15 07:57:56.581  1659  1659 D vold    :     /dev/block/vold/disk:253,80
03-15 07:57:56.592  2014  2014 V SettingsProvider: Notifying for 0: content://settings/global/network_recommendations_enabled
03-15 07:57:56.594  2014  2014 D PackageWatchdog: Getting all observed packages pending health checks
03-15 07:57:56.594  2014  2014 I PackageWatchdog: Syncing health check requests for packages: {}
03-15 07:57:56.594  2014  2014 D ExplicitHealthCheckController: Getting health check supported packages
03-15 07:57:56.595  2014  2014 W Looper  : Drained
03-15 07:57:56.597  2014  2411 I ExplicitHealthCheckController: Explicit health check supported packages [PackageConfig{com.google.android.networkstack, 3600000}]
03-15 07:57:56.597  2014  2411 D PackageWatchdog: Received supported packages [PackageConfig{com.google.android.networkstack, 3600000}]
03-15 07:57:56.597  2014  2411 D ExplicitHealthCheckController: Getting health check requested packages
03-15 07:57:56.604  2014  2031 I ExplicitHealthCheckController: Explicit health check requested packages []
03-15 07:57:56.604  2014  2031 I ExplicitHealthCheckController: No more health check requests, unbinding...
03-15 07:57:56.605  2014  2031 I ExplicitHealthCheckController: Explicit health check service is unbound
03-15 07:57:56.606  2429  2429 W native  : cpu_feature_guard.cc:35 The TensorFlow library was compiled to use SSE instructions, but these aren't available on your machine.
03-15 07:57:56.606  2429  2429 W native  : cpu_feature_guard.cc:35 The TensorFlow library was compiled to use SSE2 instructions, but these aren't available on your machine.
03-15 07:57:56.606  2429  2429 W native  : cpu_feature_guard.cc:35 The TensorFlow library was compiled to use SSE3 instructions, but these aren't available on your machine.
03-15 07:57:56.606  2429  2429 W native  : commandlineflags.cc:972 Ignoring RegisterValidateFunction() for flag pointer 0xc0d16e3c: no flag found at that address
03-15 07:57:56.614  1659  1659 D vold    : /dev/block/vold/disk:253,80: LABEL="SDCARD" UUID="14E5-1D0D" TYPE="vfat" 
03-15 07:57:56.614  1659  1659 D vold    : 
03-15 07:57:56.616  1659  1659 D vold    : /system/bin/blkid
03-15 07:57:56.616  1659  1659 D vold    :     -c
03-15 07:57:56.616  1659  1659 D vold    :     /dev/null
03-15 07:57:56.616  1659  1659 D vold    :     -s
03-15 07:57:56.616  1659  1659 D vold    :     TYPE
03-15 07:57:56.616  1659  1659 D vold    :     -s
03-15 07:57:56.616  1659  1659 D vold    :     UUID
03-15 07:57:56.616  1659  1659 D vold    :     -s
03-15 07:57:56.616  1659  1659 D vold    :     LABEL
03-15 07:57:56.616  1659  1659 D vold    :     /dev/block/vold/public:253,80
03-15 07:57:56.625  2014  2130 D NotificationSQLiteLog: Pruned event entries: 0
03-15 07:57:56.634  1659  1659 D vold    : /dev/block/vold/public:253,80: LABEL="SDCARD" UUID="14E5-1D0D" TYPE="vfat" 
03-15 07:57:56.634  1659  1659 D vold    : 
03-15 07:57:56.634  1659  1659 D vold    : /system/bin/fsck_msdos
03-15 07:57:56.634  1659  1659 D vold    :     -p
03-15 07:57:56.634  1659  1659 D vold    :     -f
03-15 07:57:56.634  1659  1659 D vold    :     -y
03-15 07:57:56.634  1659  1659 D vold    :     /dev/block/vold/public:253,80
03-15 07:57:56.653  1650  1650 I hwservicemanager: getTransport: Cannot find entry android.hardware.radio.config@1.1::IRadioConfig/default in either framework or device manifest.
03-15 07:57:56.653  1650  1650 I hwservicemanager: getTransport: Cannot find entry android.hardware.radio.config@1.0::IRadioConfig/default in either framework or device manifest.
03-15 07:57:56.661  2014  2088 D ConnectivityService: requestNetwork for uid/pid:1001/2275 NetworkRequest [ TRACK_DEFAULT id=14, [ Capabilities: INTERNET&NOT_RESTRICTED&TRUSTED Uid: 1001] ]
03-15 07:57:56.663  1650  1650 I hwservicemanager: getTransport: Cannot find entry android.hardware.radio.config@1.1::IRadioConfig/default in either framework or device manifest.
03-15 07:57:56.664  1650  1650 I hwservicemanager: getTransport: Cannot find entry android.hardware.radio.config@1.0::IRadioConfig/default in either framework or device manifest.
03-15 07:57:56.664  2275  2275 D PhoneSwitcherNetworkRequstListener: got request NetworkRequest [ REQUEST id=7, [ Capabilities: INTERNET&NOT_RESTRICTED&TRUSTED&NOT_VPN] ] with score 0 and serial -1
03-15 07:57:56.664  2275  2275 D PhoneSwitcherNetworkRequstListener: got request NetworkRequest [ REQUEST id=1, [ Capabilities: INTERNET&NOT_RESTRICTED&TRUSTED&NOT_VPN] ] with score 0 and serial -1
03-15 07:57:56.665  2275  2275 D PhoneSwitcherNetworkRequstListener: got request NetworkRequest [ TRACK_DEFAULT id=9, [ Capabilities: INTERNET&NOT_RESTRICTED&TRUSTED Uid: 1000] ] with score 0 and serial -1
03-15 07:57:56.665  2275  2275 D PhoneSwitcherNetworkRequstListener: got request NetworkRequest [ TRACK_DEFAULT id=13, [ Capabilities: INTERNET&NOT_RESTRICTED&TRUSTED Uid: 10093] ] with score 0 and serial -1
03-15 07:57:56.665  2275  2275 D PhoneSwitcherNetworkRequstListener: got request NetworkRequest [ BACKGROUND_REQUEST id=2, [ Transports: CELLULAR Capabilities: INTERNET&NOT_RESTRICTED&TRUSTED&NOT_VPN] ] with score 0 and serial -1
03-15 07:57:56.666  2275  2275 D TelephonyDebugService: TelephonyDebugService()
03-15 07:57:56.668  2275  2275 D CarrierConfigLoader: mHandler: 12 phoneId: 0
03-15 07:57:56.677  2159  2159 I CameraManagerGlobal: Connecting to camera service
03-15 07:57:56.696  1659  1659 D vold    : /dev/block/vold/public:253,80: 33 files, 522164 free (261082 clusters)
03-15 07:57:56.696  1659  1659 D vold    : 
03-15 07:57:56.699  2429  2429 I TransientFileCleaner: Deleting 0 files
03-15 07:57:56.700  1659  1659 I vold    : Filesystem check completed OK
03-15 07:57:56.707  2014  2043 I ActivityTaskManager: Displayed com.android.settings/.FallbackHome: +1s255ms
03-15 07:57:56.711  1659  1659 D vold    : Waiting for FUSE to spin up...
03-15 07:57:56.720  2429  2429 I TransientFileCleaner: Deleting 0 files
03-15 07:57:56.725  2522  2522 W sdcard  : Device explicitly enabled sdcardfs
03-15 07:57:56.756  2275  2275 D PhoneSwitcherNetworkRequstListener: got request NetworkRequest [ TRACK_DEFAULT id=14, [ Capabilities: INTERNET&NOT_RESTRICTED&TRUSTED Uid: 1001] ] with score 0 and serial 0
03-15 07:57:56.763  1659  1659 D vold    : Waiting for FUSE to spin up...
03-15 07:57:56.772  2429  2429 I LatinApp: initialize()
03-15 07:57:56.789  2429  2429 I ConfigNotification: Get device mode by ui mode:1 and smallestScreenWidthDp:360
03-15 07:57:56.810  2014  2118 W BestClock: java.time.DateTimeException: Missing NTP fix
03-15 07:57:56.814  2014  2118 W BestClock: java.time.DateTimeException: Missing NTP fix
03-15 07:57:56.816  1747  1992 I netd    : bandwidthSetGlobalAlert(2097152) <0.16ms>
03-15 07:57:56.824  1840  1866 D installd: Found quota mount /dev/block/vdc at /data
03-15 07:57:56.825  1840  1866 D installd: Found storage mount /mnt/media_rw/14E5-1D0D at /mnt/runtime/default/14E5-1D0D
03-15 07:57:56.834  2014  2118 W BestClock: java.time.DateTimeException: Missing NTP fix
03-15 07:57:56.835  2014  2118 W BestClock: java.time.DateTimeException: Missing NTP fix
03-15 07:57:56.836  1747  1992 I netd    : bandwidthSetGlobalAlert(2097152) <0.11ms>
03-15 07:57:56.843  2014  2031 I WifiService: WifiService trying to set country code to us
03-15 07:57:56.843  2014  2031 I WifiService: setCountryCode uid=1001
03-15 07:57:56.843  2014  2031 D WifiCountryCode: Receive set country code request: us
03-15 07:57:56.843  2014  2031 D WifiCountryCode: updateCountryCode to US
03-15 07:57:56.845  2014  2031 D WifiCountryCode: Succeeded to set country code to: US
03-15 07:57:56.854  2014  2031 D AlarmManagerService: Kernel timezone updated to 0 minutes west of GMT
03-15 07:57:56.866  2429  2525 I ModuleManager: Unexpected key 'preloaded_fonts' does not match 'module:'
03-15 07:57:56.866  2429  2525 I ModuleManager: Unexpected key 'com.google.android.partnersetup.RLZ_BOUNTY_ACCESS_POINT' does not match 'module:'
03-15 07:57:56.871  2275  2275 D ServiceStateProvider: subId=-1
03-15 07:57:56.878  1748  1748 D Zygote  : Forked child process 2533
03-15 07:57:56.881  2014  2045 I ActivityManager: Start proc 2533:com.android.cellbroadcastreceiver/u0a59 for broadcast {com.android.cellbroadcastreceiver/com.android.cellbroadcastreceiver.CellBroadcastReceiver}
03-15 07:57:56.884  2533  2533 W oadcastreceive: Unexpected CPU variant for X86 using defaults: x86
03-15 07:57:56.929  2275  2275 I TelecomFramework: : onSubscriptionsChanged - update accounts
03-15 07:57:56.929  2275  2275 I TelecomFramework: TelecomAccountRegistry: setupAccounts: Found 1 phones.  Attempting to register.
03-15 07:57:56.930  2275  2275 I TelecomFramework: TelecomAccountRegistry: setupAccounts: Phone with subscription id -1
03-15 07:57:56.930  2275  2275 I TelecomFramework: TelecomAccountRegistry: setupAccounts: adding default
03-15 07:57:56.931  2275  2275 E PhoneInterfaceManager: [PhoneIntfMgr] getIccId: No UICC
03-15 07:57:56.939  2275  2275 E PhoneInterfaceManager: [PhoneIntfMgr] isRttSupported: no Phone found. Invalid subId:-1
03-15 07:57:56.953  2159  2159 D StatusBar: mUserSetupObserver - DeviceProvisionedListener called for user 0
03-15 07:57:56.956  2159  2159 D StatusBar: updateQsExpansionEnabled - QS Expand enabled: true
03-15 07:57:56.959  2159  2159 D StatusBar: mUserSetupObserver - DeviceProvisionedListener called for user 0
03-15 07:57:56.959  2159  2455 D OpenGLRenderer: profile bars disabled
03-15 07:57:56.960  2159  2455 D OpenGLRenderer: ambientRatio = 1.50
03-15 07:57:56.971  2014  2031 I Telecom : PhoneAccountRegistrar: New phone account registered: [[ ] PhoneAccount: ComponentInfo{com.android.phone/com.android.services.telephony.TelephonyConnectionService}, ***, UserHandle{0} Capabilities: CallProvider MultiUser PlaceEmerg SimSub  Audio Routes: BESW Schemes: tel voicemail  Extras: Bundle[{android.telecom.extra.SUPPORTS_VIDEO_CALLING_FALLBACK=true}] GroupId: ***]: TSI.rPA@AAI
03-15 07:57:56.972  2533  2533 I oadcastreceive: The ClassLoaderContext is a special shared library.
03-15 07:57:56.976  2014  2031 I Telecom : CallsManager: Sending phone-account ComponentInfo{com.android.phone/com.android.services.telephony.TelephonyConnectionService}, ***, UserHandle{0} registered intent as user: TSI.rPA@AAI
03-15 07:57:56.976  2014  2031 I Telecom : CallsManager: Sending phone-account registered intent to default dialer: TSI.rPA@AAI
