03-15 07:58:34.708  2784  3168 E LocalNetworkId: 	at libcore.io.IoBridge.open(IoBridge.java:482)
03-15 07:58:34.708  2784  3168 E LocalNetworkId: 	... 15 more
03-15 07:58:35.605  2784  3393 E RefreshDoodleConfigTask: Error downloading doodle.
03-15 07:58:35.605  2784  3393 E RefreshDoodleConfigTask: com.google.android.apps.gsa.shared.o.e: Error code: 655371
03-15 07:58:35.605  2784  3393 E RefreshDoodleConfigTask: 	at com.google.android.libraries.gsa.e.a.bp.a(SourceFile:28)
03-15 07:58:35.605  2784  3393 E RefreshDoodleConfigTask: 	at com.google.android.libraries.gsa.e.a.bp.a(SourceFile:15)
03-15 07:58:35.605  2784  3393 E RefreshDoodleConfigTask: 	at com.google.android.libraries.gsa.e.a.bx.run(Unknown Source:11)
03-15 07:58:35.605  2784  3393 E RefreshDoodleConfigTask: 	at com.google.android.libraries.gsa.m.a.j.run(Unknown Source:2)
03-15 07:58:35.605  2784  3393 E RefreshDoodleConfigTask: 	at com.google.android.apps.gsa.shared.util.c.b.cf.a(SourceFile:2)
03-15 07:58:35.605  2784  3393 E RefreshDoodleConfigTask: 	at com.google.android.apps.gsa.shared.util.c.b.cg.run(SourceFile:5)
03-15 07:58:35.605  2784  3393 E RefreshDoodleConfigTask: 	at com.google.android.apps.gsa.shared.util.c.b.f.run(Unknown Source:3)
03-15 07:58:35.605  2784  3393 E RefreshDoodleConfigTask: 	at com.google.android.apps.gsa.shared.util.c.b.bj.run(SourceFile:3)
03-15 07:58:35.605  2784  3393 E RefreshDoodleConfigTask: 	at com.google.android.apps.gsa.shared.util.c.b.bj.run(SourceFile:3)
03-15 07:58:35.605  2784  3393 E RefreshDoodleConfigTask: 	at java.util.concurrent.ThreadPoolExecutor.runWorker(ThreadPoolExecutor.java:1167)
03-15 07:58:35.605  2784  3393 E RefreshDoodleConfigTask: 	at java.util.concurrent.ThreadPoolExecutor$Worker.run(ThreadPoolExecutor.java:641)
03-15 07:58:35.605  2784  3393 E RefreshDoodleConfigTask: 	at java.lang.Thread.run(Thread.java:919)
03-15 07:58:35.605  2784  3393 E RefreshDoodleConfigTask: 	at com.google.android.apps.gsa.shared.util.c.b.m.run(SourceFile:6)
03-15 07:58:37.060  2567  3060 E WakeLock: NlpWakeLock ** IS FORCE-RELEASED ON TIMEOUT **
03-15 07:58:37.216  3900  3997 E FirebaseInstanceId: Token retrieval failed: SERVICE_NOT_AVAILABLE
03-15 07:58:37.455  2014  2043 E memtrack: Couldn't load memtrack module
03-15 07:58:37.457  2014  2043 E memtrack: Couldn't load memtrack module
03-15 07:58:37.621  2014  2043 E memtrack: Couldn't load memtrack module
03-15 07:58:37.624  2014  2043 E memtrack: Couldn't load memtrack module
03-15 07:58:38.150  2014  2043 E memtrack: Couldn't load memtrack module
03-15 07:58:38.176  3900  4160 E Bugle   : BugleFirebaseInstanceIDManagerImpl: Failed to refresh firebase instance ID
03-15 07:58:38.176  3900  4160 E Bugle   : java.io.IOException: SERVICE_NOT_AVAILABLE
03-15 07:58:38.176  3900  4160 E Bugle   : 	at com.google.firebase.iid.FirebaseInstanceId.a(SourceFile:68)
03-15 07:58:38.176  3900  4160 E Bugle   : 	at com.google.firebase.iid.FirebaseInstanceId.b(SourceFile:60)
03-15 07:58:38.176  3900  4160 E Bugle   : 	at fep.c(SourceFile:20)
03-15 07:58:38.176  3900  4160 E Bugle   : 	at feq.call(Unknown Source:2)
03-15 07:58:38.176  3900  4160 E Bugle   : 	at uba.b(SourceFile:4)
03-15 07:58:38.176  3900  4160 E Bugle   : 	at tzx.run(SourceFile:5)
03-15 07:58:38.176  3900  4160 E Bugle   : 	at uay.run(SourceFile:9)
03-15 07:58:38.176  3900  4160 E Bugle   : 	at java.util.concurrent.ThreadPoolExecutor.runWorker(ThreadPoolExecutor.java:1167)
03-15 07:58:38.176  3900  4160 E Bugle   : 	at java.util.concurrent.ThreadPoolExecutor$Worker.run(ThreadPoolExecutor.java:641)
03-15 07:58:38.176  3900  4160 E Bugle   : 	at java.lang.Thread.run(Thread.java:919)
03-15 07:58:38.296  1747  5804 E ResolverController: No valid NAT64 prefix (100, <unspecified>/0)
03-15 07:58:39.012  1747  5805 E ResolverController: No valid NAT64 prefix (100, <unspecified>/0)
03-15 07:58:40.576  2014  2043 E memtrack: Couldn't load memtrack module
03-15 07:58:40.592  2014  2043 E memtrack: Couldn't load memtrack module
03-15 07:58:41.754  2014  2043 E memtrack: Couldn't load memtrack module
03-15 07:58:41.759  2014  2043 E memtrack: Couldn't load memtrack module
03-15 07:58:42.806  2014  2043 E memtrack: Couldn't load memtrack module
03-15 07:58:43.222  2014  2043 E memtrack: Couldn't load memtrack module
03-15 07:58:43.403  2784  4274 E FirebaseInstanceId: Token retrieval failed without exception message. Will retry token retrieval
03-15 07:58:43.680  2784  2784 E SearchServiceStarter: Task COMMON_BROADCAST_MESSAGE_RECEIVED failed or timed out. Client 12245808817995789 disconnecting from SearchService!
03-15 07:58:43.680  2784  2784 E SearchServiceStarter: java.util.concurrent.CancellationException: Task was cancelled.
03-15 07:58:43.680  2784  2784 E SearchServiceStarter: 	at com.google.common.s.a.c.b(SourceFile:103)
03-15 07:58:43.680  2784  2784 E SearchServiceStarter: 	at com.google.common.s.a.c.get(SourceFile:81)
03-15 07:58:43.680  2784  2784 E SearchServiceStarter: 	at com.google.common.s.a.da.a(SourceFile:1)
03-15 07:58:43.680  2784  2784 E SearchServiceStarter: 	at com.google.common.s.a.bh.a(SourceFile:34)
03-15 07:58:43.680  2784  2784 E SearchServiceStarter: 	at com.google.common.s.a.bj.run(SourceFile:4)
03-15 07:58:43.680  2784  2784 E SearchServiceStarter: 	at com.google.android.apps.gsa.shared.util.c.b.be.run(SourceFile:2)
03-15 07:58:43.680  2784  2784 E SearchServiceStarter: 	at android.os.Handler.handleCallback(Handler.java:883)
03-15 07:58:43.680  2784  2784 E SearchServiceStarter: 	at android.os.Handler.dispatchMessage(Handler.java:100)
03-15 07:58:43.680  2784  2784 E SearchServiceStarter: 	at android.os.Looper.loop(Looper.java:214)
03-15 07:58:43.680  2784  2784 E SearchServiceStarter: 	at android.app.ActivityThread.main(ActivityThread.java:7356)
03-15 07:58:43.680  2784  2784 E SearchServiceStarter: 	at java.lang.reflect.Method.invoke(Native Method)
03-15 07:58:43.680  2784  2784 E SearchServiceStarter: 	at com.android.internal.os.RuntimeInit$MethodAndArgsCaller.run(RuntimeInit.java:492)
03-15 07:58:43.680  2784  2784 E SearchServiceStarter: 	at com.android.internal.os.ZygoteInit.main(ZygoteInit.java:930)
03-15 07:58:44.271  5810  5810 E CAR.TEL.Service: Failed to bind to InCallService [CONTEXT service_id=13 ]
03-15 07:58:46.133  1747  5875 E ResolverController: No valid NAT64 prefix (100, <unspecified>/0)
03-15 07:58:47.201  4863  5034 E FirebaseInstanceId: Token retrieval failed: SERVICE_NOT_AVAILABLE
03-15 07:58:47.544  2014  2043 E memtrack: Couldn't load memtrack module
03-15 07:58:48.122  1883  1883 E netmgr  : Failed to open QEMU pipe 'qemud:network': Invalid argument
03-15 07:58:48.123  1891  1891 E wifi_forwarder: RemoteConnection failed to initialize: RemoteConnection failed to open pipe
03-15 07:58:52.989  2784  3623 E ACS.ResponseHandler: #onNonFatalError: com.google.android.apps.gsa.shared.speech.c.j: errorCode: 65572, engine: 2
03-15 07:58:52.989  2784  3623 E ACS.ResponseHandler: com.google.android.apps.gsa.shared.util.b.e: ACS.ResponseHandler: #onNonFatalError: com.google.android.apps.gsa.shared.speech.c.j: errorCode: 65572, engine: 2
03-15 07:58:52.989  2784  3623 E ACS.ResponseHandler: 	at com.google.android.apps.gsa.shared.util.b.f.a(SourceFile:40)
03-15 07:58:52.989  2784  3623 E ACS.ResponseHandler: 	at com.google.android.apps.gsa.shared.util.b.f.f(SourceFile:10)
03-15 07:58:52.989  2784  3623 E ACS.ResponseHandler: 	at com.google.android.apps.gsa.staticplugins.g.ai.a(SourceFile:7)
03-15 07:58:52.989  2784  3623 E ACS.ResponseHandler: 	at com.google.android.apps.gsa.staticplugins.do.a.f.a(SourceFile:12)
03-15 07:58:52.989  2784  3623 E ACS.ResponseHandler: 	at com.google.android.apps.gsa.s3.q.c(SourceFile:64)
03-15 07:58:52.989  2784  3623 E ACS.ResponseHandler: 	at com.google.android.apps.gsa.s3.n.run(SourceFile:20)
03-15 07:58:52.989  2784  3623 E ACS.ResponseHandler: 	at java.util.concurrent.Executors$RunnableAdapter.call(Executors.java:462)
03-15 07:58:52.989  2784  3623 E ACS.ResponseHandler: 	at java.util.concurrent.FutureTask.run(FutureTask.java:266)
03-15 07:58:52.989  2784  3623 E ACS.ResponseHandler: 	at com.google.android.apps.gsa.shared.util.c.b.f.run(Unknown Source:3)
03-15 07:58:52.989  2784  3623 E ACS.ResponseHandler: 	at com.google.android.apps.gsa.shared.util.c.b.bj.run(SourceFile:3)
03-15 07:58:52.989  2784  3623 E ACS.ResponseHandler: 	at com.google.android.apps.gsa.shared.util.c.b.bj.run(SourceFile:3)
03-15 07:58:52.989  2784  3623 E ACS.ResponseHandler: 	at java.util.concurrent.ThreadPoolExecutor.runWorker(ThreadPoolExecutor.java:1167)
03-15 07:58:52.989  2784  3623 E ACS.ResponseHandler: 	at java.util.concurrent.ThreadPoolExecutor$Worker.run(ThreadPoolExecutor.java:641)
03-15 07:58:52.989  2784  3623 E ACS.ResponseHandler: 	at java.lang.Thread.run(Thread.java:919)
03-15 07:58:52.989  2784  3623 E ACS.ResponseHandler: 	at com.google.android.apps.gsa.shared.util.c.b.m.run(SourceFile:6)
03-15 07:58:52.991  2784  3120 E ACS.ResponseHandler: #onNonFatalError: com.google.android.apps.gsa.shared.speech.c.o: errorCode: 65561, engine: 2
03-15 07:58:52.991  2784  3120 E ACS.ResponseHandler: com.google.android.apps.gsa.shared.util.b.e: ACS.ResponseHandler: #onNonFatalError: com.google.android.apps.gsa.shared.speech.c.o: errorCode: 65561, engine: 2
03-15 07:58:52.991  2784  3120 E ACS.ResponseHandler: 	at com.google.android.apps.gsa.shared.util.b.f.a(SourceFile:40)
03-15 07:58:52.991  2784  3120 E ACS.ResponseHandler: 	at com.google.android.apps.gsa.shared.util.b.f.f(SourceFile:10)
03-15 07:58:52.991  2784  3120 E ACS.ResponseHandler: 	at com.google.android.apps.gsa.staticplugins.g.ai.a(SourceFile:7)
03-15 07:58:52.991  2784  3120 E ACS.ResponseHandler: 	at com.google.android.apps.gsa.staticplugins.do.a.f.b(SourceFile:15)
03-15 07:58:52.991  2784  3120 E ACS.ResponseHandler: 	at com.google.android.apps.gsa.s3.o.a(SourceFile:33)
03-15 07:58:52.991  2784  3120 E ACS.ResponseHandler: 	at com.google.android.apps.gsa.v.c.a.d.a(SourceFile:8)
03-15 07:58:52.991  2784  3120 E ACS.ResponseHandler: 	at com.google.android.apps.gsa.speech.m.a.g.a(SourceFile:73)
03-15 07:58:52.991  2784  3120 E ACS.ResponseHandler: 	at com.google.android.apps.gsa.speech.m.a.g.a(SourceFile:30)
03-15 07:58:52.991  2784  3120 E ACS.ResponseHandler: 	at com.google.android.apps.gsa.speech.m.a.g.a(SourceFile:58)
03-15 07:58:52.991  2784  3120 E ACS.ResponseHandler: 	at com.google.android.apps.gsa.s3.l.c(SourceFile:15)
03-15 07:58:52.991  2784  3120 E ACS.ResponseHandler: 	at com.google.android.apps.gsa.s3.n.run(SourceFile:20)
03-15 07:58:52.991  2784  3120 E ACS.ResponseHandler: 	at java.util.concurrent.Executors$RunnableAdapter.call(Executors.java:462)
03-15 07:58:52.991  2784  3120 E ACS.ResponseHandler: 	at java.util.concurrent.FutureTask.run(FutureTask.java:266)
03-15 07:58:52.991  2784  3120 E ACS.ResponseHandler: 	at com.google.android.apps.gsa.shared.util.c.b.f.run(Unknown Source:3)
03-15 07:58:52.991  2784  3120 E ACS.ResponseHandler: 	at com.google.android.apps.gsa.shared.util.c.b.bj.run(SourceFile:3)
03-15 07:58:52.991  2784  3120 E ACS.ResponseHandler: 	at com.google.android.apps.gsa.shared.util.c.b.bj.run(SourceFile:3)
03-15 07:58:52.991  2784  3120 E ACS.ResponseHandler: 	at java.util.concurrent.ThreadPoolExecutor.runWorker(ThreadPoolExecutor.java:1167)
03-15 07:58:52.991  2784  3120 E ACS.ResponseHandler: 	at java.util.concurrent.ThreadPoolExecutor$Worker.run(ThreadPoolExecutor.java:641)
03-15 07:58:52.991  2784  3120 E ACS.ResponseHandler: 	at java.lang.Thread.run(Thread.java:919)
03-15 07:58:52.991  2784  3120 E ACS.ResponseHandler: 	at com.google.android.apps.gsa.shared.util.c.b.m.run(SourceFile:6)
03-15 07:58:53.013  2784  5796 E ACS.LocationHelper: Failed to get latest location from GmsCore,fails back to LocationOracle cached location.
03-15 07:58:53.020  2784  3618 E LocalNetworkId: Can not find ARP file or impossible to read file.
03-15 07:58:53.020  2784  3618 E LocalNetworkId: java.io.FileNotFoundException: proc/net/arp: open failed: EACCES (Permission denied)
03-15 07:58:53.020  2784  3618 E LocalNetworkId: 	at libcore.io.IoBridge.open(IoBridge.java:496)
03-15 07:58:53.020  2784  3618 E LocalNetworkId: 	at java.io.FileInputStream.<init>(FileInputStream.java:159)
03-15 07:58:53.020  2784  3618 E LocalNetworkId: 	at java.io.FileReader.<init>(FileReader.java:72)
03-15 07:58:53.020  2784  3618 E LocalNetworkId: 	at com.google.android.apps.gsa.search.core.google.a.q.b(SourceFile:71)
03-15 07:58:53.020  2784  3618 E LocalNetworkId: 	at com.google.android.apps.gsa.search.core.google.a.q.a(SourceFile:23)
03-15 07:58:53.020  2784  3618 E LocalNetworkId: 	at com.google.android.apps.gsa.staticplugins.g.g.a(Unknown Source:1)
03-15 07:58:53.020  2784  3618 E LocalNetworkId: 	at com.google.android.apps.gsa.v.d.a.d.call(Unknown Source:2)
03-15 07:58:53.020  2784  3618 E LocalNetworkId: 	at java.util.concurrent.FutureTask.run(FutureTask.java:266)
03-15 07:58:53.020  2784  3618 E LocalNetworkId: 	at com.google.android.apps.gsa.v.d.a.f.run(SourceFile:16)
03-15 07:58:53.020  2784  3618 E LocalNetworkId: 	at com.google.android.apps.gsa.v.d.a.n.run(Unknown Source:3)
03-15 07:58:53.020  2784  3618 E LocalNetworkId: 	at com.google.android.apps.gsa.shared.util.c.b.f.run(Unknown Source:3)
03-15 07:58:53.020  2784  3618 E LocalNetworkId: 	at com.google.android.apps.gsa.shared.util.c.b.bj.run(SourceFile:3)
03-15 07:58:53.020  2784  3618 E LocalNetworkId: 	at java.util.concurrent.ThreadPoolExecutor.runWorker(ThreadPoolExecutor.java:1167)
03-15 07:58:53.020  2784  3618 E LocalNetworkId: 	at java.util.concurrent.ThreadPoolExecutor$Worker.run(ThreadPoolExecutor.java:641)
03-15 07:58:53.020  2784  3618 E LocalNetworkId: 	at java.lang.Thread.run(Thread.java:919)
03-15 07:58:53.020  2784  3618 E LocalNetworkId: 	at com.google.android.apps.gsa.shared.util.c.b.m.run(SourceFile:6)
03-15 07:58:53.020  2784  3618 E LocalNetworkId: Caused by: android.system.ErrnoException: open failed: EACCES (Permission denied)
03-15 07:58:53.020  2784  3618 E LocalNetworkId: 	at libcore.io.Linux.open(Native Method)
03-15 07:58:53.020  2784  3618 E LocalNetworkId: 	at libcore.io.ForwardingOs.open(ForwardingOs.java:167)
03-15 07:58:53.020  2784  3618 E LocalNetworkId: 	at libcore.io.BlockGuardOs.open(BlockGuardOs.java:252)
03-15 07:58:53.020  2784  3618 E LocalNetworkId: 	at libcore.io.ForwardingOs.open(ForwardingOs.java:167)
03-15 07:58:53.020  2784  3618 E LocalNetworkId: 	at android.app.ActivityThread$AndroidOs.open(ActivityThread.java:7255)
03-15 07:58:53.020  2784  3618 E LocalNetworkId: 	at libcore.io.IoBridge.open(IoBridge.java:482)
03-15 07:58:53.020  2784  3618 E LocalNetworkId: 	... 15 more
03-15 07:58:53.615  2014  2043 E memtrack: Couldn't load memtrack module
03-15 07:58:53.617  2014  2043 E memtrack: Couldn't load memtrack module
03-15 07:58:53.619  2014  2043 E memtrack: Couldn't load memtrack module
03-15 07:58:53.622  2014  2043 E memtrack: Couldn't load memtrack module
03-15 07:58:53.625  2014  2043 E memtrack: Couldn't load memtrack module
03-15 07:58:53.627  2014  2043 E memtrack: Couldn't load memtrack module
03-15 07:58:53.630  2014  2043 E memtrack: Couldn't load memtrack module
03-15 07:58:53.632  2014  2043 E memtrack: Couldn't load memtrack module
03-15 07:58:54.068  2014  2043 E memtrack: Couldn't load memtrack module
03-15 07:58:54.713  2014  2043 E memtrack: Couldn't load memtrack module
03-15 07:58:55.136  2391  3270 E ActivityThread: Failed to find provider info for com.google.android.apps.wellbeing.api
03-15 07:58:59.381  2014  2043 E memtrack: Couldn't load memtrack module
03-15 07:58:59.383  2014  2043 E memtrack: Couldn't load memtrack module
03-15 07:59:01.094  2014  2043 E memtrack: Couldn't load memtrack module
03-15 07:59:01.580  2014  2043 E memtrack: Couldn't load memtrack module
03-15 07:59:01.584  2014  2043 E memtrack: Couldn't load memtrack module
03-15 07:59:02.530  2014  2043 E memtrack: Couldn't load memtrack module
03-15 07:59:02.537  2014  2043 E memtrack: Couldn't load memtrack module
03-15 07:59:04.712  2784  5484 E ACS.ResponseHandler: #onNonFatalError: com.google.android.apps.gsa.shared.speech.c.o: errorCode: 65561, engine: 2
03-15 07:59:04.712  2784  5484 E ACS.ResponseHandler: com.google.android.apps.gsa.shared.util.b.e: ACS.ResponseHandler: #onNonFatalError: com.google.android.apps.gsa.shared.speech.c.o: errorCode: 65561, engine: 2
03-15 07:59:04.712  2784  5484 E ACS.ResponseHandler: 	at com.google.android.apps.gsa.shared.util.b.f.a(SourceFile:40)
03-15 07:59:04.712  2784  5484 E ACS.ResponseHandler: 	at com.google.android.apps.gsa.shared.util.b.f.f(SourceFile:10)
03-15 07:59:04.712  2784  5484 E ACS.ResponseHandler: 	at com.google.android.apps.gsa.staticplugins.g.ai.a(SourceFile:7)
03-15 07:59:04.712  2784  5484 E ACS.ResponseHandler: 	at com.google.android.apps.gsa.staticplugins.do.a.f.b(SourceFile:15)
03-15 07:59:04.712  2784  5484 E ACS.ResponseHandler: 	at com.google.android.apps.gsa.s3.o.a(SourceFile:33)
03-15 07:59:04.712  2784  5484 E ACS.ResponseHandler: 	at com.google.android.apps.gsa.v.c.a.d.a(SourceFile:8)
03-15 07:59:04.712  2784  5484 E ACS.ResponseHandler: 	at com.google.android.apps.gsa.speech.m.a.g.a(SourceFile:73)
03-15 07:59:04.712  2784  5484 E ACS.ResponseHandler: 	at com.google.android.apps.gsa.speech.m.a.g.a(SourceFile:30)
03-15 07:59:04.712  2784  5484 E ACS.ResponseHandler: 	at com.google.android.apps.gsa.speech.m.a.g.a(SourceFile:58)
03-15 07:59:04.712  2784  5484 E ACS.ResponseHandler: 	at com.google.android.apps.gsa.s3.l.c(SourceFile:15)
03-15 07:59:04.712  2784  5484 E ACS.ResponseHandler: 	at com.google.android.apps.gsa.s3.n.run(SourceFile:20)
03-15 07:59:04.712  2784  5484 E ACS.ResponseHandler: 	at java.util.concurrent.Executors$RunnableAdapter.call(Executors.java:462)
03-15 07:59:04.712  2784  5484 E ACS.ResponseHandler: 	at java.util.concurrent.FutureTask.run(FutureTask.java:266)
03-15 07:59:04.712  2784  5484 E ACS.ResponseHandler: 	at com.google.android.apps.gsa.shared.util.c.b.f.run(Unknown Source:3)
03-15 07:59:04.712  2784  5484 E ACS.ResponseHandler: 	at com.google.android.apps.gsa.shared.util.c.b.bj.run(SourceFile:3)
03-15 07:59:04.712  2784  5484 E ACS.ResponseHandler: 	at com.google.android.apps.gsa.shared.util.c.b.bj.run(SourceFile:3)
03-15 07:59:04.712  2784  5484 E ACS.ResponseHandler: 	at java.util.concurrent.ThreadPoolExecutor.runWorker(ThreadPoolExecutor.java:1167)
03-15 07:59:04.712  2784  5484 E ACS.ResponseHandler: 	at java.util.concurrent.ThreadPoolExecutor$Worker.run(ThreadPoolExecutor.java:641)
03-15 07:59:04.712  2784  5484 E ACS.ResponseHandler: 	at java.lang.Thread.run(Thread.java:919)
03-15 07:59:04.712  2784  5484 E ACS.ResponseHandler: 	at com.google.android.apps.gsa.shared.util.c.b.m.run(SourceFile:6)
03-15 07:59:04.717  2784  3120 E ACS.LocationHelper: Failed to get latest location from GmsCore,fails back to LocationOracle cached location.
03-15 07:59:04.723  2014  2043 E memtrack: Couldn't load memtrack module
03-15 07:59:04.727  2784  5483 E LocalNetworkId: Can not find ARP file or impossible to read file.
03-15 07:59:04.727  2784  5483 E LocalNetworkId: java.io.FileNotFoundException: proc/net/arp: open failed: EACCES (Permission denied)
03-15 07:59:04.727  2784  5483 E LocalNetworkId: 	at libcore.io.IoBridge.open(IoBridge.java:496)
03-15 07:59:04.727  2784  5483 E LocalNetworkId: 	at java.io.FileInputStream.<init>(FileInputStream.java:159)
03-15 07:59:04.727  2784  5483 E LocalNetworkId: 	at java.io.FileReader.<init>(FileReader.java:72)
03-15 07:59:04.727  2784  5483 E LocalNetworkId: 	at com.google.android.apps.gsa.search.core.google.a.q.b(SourceFile:71)
03-15 07:59:04.727  2784  5483 E LocalNetworkId: 	at com.google.android.apps.gsa.search.core.google.a.q.a(SourceFile:23)
03-15 07:59:04.727  2784  5483 E LocalNetworkId: 	at com.google.android.apps.gsa.staticplugins.g.g.a(Unknown Source:1)
03-15 07:59:04.727  2784  5483 E LocalNetworkId: 	at com.google.android.apps.gsa.v.d.a.d.call(Unknown Source:2)
03-15 07:59:04.727  2784  5483 E LocalNetworkId: 	at java.util.concurrent.FutureTask.run(FutureTask.java:266)
03-15 07:59:04.727  2784  5483 E LocalNetworkId: 	at com.google.android.apps.gsa.v.d.a.f.run(SourceFile:16)
03-15 07:59:04.727  2784  5483 E LocalNetworkId: 	at com.google.android.apps.gsa.v.d.a.n.run(Unknown Source:3)
03-15 07:59:04.727  2784  5483 E LocalNetworkId: 	at com.google.android.apps.gsa.shared.util.c.b.f.run(Unknown Source:3)
03-15 07:59:04.727  2784  5483 E LocalNetworkId: 	at com.google.android.apps.gsa.shared.util.c.b.bj.run(SourceFile:3)
03-15 07:59:04.727  2784  5483 E LocalNetworkId: 	at java.util.concurrent.ThreadPoolExecutor.runWorker(ThreadPoolExecutor.java:1167)
03-15 07:59:04.727  2784  5483 E LocalNetworkId: 	at java.util.concurrent.ThreadPoolExecutor$Worker.run(ThreadPoolExecutor.java:641)
03-15 07:59:04.727  2784  5483 E LocalNetworkId: 	at java.lang.Thread.run(Thread.java:919)
03-15 07:59:04.727  2784  5483 E LocalNetworkId: 	at com.google.android.apps.gsa.shared.util.c.b.m.run(SourceFile:6)
03-15 07:59:04.727  2784  5483 E LocalNetworkId: Caused by: android.system.ErrnoException: open failed: EACCES (Permission denied)
03-15 07:59:04.727  2784  5483 E LocalNetworkId: 	at libcore.io.Linux.open(Native Method)
03-15 07:59:04.727  2784  5483 E LocalNetworkId: 	at libcore.io.ForwardingOs.open(ForwardingOs.java:167)
03-15 07:59:04.727  2784  5483 E LocalNetworkId: 	at libcore.io.BlockGuardOs.open(BlockGuardOs.java:252)
03-15 07:59:04.727  2784  5483 E LocalNetworkId: 	at libcore.io.ForwardingOs.open(ForwardingOs.java:167)
03-15 07:59:04.727  2784  5483 E LocalNetworkId: 	at android.app.ActivityThread$AndroidOs.open(ActivityThread.java:7255)
03-15 07:59:04.727  2784  5483 E LocalNetworkId: 	at libcore.io.IoBridge.open(IoBridge.java:482)
03-15 07:59:04.727  2784  5483 E LocalNetworkId: 	... 15 more
03-15 07:59:04.735  2014  2043 E memtrack: Couldn't load memtrack module
03-15 07:59:05.768  2014  2043 E memtrack: Couldn't load memtrack module
03-15 07:59:07.554  2014  2043 E memtrack: Couldn't load memtrack module
03-15 07:59:07.577  3900  3997 E FirebaseInstanceId: Token retrieval failed: SERVICE_NOT_AVAILABLE
03-15 07:59:13.261  1747  5917 E ResolverController: No valid NAT64 prefix (100, <unspecified>/0)
03-15 07:59:13.415  2014  2043 E memtrack: Couldn't load memtrack module
03-15 07:59:14.743  2014  2043 E memtrack: Couldn't load memtrack module
03-15 07:59:14.748  2014  2043 E memtrack: Couldn't load memtrack module
03-15 07:59:14.755  2014  2043 E memtrack: Couldn't load memtrack module
03-15 07:59:14.764  2014  2043 E memtrack: Couldn't load memtrack module
03-15 07:59:14.771  2014  2043 E memtrack: Couldn't load memtrack module
03-15 07:59:14.774  2014  2043 E memtrack: Couldn't load memtrack module
03-15 07:59:14.777  2014  2043 E memtrack: Couldn't load memtrack module
03-15 07:59:14.780  2014  2043 E memtrack: Couldn't load memtrack module
03-15 07:59:14.783  2014  2043 E memtrack: Couldn't load memtrack module
03-15 07:59:14.933  1827  1827 E adbd    : failed to connect to socket 'tcp:7912': Connection refused
03-15 07:59:15.506  1827  1827 E adbd    : failed to connect to socket 'tcp:7912': Connection refused
03-15 07:59:16.114  5993  5993 E libc    : Access denied finding property "persist.device_config.runtime_native_boot.enable_apex_image"
03-15 07:59:16.114  5993  5993 E libc    : Access denied finding property "persist.device_config.runtime_native_boot.disable_lock_profiling"
03-15 07:59:16.115  5993  5993 E libc    : Access denied finding property "persist.device_config.runtime_native_boot.enable_generational_cc"
03-15 07:59:16.175  1747  5998 E ResolverController: No valid NAT64 prefix (100, <unspecified>/0)
03-15 07:59:16.696  2014  2039 E system_server: Invalid ID 0x00000000.
03-15 07:59:17.163  1799  2100 E SurfaceFlinger: ro.sf.lcd_density must be defined as a build property
03-15 07:59:17.166  1799  2100 E SurfaceFlinger: ro.sf.lcd_density must be defined as a build property
03-15 07:59:18.570  1747  6101 E ResolverController: No valid NAT64 prefix (100, <unspecified>/0)
03-15 07:59:19.488  2014  2043 E memtrack: Couldn't load memtrack module
03-15 07:59:19.496  2014  2043 E memtrack: Couldn't load memtrack module
03-15 07:59:19.713  1747  6106 E ResolverController: No valid NAT64 prefix (100, <unspecified>/0)
03-15 07:59:20.676  1747  6111 E ResolverController: No valid NAT64 prefix (100, <unspecified>/0)
03-15 07:59:21.186  6133  6133 E libc    : Access denied finding property "persist.device_config.runtime_native_boot.enable_apex_image"
03-15 07:59:21.186  6133  6133 E libc    : Access denied finding property "persist.device_config.runtime_native_boot.disable_lock_profiling"
03-15 07:59:21.186  6133  6133 E libc    : Access denied finding property "persist.device_config.runtime_native_boot.enable_generational_cc"
03-15 07:59:21.401  6146  6146 E hub.uiautomato: Unknown bits set in runtime_flags: 0x8000
03-15 07:59:23.026  2014  2043 E memtrack: Couldn't load memtrack module
03-15 07:59:23.050  2784  3393 E ACS.ResponseHandler: #onFatalError: com.google.android.apps.gsa.shared.speech.c.k: errorCode: 65545, engine: 2
03-15 07:59:23.050  2784  3393 E ACS.ResponseHandler: com.google.android.apps.gsa.shared.util.b.e: ACS.ResponseHandler: #onFatalError: com.google.android.apps.gsa.shared.speech.c.k: errorCode: 65545, engine: 2
03-15 07:59:23.050  2784  3393 E ACS.ResponseHandler: 	at com.google.android.apps.gsa.shared.util.b.f.a(SourceFile:40)
03-15 07:59:23.050  2784  3393 E ACS.ResponseHandler: 	at com.google.android.apps.gsa.shared.util.b.f.f(SourceFile:10)
03-15 07:59:23.050  2784  3393 E ACS.ResponseHandler: 	at com.google.android.apps.gsa.staticplugins.g.ai.b(SourceFile:8)
03-15 07:59:23.050  2784  3393 E ACS.ResponseHandler: 	at com.google.android.apps.gsa.staticplugins.do.a.f.b(SourceFile:18)
03-15 07:59:23.050  2784  3393 E ACS.ResponseHandler: 	at com.google.android.apps.gsa.s3.o.a(SourceFile:33)
03-15 07:59:23.050  2784  3393 E ACS.ResponseHandler: 	at com.google.android.apps.gsa.v.c.a.d.a(SourceFile:8)
03-15 07:59:23.050  2784  3393 E ACS.ResponseHandler: 	at com.google.android.apps.gsa.speech.m.a.g.a(SourceFile:73)
03-15 07:59:23.050  2784  3393 E ACS.ResponseHandler: 	at com.google.android.apps.gsa.speech.m.a.g.a(SourceFile:30)
03-15 07:59:23.050  2784  3393 E ACS.ResponseHandler: 	at com.google.android.apps.gsa.speech.m.a.g.a(SourceFile:58)
03-15 07:59:23.050  2784  3393 E ACS.ResponseHandler: 	at com.google.android.apps.gsa.s3.l.c(SourceFile:15)
03-15 07:59:23.050  2784  3393 E ACS.ResponseHandler: 	at com.google.android.apps.gsa.s3.n.run(SourceFile:20)
03-15 07:59:23.050  2784  3393 E ACS.ResponseHandler: 	at java.util.concurrent.Executors$RunnableAdapter.call(Executors.java:462)
03-15 07:59:23.050  2784  3393 E ACS.ResponseHandler: 	at java.util.concurrent.FutureTask.run(FutureTask.java:266)
03-15 07:59:23.050  2784  3393 E ACS.ResponseHandler: 	at com.google.android.apps.gsa.shared.util.c.b.f.run(Unknown Source:3)
03-15 07:59:23.050  2784  3393 E ACS.ResponseHandler: 	at com.google.android.apps.gsa.shared.util.c.b.bj.run(SourceFile:3)
03-15 07:59:23.050  2784  3393 E ACS.ResponseHandler: 	at com.google.android.apps.gsa.shared.util.c.b.bj.run(SourceFile:3)
03-15 07:59:23.050  2784  3393 E ACS.ResponseHandler: 	at java.util.concurrent.ThreadPoolExecutor.runWorker(ThreadPoolExecutor.java:1167)
03-15 07:59:23.050  2784  3393 E ACS.ResponseHandler: 	at java.util.concurrent.ThreadPoolExecutor$Worker.run(ThreadPoolExecutor.java:641)
03-15 07:59:23.050  2784  3393 E ACS.ResponseHandler: 	at java.lang.Thread.run(Thread.java:919)
03-15 07:59:23.050  2784  3393 E ACS.ResponseHandler: 	at com.google.android.apps.gsa.shared.util.c.b.m.run(SourceFile:6)
03-15 07:59:24.767  2014  2043 E memtrack: Couldn't load memtrack module
03-15 07:59:24.784  2014  2043 E memtrack: Couldn't load memtrack module
03-15 07:59:25.866  2014  2043 E memtrack: Couldn't load memtrack module
03-15 07:59:26.510  1747  6193 E ResolverController: No valid NAT64 prefix (100, <unspecified>/0)
03-15 07:59:27.856  2014  2039 E system_server: Invalid ID 0x00000000.
03-15 07:59:27.863  2014  2043 E memtrack: Couldn't load memtrack module
03-15 07:59:27.863  1799  2415 E SurfaceFlinger: ro.sf.lcd_density must be defined as a build property
03-15 07:59:27.865  1799  2415 E SurfaceFlinger: ro.sf.lcd_density must be defined as a build property
03-15 07:59:27.893  2014  2043 E memtrack: Couldn't load memtrack module
03-15 07:59:28.005  6146  6146 E AndroidJUnitRunner: An unhandled exception was thrown by the app.
03-15 07:59:28.016  6146  6146 E MonitoringInstr: Exception encountered by: com.github.uiautomator.ToastActivity@dcd77e. Dumping thread state to outputs and pining for the fjords.
03-15 07:59:28.016  6146  6146 E MonitoringInstr: android.view.WindowManager$BadTokenException: Unable to add window android.view.ViewRootImpl$W@f235ffb -- permission denied for window type 2038
03-15 07:59:28.016  6146  6146 E MonitoringInstr: 	at android.view.ViewRootImpl.setView(ViewRootImpl.java:931)
03-15 07:59:28.016  6146  6146 E MonitoringInstr: 	at android.view.WindowManagerGlobal.addView(WindowManagerGlobal.java:387)
03-15 07:59:28.016  6146  6146 E MonitoringInstr: 	at android.view.WindowManagerImpl.addView(WindowManagerImpl.java:95)
03-15 07:59:28.016  6146  6146 E MonitoringInstr: 	at com.github.uiautomator.FloatView.show(FloatView.java:109)
03-15 07:59:28.016  6146  6146 E MonitoringInstr: 	at com.github.uiautomator.ToastActivity.onCreate(ToastActivity.java:30)
03-15 07:59:28.016  6146  6146 E MonitoringInstr: 	at android.app.Activity.performCreate(Activity.java:7802)
03-15 07:59:28.016  6146  6146 E MonitoringInstr: 	at android.app.Activity.performCreate(Activity.java:7791)
03-15 07:59:28.016  6146  6146 E MonitoringInstr: 	at android.app.Instrumentation.callActivityOnCreate(Instrumentation.java:1299)
03-15 07:59:28.016  6146  6146 E MonitoringInstr: 	at androidx.test.runner.MonitoringInstrumentation.callActivityOnCreate(MonitoringInstrumentation.java:711)
03-15 07:59:28.016  6146  6146 E MonitoringInstr: 	at android.app.ActivityThread.performLaunchActivity(ActivityThread.java:3245)
03-15 07:59:28.016  6146  6146 E MonitoringInstr: 	at android.app.ActivityThread.handleLaunchActivity(ActivityThread.java:3409)
03-15 07:59:28.016  6146  6146 E MonitoringInstr: 	at android.app.servertransaction.LaunchActivityItem.execute(LaunchActivityItem.java:83)
03-15 07:59:28.016  6146  6146 E MonitoringInstr: 	at android.app.servertransaction.TransactionExecutor.executeCallbacks(TransactionExecutor.java:135)
03-15 07:59:28.016  6146  6146 E MonitoringInstr: 	at android.app.servertransaction.TransactionExecutor.execute(TransactionExecutor.java:95)
03-15 07:59:28.016  6146  6146 E MonitoringInstr: 	at android.app.ActivityThread$H.handleMessage(ActivityThread.java:2016)
03-15 07:59:28.016  6146  6146 E MonitoringInstr: 	at android.os.Handler.dispatchMessage(Handler.java:107)
03-15 07:59:28.016  6146  6146 E MonitoringInstr: 	at android.os.Looper.loop(Looper.java:214)
03-15 07:59:28.016  6146  6146 E MonitoringInstr: 	at android.app.ActivityThread.main(ActivityThread.java:7356)
03-15 07:59:28.016  6146  6146 E MonitoringInstr: 	at java.lang.reflect.Method.invoke(Native Method)
03-15 07:59:28.016  6146  6146 E MonitoringInstr: 	at com.android.internal.os.RuntimeInit$MethodAndArgsCaller.run(RuntimeInit.java:492)
03-15 07:59:28.016  6146  6146 E MonitoringInstr: 	at com.android.internal.os.ZygoteInit.main(ZygoteInit.java:930)
03-15 07:59:28.022  6146  6146 E THREAD_STATE:   Thread[Signal Catcher,5,system]
03-15 07:59:28.022  6146  6146 E THREAD_STATE: 
03-15 07:59:28.022  6146  6146 E THREAD_STATE:   Thread[Binder:6146_2,5,main]
03-15 07:59:28.022  6146  6146 E THREAD_STATE: 
03-15 07:59:28.022  6146  6146 E THREAD_STATE:   Thread[SoundPoolThread,5,main]
03-15 07:59:28.022  6146  6146 E THREAD_STATE: 
03-15 07:59:28.022  6146  6146 E THREAD_STATE:   Thread[HeapTaskDaemon,5,system]
03-15 07:59:28.022  6146  6146 E THREAD_STATE: 
03-15 07:59:28.022  6146  6146 E THREAD_STATE:   Thread[main,5,main]
03-15 07:59:28.022  6146  6146 E THREAD_STATE:     dalvik.system.VMStack.getThreadStackTrace(Native Method)
03-15 07:59:28.022  6146  6146 E THREAD_STATE:     java.lang.Thread.getStackTrace(Thread.java:1720)
03-15 07:59:28.022  6146  6146 E THREAD_STATE:     java.lang.Thread.getAllStackTraces(Thread.java:1796)
03-15 07:59:28.022  6146  6146 E THREAD_STATE:     androidx.test.runner.MonitoringInstrumentation.getThreadState(MonitoringInstrumentation.java:680)
03-15 07:59:28.022  6146  6146 E THREAD_STATE:     androidx.test.runner.MonitoringInstrumentation.dumpThreadStateToOutputs(MonitoringInstrumentation.java:675)
03-15 07:59:28.022  6146  6146 E THREAD_STATE:     androidx.test.runner.MonitoringInstrumentation.onException(MonitoringInstrumentation.java:669)
03-15 07:59:28.022  6146  6146 E THREAD_STATE:     androidx.test.runner.AndroidJUnitRunner.onException(AndroidJUnitRunner.java:554)
03-15 07:59:28.022  6146  6146 E THREAD_STATE:     android.app.ActivityThread.performLaunchActivity(ActivityThread.java:3267)
03-15 07:59:28.022  6146  6146 E THREAD_STATE:     android.app.ActivityThread.handleLaunchActivity(ActivityThread.java:3409)
03-15 07:59:28.022  6146  6146 E THREAD_STATE:     android.app.servertransaction.LaunchActivityItem.execute(LaunchActivityItem.java:83)
03-15 07:59:28.022  6146  6146 E THREAD_STATE:     android.app.servertransaction.TransactionExecutor.executeCallbacks(TransactionExecutor.java:135)
03-15 07:59:28.022  6146  6146 E THREAD_STATE:     android.app.servertransaction.TransactionExecutor.execute(TransactionExecutor.java:95)
03-15 07:59:28.022  6146  6146 E THREAD_STATE:     android.app.ActivityThread$H.handleMessage(ActivityThread.java:2016)
03-15 07:59:28.022  6146  6146 E THREAD_STATE:     android.os.Handler.dispatchMessage(Handler.java:107)
03-15 07:59:28.022  6146  6146 E THREAD_STATE:     android.os.Looper.loop(Looper.java:214)
03-15 07:59:28.022  6146  6146 E THREAD_STATE:     android.app.ActivityThread.main(ActivityThread.java:7356)
03-15 07:59:28.022  6146  6146 E THREAD_STATE:     java.lang.reflect.Method.invoke(Native Method)
03-15 07:59:28.022  6146  6146 E THREAD_STATE:     com.android.internal.os.RuntimeInit$MethodAndArgsCaller.run(RuntimeInit.java:492)
03-15 07:59:28.022  6146  6146 E THREAD_STATE:     com.android.internal.os.ZygoteInit.main(ZygoteInit.java:930)
03-15 07:59:28.022  6146  6146 E THREAD_STATE: 
03-15 07:59:28.022  6146  6146 E THREAD_STATE:   Thread[ReferenceQueueDaemon,5,system]
03-15 07:59:28.022  6146  6146 E THREAD_STATE:     java.lang.Object.wait(Native Method)
03-15 07:59:28.022  6146  6146 E THREAD_STATE:     java.lang.Object.wait(Object.java:442)
03-15 07:59:28.022  6146  6146 E THREAD_STATE:     java.lang.Object.wait(Object.java:568)
03-15 07:59:28.022  6146  6146 E THREAD_STATE:     java.lang.Daemons$ReferenceQueueDaemon.runInternal(Daemons.java:215)
03-15 07:59:28.022  6146  6146 E THREAD_STATE:     java.lang.Daemons$Daemon.run(Daemons.java:137)
03-15 07:59:28.022  6146  6146 E THREAD_STATE:     java.lang.Thread.run(Thread.java:919)
03-15 07:59:28.022  6146  6146 E THREAD_STATE: 
03-15 07:59:28.022  6146  6146 E THREAD_STATE:   Thread[NanoHttpd Request Processor (#1),5,main]
03-15 07:59:28.022  6146  6146 E THREAD_STATE:     java.net.SocketInputStream.socketRead0(Native Method)
03-15 07:59:28.022  6146  6146 E THREAD_STATE:     java.net.SocketInputStream.socketRead(SocketInputStream.java:119)
03-15 07:59:28.022  6146  6146 E THREAD_STATE:     java.net.SocketInputStream.read(SocketInputStream.java:176)
03-15 07:59:28.022  6146  6146 E THREAD_STATE:     java.net.SocketInputStream.read(SocketInputStream.java:144)
03-15 07:59:28.022  6146  6146 E THREAD_STATE:     java.io.BufferedInputStream.fill(BufferedInputStream.java:248)
03-15 07:59:28.022  6146  6146 E THREAD_STATE:     java.io.BufferedInputStream.read1(BufferedInputStream.java:288)
03-15 07:59:28.022  6146  6146 E THREAD_STATE:     java.io.BufferedInputStream.read(BufferedInputStream.java:347)
03-15 07:59:28.022  6146  6146 E THREAD_STATE:     fi.iki.elonen.NanoHTTPD$HTTPSession.execute(NanoHTTPD.java:881)
03-15 07:59:28.022  6146  6146 E THREAD_STATE:     fi.iki.elonen.NanoHTTPD$ClientHandler.run(NanoHTTPD.java:192)
03-15 07:59:28.022  6146  6146 E THREAD_STATE:     java.lang.Thread.run(Thread.java:919)
03-15 07:59:28.022  6146  6146 E THREAD_STATE: 
03-15 07:59:28.022  6146  6146 E THREAD_STATE:   Thread[SoundPool,5,main]
03-15 07:59:28.022  6146  6146 E THREAD_STATE: 
03-15 07:59:28.022  6146  6146 E THREAD_STATE:   Thread[RenderThread,7,main]
03-15 07:59:28.022  6146  6146 E THREAD_STATE: 
03-15 07:59:28.022  6146  6146 E THREAD_STATE:   Thread[Profile Saver,5,system]
03-15 07:59:28.022  6146  6146 E THREAD_STATE: 
03-15 07:59:28.022  6146  6146 E THREAD_STATE:   Thread[Binder:6146_1,5,main]
03-15 07:59:28.022  6146  6146 E THREAD_STATE: 
03-15 07:59:28.022  6146  6146 E THREAD_STATE:   Thread[NanoHttpd Main Listener,5,main]
03-15 07:59:28.022  6146  6146 E THREAD_STATE:     libcore.io.Linux.poll(Native Method)
03-15 07:59:28.022  6146  6146 E THREAD_STATE:     libcore.io.ForwardingOs.poll(ForwardingOs.java:169)
03-15 07:59:28.022  6146  6146 E THREAD_STATE:     libcore.io.BlockGuardOs.poll(BlockGuardOs.java:261)
03-15 07:59:28.022  6146  6146 E THREAD_STATE:     libcore.io.ForwardingOs.poll(ForwardingOs.java:169)
03-15 07:59:28.022  6146  6146 E THREAD_STATE:     android.system.Os.poll(Os.java:428)
03-15 07:59:28.022  6146  6146 E THREAD_STATE:     libcore.io.IoBridge.poll(IoBridge.java:680)
03-15 07:59:28.022  6146  6146 E THREAD_STATE:     java.net.PlainSocketImpl.socketAccept(PlainSocketImpl.java:194)
03-15 07:59:28.022  6146  6146 E THREAD_STATE:     java.net.AbstractPlainSocketImpl.accept(AbstractPlainSocketImpl.java:451)
03-15 07:59:28.022  6146  6146 E THREAD_STATE:     java.net.ServerSocket.implAccept(ServerSocket.java:547)
03-15 07:59:28.022  6146  6146 E THREAD_STATE:     java.net.ServerSocket.accept(ServerSocket.java:515)
03-15 07:59:28.022  6146  6146 E THREAD_STATE:     fi.iki.elonen.NanoHTTPD$ServerRunnable.run(NanoHTTPD.java:1769)
03-15 07:59:28.022  6146  6146 E THREAD_STATE:     java.lang.Thread.run(Thread.java:919)
03-15 07:59:28.022  6146  6146 E THREAD_STATE: 
03-15 07:59:28.022  6146  6146 E THREAD_STATE:   Thread[FinalizerWatchdogDaemon,5,system]
03-15 07:59:28.022  6146  6146 E THREAD_STATE:     java.lang.Thread.sleep(Native Method)
03-15 07:59:28.022  6146  6146 E THREAD_STATE:     java.lang.Thread.sleep(Thread.java:440)
03-15 07:59:28.022  6146  6146 E THREAD_STATE:     java.lang.Thread.sleep(Thread.java:356)
03-15 07:59:28.022  6146  6146 E THREAD_STATE:     java.lang.Daemons$FinalizerWatchdogDaemon.sleepForMillis(Daemons.java:383)
03-15 07:59:28.022  6146  6146 E THREAD_STATE:     java.lang.Daemons$FinalizerWatchdogDaemon.waitForFinalization(Daemons.java:411)
03-15 07:59:28.022  6146  6146 E THREAD_STATE:     java.lang.Daemons$FinalizerWatchdogDaemon.runInternal(Daemons.java:323)
03-15 07:59:28.022  6146  6146 E THREAD_STATE:     java.lang.Daemons$Daemon.run(Daemons.java:137)
03-15 07:59:28.022  6146  6146 E THREAD_STATE:     java.lang.Thread.run(Thread.java:919)
03-15 07:59:28.022  6146  6146 E THREAD_STATE: 
03-15 07:59:28.022  6146  6146 E THREAD_STATE:   Thread[Jit thread pool worker thread 0,5,main]
03-15 07:59:28.022  6146  6146 E THREAD_STATE: 
03-15 07:59:28.022  6146  6146 E THREAD_STATE:   Thread[FinalizerDaemon,5,system]
03-15 07:59:28.022  6146  6146 E THREAD_STATE:    
03-15 07:59:28.022  6146  6146 E MonitoringInstr: Dying now...
--------- beginning of crash
03-15 07:59:28.023  6146  6146 E AndroidRuntime: FATAL EXCEPTION: main
03-15 07:59:28.023  6146  6146 E AndroidRuntime: Process: com.github.uiautomator, PID: 6146
03-15 07:59:28.023  6146  6146 E AndroidRuntime: java.lang.RuntimeException: Unable to start activity ComponentInfo{com.github.uiautomator/com.github.uiautomator.ToastActivity}: android.view.WindowManager$BadTokenException: Unable to add window android.view.ViewRootImpl$W@f235ffb -- permission denied for window type 2038
03-15 07:59:28.023  6146  6146 E AndroidRuntime: 	at android.app.ActivityThread.performLaunchActivity(ActivityThread.java:3270)
03-15 07:59:28.023  6146  6146 E AndroidRuntime: 	at android.app.ActivityThread.handleLaunchActivity(ActivityThread.java:3409)
03-15 07:59:28.023  6146  6146 E AndroidRuntime: 	at android.app.servertransaction.LaunchActivityItem.execute(LaunchActivityItem.java:83)
03-15 07:59:28.023  6146  6146 E AndroidRuntime: 	at android.app.servertransaction.TransactionExecutor.executeCallbacks(TransactionExecutor.java:135)
03-15 07:59:28.023  6146  6146 E AndroidRuntime: 	at android.app.servertransaction.TransactionExecutor.execute(TransactionExecutor.java:95)
03-15 07:59:28.023  6146  6146 E AndroidRuntime: 	at android.app.ActivityThread$H.handleMessage(ActivityThread.java:2016)
03-15 07:59:28.023  6146  6146 E AndroidRuntime: 	at android.os.Handler.dispatchMessage(Handler.java:107)
03-15 07:59:28.023  6146  6146 E AndroidRuntime: 	at android.os.Looper.loop(Looper.java:214)
03-15 07:59:28.023  6146  6146 E AndroidRuntime: 	at android.app.ActivityThread.main(ActivityThread.java:7356)
03-15 07:59:28.023  6146  6146 E AndroidRuntime: 	at java.lang.reflect.Method.invoke(Native Method)
03-15 07:59:28.023  6146  6146 E AndroidRuntime: 	at com.android.internal.os.RuntimeInit$MethodAndArgsCaller.run(RuntimeInit.java:492)
03-15 07:59:28.023  6146  6146 E AndroidRuntime: 	at com.android.internal.os.ZygoteInit.main(ZygoteInit.java:930)
03-15 07:59:28.023  6146  6146 E AndroidRuntime: Caused by: android.view.WindowManager$BadTokenException: Unable to add window android.view.ViewRootImpl$W@f235ffb -- permission denied for window type 2038
03-15 07:59:28.023  6146  6146 E AndroidRuntime: 	at android.view.ViewRootImpl.setView(ViewRootImpl.java:931)
03-15 07:59:28.023  6146  6146 E AndroidRuntime: 	at android.view.WindowManagerGlobal.addView(WindowManagerGlobal.java:387)
03-15 07:59:28.023  6146  6146 E AndroidRuntime: 	at android.view.WindowManagerImpl.addView(WindowManagerImpl.java:95)
03-15 07:59:28.023  6146  6146 E AndroidRuntime: 	at com.github.uiautomator.FloatView.show(FloatView.java:109)
03-15 07:59:28.023  6146  6146 E AndroidRuntime: 	at com.github.uiautomator.ToastActivity.onCreate(ToastActivity.java:30)
03-15 07:59:28.023  6146  6146 E AndroidRuntime: 	at android.app.Activity.performCreate(Activity.java:7802)
03-15 07:59:28.023  6146  6146 E AndroidRuntime: 	at android.app.Activity.performCreate(Activity.java:7791)
03-15 07:59:28.023  6146  6146 E AndroidRuntime: 	at android.app.Instrumentation.callActivityOnCreate(Instrumentation.java:1299)
03-15 07:59:28.023  6146  6146 E AndroidRuntime: 	at androidx.test.runner.MonitoringInstrumentation.callActivityOnCreate(MonitoringInstrumentation.java:711)
03-15 07:59:28.023  6146  6146 E AndroidRuntime: 	at android.app.ActivityThread.performLaunchActivity(ActivityThread.java:3245)
03-15 07:59:28.023  6146  6146 E AndroidRuntime: 	... 11 more
03-15 07:59:28.023  6146  6146 E AndroidJUnitRunner: An unhandled exception was thrown by the app.
03-15 07:59:28.032  6146  6146 E MonitoringInstr: Exception encountered by: Thread[main,5,main]. Dumping thread state to outputs and pining for the fjords.
03-15 07:59:28.032  6146  6146 E MonitoringInstr: java.lang.RuntimeException: Unable to start activity ComponentInfo{com.github.uiautomator/com.github.uiautomator.ToastActivity}: android.view.WindowManager$BadTokenException: Unable to add window android.view.ViewRootImpl$W@f235ffb -- permission denied for window type 2038
03-15 07:59:28.032  6146  6146 E MonitoringInstr: 	at android.app.ActivityThread.performLaunchActivity(ActivityThread.java:3270)
03-15 07:59:28.032  6146  6146 E MonitoringInstr: 	at android.app.ActivityThread.handleLaunchActivity(ActivityThread.java:3409)
03-15 07:59:28.032  6146  6146 E MonitoringInstr: 	at android.app.servertransaction.LaunchActivityItem.execute(LaunchActivityItem.java:83)
03-15 07:59:28.032  6146  6146 E MonitoringInstr: 	at android.app.servertransaction.TransactionExecutor.executeCallbacks(TransactionExecutor.java:135)
03-15 07:59:28.032  6146  6146 E MonitoringInstr: 	at android.app.servertransaction.TransactionExecutor.execute(TransactionExecutor.java:95)
03-15 07:59:28.032  6146  6146 E MonitoringInstr: 	at android.app.ActivityThread$H.handleMessage(ActivityThread.java:2016)
03-15 07:59:28.032  6146  6146 E MonitoringInstr: 	at android.os.Handler.dispatchMessage(Handler.java:107)
03-15 07:59:28.032  6146  6146 E MonitoringInstr: 	at android.os.Looper.loop(Looper.java:214)
03-15 07:59:28.032  6146  6146 E MonitoringInstr: 	at android.app.ActivityThread.main(ActivityThread.java:7356)
03-15 07:59:28.032  6146  6146 E MonitoringInstr: 	at java.lang.reflect.Method.invoke(Native Method)
03-15 07:59:28.032  6146  6146 E MonitoringInstr: 	at com.android.internal.os.RuntimeInit$MethodAndArgsCaller.run(RuntimeInit.java:492)
03-15 07:59:28.032  6146  6146 E MonitoringInstr: 	at com.android.internal.os.ZygoteInit.main(ZygoteInit.java:930)
03-15 07:59:28.032  6146  6146 E MonitoringInstr: Caused by: android.view.WindowManager$BadTokenException: Unable to add window android.view.ViewRootImpl$W@f235ffb -- permission denied for window type 2038
03-15 07:59:28.032  6146  6146 E MonitoringInstr: 	at android.view.ViewRootImpl.setView(ViewRootImpl.java:931)
03-15 07:59:28.032  6146  6146 E MonitoringInstr: 	at android.view.WindowManagerGlobal.addView(WindowManagerGlobal.java:387)
03-15 07:59:28.032  6146  6146 E MonitoringInstr: 	at android.view.WindowManagerImpl.addView(WindowManagerImpl.java:95)
03-15 07:59:28.032  6146  6146 E MonitoringInstr: 	at com.github.uiautomator.FloatView.show(FloatView.java:109)
03-15 07:59:28.032  6146  6146 E MonitoringInstr: 	at com.github.uiautomator.ToastActivity.onCreate(ToastActivity.java:30)
03-15 07:59:28.032  6146  6146 E MonitoringInstr: 	at android.app.Activity.performCreate(Activity.java:7802)
03-15 07:59:28.032  6146  6146 E MonitoringInstr: 	at android.app.Activity.performCreate(Activity.java:7791)
03-15 07:59:28.032  6146  6146 E MonitoringInstr: 	at android.app.Instrumentation.callActivityOnCreate(Instrumentation.java:1299)
03-15 07:59:28.032  6146  6146 E MonitoringInstr: 	at androidx.test.runner.MonitoringInstrumentation.callActivityOnCreate(MonitoringInstrumentation.java:711)
03-15 07:59:28.032  6146  6146 E MonitoringInstr: 	at android.app.ActivityThread.performLaunchActivity(ActivityThread.java:3245)
03-15 07:59:28.032  6146  6146 E MonitoringInstr: 	... 11 more
03-15 07:59:28.036  6146  6146 E THREAD_STATE:   Thread[Signal Catcher,5,system]
03-15 07:59:28.036  6146  6146 E THREAD_STATE: 
03-15 07:59:28.036  6146  6146 E THREAD_STATE:   Thread[Binder:6146_2,5,main]
03-15 07:59:28.036  6146  6146 E THREAD_STATE: 
03-15 07:59:28.036  6146  6146 E THREAD_STATE:   Thread[SoundPoolThread,5,main]
03-15 07:59:28.036  6146  6146 E THREAD_STATE: 
03-15 07:59:28.036  6146  6146 E THREAD_STATE:   Thread[HeapTaskDaemon,5,system]
03-15 07:59:28.036  6146  6146 E THREAD_STATE: 
03-15 07:59:28.036  6146  6146 E THREAD_STATE:   Thread[main,5,main]
03-15 07:59:28.036  6146  6146 E THREAD_STATE:     dalvik.system.VMStack.getThreadStackTrace(Native Method)
03-15 07:59:28.036  6146  6146 E THREAD_STATE:     java.lang.Thread.getStackTrace(Thread.java:1720)
03-15 07:59:28.036  6146  6146 E THREAD_STATE:     java.lang.Thread.getAllStackTraces(Thread.java:1796)
03-15 07:59:28.036  6146  6146 E THREAD_STATE:     androidx.test.runner.MonitoringInstrumentation.getThreadState(MonitoringInstrumentation.java:680)
03-15 07:59:28.036  6146  6146 E THREAD_STATE:     androidx.test.runner.MonitoringInstrumentation.dumpThreadStateToOutputs(MonitoringInstrumentation.java:675)
03-15 07:59:28.036  6146  6146 E THREAD_STATE:     androidx.test.runner.MonitoringInstrumentation.onException(MonitoringInstrumentation.java:669)
03-15 07:59:28.036  6146  6146 E THREAD_STATE:     androidx.test.runner.AndroidJUnitRunner.onException(AndroidJUnitRunner.java:554)
03-15 07:59:28.036  6146  6146 E THREAD_STATE:     androidx.test.runner.MonitoringInstrumentation$3.uncaughtException(MonitoringInstrumentation.java:271)
03-15 07:59:28.036  6146  6146 E THREAD_STATE:     java.lang.Thread.dispatchUncaughtException(Thread.java:2187)
03-15 07:59:28.036  6146  6146 E THREAD_STATE: 
03-15 07:59:28.036  6146  6146 E THREAD_STATE:   Thread[ReferenceQueueDaemon,5,system]
03-15 07:59:28.036  6146  6146 E THREAD_STATE:     java.lang.Object.wait(Native Method)
03-15 07:59:28.036  6146  6146 E THREAD_STATE:     java.lang.Object.wait(Object.java:442)
03-15 07:59:28.036  6146  6146 E THREAD_STATE:     java.lang.Object.wait(Object.java:568)
03-15 07:59:28.036  6146  6146 E THREAD_STATE:     java.lang.Daemons$ReferenceQueueDaemon.runInternal(Daemons.java:215)
03-15 07:59:28.036  6146  6146 E THREAD_STATE:     java.lang.Daemons$Daemon.run(Daemons.java:137)
03-15 07:59:28.036  6146  6146 E THREAD_STATE:     java.lang.Thread.run(Thread.java:919)
03-15 07:59:28.036  6146  6146 E THREAD_STATE: 
03-15 07:59:28.036  6146  6146 E THREAD_STATE:   Thread[NanoHttpd Request Processor (#1),5,main]
03-15 07:59:28.036  6146  6146 E THREAD_STATE:     java.net.SocketInputStream.socketRead0(Native Method)
03-15 07:59:28.036  6146  6146 E THREAD_STATE:     java.net.SocketInputStream.socketRead(SocketInputStream.java:119)
03-15 07:59:28.036  6146  6146 E THREAD_STATE:     java.net.SocketInputStream.read(SocketInputStream.java:176)
03-15 07:59:28.036  6146  6146 E THREAD_STATE:     java.net.SocketInputStream.read(SocketInputStream.java:144)
03-15 07:59:28.036  6146  6146 E THREAD_STATE:     java.io.BufferedInputStream.fill(BufferedInputStream.java:248)
03-15 07:59:28.036  6146  6146 E THREAD_STATE:     java.io.BufferedInputStream.read1(BufferedInputStream.java:288)
