03-15 07:57:51.619  2014  2014 I PackageManager: Un-granting permission com.google.android.googleapps.permission.GOOGLE_AUTH from package com.google.android.videos (protectionLevel=2 flags=0x305bbe45)
03-15 07:57:51.619  2014  2014 I PackageManager: Un-granting permission android.permission.WRITE_MEDIA_STORAGE from package com.google.android.apps.photos (protectionLevel=18 flags=0x3859be45)
03-15 07:57:51.622  2014  2014 I PackageManager: Un-granting permission android.permission.READ_PRIVILEGED_PHONE_STATE from package com.optimize.performance (protectionLevel=18 flags=0x3048bf46)
03-15 07:57:51.622  2014  2014 I PackageManager: Un-granting permission android.permission.READ_LOGS from package com.optimize.performance (protectionLevel=50 flags=0x3048bf46)
03-15 07:57:51.622  2014  2014 I PackageManager: Un-granting permission android.permission.MOUNT_UNMOUNT_FILESYSTEMS from package com.optimize.performance (protectionLevel=18 flags=0x3048bf46)
03-15 07:57:51.622  2014  2014 I PackageManager: Un-granting permission android.permission.WRITE_SETTINGS from package com.optimize.performance (protectionLevel=1218 flags=0x3048bf46)
03-15 07:57:51.623  2014  2014 I PackageManager: Un-granting permission android.permission.SYSTEM_ALERT_WINDOW from package com.optimize.performance (protectionLevel=1250 flags=0x3048bf46)
03-15 07:57:51.624  2014  2014 V PackageManager: reconcileAppsData for null u0 0x1 migrateAppData=true
03-15 07:57:51.627  1840  1866 I SELinux : SELinux: Loaded file_contexts
03-15 07:57:51.653  2014  2014 V PackageManager: reconcileAppsData finished 20 packages
03-15 07:57:51.654  2014  2086 D SystemServerInitThreadPool: Started executing prepareAppData
03-15 07:57:51.677  2014  2014 I SELinux : SELinux: Loaded file_contexts
03-15 07:57:51.686  2014  2014 E PackageManager: There should probably be a verifier, but, none were found
03-15 07:57:51.687  1855  1920 I ServiceManager: Waiting for service 'package_native' on '/dev/binder'...
03-15 07:57:51.687  2014  2014 V PackageManager: Ephemeral resolver found; pkg: com.google.android.gms, info:ResolveInfo{d5b3731 com.google.android.gms/.chimera.PersistentBoundBrokerService m=0x108000}
03-15 07:57:51.687  2014  2014 D PackageManager: Set ephemeral resolver: Pair{ComponentInfo{com.google.android.gms/com.google.android.gms.chimera.PersistentBoundBrokerService} android.intent.action.RESOLVE_INSTANT_APP_PACKAGE}
03-15 07:57:51.688  2014  2014 D PackageManager: Instant App installer not found with android.intent.action.INSTALL_INSTANT_APP_PACKAGE
03-15 07:57:51.688  2014  2014 D PackageManager: Clear ephemeral installer activity
03-15 07:57:51.731  2014  2014 I system_server: Explicit concurrent copying GC freed 195348(11MB) AllocSpace objects, 128(4748KB) LOS objects, 42% free, 6867KB/11MB, paused 457us total 35.977ms
03-15 07:57:51.736  2014  2014 I Watchdog: Resuming HandlerChecker: main thread for reason: packagemanagermain. Pause count: 0
03-15 07:57:51.737  2014  2014 D SystemServerTiming: StartPackageManagerService took to complete: 550ms
03-15 07:57:51.737  1840  1866 W installd: Ignoring /data/data/hbYs1efk9uT+3,kbMRx1Wo3uZRtkVTQ47JwFZD/7SX4kjeLqzqW5i2eat7EsA with unexpected GID 0 instead of 10054
03-15 07:57:51.737  2014  2014 I SystemServer: StartOtaDexOptService
03-15 07:57:51.738  2014  2014 I Watchdog: Pausing HandlerChecker: main thread for reason: moveab. Pause count: 1
03-15 07:57:51.739  2014  2014 D OTADexopt: No upgrade, skipping A/B artifacts check.
03-15 07:57:51.739  2014  2014 I Watchdog: Resuming HandlerChecker: main thread for reason: moveab. Pause count: 0
03-15 07:57:51.739  2014  2014 D SystemServerTiming: StartOtaDexOptService took to complete: 2ms
03-15 07:57:51.739  2014  2014 I SystemServer: StartUserManagerService
03-15 07:57:51.740  1840  1866 W installd: Ignoring /data/data/KXB4Uix,Jtysyd88BdyI56Dv2Md7RhIAlj,W7D/16pWMxROijehfjJSUEV,dA with unexpected GID 0 instead of 10121
03-15 07:57:51.741  2014  2014 I SystemServiceManager: Starting com.android.server.pm.UserManagerService$LifeCycle
03-15 07:57:51.741  2014  2014 D SystemServerTiming: StartUserManagerService took to complete: 2ms
03-15 07:57:51.741  2014  2014 I SystemServer: InitAttributerCache
03-15 07:57:51.742  2014  2014 D SystemServerTiming: InitAttributerCache took to complete: 1ms
03-15 07:57:51.742  2014  2014 I SystemServer: SetSystemProcess
03-15 07:57:51.744  1840  1866 W installd: Ignoring /data/data/fHsbWVwcJJjNjZNucCGwL4scumvuPxrJ/r9WoMla3UXW+y4XatyWK,A with unexpected GID 0 instead of 1000
03-15 07:57:51.745  1840  1866 W installd: Ignoring /data/data/_AAAAAAAAAAgnImQ0EPGKbkApfQgnQprW/Bd,5NrKzZDrN8BZ4wx3fRD with unexpected GID 0 instead of 10102
03-15 07:57:51.747  1840  1866 W installd: Ignoring /data/data/_AAAAAAAAAAQndBPyVRMxO8foh43gyjVe/XrsJZBsZVFyMRytausTj8C with unexpected GID 0 instead of 10127
03-15 07:57:51.749  1794  1794 I lowmemorykiller: lmkd data connection established
03-15 07:57:51.751  2014  2014 D SystemServerTiming: SetSystemProcess took to complete: 9ms
03-15 07:57:51.751  2014  2014 I SystemServer: InitWatchdog
03-15 07:57:51.752  2014  2014 D SystemServerTiming: InitWatchdog took to complete: 1ms
03-15 07:57:51.753  2014  2014 I SystemServer: StartOverlayManagerService
03-15 07:57:51.755  1789  1789 I         : Waiting for sensor privacy service
03-15 07:57:51.756  1836  1836 I         : Waiting for sensor privacy service
03-15 07:57:51.759  1840  1866 W installd: Ignoring /data/data/_AAAAAAAAAAgqZhDQ2nAJbF1DvP+wUGOl/k1sO+2+Sdac5M3PFsquWEB with unexpected GID 0 instead of 10113
03-15 07:57:51.760  1840  1866 W installd: Ignoring /data/data/MlitesC4gmClvMr+No8NLV,s+PyXsObm/n92,pEosLN0pXMgVF+HT1B with unexpected GID 0 instead of 10114
03-15 07:57:51.761  1840  1866 W installd: Ignoring /data/data/c9,mOlx6zEGi0t1ETtlQb3Lo+bGxr8RP/Io0lSWM5iWjzkw3OK2BDfD with unexpected GID 0 instead of 10070
03-15 07:57:51.762  1840  1866 W installd: Ignoring /data/data/iE0WOdKnLwmUKZGkq86pTA/KNINx1pZ0Gx8jlaZMTRHnB with unexpected GID 0 instead of 1000
03-15 07:57:51.763  1840  1866 W installd: Ignoring /data/data/QOAvCPB5uFJ3ck9mAJD0l4X8AUP/ELcVx3l9QoK2ydFjG8HmwA with unexpected GID 0 instead of 10131
03-15 07:57:51.763  1840  1866 W installd: Ignoring /data/data/_AAAAAAAAAAg5FQ1UPLVuSZyr+219,sOE/hntMMdJ+E+wiFjQsoaRdiB with unexpected GID 0 instead of 10072
03-15 07:57:51.764  1840  1866 W installd: Ignoring /data/data/vRTfXuo1Yz0eWLwEo8X02D/8k0x8GDLqLBEBCLcdMOG,D with unexpected GID 0 instead of 1027
03-15 07:57:51.771  1840  1866 W installd: Ignoring /data/data/aTPQZQluDGpIffYyfrm9Y4Dv2Md7RhIAlj,W7zITfJB/9wOVgw3MxEoMooviGFDsgB with unexpected GID 0 instead of 10105
03-15 07:57:51.772  1840  1866 W installd: Ignoring /data/data/6Q33k,rhsjMlw1WkUTgTrh79Vtdsw,b4luEIm,hzfqG/v,rVSZGiwuLfusytHcLdnA with unexpected GID 0 instead of 1000
03-15 07:57:51.773  1840  1866 W installd: Ignoring /data/data/InHjb70d2dhzTLU3VmGju5Dv2Md7RhIA/diRHOsLITMIDKa,8Hwf3FD with unexpected GID 0 instead of 10096
03-15 07:57:51.774  1840  1866 W installd: Ignoring /data/data/CCKieXT99qeDa6qcwVYigU8UrK8TX8N8/rD3eF+X1gyY9cPmELmB0YB with unexpected GID 0 instead of 10064
03-15 07:57:51.775  1840  1866 W installd: Ignoring /data/data/1VU7XvdA8irHPi49qWsFMSt66buk1Vjn/ckc5SaARqM,0H6s8K3OLXA with unexpected GID 0 instead of 1000
03-15 07:57:51.777  1840  1866 W installd: Ignoring /data/data/,W52By62J9Ll,Vp4uwabJD/laIDhE8oufXaLXbT9lkFJC with unexpected GID 0 instead of 10065
03-15 07:57:51.778  1840  1866 W installd: Ignoring /data/data/tWwywWqwO0YT8YlOyZNry7Dv2Md7RhIAlj,W7D/EGjDQZEdTjdbOg6o8+ClsB with unexpected GID 0 instead of 10118
03-15 07:57:51.779  1840  1866 W installd: Ignoring /data/data/j+gOEx9ZYSOt5NtL2g5hU7Dv2Md7RhIAlj,W7D/qVXcSF1mL+c,WrTISG+YpC with unexpected GID 0 instead of 10115
03-15 07:57:51.780  1840  1866 W installd: Ignoring /data/data/K8fWrRrnC0BOmC1qEm0gB4Dv2Md7RhIAlj,W7D/kn6vvMFZohVtn+329qAIjC with unexpected GID 0 instead of 10117
03-15 07:57:51.781  1840  1866 W installd: Ignoring /data/data/mbdE3A4E0XI+gfHXRRlQd4Dv2Md7RhIAlj,W7D/fwxajB3uoQQZebL3dxbr3C with unexpected GID 0 instead of 10112
03-15 07:57:51.782  1840  1866 W installd: Ignoring /data/data/KUdGVFW10J4pINuLoUypI7Dv2Md7RhIAlj,W7zITfJB/f3T7P++O10bP9SJawK4joA with unexpected GID 0 instead of 1073
03-15 07:57:51.782  1840  1866 W installd: Ignoring /data/data/JHFwpmsf2DJIClWJE4i5SxUeW7cApwEpNiMvbB/xmnNC8NeT+YggSsH2U7RTC with unexpected GID 0 instead of 1000
03-15 07:57:51.782  1840  1866 W installd: Ignoring /data/data/36gN9vlwCJOge5Z9UyoK1DbS4xH/dnmZs2xv9tmjV7RjwdcAzC with unexpected GID 0 instead of 1000
03-15 07:57:51.788  1840  1866 W installd: Ignoring /data/data/oAFjMkxZfJWUe,SZo6C3BTLldrN/IY9Rqd2xlckQeOk3bkuPYD with unexpected GID 0 instead of 10123
03-15 07:57:51.791  1840  1866 W installd: Ignoring /data/data/,1m3hOVcCTybvLHW10OY06Dv2Md7RhIA/nDesFaFk7LFjtrD,10hbwD with unexpected GID 0 instead of 10109
03-15 07:57:51.791  1840  1866 W installd: Ignoring /data/data/dCjhNqgpkxaxfWbMPVFgD5Dv2Md7RhIA/CQStwRb9TYUyUoV296sCeC with unexpected GID 0 instead of 10109
03-15 07:57:51.792  1840  1866 W installd: Ignoring /data/data/Zf9ai7f9qW2pGhfufi5nv7Dv2Md7RhIA/fR0fJ0,,llk,SJzwaoU8XA with unexpected GID 0 instead of 10098
03-15 07:57:51.792  1840  1866 W installd: Ignoring /data/data/AkX61e19AC4V6NsaaQxrc5Dv2Md7RhIA/rg52KPW865+E3I6tQLlfmD with unexpected GID 0 instead of 10126
03-15 07:57:51.793  1840  1866 W installd: Ignoring /data/data/Qb86hFLc8pOi,jCaFvy0JA/qRRztFrUhFklvlv3rSnu5A with unexpected GID 0 instead of 10134
03-15 07:57:51.793  1855  1920 I storaged: storaged: Start
03-15 07:57:51.794  1840  1866 W installd: Ignoring /data/data/nh+f3p9zC5hP0V5bGIMQcw8i7WUDNTctAG2zIC/QNsvCiIKfjyIsoSbCZls9D with unexpected GID 0 instead of 1000
03-15 07:57:51.795  1840  1866 W installd: Ignoring /data/data/M9EFSEdOyDnXXd9aN6YLz6Dv2Md7RhIAlj,W7D/iX11coLLcNy4CMLV0raHnD with unexpected GID 0 instead of 10111
03-15 07:57:51.797  1840  1866 W installd: Ignoring /data/data/RxAqziwhcn2CpmGvmODFr6Dv2Md7RhIAlj,W7zITfJB/Tgb3sTDuiDrW1uhleH1ydA with unexpected GID 0 instead of 10132
03-15 07:57:51.797  1840  1866 W installd: Ignoring /data/data/_AAAAAAAAAAgrgMtKPRtuv94+kDPtqxFS/axfKnCh2OcceQiTZqojfnD with unexpected GID 0 instead of 1000
03-15 07:57:51.799  1840  1866 W installd: Ignoring /data/data/_AAAAAAAAAAgzxxzLqRa31PjaVt,E3vEs/AOXFHlKwweTPDQvSH3eTwA with unexpected GID 0 instead of 10082
03-15 07:57:51.799  1840  1866 W installd: Ignoring /data/data/_AAAAAAAAAAwRDfuWepjvaAj7q8tRoXGZ/mh9nMvEXKTWV3ztRjeYxCB with unexpected GID 0 instead of 1073
03-15 07:57:51.804  1840  1866 W installd: Ignoring /data/data/cJGVE27PE7wAdkE4OjY0R,X5EmO/Ca0SFyfx5SEt9d5irFbRaD with unexpected GID 0 instead of 1000
03-15 07:57:51.804  1840  1866 W installd: Ignoring /data/data/_AAAAAAAAAAQnJFusrFF+ThK5,HMZc1jv/SuztH2BWhvTqKI9a1u5ZjD with unexpected GID 0 instead of 10088
03-15 07:57:51.806  1840  1866 W installd: Ignoring /data/data/_AAAAAAAAAAA3SbVouvbhBRBej4AL2t6O/5tLH32nFLiz5PxReY+Ow4C with unexpected GID 0 instead of 10092
03-15 07:57:51.807  1840  1866 W installd: Ignoring /data/data/FjLHO0hAfY55Q+qfW+dxLEus+HNEjCPvetiiJB/RFT,rM76KSABewlxZeRkBD with unexpected GID 0 instead of 10106
03-15 07:57:51.809  1840  1866 W installd: Ignoring /data/data/8,bhnjbwKfq3x2nsuuPxM3fNj1E93LZEMbh+nB/miMFGiIr5ZbnuiBntfEtID with unexpected GID 0 instead of 1000
03-15 07:57:51.810  1840  1866 W installd: Ignoring /data/data/liklcQ,31wSB8En6fhf5Tw8i7WUDNTctAG2zIC/GXSzE,BrHm01PHcfnN2N6A with unexpected GID 0 instead of 1000
03-15 07:57:51.812  1840  1866 W installd: Ignoring /data/data/MAN7Ma,+Ge8xnoAQCM9+lIsU3rZn16AV/E+axRzGSsvPjY4KSe9hYUD with unexpected GID 0 instead of 1002
03-15 07:57:51.813  1840  1866 W installd: Ignoring /data/data/_AAAAAAAAAAQ5xbRPo7yB+UuIET84g0Nl/lL8jbc5t9+u0D,OLdg98NA with unexpected GID 0 instead of 10128
03-15 07:57:51.814  1840  1866 W installd: Ignoring /data/data/HTblhWv6Ga5LoiPgLMwcI5Hf5nizdd61/gzMk57BY,ig0dcvZCY6iRD with unexpected GID 0 instead of 10133
03-15 07:57:51.816  1840  1866 W installd: Ignoring /data/data/Q8UlhiTx7R4QO1BIoFZW224r+8s0rALt/QtRsbdN3HWqCDKlOKbWY,B with unexpected GID 0 instead of 10143
03-15 07:57:51.881  2014  2086 D SystemServerTimingAsync: AppDataFixup took to complete: 226ms
03-15 07:57:51.890  2014  2014 D SystemServerTiming: StartOverlayManagerService took to complete: 136ms
03-15 07:57:51.890  2014  2014 I SystemServer: StartSensorPrivacyService
03-15 07:57:51.891  2014  2014 D SystemServerTiming: StartSensorPrivacyService took to complete: 1ms
03-15 07:57:51.892  2014  2014 I SystemServer: StartBatteryService
03-15 07:57:51.893  2014  2093 D SystemServerInitThreadPool: Started executing StartSensorService
03-15 07:57:51.893  2014  2093 D SensorService: nuSensorService starting...
03-15 07:57:51.892  2014  2014 I SystemServiceManager: Starting com.android.server.BatteryService
03-15 07:57:51.896  1650  1650 I hwservicemanager: getTransport: Cannot find entry android.hardware.sensors@2.0::ISensors/default in either framework or device manifest.
03-15 07:57:51.898  2014  2014 I android_os_HwBinder: HwBinder: Starting thread pool for getting: android.hardware.health@2.0::IHealth/default
03-15 07:57:51.901  2014  2093 I SensorService: Reported power 0.000000 not deemed sane, clamping to 0.001000
03-15 07:57:51.908  2014  2049 E BluetoothAdapter: Bluetooth binder is null
03-15 07:57:51.909  2014  2049 E BatteryExternalStatsWorker: no controller energy info supplied for telephony
03-15 07:57:51.911  1650  1650 I hwservicemanager: getTransport: Cannot find entry android.hardware.soundtrigger@2.0::ISoundTriggerHw/default in either framework or device manifest.
03-15 07:57:51.911  2014  2049 E KernelCpuUidFreqTimeReader: Failed to read /proc/uid_time_in_state: java.nio.file.NoSuchFileException: /proc/uid_time_in_state
03-15 07:57:51.911  1789  1789 E SoundTriggerHwService: could not read implementation properties
03-15 07:57:51.912  2014  2014 I android_os_HwBinder: HwBinder: Starting thread pool for getting: android.hidl.manager@1.0::IServiceManager/default
03-15 07:57:51.914  2014  2049 I BatteryStatsImpl: Resetting battery stats: level=100 status=4 dischargeLevel=100 lowAmount=0 highAmount=0
03-15 07:57:51.915  2014  2014 I HealthServiceWrapper: health: HealthServiceWrapper listening to instance default
03-15 07:57:51.915  2014  2014 I BatteryService: health: Waited 0ms and received the update.
03-15 07:57:51.915  1836  1836 I ServiceManagement: Registered android.frameworks.cameraservice.service@2.0::ICameraService/default (start delay of 4251ms)
03-15 07:57:51.915  2014  2096 D SensorService: new thread SensorEventAckReceiver
03-15 07:57:51.916  2014  2097 D SensorService: nuSensorService thread starting...
03-15 07:57:51.916  2014  2093 D SystemServerTimingAsync: StartSensorService took to complete: 23ms
03-15 07:57:51.916  2014  2093 D SystemServerInitThreadPool: Finished executing StartSensorService
03-15 07:57:51.917  2014  2014 D SystemServerTiming: StartBatteryService took to complete: 24ms
03-15 07:57:51.917  2014  2014 I SystemServer: StartUsageService
03-15 07:57:51.917  2014  2014 I SystemServiceManager: Starting com.android.server.usage.UsageStatsService
03-15 07:57:51.918  2014  2095 I android_os_HwBinder: HwBinder: Starting thread pool for getting: android.hardware.health@2.0::IHealth/default
03-15 07:57:51.945  2014  2014 I UsageStatsService: User[0] Rollover scheduled @ 2022-03-13 22:23:41(1647210221354)
03-15 07:57:51.945  2014  2014 D SystemServerTiming: StartUsageService took to complete: 29ms
03-15 07:57:51.945  2014  2014 I SystemServer: StartWebViewUpdateService
03-15 07:57:51.945  2014  2014 I SystemServiceManager: Starting com.android.server.webkit.WebViewUpdateService
03-15 07:57:51.948  2014  2049 E KernelCpuUidFreqTimeReader: Failed to read /proc/uid_time_in_state: java.nio.file.NoSuchFileException: /proc/uid_time_in_state
03-15 07:57:51.952  2014  2014 D SystemServerTiming: StartWebViewUpdateService took to complete: 7ms
03-15 07:57:51.953  2014  2014 I SystemServer: StartCachedDeviceStateService
03-15 07:57:51.953  2014  2014 I SystemServiceManager: Starting com.android.server.CachedDeviceStateService
03-15 07:57:51.953  2014  2014 D SystemServerTiming: StartCachedDeviceStateService took to complete: 0ms
03-15 07:57:51.953  2014  2014 I SystemServer: StartBinderCallsStatsService
03-15 07:57:51.953  2014  2014 I SystemServiceManager: Starting com.android.server.BinderCallsStatsService$LifeCycle
03-15 07:57:51.953  2014  2014 D SystemServerTiming: StartBinderCallsStatsService took to complete: 0ms
03-15 07:57:51.953  2014  2014 I SystemServer: StartLooperStatsService
03-15 07:57:51.954  2014  2014 I SystemServiceManager: Starting com.android.server.LooperStatsService$Lifecycle
03-15 07:57:51.956  2014  2014 D SystemServerTiming: StartLooperStatsService took to complete: 2ms
03-15 07:57:51.956  2014  2014 I SystemServer: StartRollbackManagerService
03-15 07:57:51.956  2014  2014 I SystemServiceManager: Starting com.android.server.rollback.RollbackManagerService
03-15 07:57:51.961  1840  1866 D installd: Found quota mount /dev/block/vdc at /data
03-15 07:57:51.965  2014  2014 D SystemServerTiming: StartRollbackManagerService took to complete: 10ms
03-15 07:57:51.965  2014  2014 I SystemServer: StartBugreportManagerService
03-15 07:57:51.965  2014  2014 I SystemServiceManager: Starting com.android.server.os.BugreportManagerService
03-15 07:57:51.966  2014  2014 D SystemServerTiming: StartBugreportManagerService took to complete: 0ms
03-15 07:57:51.966  2014  2014 I SystemServer: GpuService
03-15 07:57:51.966  2014  2014 I SystemServiceManager: Starting com.android.server.gpu.GpuService
03-15 07:57:51.966  2014  2014 D SystemServerTiming: GpuService took to complete: 0ms
03-15 07:57:51.966  2014  2014 I SystemServer: StartKeyAttestationApplicationIdProviderService
03-15 07:57:51.967  2014  2014 D SystemServerTiming: StartKeyAttestationApplicationIdProviderService took to complete: 1ms
03-15 07:57:51.967  2014  2014 I SystemServer: StartKeyChainSystemService
03-15 07:57:51.967  2014  2014 I SystemServiceManager: Starting com.android.server.security.KeyChainSystemService
03-15 07:57:51.967  2014  2014 D SystemServerTiming: StartKeyChainSystemService took to complete: 0ms
03-15 07:57:51.967  2014  2014 I SystemServer: StartSchedulingPolicyService
03-15 07:57:51.968  2014  2042 D SystemServerInitThreadPool: Started executing SchedulingPolicyService.<init>
03-15 07:57:51.968  2014  2014 D SystemServerTiming: StartSchedulingPolicyService took to complete: 1ms
03-15 07:57:51.968  2014  2014 I SystemServer: StartTelecomLoaderService
03-15 07:57:51.968  2014  2014 I SystemServiceManager: Starting com.android.server.telecom.TelecomLoaderService
03-15 07:57:51.969  2014  2103 D SystemServerInitThreadPool: Started executing SecondaryZygotePreload
03-15 07:57:51.970  2014  2103 I SystemServer: SecondaryZygotePreload
03-15 07:57:51.970  2014  2014 D SystemServerTiming: StartTelecomLoaderService took to complete: 2ms
03-15 07:57:51.970  2014  2014 I SystemServer: StartTelephonyRegistry
03-15 07:57:51.972  2014  2014 D SystemServerTiming: StartTelephonyRegistry took to complete: 1ms
03-15 07:57:51.972  2014  2014 I SystemServer: StartEntropyMixer
03-15 07:57:51.972  2014  2042 I SchedulingPolicyService: Moving 1860 back to group default
03-15 07:57:51.972  2014  2042 D SystemServerInitThreadPool: Finished executing SchedulingPolicyService.<init>
03-15 07:57:51.974  1840  2094 W cutils  : Expected path /data/user_de/0/com.google.android.gms with mode 700 but found 711
03-15 07:57:51.989  2014  2014 I EntropyMixer: Added HW RNG output to entropy pool
03-15 07:57:51.989  2014  2014 I EntropyMixer: Writing entropy...
03-15 07:57:51.996  2014  2014 D SystemServerTiming: StartEntropyMixer took to complete: 25ms
03-15 07:57:51.996  2014  2014 I SystemServer: StartAccountManagerService
03-15 07:57:51.996  2014  2014 I SystemServiceManager: Starting com.android.server.accounts.AccountManagerService$Lifecycle
03-15 07:57:52.003  2014  2014 D SystemServerTiming: StartAccountManagerService took to complete: 7ms
03-15 07:57:52.003  2014  2014 I SystemServer: StartContentService
03-15 07:57:52.003  2014  2014 I SystemServiceManager: Starting com.android.server.content.ContentService$Lifecycle
03-15 07:57:52.012  2014  2014 D SystemServerTiming: StartContentService took to complete: 9ms
03-15 07:57:52.012  2014  2014 I SystemServer: InstallSystemProviders
03-15 07:57:52.016  2014  2103 E SystemServer: Unable to preload default resources
03-15 07:57:52.016  2014  2103 D SystemServerTimingAsync: SecondaryZygotePreload took to complete: 46ms
03-15 07:57:52.016  2014  2103 D SystemServerInitThreadPool: Finished executing SecondaryZygotePreload
03-15 07:57:52.027  2014  2014 I system_server: The ClassLoaderContext is a special shared library.
03-15 07:57:52.031  2014  2086 D SystemServerTimingAsync: AppDataPrepare took to complete: 150ms
03-15 07:57:52.031  2014  2086 I PackageManager: Deferred reconcileAppsData finished 150 packages
03-15 07:57:52.031  2014  2086 D SystemServerInitThreadPool: Finished executing prepareAppData
03-15 07:57:52.036  2014  2014 I SettingsState: No settings state /data/system/users/0/settings_config.xml
03-15 07:57:52.055  2014  2014 D SystemServerTiming: InstallSystemProviders took to complete: 43ms
03-15 07:57:52.055  2014  2014 I SystemServer: StartDropBoxManager
03-15 07:57:52.056  2014  2014 I SystemServiceManager: Starting com.android.server.DropBoxManagerService
03-15 07:57:52.056  2014  2014 D SystemServerTiming: StartDropBoxManager took to complete: 1ms
03-15 07:57:52.056  2014  2014 I SystemServer: StartVibratorService
03-15 07:57:52.057  1650  1650 I hwservicemanager: getTransport: Cannot find entry android.hardware.vibrator@1.0::IVibrator/default in either framework or device manifest.
03-15 07:57:52.057  1650  1650 I hwservicemanager: getTransport: Cannot find entry android.hardware.vibrator@1.0::IVibrator/default in either framework or device manifest.
03-15 07:57:52.057  2014  2014 E VibratorService: vibratorOff command failed (1).
03-15 07:57:52.058  1650  1650 I hwservicemanager: getTransport: Cannot find entry android.hardware.vibrator@1.0::IVibrator/default in either framework or device manifest.
03-15 07:57:52.058  1650  1650 I hwservicemanager: getTransport: Cannot find entry android.hardware.vibrator@1.3::IVibrator/default in either framework or device manifest.
03-15 07:57:52.060  2014  2014 D SystemServerTiming: StartVibratorService took to complete: 4ms
03-15 07:57:52.060  2014  2014 I SystemServer: StartDynamicSystemService
03-15 07:57:52.063  2014  2014 D SystemServerTiming: StartDynamicSystemService took to complete: 3ms
03-15 07:57:52.063  2014  2014 I SystemServer: StartConsumerIrService
03-15 07:57:52.064  1650  1650 I hwservicemanager: getTransport: Cannot find entry android.hardware.ir@1.0::IConsumerIr/default in either framework or device manifest.
03-15 07:57:52.064  2014  2014 D SystemServerTiming: StartConsumerIrService took to complete: 1ms
03-15 07:57:52.064  2014  2014 I SystemServer: StartAlarmManagerService
03-15 07:57:52.067  2014  2014 D AlarmManagerService: Kernel timezone updated to 0 minutes west of GMT
03-15 07:57:52.069  2014  2014 D SystemServerTiming: StartAlarmManagerService took to complete: 5ms
03-15 07:57:52.070  2014  2014 I SystemServer: StartInputManagerService
03-15 07:57:52.072  2014  2014 I InputManager: Initializing input manager, mUseDevInputEventForAudioJack=true
03-15 07:57:52.074  2014  2014 I InputClassifier: Deep press feature enabled.
03-15 07:57:52.075  1650  1650 I hwservicemanager: getTransport: Cannot find entry android.hardware.input.classifier@1.0::IInputClassifier/default in either framework or device manifest.
03-15 07:57:52.075  2014  2107 I InputClassifier: Could not obtain InputClassifier HAL
03-15 07:57:52.075  2014  2108 E InputClassifier: InputClassifier HAL has died. Setting mMotionClassifier to null
03-15 07:57:52.077  2014  2014 D SystemServerTiming: StartInputManagerService took to complete: 7ms
03-15 07:57:52.077  2014  2014 I SystemServer: StartWindowManagerService
03-15 07:57:52.087  2014  2038 I WindowManager: No existing display settings, starting empty
03-15 07:57:52.094  2014  2038 I WindowTracing: Setting window tracing log level to 1
03-15 07:57:52.094  2014  2038 I WindowTracing: Setting window tracing buffer capacity to 2097152bytes
03-15 07:57:52.103  2014  2014 D SystemServerTiming: StartWindowManagerService took to complete: 26ms
03-15 07:57:52.103  2014  2014 I SystemServer: SetWindowManagerService
03-15 07:57:52.109  2014  2037 I DropBoxManagerService: add tag=system_server_strictmode isTagEnabled=true flags=0x2
03-15 07:57:52.143  2014  2037 I DropBoxManagerService: add tag=system_server_strictmode isTagEnabled=true flags=0x2
03-15 07:57:52.148  2014  2014 D SystemServerTiming: SetWindowManagerService took to complete: 46ms
03-15 07:57:52.148  2014  2014 I SystemServer: WindowManagerServiceOnInitReady
03-15 07:57:52.199  2014  2036 W ShortcutManager: Unable to add bookmark: com.google.android.talk/com.google.android.talk.SigningInActivity
03-15 07:57:52.199  2014  2036 W ShortcutManager: android.content.pm.PackageManager$NameNotFoundException: ComponentInfo{com.google.android.talk/com.google.android.talk.SigningInActivity}
03-15 07:57:52.199  2014  2036 W ShortcutManager: 	at android.app.ApplicationPackageManager.getActivityInfo(ApplicationPackageManager.java:456)
03-15 07:57:52.199  2014  2036 W ShortcutManager: 	at com.android.server.policy.ShortcutManager.loadShortcuts(ShortcutManager.java:142)
03-15 07:57:52.199  2014  2036 W ShortcutManager: 	at com.android.server.policy.ShortcutManager.<init>(ShortcutManager.java:62)
03-15 07:57:52.199  2014  2036 W ShortcutManager: 	at com.android.server.policy.PhoneWindowManager.init(PhoneWindowManager.java:1797)
03-15 07:57:52.199  2014  2036 W ShortcutManager: 	at com.android.server.wm.WindowManagerService$5.run(WindowManagerService.java:988)
03-15 07:57:52.199  2014  2036 W ShortcutManager: 	at android.os.Handler$BlockingRunnable.run(Handler.java:906)
03-15 07:57:52.199  2014  2036 W ShortcutManager: 	at android.os.Handler.handleCallback(Handler.java:883)
03-15 07:57:52.199  2014  2036 W ShortcutManager: 	at android.os.Handler.dispatchMessage(Handler.java:100)
03-15 07:57:52.199  2014  2036 W ShortcutManager: 	at android.os.Looper.loop(Looper.java:214)
03-15 07:57:52.199  2014  2036 W ShortcutManager: 	at android.os.HandlerThread.run(HandlerThread.java:67)
03-15 07:57:52.199  2014  2036 W ShortcutManager: 	at com.android.server.ServiceThread.run(ServiceThread.java:44)
03-15 07:57:52.199  2014  2036 W ShortcutManager: 	at com.android.server.UiThread.run(UiThread.java:43)
03-15 07:57:52.265  2014  2036 W Looper  : Slow dispatch took 116ms android.ui h=android.os.Handler c=android.os.Handler$BlockingRunnable@f10e330 m=0
03-15 07:57:52.265  2014  2014 D SystemServerTiming: WindowManagerServiceOnInitReady took to complete: 117ms
03-15 07:57:52.265  2014  2014 I SystemServer: StartInputManager
03-15 07:57:52.265  2014  2014 I InputManager: Starting input manager
03-15 07:57:52.265  2014  2093 D SystemServerInitThreadPool: Started executing StartHidlServices
03-15 07:57:52.266  2014  2093 I ServiceManagement: Registered android.frameworks.sensorservice@1.0::ISensorManager/default (start delay of 1722ms)
03-15 07:57:52.268  2014  2014 D SystemServerTiming: StartInputManager took to complete: 2ms
03-15 07:57:52.268  2014  2014 I SystemServer: DisplayManagerWindowManagerAndInputReady
03-15 07:57:52.268  2014  2014 D SystemServerTiming: DisplayManagerWindowManagerAndInputReady took to complete: 1ms
03-15 07:57:52.268  2014  2093 I ServiceManagement: Registered android.frameworks.schedulerservice@1.0::ISchedulingPolicyService/default (start delay of 1724ms)
03-15 07:57:52.268  2014  2014 I SystemServer: No Bluetooth Service (Bluetooth Hardware Not Present)
03-15 07:57:52.268  2014  2014 I SystemServer: IpConnectivityMetrics
03-15 07:57:52.268  2014  2014 I SystemServiceManager: Starting com.android.server.connectivity.IpConnectivityMetrics
03-15 07:57:52.268  2014  2093 D SystemServerTimingAsync: StartHidlServices took to complete: 3ms
03-15 07:57:52.268  2014  2093 D SystemServerInitThreadPool: Finished executing StartHidlServices
03-15 07:57:52.275  2014  2014 D SystemServerTiming: IpConnectivityMetrics took to complete: 7ms
03-15 07:57:52.275  2014  2014 I SystemServer: NetworkWatchlistService
03-15 07:57:52.276  2014  2014 I SystemServiceManager: Starting com.android.server.net.watchlist.NetworkWatchlistService$Lifecycle
03-15 07:57:52.329  2014  2110 I EventHub: wakeMechanism=EPOLLWAKEUP, usingClockIoctl=true
03-15 07:57:52.329  2014  2110 I EventHub: New device: id=1, fd=127, path='/dev/input/event6', name='virtio_input_multi_touch_6', classes=0x94, configuration='/vendor/usr/idc/virtio_input_multi_touch_6.idc', keyLayout='', keyCharacterMap='', builtinKeyboard=false, 
03-15 07:57:52.343  2014  2110 I EventHub: wakeMechanism=EPOLLWAKEUP, usingClockIoctl=true
03-15 07:57:52.344  2014  2014 I WatchlistSettings: Reload watchlist settings done
03-15 07:57:52.344  2014  2110 I EventHub: New device: id=2, fd=131, path='/dev/input/event3', name='virtio_input_multi_touch_3', classes=0x94, configuration='/vendor/usr/idc/virtio_input_multi_touch_3.idc', keyLayout='', keyCharacterMap='', builtinKeyboard=false, 
03-15 07:57:52.345  2014  2110 I EventHub: wakeMechanism=EPOLLWAKEUP, usingClockIoctl=true
03-15 07:57:52.346  2014  2110 I EventHub: New device: id=3, fd=132, path='/dev/input/event10', name='virtio_input_multi_touch_10', classes=0x94, configuration='/vendor/usr/idc/virtio_input_multi_touch_10.idc', keyLayout='', keyCharacterMap='', builtinKeyboard=false, 
03-15 07:57:52.346  2014  2014 W SystemServiceManager: Service com.android.server.net.watchlist.NetworkWatchlistService$Lifecycle took 71 ms in onStart
03-15 07:57:52.346  2014  2014 D SystemServerTiming: NetworkWatchlistService took to complete: 71ms
03-15 07:57:52.346  2014  2111 I WatchlistLoggingHandler: Start aggregating watchlist records.
03-15 07:57:52.346  2014  2014 I SystemServer: PinnerService
03-15 07:57:52.347  2014  2014 I SystemServiceManager: Starting com.android.server.PinnerService
03-15 07:57:52.348  2014  2110 I EventHub: wakeMechanism=EPOLLWAKEUP, usingClockIoctl=true
03-15 07:57:52.348  2014  2110 I EventHub: New device: id=4, fd=130, path='/dev/input/event4', name='virtio_input_multi_touch_4', classes=0x94, configuration='/vendor/usr/idc/virtio_input_multi_touch_4.idc', keyLayout='', keyCharacterMap='', builtinKeyboard=false, 
03-15 07:57:52.350  2014  2014 D SystemServerTiming: PinnerService took to complete: 4ms
03-15 07:57:52.350  2014  2014 I SystemServer: SignedConfigService
03-15 07:57:52.351  2014  2014 D SystemServerTiming: SignedConfigService took to complete: 1ms
03-15 07:57:52.353  2014  2110 I EventHub: wakeMechanism=EPOLLWAKEUP, usingClockIoctl=true
03-15 07:57:52.353  2014  2110 I EventHub: New device: id=5, fd=133, path='/dev/input/event1', name='virtio_input_multi_touch_1', classes=0x94, configuration='/vendor/usr/idc/virtio_input_multi_touch_1.idc', keyLayout='', keyCharacterMap='', builtinKeyboard=false, 
03-15 07:57:52.356  2014  2110 D EventHub: No input device configuration file found for device 'Power Button'.
03-15 07:57:52.366  2014  2110 W EventHub: Unable to disable kernel key repeat for /dev/input/event0: Function not implemented
03-15 07:57:52.366  2014  2110 I EventHub: wakeMechanism=EPOLLWAKEUP, usingClockIoctl=true
03-15 07:57:52.366  2014  2110 I EventHub: New device: id=6, fd=134, path='/dev/input/event0', name='Power Button', classes=0x1, configuration='', keyLayout='/system/usr/keylayout/Generic.kl', keyCharacterMap='/system/usr/keychars/Generic.kcm', builtinKeyboard=false, 
03-15 07:57:52.369  2014  2110 I EventHub: wakeMechanism=EPOLLWAKEUP, usingClockIoctl=true
03-15 07:57:52.369  2014  2110 I EventHub: New device: id=7, fd=136, path='/dev/input/event11', name='virtio_input_multi_touch_11', classes=0x94, configuration='/vendor/usr/idc/virtio_input_multi_touch_11.idc', keyLayout='', keyCharacterMap='', builtinKeyboard=false, 
03-15 07:57:52.371  2014  2110 I EventHub: wakeMechanism=EPOLLWAKEUP, usingClockIoctl=true
03-15 07:57:52.372  2014  2110 I EventHub: New device: id=8, fd=137, path='/dev/input/event5', name='virtio_input_multi_touch_5', classes=0x94, configuration='/vendor/usr/idc/virtio_input_multi_touch_5.idc', keyLayout='', keyCharacterMap='', builtinKeyboard=false, 
03-15 07:57:52.373  2014  2110 I EventHub: wakeMechanism=EPOLLWAKEUP, usingClockIoctl=true
03-15 07:57:52.373  2014  2110 I EventHub: New device: id=9, fd=138, path='/dev/input/event2', name='virtio_input_multi_touch_2', classes=0x94, configuration='/vendor/usr/idc/virtio_input_multi_touch_2.idc', keyLayout='', keyCharacterMap='', builtinKeyboard=false, 
03-15 07:57:52.374  2014  2110 I EventHub: wakeMechanism=EPOLLWAKEUP, usingClockIoctl=true
03-15 07:57:52.375  2014  2110 I EventHub: New device: id=10, fd=139, path='/dev/input/event7', name='virtio_input_multi_touch_7', classes=0x94, configuration='/vendor/usr/idc/virtio_input_multi_touch_7.idc', keyLayout='', keyCharacterMap='', builtinKeyboard=false, 
03-15 07:57:52.378  2014  2110 I EventHub: wakeMechanism=EPOLLWAKEUP, usingClockIoctl=true
03-15 07:57:52.378  2014  2110 I EventHub: New device: id=11, fd=140, path='/dev/input/event12', name='qwerty2', classes=0x23, configuration='/vendor/usr/idc/qwerty2.idc', keyLayout='/vendor/usr/keylayout/qwerty.kl', keyCharacterMap='/system/usr/keychars/qwerty2.kcm', builtinKeyboard=true, 
03-15 07:57:52.379  2014  2110 I EventHub: wakeMechanism=EPOLLWAKEUP, usingClockIoctl=true
03-15 07:57:52.380  2014  2110 I EventHub: New device: id=12, fd=141, path='/dev/input/event9', name='virtio_input_multi_touch_9', classes=0x94, configuration='/vendor/usr/idc/virtio_input_multi_touch_9.idc', keyLayout='', keyCharacterMap='', builtinKeyboard=false, 
03-15 07:57:52.381  2014  2110 I EventHub: wakeMechanism=EPOLLWAKEUP, usingClockIoctl=true
03-15 07:57:52.381  2014  2110 I EventHub: New device: id=13, fd=142, path='/dev/input/event8', name='virtio_input_multi_touch_8', classes=0x94, configuration='/vendor/usr/idc/virtio_input_multi_touch_8.idc', keyLayout='', keyCharacterMap='', builtinKeyboard=false, 
03-15 07:57:52.381  2014  2110 D EventHub: No input device configuration file found for device 'AT Translated Set 2 keyboard'.
03-15 07:57:52.384  2014  2110 I EventHub: wakeMechanism=EPOLLWAKEUP, usingClockIoctl=true
03-15 07:57:52.384  2014  2110 I EventHub: New device: id=14, fd=143, path='/dev/input/event13', name='AT Translated Set 2 keyboard', classes=0x3, configuration='', keyLayout='/system/usr/keylayout/Generic.kl', keyCharacterMap='/system/usr/keychars/Generic.kcm', builtinKeyboard=false, 
03-15 07:57:52.385  2014  2110 I EventHub: wakeMechanism=EPOLLWAKEUP, usingClockIoctl=true
03-15 07:57:52.385  2014  2110 I EventHub: New device: id=15, fd=144, path='/dev/input/event14', name='goldfish_rotary', classes=0x1000, configuration='/vendor/usr/idc/goldfish_rotary.idc', keyLayout='', keyCharacterMap='', builtinKeyboard=false, 
03-15 07:57:52.390  2014  2110 I InputReader: Device added: id=-1, name='Virtual', sources=0x00000301
03-15 07:57:52.390  2014  2110 I InputReader: Device added: id=15, name='goldfish_rotary', sources=0x00400000
03-15 07:57:52.390  2014  2110 I InputReader: Device added: id=14, name='AT Translated Set 2 keyboard', sources=0x00000101
03-15 07:57:52.391  2014  2110 I InputReader: Touch device 'virtio_input_multi_touch_8' could not query the properties of its associated display.  The device will be inoperable until the display size becomes available.
03-15 07:57:52.391  2014  2110 I InputReader: Device added: id=13, name='virtio_input_multi_touch_8', sources=0x80001002
03-15 07:57:52.391  2014  2110 I InputReader: Touch device 'virtio_input_multi_touch_9' could not query the properties of its associated display.  The device will be inoperable until the display size becomes available.
03-15 07:57:52.391  2014  2110 I InputReader: Device added: id=12, name='virtio_input_multi_touch_9', sources=0x80001002
03-15 07:57:52.391  2014  2110 I InputReader: Device added: id=0, name='qwerty2', sources=0x00000301
03-15 07:57:52.392  2014  2110 I InputReader: Touch device 'virtio_input_multi_touch_7' could not query the properties of its associated display.  The device will be inoperable until the display size becomes available.
03-15 07:57:52.392  2014  2110 I InputReader: Device added: id=10, name='virtio_input_multi_touch_7', sources=0x80001002
03-15 07:57:52.392  2014  2110 I InputReader: Touch device 'virtio_input_multi_touch_2' could not query the properties of its associated display.  The device will be inoperable until the display size becomes available.
03-15 07:57:52.392  2014  2110 I InputReader: Device added: id=9, name='virtio_input_multi_touch_2', sources=0x80001002
03-15 07:57:52.393  2014  2110 I InputReader: Touch device 'virtio_input_multi_touch_5' could not query the properties of its associated display.  The device will be inoperable until the display size becomes available.
03-15 07:57:52.393  2014  2110 I InputReader: Device added: id=8, name='virtio_input_multi_touch_5', sources=0x80001002
03-15 07:57:52.393  2014  2110 I InputReader: Touch device 'virtio_input_multi_touch_11' could not query the properties of its associated display.  The device will be inoperable until the display size becomes available.
03-15 07:57:52.393  2014  2110 I InputReader: Device added: id=7, name='virtio_input_multi_touch_11', sources=0x80001002
03-15 07:57:52.393  2014  2110 I InputReader: Device added: id=6, name='Power Button', sources=0x00000101
03-15 07:57:52.393  2014  2110 I InputReader: Touch device 'virtio_input_multi_touch_1' could not query the properties of its associated display.  The device will be inoperable until the display size becomes available.
03-15 07:57:52.393  2014  2110 I InputReader: Device added: id=5, name='virtio_input_multi_touch_1', sources=0x80001002
03-15 07:57:52.394  2014  2110 I InputReader: Touch device 'virtio_input_multi_touch_4' could not query the properties of its associated display.  The device will be inoperable until the display size becomes available.
03-15 07:57:52.394  2014  2110 I InputReader: Device added: id=4, name='virtio_input_multi_touch_4', sources=0x80001002
03-15 07:57:52.394  2014  2110 I InputReader: Touch device 'virtio_input_multi_touch_10' could not query the properties of its associated display.  The device will be inoperable until the display size becomes available.
03-15 07:57:52.394  2014  2110 I InputReader: Device added: id=3, name='virtio_input_multi_touch_10', sources=0x80001002
03-15 07:57:52.394  2014  2110 I InputReader: Touch device 'virtio_input_multi_touch_3' could not query the properties of its associated display.  The device will be inoperable until the display size becomes available.
03-15 07:57:52.394  2014  2110 I InputReader: Device added: id=2, name='virtio_input_multi_touch_3', sources=0x80001002
03-15 07:57:52.395  2014  2110 I InputReader: Touch device 'virtio_input_multi_touch_6' could not query the properties of its associated display.  The device will be inoperable until the display size becomes available.
03-15 07:57:52.395  2014  2110 I InputReader: Device added: id=1, name='virtio_input_multi_touch_6', sources=0x80001002
03-15 07:57:52.397  2014  2014 I WindowManager: SAFE MODE not enabled
03-15 07:57:52.397  2014  2014 I SystemServer: StartInputMethodManagerLifecycle
03-15 07:57:52.397  2014  2014 I SystemServiceManager: Starting com.android.server.inputmethod.InputMethodManagerService$Lifecycle
03-15 07:57:52.408  2014  2014 D SystemServerTiming: StartInputMethodManagerLifecycle took to complete: 11ms
03-15 07:57:52.408  2014  2014 I SystemServer: StartAccessibilityManagerService
03-15 07:57:52.408  2014  2014 I SystemServiceManager: Starting com.android.server.accessibility.AccessibilityManagerService$Lifecycle
03-15 07:57:52.413  2014  2014 D SystemServerTiming: StartAccessibilityManagerService took to complete: 5ms
03-15 07:57:52.414  2014  2014 I SystemServer: MakeDisplayReady
03-15 07:57:52.414  2014  2014 W InputReader: Device has associated, but no associated display id.
03-15 07:57:52.415  2014  2014 I chatty  : uid=1000 system_server identical 9 lines
03-15 07:57:52.415  2014  2014 W InputReader: Device has associated, but no associated display id.
03-15 07:57:52.524  2014  2014 W system_server: Long monitor contention with owner android.display (2038) at long android.content.res.ApkAssets.nativeLoad(java.lang.String, boolean, boolean, boolean)(ApkAssets.java:-2) waiters=0 in android.content.res.Resources android.app.ResourcesManager.getOrCreateResources(android.os.IBinder, android.content.res.ResourcesKey, java.lang.ClassLoader) for 109ms
03-15 07:57:52.528  2014  2014 I ActivityTaskManager: Config changes=20005df8 {1.0 ?mcc?mnc [en_US] ldltr sw360dp w360dp h568dp 480dpi nrml port ?uimode ?night finger qwerty/v/v dpad/v winConfig={ mBounds=Rect(0, 0 - 1080, 1920) mAppBounds=Rect(0, 0 - 1080, 1776) mWindowingMode=fullscreen mDisplayWindowingMode=fullscreen mActivityType=undefined mAlwaysOnTop=undefined mRotation=ROTATION_0} s.2}
03-15 07:57:52.529  2014  2043 I UsageStatsService: User[0] Rolling over usage stats
03-15 07:57:52.536  2014  2014 I ActivityTaskManager: Override config changes=60007dfc {1.0 ?mcc?mnc [en_US] ldltr sw360dp w360dp h568dp 480dpi nrml port ?uimode ?night finger qwerty/v/v dpad/v winConfig={ mBounds=Rect(0, 0 - 1080, 1920) mAppBounds=Rect(0, 0 - 1080, 1776) mWindowingMode=fullscreen mDisplayWindowingMode=fullscreen mActivityType=undefined mAlwaysOnTop=undefined mRotation=ROTATION_0} s.2} for displayId=0
03-15 07:57:52.545  2014  2014 D SystemServerTiming: MakeDisplayReady took to complete: 132ms
03-15 07:57:52.545  2014  2014 I SystemServer: StartStorageManagerService
03-15 07:57:52.546  2014  2014 I SystemServiceManager: Starting com.android.server.StorageManagerService$Lifecycle
03-15 07:57:52.552  2014  2038 I InputManager-JNI: Viewport [0] to add: local:0
03-15 07:57:52.555  2014  2110 I InputReader: Reconfiguring input devices.  changes=0x00000004
03-15 07:57:52.556  2014  2110 I InputReader: Touch device 'virtio_input_multi_touch_6' could not query the properties of its associated display.  The device will be inoperable until the display size becomes available.
03-15 07:57:52.556  2014  2110 I InputReader: Touch device 'virtio_input_multi_touch_3' could not query the properties of its associated display.  The device will be inoperable until the display size becomes available.
03-15 07:57:52.556  2014  2110 I InputReader: Touch device 'virtio_input_multi_touch_10' could not query the properties of its associated display.  The device will be inoperable until the display size becomes available.
03-15 07:57:52.556  2014  2110 I InputReader: Touch device 'virtio_input_multi_touch_4' could not query the properties of its associated display.  The device will be inoperable until the display size becomes available.
03-15 07:57:52.556  2014  2110 I InputReader: Device reconfigured: id=5, name='virtio_input_multi_touch_1', size 1080x1920, orientation 0, mode 1, display id 0
03-15 07:57:52.556  2014  2110 I InputReader: Touch device 'virtio_input_multi_touch_11' could not query the properties of its associated display.  The device will be inoperable until the display size becomes available.
03-15 07:57:52.556  2014  2110 I InputReader: Touch device 'virtio_input_multi_touch_5' could not query the properties of its associated display.  The device will be inoperable until the display size becomes available.
03-15 07:57:52.556  2014  2110 I InputReader: Touch device 'virtio_input_multi_touch_2' could not query the properties of its associated display.  The device will be inoperable until the display size becomes available.
03-15 07:57:52.556  2014  2110 I InputReader: Touch device 'virtio_input_multi_touch_7' could not query the properties of its associated display.  The device will be inoperable until the display size becomes available.
03-15 07:57:52.556  2014  2110 I InputReader: Touch device 'virtio_input_multi_touch_9' could not query the properties of its associated display.  The device will be inoperable until the display size becomes available.
03-15 07:57:52.556  2014  2110 I InputReader: Touch device 'virtio_input_multi_touch_8' could not query the properties of its associated display.  The device will be inoperable until the display size becomes available.
03-15 07:57:52.565  2014  2043 I UsageStatsService: User[0] Rollover scheduled @ 2022-03-16 07:57:52(1647417472528)
03-15 07:57:52.565  2014  2043 I UsageStatsService: User[0] Rolling over usage stats complete. Took 37 milliseconds
03-15 07:57:52.569  2014  2113 D StorageManagerService: Thinking about init, mBootCompleted=false, mDaemonConnected=true
03-15 07:57:52.569  2014  2113 D StorageManagerService: Thinking about reset, mBootCompleted=false, mDaemonConnected=true
03-15 07:57:52.570  2014  2014 D SystemServerTiming: StartStorageManagerService took to complete: 25ms
03-15 07:57:52.570  2014  2014 I SystemServer: StartStorageStatsService
03-15 07:57:52.570  2014  2014 I SystemServiceManager: Starting com.android.server.usage.StorageStatsService$Lifecycle
03-15 07:57:52.575  1840  1866 D installd: Found quota mount /dev/block/vdc at /data
03-15 07:57:52.578  2014  2014 D SystemServerTiming: StartStorageStatsService took to complete: 8ms
03-15 07:57:52.578  2014  2014 I SystemServer: StartUiModeManager
03-15 07:57:52.578  2014  2014 I SystemServiceManager: Starting com.android.server.UiModeManagerService
03-15 07:57:52.579  2014  2042 D SystemServerInitThreadPool: Started executing UiModeManager.onStart
03-15 07:57:52.581  2014  2042 I ActivityTaskManager: Config changes=200 {1.0 ?mcc?mnc [en_US] ldltr sw360dp w360dp h568dp 480dpi nrml port finger qwerty/v/v dpad/v winConfig={ mBounds=Rect(0, 0 - 1080, 1920) mAppBounds=Rect(0, 0 - 1080, 1776) mWindowingMode=fullscreen mDisplayWindowingMode=fullscreen mActivityType=undefined mAlwaysOnTop=undefined mRotation=ROTATION_0} s.4}
03-15 07:57:52.584  2014  2042 I ActivityTaskManager: Override config changes=200 {1.0 ?mcc?mnc [en_US] ldltr sw360dp w360dp h568dp 480dpi nrml port finger qwerty/v/v dpad/v winConfig={ mBounds=Rect(0, 0 - 1080, 1920) mAppBounds=Rect(0, 0 - 1080, 1776) mWindowingMode=fullscreen mDisplayWindowingMode=fullscreen mActivityType=undefined mAlwaysOnTop=undefined mRotation=ROTATION_0} s.4} for displayId=0
03-15 07:57:52.585  2014  2014 D SystemServerTiming: StartUiModeManager took to complete: 7ms
03-15 07:57:52.585  2014  2014 I SystemServer: UpdatePackagesIfNeeded
03-15 07:57:52.585  2014  2014 I Watchdog: Pausing HandlerChecker: main thread for reason: dexopt. Pause count: 1
03-15 07:57:52.585  2014  2014 I Watchdog: Resuming HandlerChecker: main thread for reason: dexopt. Pause count: 0
03-15 07:57:52.585  2014  2014 D SystemServerTiming: UpdatePackagesIfNeeded took to complete: 0ms
03-15 07:57:52.585  2014  2014 I SystemServer: PerformFstrimIfNeeded
03-15 07:57:52.587  2014  2014 W PackageManager: No disk maintenance in 6803629587; running immediately
03-15 07:57:52.587  2014  2014 D SystemServerTiming: PerformFstrimIfNeeded took to complete: 2ms
03-15 07:57:52.587  2014  2014 I SystemServer: StartLockSettingsService
03-15 07:57:52.587  2014  2014 I SystemServiceManager: Starting com.android.server.locksettings.LockSettingsService$Lifecycle
03-15 07:57:52.587  2014  2042 D SystemServerInitThreadPool: Finished executing UiModeManager.onStart
03-15 07:57:52.597  2014  2113 I StorageManagerService: Running fstrim idle maintenance
03-15 07:57:52.576  1840  1866 D installd: Found quota mount /dev/block/vdc at /data
03-15 07:57:52.598  1650  1650 I hwservicemanager: getTransport: Cannot find entry android.hardware.boot@1.0::IBootControl/default in either framework or device manifest.
03-15 07:57:52.609  1659  2114 I vold    : Skip mounting partition: /product
03-15 07:57:52.609  1659  2114 I vold    : Skip mounting partition: /product_services
03-15 07:57:52.609  1659  2114 D vold    : Starting trim of /data
03-15 07:57:52.610  1659  2114 W vold    : Trim failed on /data: Operation not supported on transport endpoint
03-15 07:57:52.610  1659  2114 D vold    : Starting trim of none
03-15 07:57:52.610  1659  2114 W vold    : Failed to open none: No such file or directory
03-15 07:57:52.633  2014  2014 D SystemServerTiming: StartLockSettingsService took to complete: 46ms
03-15 07:57:52.633  2014  2014 I SystemServer: StartTestHarnessMode
03-15 07:57:52.633  2014  2014 I SystemServiceManager: Starting com.android.server.testharness.TestHarnessModeService
03-15 07:57:52.635  2014  2014 D SystemServerTiming: StartTestHarnessMode took to complete: 2ms
03-15 07:57:52.635  1650  1650 I hwservicemanager: getTransport: Cannot find entry android.hardware.oemlock@1.0::IOemLock/default in either framework or device manifest.
03-15 07:57:52.636  2014  2014 I OemLock : OemLock HAL not present on device
03-15 07:57:52.641  2014  2014 I SystemServer: StartDeviceIdleController
03-15 07:57:52.641  2014  2014 I SystemServiceManager: Starting com.android.server.DeviceIdleController
03-15 07:57:52.644  2014  2014 D SystemServerTiming: StartDeviceIdleController took to complete: 4ms
03-15 07:57:52.644  2014  2014 I SystemServer: StartDevicePolicyManager
03-15 07:57:52.644  2014  2014 I SystemServiceManager: Starting com.android.server.devicepolicy.DevicePolicyManagerService$Lifecycle
03-15 07:57:52.656  2014  2014 D SystemServerTiming: StartDevicePolicyManager took to complete: 11ms
03-15 07:57:52.656  2014  2014 I SystemServer: StartStatusBarManagerService
03-15 07:57:52.659  2014  2014 D SystemServerTiming: StartStatusBarManagerService took to complete: 3ms
