--------- beginning of main
--------- beginning of system
03-15 07:57:46.806  1718  1718 E fsverity_init: Failed to load /product/etc/security/fsverity/*.der
03-15 07:57:46.814  1719  1719 E /system/bin/mini-keyctl: Cannot find keyring id
03-15 07:57:46.820  1720  1720 E fsverity_init: Failed to restrict .fs-verity keyring
03-15 07:57:46.878  1721  1721 E apexd   : Failed to walk /product/apex : Can't open /product/apex for reading : No such file or directory
03-15 07:57:46.961  1721  1721 E apexd   : Failed to activate packages from /product/apex : Failed to scan /product/apex : Can't open /product/apex for reading : No such file or directory
03-15 07:57:47.129  1738  1738 F art_apex: Device is not fsverity-enabled.
03-15 07:57:47.396  1762  1762 E GoldfishGatekeeper: called goldfish_gatekeeper_open with gate keeper 0xf620e0d8 device 0xf5e7c000
03-15 07:57:47.655  1756  1756 E EmulatedCamera_Factory: 2 cameras are being emulated. 1 of them are fake cameras.
03-15 07:57:47.655  1756  1756 E EmulatedCamera_HotplugThread: createFileIfNotExists: Could not create file '/data/misc/media/emulator.camera.hotplug.0', error: 'Permission denied' (13)
03-15 07:57:47.655  1756  1756 E EmulatedCamera_HotplugThread: createFileIfNotExists: Could not create file '/data/misc/media/emulator.camera.hotplug.1', error: 'Permission denied' (13)
03-15 07:57:47.659  1756  1756 E CamPrvdr@2.4-legacy: setUpVendorTags: Vendor tag operations not fully defined. Ignoring definitions.
03-15 07:57:47.659  1756  1756 E CamPrvdr@2.4-legacy: initialize: Vendor tag setup failed, will not be available.
03-15 07:57:47.976  1754  1754 E audiohalservice: Could not get passthrough implementation for android.hardware.audio@5.0::IDevicesFactory/default.
03-15 07:57:48.003  1754  1754 E audiohalservice: Could not get passthrough implementation for android.hardware.audio.effect@5.0::IEffectsFactory/default.
03-15 07:57:48.032  1754  1754 E audiohalservice: Could not get passthrough implementation for android.hardware.soundtrigger@2.2::ISoundTriggerHw/default.
03-15 07:57:48.035  1754  1754 E audiohalservice: Could not get passthrough implementation for android.hardware.soundtrigger@2.1::ISoundTriggerHw/default.
03-15 07:57:48.053  1754  1754 E SoundTriggerHalImpl: couldn't load sound trigger module sound_trigger.primary (No such file or directory)
03-15 07:57:48.065  1754  1754 E audiohalservice: Could not get passthrough implementation for android.hardware.bluetooth.audio@2.0::IBluetoothAudioProvidersFactory/default.
03-15 07:57:48.066  1754  1754 E audiohalservice: Could not get passthrough implementation for android.hardware.bluetooth.a2dp@1.0::IBluetoothAudioOffload/default.
03-15 07:57:48.103  1883  1883 E netmgr  : Failed to open QEMU pipe 'qemud:network': Invalid argument
03-15 07:57:48.120  1891  1891 E wifi_forwarder: RemoteConnection failed to initialize: RemoteConnection failed to open pipe
03-15 07:57:48.149  1858  1858 E vndksupport: Could not load libstagefrighthw.so from default namespace: dlopen failed: library "libstagefrighthw.so" not found.
03-15 07:57:48.162  1905  1905 E hostapd : Configuration file: /data/vendor/wifi/hostapd/hostapd.conf
03-15 07:57:48.279  1836  1836 E CameraProviderManager: DeviceInfo3: Converted ICameraDevice instance to nullptr
03-15 07:57:48.281  1836  1836 E CameraProviderManager: DeviceInfo3: Converted ICameraDevice instance to nullptr
03-15 07:57:48.285  1836  1836 E CameraHardwareInterface: initialize: openSession failed! No such file or directory (-2)
03-15 07:57:48.285  1836  1836 E CameraFlashlight: connectCameraDevice: initializing camera 1 failed
03-15 07:57:48.285  1836  1836 E CameraFlashlight: findFlashUnits: failed to check if camera 1 has a flash unit. No such file or directory (-2)
03-15 07:57:48.286  1836  1836 E CameraHardwareInterface: initialize: openSession failed! No such file or directory (-2)
03-15 07:57:48.286  1836  1836 E CameraFlashlight: connectCameraDevice: initializing camera 0 failed
03-15 07:57:48.286  1836  1836 E CameraFlashlight: findFlashUnits: failed to check if camera 0 has a flash unit. No such file or directory (-2)
03-15 07:57:48.399  1848  1848 E MediaExtractorFactory: couldn't opendir(/system/lib/extractors)
03-15 07:57:48.449  1789  1789 E APM::Serializer: deserialize: Could not parse /odm/etc/audio_policy_configuration.xml document.
03-15 07:57:48.454  1789  1789 E APM::AudioPolicyEngine/Config: parse: Could not parse document /vendor/etc/audio_policy_engine_configuration.xml
03-15 07:57:48.454  1789  1789 E APM::AudioPolicyEngine/Config: parseLegacyVolumeFile: Could not parse document /odm/etc/audio_policy_configuration.xml
03-15 07:57:49.006  1747  1747 E Netd    : cannot find interface dummy0
03-15 07:57:49.056  1747  1747 E Netd    : Unable to create netlink socket for family 5: Protocol not supported
03-15 07:57:49.409  1799  1903 E SurfaceFlinger: ro.sf.lcd_density must be defined as a build property
03-15 07:57:49.735  1748  1748 E ActivityRecognitionHardware: activity_recognition HAL is deprecated. class_init is effectively a no-op
03-15 07:57:49.933  1984  2011 E BootAnimation: Could not add watch for /data/system
03-15 07:57:50.871  2014  2014 E UsbAlsaJackDetectorJNI: Can't register UsbAlsaJackDetector native methods
03-15 07:57:51.044  2014  2049 E BatteryStatsService: Unable to load Power.Stats.HAL. Setting rail availability to false
03-15 07:57:51.044  2014  2049 E BluetoothAdapter: Bluetooth binder is null
03-15 07:57:51.045  2014  2049 E BatteryExternalStatsWorker: no controller energy info supplied for telephony
03-15 07:57:51.056  2014  2049 E KernelCpuUidFreqTimeReader: Failed to read /proc/uid_time_in_state: java.nio.file.NoSuchFileException: /proc/uid_time_in_state
03-15 07:57:51.064  2014  2014 E memtrack: Couldn't load memtrack module
03-15 07:57:51.171  1799  1903 E SurfaceFlinger: ro.sf.lcd_density must be defined as a build property
03-15 07:57:51.686  2014  2014 E PackageManager: There should probably be a verifier, but, none were found
03-15 07:57:51.908  2014  2049 E BluetoothAdapter: Bluetooth binder is null
03-15 07:57:51.909  2014  2049 E BatteryExternalStatsWorker: no controller energy info supplied for telephony
03-15 07:57:51.911  2014  2049 E KernelCpuUidFreqTimeReader: Failed to read /proc/uid_time_in_state: java.nio.file.NoSuchFileException: /proc/uid_time_in_state
03-15 07:57:51.911  1789  1789 E SoundTriggerHwService: could not read implementation properties
03-15 07:57:51.948  2014  2049 E KernelCpuUidFreqTimeReader: Failed to read /proc/uid_time_in_state: java.nio.file.NoSuchFileException: /proc/uid_time_in_state
03-15 07:57:52.016  2014  2103 E SystemServer: Unable to preload default resources
03-15 07:57:52.057  2014  2014 E VibratorService: vibratorOff command failed (1).
03-15 07:57:52.075  2014  2108 E InputClassifier: InputClassifier HAL has died. Setting mMotionClassifier to null
03-15 07:57:52.929  2014  2014 E HostapdHal: Malformed channel value detected: java.lang.NumberFormatException: For input string: ""
03-15 07:57:53.008  2014  2014 E WifiClientModeImpl: getWifiLinkLayerStats called without an interface
03-15 07:57:53.011  2014  2014 E SupplicantStaIfaceHal: Can't call setDebugParams, ISupplicant is null
03-15 07:57:53.157  2014  2014 E AudioSystem-JNI: Command failed for android_media_AudioSystem_muteMicrophone: -38
03-15 07:57:53.192  2014  2014 E UsbDeviceManager: failed to write to /sys/class/android_usb/android0/f_rndis/ethaddr
03-15 07:57:53.196  2014  2014 E UsbDeviceManagerJNI: could not open control for mtp No such file or directory
03-15 07:57:53.196  2014  2014 E UsbDeviceManager: Failed to open control for mtp
03-15 07:57:53.196  2014  2014 E UsbDeviceManagerJNI: could not open control for ptp No such file or directory
03-15 07:57:53.196  2014  2014 E UsbDeviceManager: Failed to open control for ptp
03-15 07:57:53.218  2014  2014 E UsbDeviceManagerJNI: could not open /dev/usb_accessory
03-15 07:57:53.227  2014  2014 E UsbPortManager: connectToProxy: usb hal service not found. Did the service fail to start?
03-15 07:57:53.227  2014  2014 E UsbPortManager: java.util.NoSuchElementException
03-15 07:57:53.227  2014  2014 E UsbPortManager: 	at android.os.HwBinder.getService(Native Method)
03-15 07:57:53.227  2014  2014 E UsbPortManager: 	at android.os.HwBinder.getService(HwBinder.java:83)
03-15 07:57:53.227  2014  2014 E UsbPortManager: 	at android.hardware.usb.V1_0.IUsb.getService(IUsb.java:70)
03-15 07:57:53.227  2014  2014 E UsbPortManager: 	at android.hardware.usb.V1_0.IUsb.getService(IUsb.java:77)
03-15 07:57:53.227  2014  2014 E UsbPortManager: 	at com.android.server.usb.UsbPortManager.connectToProxy(UsbPortManager.java:780)
03-15 07:57:53.227  2014  2014 E UsbPortManager: 	at com.android.server.usb.UsbPortManager.<init>(UsbPortManager.java:175)
03-15 07:57:53.227  2014  2014 E UsbPortManager: 	at com.android.server.usb.UsbService.<init>(UsbService.java:153)
03-15 07:57:53.227  2014  2014 E UsbPortManager: 	at com.android.server.usb.UsbService$Lifecycle.onStart(UsbService.java:84)
03-15 07:57:53.227  2014  2014 E UsbPortManager: 	at com.android.server.SystemServiceManager.startService(SystemServiceManager.java:129)
03-15 07:57:53.227  2014  2014 E UsbPortManager: 	at com.android.server.SystemServiceManager.startService(SystemServiceManager.java:116)
03-15 07:57:53.227  2014  2014 E UsbPortManager: 	at com.android.server.SystemServiceManager.startService(SystemServiceManager.java:75)
03-15 07:57:53.227  2014  2014 E UsbPortManager: 	at com.android.server.SystemServer.startOtherServices(SystemServer.java:1532)
03-15 07:57:53.227  2014  2014 E UsbPortManager: 	at com.android.server.SystemServer.run(SystemServer.java:512)
03-15 07:57:53.227  2014  2014 E UsbPortManager: 	at com.android.server.SystemServer.main(SystemServer.java:349)
03-15 07:57:53.227  2014  2014 E UsbPortManager: 	at java.lang.reflect.Method.invoke(Native Method)
03-15 07:57:53.227  2014  2014 E UsbPortManager: 	at com.android.internal.os.RuntimeInit$MethodAndArgsCaller.run(RuntimeInit.java:492)
03-15 07:57:53.227  2014  2014 E UsbPortManager: 	at com.android.internal.os.ZygoteInit.main(ZygoteInit.java:908)
03-15 07:57:53.231  2014  2014 E HardwarePropertiesManagerService-JNI: Unable to get Thermal service.
03-15 07:57:53.592  1864  1864 E FingerprintHal: Could not load fingerprints from storage at /data/vendor_de/0/fpdata/emufp.bin; it has not yet been created.
03-15 07:57:53.644  2014  2014 E KernelCpuThreadReader: Failed to initialize KernelCpuThreadReader
03-15 07:57:53.644  2014  2014 E KernelCpuThreadReader: java.nio.file.NoSuchFileException: /proc/self/time_in_state
03-15 07:57:53.644  2014  2014 E KernelCpuThreadReader: 	at sun.nio.fs.UnixFileSystemProvider.newByteChannel(UnixFileSystemProvider.java:214)
03-15 07:57:53.644  2014  2014 E KernelCpuThreadReader: 	at java.nio.file.Files.newByteChannel(Files.java:361)
03-15 07:57:53.644  2014  2014 E KernelCpuThreadReader: 	at java.nio.file.Files.newByteChannel(Files.java:407)
03-15 07:57:53.644  2014  2014 E KernelCpuThreadReader: 	at java.nio.file.Files.readAllBytes(Files.java:3152)
03-15 07:57:53.644  2014  2014 E KernelCpuThreadReader: 	at com.android.internal.os.ProcTimeInStateReader.initializeTimeInStateFormat(ProcTimeInStateReader.java:163)
03-15 07:57:53.644  2014  2014 E KernelCpuThreadReader: 	at com.android.internal.os.ProcTimeInStateReader.<init>(ProcTimeInStateReader.java:110)
03-15 07:57:53.644  2014  2014 E KernelCpuThreadReader: 	at com.android.internal.os.KernelCpuThreadReader.<init>(KernelCpuThreadReader.java:137)
03-15 07:57:53.644  2014  2014 E KernelCpuThreadReader: 	at com.android.internal.os.KernelCpuThreadReader.create(KernelCpuThreadReader.java:150)
03-15 07:57:53.644  2014  2014 E KernelCpuThreadReader: 	at com.android.internal.os.KernelCpuThreadReaderSettingsObserver.<init>(KernelCpuThreadReaderSettingsObserver.java:94)
03-15 07:57:53.644  2014  2014 E KernelCpuThreadReader: 	at com.android.internal.os.KernelCpuThreadReaderSettingsObserver.getSettingsModifiedReader(KernelCpuThreadReaderSettingsObserver.java:79)
03-15 07:57:53.644  2014  2014 E KernelCpuThreadReader: 	at com.android.server.stats.StatsCompanionService.<init>(StatsCompanionService.java:377)
03-15 07:57:53.644  2014  2014 E KernelCpuThreadReader: 	at com.android.server.stats.StatsCompanionService$Lifecycle.onStart(StatsCompanionService.java:2539)
03-15 07:57:53.644  2014  2014 E KernelCpuThreadReader: 	at com.android.server.SystemServiceManager.startService(SystemServiceManager.java:129)
03-15 07:57:53.644  2014  2014 E KernelCpuThreadReader: 	at com.android.server.SystemServiceManager.startService(SystemServiceManager.java:116)
03-15 07:57:53.644  2014  2014 E KernelCpuThreadReader: 	at com.android.server.SystemServer.startOtherServices(SystemServer.java:1879)
03-15 07:57:53.644  2014  2014 E KernelCpuThreadReader: 	at com.android.server.SystemServer.run(SystemServer.java:512)
03-15 07:57:53.644  2014  2014 E KernelCpuThreadReader: 	at com.android.server.SystemServer.main(SystemServer.java:349)
03-15 07:57:53.644  2014  2014 E KernelCpuThreadReader: 	at java.lang.reflect.Method.invoke(Native Method)
03-15 07:57:53.644  2014  2014 E KernelCpuThreadReader: 	at com.android.internal.os.RuntimeInit$MethodAndArgsCaller.run(RuntimeInit.java:492)
03-15 07:57:53.644  2014  2014 E KernelCpuThreadReader: 	at com.android.internal.os.ZygoteInit.main(ZygoteInit.java:908)
03-15 07:57:53.651  2014  2014 E AutofillManagerServiceImpl: Bad service name: com.google.android.gms/.autofill.service.AutofillService
03-15 07:57:53.678  2014  2014 E LockSettingsStorage: Cannot read file java.io.FileNotFoundException: /data/system/gatekeeper.password.key: open failed: ENOENT (No such file or directory)
03-15 07:57:53.679  2014  2014 E LockSettingsStorage: Cannot read file java.io.FileNotFoundException: /data/system/password.key: open failed: ENOENT (No such file or directory)
03-15 07:57:53.679  2014  2014 E LockSettingsStorage: Cannot read file java.io.FileNotFoundException: /data/system/gatekeeper.pattern.key: open failed: ENOENT (No such file or directory)
03-15 07:57:53.679  2014  2014 E LockSettingsStorage: Cannot read file java.io.FileNotFoundException: /data/system/gatekeeper.gesture.key: open failed: ENOENT (No such file or directory)
03-15 07:57:53.679  2014  2014 E LockSettingsStorage: Cannot read file java.io.FileNotFoundException: /data/system/gesture.key: open failed: ENOENT (No such file or directory)
03-15 07:57:53.726  2014  2014 E TestHarnessModeService: Failed to start Test Harness Mode; no implementation of PersistentDataBlockManagerInternal was bound!
03-15 07:57:53.831  2014  2014 E DisplayPowerController: failed to set up display white-balance: java.lang.IllegalStateException: cannot find sensor com.google.sensor.color
03-15 07:57:53.853  2014  2049 E KernelCpuUidFreqTimeReader: Failed to read /proc/uid_time_in_state: java.nio.file.NoSuchFileException: /proc/uid_time_in_state
03-15 07:57:53.913  2014  2038 E DisplayModeDirector: Asked about unknown display, returning empty allowed set! (id=0)
03-15 07:57:53.913  2014  2038 E DisplayModeDirector: Asked about unknown display, returning empty allowed set! (id=0)
03-15 07:57:53.945  1772  1772 E android.hardware.wifi@1.0-service: Failed to register radio mode change callback
03-15 07:57:53.981  1772  1772 E android.hardware.wifi@1.0-service: Failed to set DFS flag; DFS channels may be unavailable.
03-15 07:57:54.013  1857  1857 E wificond: No Offload Service available
03-15 07:57:54.019  2014  2121 E SupplicantStaIfaceHal: checkHalVersionByInterfaceName: called but mServiceManager is null
03-15 07:57:54.019  2014  2121 E SupplicantStaIfaceHal: Method getKeyMgmtCapabilities is not supported in existing HAL
03-15 07:57:54.047  2014  2121 E WifiConfigManager: Cannot save to store before store is read!
03-15 07:57:54.050  2014  2121 E WifiNative: Could not get Iface object for interface null
03-15 07:57:54.054  2014  2125 E WifiVendorHal: getBgScanCapabilities(l.630) failed {.code = ERROR_NOT_SUPPORTED, .description = }
03-15 07:57:54.054  2014  2121 E WifiNative: Could not get Iface object for interface null
03-15 07:57:54.127  2014  2014 E BitmapFactory: Unable to decode stream: java.io.FileNotFoundException: /data/system/users/0/wallpaper_orig: open failed: ENOENT (No such file or directory)
03-15 07:57:54.128  2014  2014 E WallpaperManagerService: Unable to apply new wallpaper
03-15 07:57:54.139  2014  2135 E BluetoothAdapter: Bluetooth binder is null
03-15 07:57:54.139  2014  2135 E BluetoothAdapter: Bluetooth binder is null
03-15 07:57:54.167  2014  2121 E WifiNative: Could not get Iface object for interface null
03-15 07:57:54.181  2014  2049 E BatteryExternalStatsWorker: no controller energy info supplied for telephony
03-15 07:57:54.385  2014  2014 E ActivityRecognitionHardware: activity_recognition HAL is deprecated. is_supported is effectively a no-op
03-15 07:57:54.403  1763  1763 E GnssHAL_GnssInterface: getExtensionAGnss: AGnss interface not implemented by HAL
03-15 07:57:54.405  2014  2049 E KernelCpuUidFreqTimeReader: Failed to read /proc/uid_time_in_state: java.nio.file.NoSuchFileException: /proc/uid_time_in_state
03-15 07:57:54.407  1763  1763 E GnssHAL_GnssInterface: getExtensionGnssMeasurement: GnssMeasurement interface not implemented by HAL
03-15 07:57:54.418  1763  1763 E GnssHAL_GnssInterface: getExtensionGnssConfiguration: GnssConfiguration interface not implemented by HAL
03-15 07:57:54.421  1763  1763 E GnssHAL_GnssInterface: getExtensionGnssGeofencing: GnssGeofencing interface not implemented by HAL
03-15 07:57:54.422  1763  1763 E GnssHAL_GnssInterface: gnss flp hw_get_module failed: -2
03-15 07:57:54.422  1763  1763 E GnssHAL_GnssInterface: getExtensionGnssBatching: GnssBatching interface is not implemented by HAL
03-15 07:57:54.423  1763  1763 E GnssHAL_GnssInterface: calling setCallback
03-15 07:57:54.421  1857  1857 E wificond: Receive ERROR message in response to 'stop scheduled scan' request: Operation not supported on transport endpoint
03-15 07:57:54.441  2014  2035 E GnssLocationProvider: android_location_GnssLocationProvider_set_agps_server: AGPS interface not supported
03-15 07:57:54.485  2014  2121 E HalDevMgr: getAllChipInfo: called but mWifi is null!?
03-15 07:57:54.485  2014  2121 E HalDevMgr: dispatchAvailableForRequestListeners: no chip info found
03-15 07:57:54.486  2014  2121 E WifiNative: Could not get Iface object for interface null
03-15 07:57:54.496  1858  1919 E OMXNodeInstance: getExtensionIndex(0xec818d80:google.h264.decoder, OMX.google.android.index.configureVideoTunnelMode) ERROR: UnsupportedIndex(0x8000101a)
03-15 07:57:54.496  1858  1919 E OMXNodeInstance: getExtensionIndex(0xec818d80:google.h264.decoder, OMX.google.android.index.enableAndroidNativeBuffers) ERROR: UnsupportedIndex(0x8000101a)
03-15 07:57:54.511  1858  1919 E OMXNodeInstance: getExtensionIndex(0xec818d80:google.h263.decoder, OMX.google.android.index.configureVideoTunnelMode) ERROR: UnsupportedIndex(0x8000101a)
03-15 07:57:54.512  1858  1919 E OMXNodeInstance: getExtensionIndex(0xec818d80:google.h263.decoder, OMX.google.android.index.enableAndroidNativeBuffers) ERROR: UnsupportedIndex(0x8000101a)
03-15 07:57:54.572  1858  1919 E OMXNodeInstance: getExtensionIndex(0xec818d80:google.hevc.decoder, OMX.google.android.index.configureVideoTunnelMode) ERROR: UnsupportedIndex(0x8000101a)
03-15 07:57:54.573  1858  1858 E OMXNodeInstance: getExtensionIndex(0xec818d80:google.hevc.decoder, OMX.google.android.index.enableAndroidNativeBuffers) ERROR: UnsupportedIndex(0x8000101a)
03-15 07:57:54.580  1858  1919 E OMXNodeInstance: getExtensionIndex(0xec818cc0:google.mpeg4.decoder, OMX.google.android.index.configureVideoTunnelMode) ERROR: UnsupportedIndex(0x8000101a)
03-15 07:57:54.580  1858  1919 E OMXNodeInstance: getExtensionIndex(0xec818cc0:google.mpeg4.decoder, OMX.google.android.index.enableAndroidNativeBuffers) ERROR: UnsupportedIndex(0x8000101a)
03-15 07:57:54.601  1858  1919 E OMXNodeInstance: getExtensionIndex(0xec818ea0:google.vp8.decoder, OMX.google.android.index.configureVideoTunnelMode) ERROR: UnsupportedIndex(0x8000101a)
03-15 07:57:54.601  1858  1919 E OMXNodeInstance: getExtensionIndex(0xec818ea0:google.vp8.decoder, OMX.google.android.index.enableAndroidNativeBuffers) ERROR: UnsupportedIndex(0x8000101a)
03-15 07:57:54.614  1858  1858 E OMXNodeInstance: getExtensionIndex(0xec818f60:google.vp9.decoder, OMX.google.android.index.configureVideoTunnelMode) ERROR: UnsupportedIndex(0x8000101a)
03-15 07:57:54.615  1858  1858 E OMXNodeInstance: getExtensionIndex(0xec818f60:google.vp9.decoder, OMX.google.android.index.enableAndroidNativeBuffers) ERROR: UnsupportedIndex(0x8000101a)
03-15 07:57:54.636  1905  1905 E hostapd : Using interface wlan1 with hwaddr 02:15:b2:00:01:00 and ssid "AndroidWifi"
03-15 07:57:54.652  1858  1858 E OMXNodeInstance: getConfig(0xec818f60:google.h263.encoder, ConfigAndroidIntraRefresh(0x6f60000a)) ERROR: Undefined(0x80001001)
03-15 07:57:54.653  1858  1858 E OMXNodeInstance: getParameter(0xec818f60:google.h263.encoder, ParamVideoIntraRefresh(0x6000006)) ERROR: UnsupportedIndex(0x8000101a)
03-15 07:57:54.670  1858  2313 E OMXNodeInstance: getConfig(0xec818f60:google.mpeg4.encoder, ConfigAndroidIntraRefresh(0x6f60000a)) ERROR: Undefined(0x80001001)
03-15 07:57:54.670  1858  2313 E OMXNodeInstance: getParameter(0xec818f60:google.mpeg4.encoder, ParamVideoIntraRefresh(0x6000006)) ERROR: UnsupportedIndex(0x8000101a)
03-15 07:57:54.688  1858  1858 E OMXNodeInstance: getConfig(0xec819020:google.vp8.encoder, ConfigAndroidIntraRefresh(0x6f60000a)) ERROR: Undefined(0x80001001)
03-15 07:57:54.688  1858  1858 E OMXNodeInstance: getParameter(0xec819020:google.vp8.encoder, ParamVideoIntraRefresh(0x6000006)) ERROR: UnsupportedIndex(0x8000101a)
03-15 07:57:54.708  1858  1858 E OMXNodeInstance: getConfig(0xec819020:google.vorbis.decoder, ConfigAndroidVendorExtension(0x6f100004)) ERROR: Undefined(0x80001001)
03-15 07:57:54.902  1763  1763 E GnssHAL_GnssInterface: calling setCallback
03-15 07:57:54.904  2014  2035 E GnssLocationProvider: android_location_GnssLocationProvider_set_agps_server: AGPS interface not supported
03-15 07:57:54.905  2014  2035 E GnssBatchingProvider: Failed to initialize GNSS batching
03-15 07:57:54.937  1858  1918 E OMXNodeInstance: getConfig(0xec819020:google.vorbis.decoder, ConfigAndroidVendorExtension(0x6f100004)) ERROR: Undefined(0x80001001)
03-15 07:57:55.144  1858  1858 E OMXNodeInstance: getConfig(0xec8190e0:google.vorbis.decoder, ConfigAndroidVendorExtension(0x6f100004)) ERROR: Undefined(0x80001001)
03-15 07:57:55.204  2275  2275 E CarrierIdProvider: read carrier list from ota pb failure: java.io.FileNotFoundException: /data/misc/carrierid/carrier_list.pb: open failed: ENOENT (No such file or directory)
03-15 07:57:55.262  1772  1772 E android.hardware.wifi@1.0-service: Failed to register radio mode change callback
03-15 07:57:55.307  1772  1772 E android.hardware.wifi@1.0-service: Failed to set DFS flag; DFS channels may be unavailable.
03-15 07:57:55.323  1857  1857 E wificond: No Offload Service available
03-15 07:57:55.329  2014  2121 E SupplicantStaIfaceHal: Can't call setupIface, ISupplicantStaIface is null
03-15 07:57:55.341  1799  1887 E SurfaceFlinger: ro.sf.lcd_density must be defined as a build property
03-15 07:57:55.342  1799  1887 E SurfaceFlinger: ro.sf.lcd_density must be defined as a build property
03-15 07:57:55.349  1858  2344 E OMXNodeInstance: getConfig(0xec8190e0:google.vorbis.decoder, ConfigAndroidVendorExtension(0x6f100004)) ERROR: Undefined(0x80001001)
03-15 07:57:55.363  2014  2014 E BluetoothAdapter: Bluetooth binder is null
03-15 07:57:55.412  2014  2121 E SupplicantStaIfaceHal: Method getKeyMgmtCapabilities is not supported in existing HAL
03-15 07:57:55.428  1858  1858 E OMXNodeInstance: getConfig(0xec819440:google.vorbis.decoder, ConfigAndroidVendorExtension(0x6f100004)) ERROR: Undefined(0x80001001)
03-15 07:57:55.464  2014  2125 E WifiVendorHal: getBgScanCapabilities(l.630) failed {.code = ERROR_NOT_SUPPORTED, .description = }
03-15 07:57:55.711  1858  1858 E OMXNodeInstance: getConfig(0xec819440:google.vorbis.decoder, ConfigAndroidVendorExtension(0x6f100004)) ERROR: Undefined(0x80001001)
03-15 07:57:55.776  2159  2390 E vol.VolumeDialogControl: isCaptionsServiceEnabled failed to check for captions component
03-15 07:57:55.776  2159  2390 E vol.VolumeDialogControl: java.lang.IllegalArgumentException: Unknown component: ComponentInfo{com.google.android.as/com.google.android.apps.miphone.aiai.captions.CaptionsService}
03-15 07:57:55.776  2159  2390 E vol.VolumeDialogControl: 	at android.os.Parcel.createException(Parcel.java:2075)
03-15 07:57:55.776  2159  2390 E vol.VolumeDialogControl: 	at android.os.Parcel.readException(Parcel.java:2039)
03-15 07:57:55.776  2159  2390 E vol.VolumeDialogControl: 	at android.os.Parcel.readException(Parcel.java:1987)
03-15 07:57:55.776  2159  2390 E vol.VolumeDialogControl: 	at android.content.pm.IPackageManager$Stub$Proxy.getComponentEnabledSetting(IPackageManager.java:7365)
03-15 07:57:55.776  2159  2390 E vol.VolumeDialogControl: 	at android.app.ApplicationPackageManager.getComponentEnabledSetting(ApplicationPackageManager.java:2563)
03-15 07:57:55.776  2159  2390 E vol.VolumeDialogControl: 	at com.android.systemui.volume.VolumeDialogControllerImpl.onGetCaptionsComponentStateW(VolumeDialogControllerImpl.java:414)
03-15 07:57:55.776  2159  2390 E vol.VolumeDialogControl: 	at com.android.systemui.volume.VolumeDialogControllerImpl.access$1800(VolumeDialogControllerImpl.java:83)
03-15 07:57:55.776  2159  2390 E vol.VolumeDialogControl: 	at com.android.systemui.volume.VolumeDialogControllerImpl$W.handleMessage(VolumeDialogControllerImpl.java:800)
03-15 07:57:55.776  2159  2390 E vol.VolumeDialogControl: 	at android.os.Handler.dispatchMessage(Handler.java:107)
03-15 07:57:55.776  2159  2390 E vol.VolumeDialogControl: 	at android.os.Looper.loop(Looper.java:214)
03-15 07:57:55.776  2159  2390 E vol.VolumeDialogControl: 	at android.os.HandlerThread.run(HandlerThread.java:67)
03-15 07:57:55.776  2159  2390 E vol.VolumeDialogControl: Caused by: android.os.RemoteException: Remote stack trace:
03-15 07:57:55.776  2159  2390 E vol.VolumeDialogControl: 	at com.android.server.pm.Settings.getComponentEnabledSettingLPr(Settings.java:4258)
03-15 07:57:55.776  2159  2390 E vol.VolumeDialogControl: 	at com.android.server.pm.PackageManagerService.getComponentEnabledSetting(PackageManagerService.java:21520)
03-15 07:57:55.776  2159  2390 E vol.VolumeDialogControl: 	at android.content.pm.IPackageManager$Stub.onTransact(IPackageManager.java:3489)
03-15 07:57:55.776  2159  2390 E vol.VolumeDialogControl: 	at com.android.server.pm.PackageManagerService.onTransact(PackageManagerService.java:4014)
03-15 07:57:55.776  2159  2390 E vol.VolumeDialogControl: 	at android.os.Binder.execTransactInternal(Binder.java:1021)
03-15 07:57:55.776  2159  2390 E vol.VolumeDialogControl: 
03-15 07:57:55.792  1858  2416 E OMXNodeInstance: getConfig(0xea746300:google.vorbis.decoder, ConfigAndroidVendorExtension(0x6f100004)) ERROR: Undefined(0x80001001)
03-15 07:57:55.812  2014  2014 E BluetoothAdapter: Bluetooth binder is null
03-15 07:57:55.824  2014  2014 E BluetoothAdapter: Bluetooth binder is null
03-15 07:57:55.879  1799  1887 E SurfaceFlinger: ro.sf.lcd_density must be defined as a build property
03-15 07:57:55.879  1799  1887 E SurfaceFlinger: ro.sf.lcd_density must be defined as a build property
03-15 07:57:55.971  1858  1858 E OMXNodeInstance: getConfig(0xec819440:google.vorbis.decoder, ConfigAndroidVendorExtension(0x6f100004)) ERROR: Undefined(0x80001001)
03-15 07:57:55.976  1858  1858 E OMXNodeInstance: getConfig(0xec819500:google.vorbis.decoder, ConfigAndroidVendorExtension(0x6f100004)) ERROR: Undefined(0x80001001)
03-15 07:57:56.114  2014  2014 E WiredAccessoryManager: No state change.
03-15 07:57:56.140  2159  2159 E ActivityThread: Failed to find provider info for com.google.android.apps.turbo.estimated_time_remaining
03-15 07:57:56.175  2014  2014 E AudioSystem-JNI: Command failed for android_media_AudioSystem_muteMicrophone: -38
03-15 07:57:56.264  2014  2121 E SupplicantStaIfaceHal: ISupplicantStaIface.setPowerSave failed: {.code = FAILURE_UNKNOWN, .debugMessage = }
03-15 07:57:56.266  2014  2121 E WifiConfigManager: Cannot save to store before store is read!
03-15 07:57:56.305  2275  2503 E ActivityThread: Failed to find provider info for com.android.contacts
03-15 07:57:56.313  2275  2275 E BluetoothAdapter: Bluetooth binder is null
03-15 07:57:56.407  2014  2132 E ActivityThread: Failed to find provider info for com.android.calendar
03-15 07:57:56.408  2014  2132 E ActivityThread: Failed to find provider info for com.android.calendar
03-15 07:57:56.569  2014  2014 E ContentSuggestionsPerUserService: Bad service name: com.google.android.as/com.google.android.apps.miphone.aiai.app.AiAiContentSuggestionsService
03-15 07:57:56.931  2275  2275 E PhoneInterfaceManager: [PhoneIntfMgr] getIccId: No UICC
03-15 07:57:56.939  2275  2275 E PhoneInterfaceManager: [PhoneIntfMgr] isRttSupported: no Phone found. Invalid subId:-1
03-15 07:57:57.003  2275  2275 E PhoneInterfaceManager: [PhoneIntfMgr] getIccId: No UICC
03-15 07:57:57.004  2275  2275 E PhoneInterfaceManager: [PhoneIntfMgr] isRttSupported: no Phone found. Invalid subId:-1
03-15 07:57:57.006  2159  2159 E BluetoothAdapter: Bluetooth binder is null
03-15 07:57:57.061  2159  2159 E libc    : Access denied finding property "ro.vendor.aware_available"
03-15 07:57:57.090  2159  2498 E ActivityThread: Failed to find provider info for com.android.contacts
03-15 07:57:57.184  2275  2275 E PhoneInterfaceManager: [PhoneIntfMgr] getIccId: No UICC
03-15 07:57:57.186  2275  2275 E PhoneInterfaceManager: [PhoneIntfMgr] isRttSupported: no Phone found. Invalid subId:-1
03-15 07:57:57.247  2014  2304 E memtrack: Couldn't load memtrack module
03-15 07:57:57.351  2275  2275 E PhoneInterfaceManager: [PhoneIntfMgr] getIccId: No UICC
03-15 07:57:57.352  2275  2275 E PhoneInterfaceManager: [PhoneIntfMgr] isRttSupported: no Phone found. Invalid subId:-1
03-15 07:57:57.564  2014  2132 E ActivityThread: Failed to find provider info for com.android.calendar
03-15 07:57:57.564  2014  2132 E ActivityThread: Failed to find provider info for com.android.calendar
03-15 07:57:57.618  2275  2275 E PhoneInterfaceManager: [PhoneIntfMgr] getIccId: No UICC
03-15 07:57:57.627  2275  2275 E PhoneInterfaceManager: [PhoneIntfMgr] isRttSupported: no Phone found. Invalid subId:-1
03-15 07:57:57.650  2159  2498 E ActivityThread: Failed to find provider info for com.android.contacts
03-15 07:57:57.677  2159  2498 E ActivityThread: Failed to find provider info for com.android.contacts
03-15 07:57:57.754  2275  2275 E PhoneInterfaceManager: [PhoneIntfMgr] getIccId: No UICC
03-15 07:57:57.756  2275  2275 E PhoneInterfaceManager: [PhoneIntfMgr] isRttSupported: no Phone found. Invalid subId:-1
03-15 07:57:57.786  2275  2275 E PhoneInterfaceManager: [PhoneIntfMgr] getIccId: No UICC
03-15 07:57:57.786  2275  2275 E PhoneInterfaceManager: [PhoneIntfMgr] isRttSupported: no Phone found. Invalid subId:-1
03-15 07:57:57.930  2567  2567 E ActivityThread: Failed to find provider info for com.google.android.gsf.gservices
03-15 07:57:57.942  2014  2035 E GnssLocationProvider: android_location_GnssLocationProvider_set_agps_server: AGPS interface not supported
03-15 07:57:58.185  2567  2567 E ActivityThread: Failed to find provider info for com.google.android.gsf.gservices
03-15 07:57:58.195  2014  2035 E GnssLocationProvider: android_location_GnssLocationProvider_set_agps_server: AGPS interface not supported
03-15 07:57:58.234  2567  2567 E ActivityThread: Failed to find provider info for com.google.android.gsf.gservices
03-15 07:57:58.532  2567  2567 E ActivityThread: Failed to find provider info for com.google.android.gsf.gservices
03-15 07:57:58.580  2567  2567 E ActivityThread: Failed to find provider info for com.google.android.gsf.gservices
03-15 07:57:58.610  2014  2035 E GnssLocationProvider: android_location_GnssLocationProvider_set_agps_server: AGPS interface not supported
03-15 07:57:58.610  2567  2567 E ActivityThread: Failed to find provider info for com.google.android.gsf.gservices
03-15 07:57:58.671  2567  2567 E ActivityThread: Failed to find provider info for com.google.android.gsf.gservices
03-15 07:57:58.681  2567  2600 E ActivityThread: Failed to find provider info for com.google.android.gsf.gservices
03-15 07:57:58.683  2567  2600 E ActivityThread: Failed to find provider info for com.google.android.gsf.gservices
03-15 07:57:58.687  2567  2600 E ActivityThread: Failed to find provider info for com.google.android.gsf.gservices
03-15 07:57:58.689  2567  2600 E ActivityThread: Failed to find provider info for com.google.android.gsf.gservices
03-15 07:57:58.693  2567  2567 E ActivityThread: Failed to find provider info for com.google.android.gsf.gservices
03-15 07:57:58.702  2567  2567 E ActivityThread: Failed to find provider info for com.google.android.gsf.gservices
03-15 07:57:58.727  2567  2567 E ActivityThread: Failed to find provider info for com.google.android.gsf.gservices
03-15 07:57:58.754  2567  2600 E WriteRestartFix: Unable to record the restart.
03-15 07:57:58.754  2567  2600 E WriteRestartFix: java.io.IOException: No such file or directory
03-15 07:57:58.754  2567  2600 E WriteRestartFix: 	at java.io.UnixFileSystem.createFileExclusively0(Native Method)
03-15 07:57:58.754  2567  2600 E WriteRestartFix: 	at java.io.UnixFileSystem.createFileExclusively(UnixFileSystem.java:317)
03-15 07:57:58.754  2567  2600 E WriteRestartFix: 	at java.io.File.createNewFile(File.java:1008)
03-15 07:57:58.754  2567  2600 E WriteRestartFix: 	at ryg.b(:com.google.android.gms@202414022@20.24.14 (040700-319035315):4)
03-15 07:57:58.754  2567  2600 E WriteRestartFix: 	at rwm.c(:com.google.android.gms@202414022@20.24.14 (040700-319035315):1)
03-15 07:57:58.754  2567  2600 E WriteRestartFix: 	at rws.a(:com.google.android.gms@202414022@20.24.14 (040700-319035315):34)
03-15 07:57:58.754  2567  2600 E WriteRestartFix: 	at rwz.b(:com.google.android.gms@202414022@20.24.14 (040700-319035315):33)
03-15 07:57:58.754  2567  2600 E WriteRestartFix: 	at rwv.run(Unknown Source:0)
03-15 07:57:58.754  2567  2600 E WriteRestartFix: 	at java.util.concurrent.Executors$RunnableAdapter.call(Executors.java:462)
03-15 07:57:58.754  2567  2600 E WriteRestartFix: 	at java.util.concurrent.FutureTask.run(FutureTask.java:266)
03-15 07:57:58.754  2567  2600 E WriteRestartFix: 	at java.lang.Thread.run(Thread.java:919)
03-15 07:57:58.771  2567  2600 E ActivityThread: Failed to find provider info for com.google.android.gsf.gservices
03-15 07:57:58.781  2567  2600 E ActivityThread: Failed to find provider info for com.google.android.gsf.gservices
03-15 07:57:58.782  2567  2567 E ActivityThread: Failed to find provider info for com.google.android.gsf.gservices
03-15 07:57:58.857  2567  2567 E ActivityThread: Failed to find provider info for com.google.android.gsf.gservices
03-15 07:57:58.884  2567  2606 E ActivityThread: Failed to find provider info for com.google.android.gsf.gservices
03-15 07:57:58.885  2567  2567 E ActivityThread: Failed to find provider info for com.google.android.gsf.gservices
03-15 07:57:58.890  2567  2567 E ActivityThread: Failed to find provider info for com.google.android.gsf.gservices
03-15 07:57:58.893  2567  2606 E ActivityThread: Failed to find provider info for com.google.android.gsf.gservices
03-15 07:57:58.903  2567  2567 E ActivityThread: Failed to find provider info for com.google.android.gsf.gservices
03-15 07:57:58.909  2567  2567 E ActivityThread: Failed to find provider info for com.google.android.gsf.gservices
03-15 07:57:58.913  2567  2606 E ActivityThread: Failed to find provider info for com.google.android.gsf.gservices
03-15 07:57:58.917  2567  2606 E ActivityThread: Failed to find provider info for com.google.android.gsf.gservices
03-15 07:57:58.925  2567  2567 E ActivityThread: Failed to find provider info for com.google.android.gsf.gservices
03-15 07:57:58.952  2567  2567 E ActivityThread: Failed to find provider info for com.google.android.gsf.gservices
03-15 07:57:58.953  2567  2609 E ActivityThread: Failed to find provider info for com.google.android.gsf.gservices
03-15 07:57:58.955  2567  2567 E ActivityThread: Failed to find provider info for com.google.android.gsf.gservices
03-15 07:57:58.956  2567  2567 E ActivityThread: Failed to find provider info for com.google.android.gsf.gservices
03-15 07:57:58.959  2567  2609 E ActivityThread: Failed to find provider info for com.google.android.gsf.gservices
03-15 07:57:58.971  2567  2567 E ActivityThread: Failed to find provider info for com.google.android.gsf.gservices
03-15 07:57:58.973  2567  2567 E ActivityThread: Failed to find provider info for com.google.android.gsf.gservices
03-15 07:57:58.996  2567  2609 E ActivityThread: Failed to find provider info for com.google.android.gsf.gservices
03-15 07:57:58.997  2159  2612 E GmsClient: unable to connect to service: com.google.android.gms.tapandpay.service.BIND on com.google.android.gms
03-15 07:57:58.999  2567  2609 E ActivityThread: Failed to find provider info for com.google.android.gsf.gservices
03-15 07:57:59.046  2567  2609 E ActivityThread: Failed to find provider info for com.google.android.gsf.gservices
03-15 07:57:59.050  2567  2609 E ActivityThread: Failed to find provider info for com.google.android.gsf.gservices
03-15 07:57:59.056  2567  2613 E ActivityThread: Failed to find provider info for com.google.android.gsf.gservices
03-15 07:57:59.066  2567  2567 E ActivityThread: Failed to find provider info for com.google.android.gsf.gservices
03-15 07:57:59.070  2567  2567 E ActivityThread: Failed to find provider info for com.google.android.gsf.gservices
03-15 07:57:59.072  2567  2609 E ActivityThread: Failed to find provider info for com.google.android.gsf.gservices
03-15 07:57:59.081  2567  2567 E ActivityThread: Failed to find provider info for com.google.android.gsf.gservices
03-15 07:57:59.093  2567  2567 E ActivityThread: Failed to find provider info for com.google.android.gsf.gservices
03-15 07:57:59.107  2567  2609 E ActivityThread: Failed to find provider info for com.google.android.gsf.gservices
03-15 07:57:59.123  2567  2609 E ActivityThread: Failed to find provider info for com.google.android.gsf.gservices
03-15 07:57:59.153  2567  2567 E ActivityThread: Failed to find provider info for com.google.android.gsf.gservices
03-15 07:57:59.156  2567  2567 E ActivityThread: Failed to find provider info for com.google.android.gsf.gservices
03-15 07:57:59.157  2567  2609 E ActivityThread: Failed to find provider info for com.google.android.gsf.gservices
03-15 07:57:59.162  2567  2609 E ActivityThread: Failed to find provider info for com.google.android.gsf.gservices
03-15 07:57:59.167  2567  2609 E ActivityThread: Failed to find provider info for com.google.android.gsf.gservices
03-15 07:57:59.192  2567  2609 E ActivityThread: Failed to find provider info for com.google.android.gsf.gservices
03-15 07:57:59.206  2567  2567 E ActivityThread: Failed to find provider info for com.google.android.gsf.gservices
03-15 07:57:59.207  2567  2567 E ActivityThread: Failed to find provider info for com.google.android.gsf.gservices
03-15 07:57:59.222  2567  2567 E ActivityThread: Failed to find provider info for com.google.android.gsf.gservices
03-15 07:57:59.267  2567  2567 E ActivityThread: Failed to find provider info for com.google.android.gsf.gservices
03-15 07:57:59.272  2567  2609 E ActivityThread: Failed to find provider info for com.google.android.gsf.gservices
03-15 07:57:59.285  2567  2567 E ActivityThread: Failed to find provider info for com.google.android.gsf.gservices
03-15 07:57:59.286  2567  2567 E ActivityThread: Failed to find provider info for com.google.android.gsf.gservices
03-15 07:57:59.289  2567  2567 E ActivityThread: Failed to find provider info for com.google.android.gsf.gservices
03-15 07:57:59.301  2567  2567 E ActivityThread: Failed to find provider info for com.google.android.gsf.gservices
03-15 07:57:59.306  2567  2642 E ActivityThread: Failed to find provider info for com.google.android.gsf.gservices
03-15 07:57:59.318  2567  2613 E ActivityThread: Failed to find provider info for com.google.android.gsf.gservices
03-15 07:57:59.325  2567  2613 E ActivityThread: Failed to find provider info for com.google.android.gsf.gservices
03-15 07:57:59.338  2567  2613 E ActivityThread: Failed to find provider info for com.google.android.gsf.gservices
03-15 07:57:59.364  2567  2613 E ActivityThread: Failed to find provider info for com.google.android.gsf.gservices
03-15 07:57:59.430  2619  2645 E ActivityThread: Failed to find provider info for com.google.android.gsf.gservices
03-15 07:57:59.450  2567  2613 E ActivityThread: Failed to find provider info for com.google.android.gsf.gservices
03-15 07:57:59.451  2567  2613 E ActivityThread: Failed to find provider info for com.google.android.gsf.gservices
03-15 07:57:59.464  2567  2613 E ActivityThread: Failed to find provider info for com.google.android.gsf.gservices
03-15 07:57:59.465  2567  2613 E ActivityThread: Failed to find provider info for com.google.android.gsf.gservices
03-15 07:57:59.702  2159  2159 E StatusBarSignalPolicy: Unexpected subscription 1
03-15 07:57:59.740  2275  2462 E libc    : Access denied finding property "net.radio0.dns1"
03-15 07:57:59.740  2275  2462 E libc    : Access denied finding property "net.radio0.dns2"
03-15 07:57:59.832  1747  1992 E Netd    : Error adding route ::/0 -> fe80::2 radio0 to table 1010: File exists
03-15 07:57:59.853  2014  2038 E TestHarnessModeService: Failed to start Test Harness Mode; no implementation of PersistentDataBlockManagerInternal was bound!
03-15 07:57:59.951  2685  2685 E bootstat: Failed to read /data/misc/bootstat/post_decrypt_time_elapsed: No such file or directory
03-15 07:57:59.951  2685  2685 E bootstat: Failed to parse boot time record: /data/misc/bootstat/post_decrypt_time_elapsed
03-15 07:58:00.104  1747  2726 E ResolverController: No valid NAT64 prefix (100, <unspecified>/0)
03-15 07:58:00.175  2014  2043 E memtrack: Couldn't load memtrack module
03-15 07:58:00.176  2014  2043 E memtrack: Couldn't load memtrack module
03-15 07:58:00.179  2014  2043 E memtrack: Couldn't load memtrack module
03-15 07:58:00.179  2014  2043 E memtrack: Couldn't load memtrack module
03-15 07:58:00.179  2014  2043 E memtrack: Couldn't load memtrack module
03-15 07:58:00.180  2014  2043 E memtrack: Couldn't load memtrack module
03-15 07:58:00.180  2014  2043 E memtrack: Couldn't load memtrack module
03-15 07:58:00.180  2014  2043 E memtrack: Couldn't load memtrack module
03-15 07:58:00.180  2014  2043 E memtrack: Couldn't load memtrack module
03-15 07:58:00.180  2014  2043 E memtrack: Couldn't load memtrack module
03-15 07:58:00.181  2014  2043 E memtrack: Couldn't load memtrack module
03-15 07:58:00.181  2014  2043 E memtrack: Couldn't load memtrack module
03-15 07:58:00.182  2014  2043 E memtrack: Couldn't load memtrack module
03-15 07:58:00.190  2014  2043 E memtrack: Couldn't load memtrack module
03-15 07:58:00.190  2014  2043 E memtrack: Couldn't load memtrack module
03-15 07:58:00.190  2014  2043 E memtrack: Couldn't load memtrack module
03-15 07:58:00.190  2014  2043 E memtrack: Couldn't load memtrack module
03-15 07:58:00.191  2014  2043 E memtrack: Couldn't load memtrack module
03-15 07:58:00.191  2014  2043 E memtrack: Couldn't load memtrack module
03-15 07:58:00.192  2014  2043 E memtrack: Couldn't load memtrack module
03-15 07:58:00.193  2014  2043 E memtrack: Couldn't load memtrack module
03-15 07:58:00.193  2014  2043 E memtrack: Couldn't load memtrack module
03-15 07:58:00.197  2014  2043 E memtrack: Couldn't load memtrack module
03-15 07:58:00.197  2014  2043 E memtrack: Couldn't load memtrack module
03-15 07:58:00.198  2014  2043 E memtrack: Couldn't load memtrack module
03-15 07:58:00.198  2014  2043 E memtrack: Couldn't load memtrack module
03-15 07:58:00.198  2014  2043 E memtrack: Couldn't load memtrack module
03-15 07:58:00.198  2014  2043 E memtrack: Couldn't load memtrack module
03-15 07:58:00.199  2014  2043 E memtrack: Couldn't load memtrack module
03-15 07:58:00.199  2014  2043 E memtrack: Couldn't load memtrack module
03-15 07:58:00.199  2014  2043 E memtrack: Couldn't load memtrack module
03-15 07:58:00.199  2014  2043 E memtrack: Couldn't load memtrack module
03-15 07:58:00.200  2014  2043 E memtrack: Couldn't load memtrack module
03-15 07:58:00.200  2014  2043 E memtrack: Couldn't load memtrack module
03-15 07:58:00.200  2014  2043 E memtrack: Couldn't load memtrack module
03-15 07:58:00.200  2014  2043 E memtrack: Couldn't load memtrack module
03-15 07:58:00.200  2014  2043 E memtrack: Couldn't load memtrack module
03-15 07:58:00.201  2014  2043 E memtrack: Couldn't load memtrack module
03-15 07:58:00.201  2014  2043 E memtrack: Couldn't load memtrack module
03-15 07:58:00.201  2014  2043 E memtrack: Couldn't load memtrack module
03-15 07:58:00.202  2014  2043 E memtrack: Couldn't load memtrack module
03-15 07:58:00.202  2014  2043 E memtrack: Couldn't load memtrack module
03-15 07:58:00.202  2014  2043 E memtrack: Couldn't load memtrack module
03-15 07:58:00.202  2014  2043 E memtrack: Couldn't load memtrack module
03-15 07:58:00.202  2014  2043 E memtrack: Couldn't load memtrack module
03-15 07:58:00.203  2014  2043 E memtrack: Couldn't load memtrack module
03-15 07:58:00.203  2014  2043 E memtrack: Couldn't load memtrack module
03-15 07:58:00.204  2014  2043 E memtrack: Couldn't load memtrack module
03-15 07:58:00.205  2014  2043 E memtrack: Couldn't load memtrack module
03-15 07:58:00.205  2014  2043 E memtrack: Couldn't load memtrack module
03-15 07:58:00.205  2014  2043 E memtrack: Couldn't load memtrack module
03-15 07:58:00.205  2014  2043 E memtrack: Couldn't load memtrack module
03-15 07:58:00.205  2014  2043 E memtrack: Couldn't load memtrack module
03-15 07:58:00.206  2014  2043 E memtrack: Couldn't load memtrack module
03-15 07:58:00.207  2014  2043 E memtrack: Couldn't load memtrack module
03-15 07:58:00.213  2014  2043 E memtrack: Couldn't load memtrack module
03-15 07:58:00.214  2014  2043 E memtrack: Couldn't load memtrack module
03-15 07:58:00.214  2014  2043 E memtrack: Couldn't load memtrack module
03-15 07:58:00.215  2014  2043 E memtrack: Couldn't load memtrack module
03-15 07:58:00.215  2014  2043 E memtrack: Couldn't load memtrack module
03-15 07:58:00.216  2014  2043 E memtrack: Couldn't load memtrack module
03-15 07:58:00.217  2014  2043 E memtrack: Couldn't load memtrack module
03-15 07:58:00.217  2014  2043 E memtrack: Couldn't load memtrack module
03-15 07:58:00.218  2014  2043 E memtrack: Couldn't load memtrack module
03-15 07:58:00.220  2014  2043 E memtrack: Couldn't load memtrack module
03-15 07:58:00.220  2014  2043 E memtrack: Couldn't load memtrack module
03-15 07:58:00.220  2014  2043 E memtrack: Couldn't load memtrack module
03-15 07:58:00.220  2014  2043 E memtrack: Couldn't load memtrack module
03-15 07:58:00.220  2014  2043 E memtrack: Couldn't load memtrack module
03-15 07:58:00.221  2014  2043 E memtrack: Couldn't load memtrack module
03-15 07:58:00.221  2014  2043 E memtrack: Couldn't load memtrack module
03-15 07:58:00.222  2014  2043 E memtrack: Couldn't load memtrack module
03-15 07:58:00.222  2014  2043 E memtrack: Couldn't load memtrack module
03-15 07:58:00.222  2014  2043 E memtrack: Couldn't load memtrack module
03-15 07:58:00.225  2014  2043 E memtrack: Couldn't load memtrack module
03-15 07:58:00.233  2014  2043 E memtrack: Couldn't load memtrack module
03-15 07:58:00.235  2014  2043 E memtrack: Couldn't load memtrack module
03-15 07:58:00.240  2014  2043 E memtrack: Couldn't load memtrack module
03-15 07:58:00.256  2014  2043 E memtrack: Couldn't load memtrack module
03-15 07:58:00.271  2014  2043 E memtrack: Couldn't load memtrack module
03-15 07:58:00.280  2014  2043 E memtrack: Couldn't load memtrack module
03-15 07:58:00.281  2014  2043 E memtrack: Couldn't load memtrack module
03-15 07:58:00.284  2014  2043 E memtrack: Couldn't load memtrack module
03-15 07:58:00.330  2706  2706 E ActivityThread: Failed to find provider info for com.google.android.gsf.gservices
03-15 07:58:00.359  2706  2706 E ActivityThread: Failed to find provider info for com.google.android.gsf.gservices
03-15 07:58:00.465  2706  2706 E ActivityThread: Failed to find provider info for com.google.android.gsf.gservices
03-15 07:58:00.486  2706  2766 E ActivityThread: Failed to find provider info for com.google.android.gsf.gservices
03-15 07:58:00.497  2706  2766 E ActivityThread: Failed to find provider info for com.google.android.gsf.gservices
03-15 07:58:00.498  2706  2706 E ActivityThread: Failed to find provider info for com.google.android.gsf.gservices
03-15 07:58:00.499  2706  2766 E ActivityThread: Failed to find provider info for com.google.android.gsf.gservices
03-15 07:58:00.504  2706  2766 E ActivityThread: Failed to find provider info for com.google.android.gsf.gservices
03-15 07:58:00.508  2706  2706 E ActivityThread: Failed to find provider info for com.google.android.gsf.gservices
03-15 07:58:00.509  2706  2766 E ActivityThread: Failed to find provider info for com.google.android.gsf.gservices
03-15 07:58:00.521  2706  2766 E ActivityThread: Failed to find provider info for com.google.android.gsf.gservices
03-15 07:58:00.523  2706  2706 E ActivityThread: Failed to find provider info for com.google.android.gsf.gservices
03-15 07:58:00.529  2706  2706 E ActivityThread: Failed to find provider info for com.google.android.gsf.gservices
03-15 07:58:00.530  2706  2766 E ActivityThread: Failed to find provider info for com.google.android.gsf.gservices
