03-15 07:58:00.531  2706  2706 E ActivityThread: Failed to find provider info for com.google.android.gsf.gservices
03-15 07:58:00.540  2706  2706 E ActivityThread: Failed to find provider info for com.google.android.gsf.gservices
03-15 07:58:00.564  2706  2706 E ActivityThread: Failed to find provider info for com.google.android.gsf.gservices
03-15 07:58:00.573  2706  2706 E ActivityThread: Failed to find provider info for com.google.android.gsf.gservices
03-15 07:58:00.581  2706  2771 E ActivityThread: Failed to find provider info for com.google.android.gsf.gservices
03-15 07:58:00.585  2706  2771 E ActivityThread: Failed to find provider info for com.google.android.gsf.gservices
03-15 07:58:00.589  2706  2706 E ActivityThread: Failed to find provider info for com.google.android.gsf.gservices
03-15 07:58:00.598  2706  2706 E ActivityThread: Failed to find provider info for com.google.android.gsf.gservices
03-15 07:58:00.599  2706  2706 E ActivityThread: Failed to find provider info for com.google.android.gsf.gservices
03-15 07:58:00.601  2706  2706 E ActivityThread: Failed to find provider info for com.google.android.gsf.gservices
03-15 07:58:00.645  2706  2706 E ActivityThread: Failed to find provider info for com.google.android.gsf.gservices
03-15 07:58:00.656  2706  2706 E ActivityThread: Failed to find provider info for com.google.android.gsf.gservices
03-15 07:58:00.662  2706  2706 E ActivityThread: Failed to find provider info for com.google.android.gsf.gservices
03-15 07:58:00.713  2706  2706 E ActivityThread: Failed to find provider info for com.google.android.gsf.gservices
03-15 07:58:00.715  2706  2706 E ActivityThread: Failed to find provider info for com.google.android.gsf.gservices
03-15 07:58:00.736  2706  2706 E ActivityThread: Failed to find provider info for com.google.android.gsf.gservices
03-15 07:58:00.751  2706  2706 E ActivityThread: Failed to find provider info for com.google.android.gsf.gservices
03-15 07:58:00.834  2014  2035 E GnssLocationProvider: android_location_GnssLocationProvider_set_agps_server: AGPS interface not supported
03-15 07:58:00.934  2014  2044 E SystemCaptionsManagerPerUserService: Bad service name: com.google.android.as/com.google.android.apps.miphone.aiai.captions.SystemCaptionsManagerService
03-15 07:58:00.935  2014  2044 E AppPredictionPerUserService: Bad service name: com.google.android.as/com.google.android.apps.miphone.aiai.app.AiAiPredictionService
03-15 07:58:00.936  2014  2044 E ContentSuggestionsPerUserService: Bad service name: com.google.android.as/com.google.android.apps.miphone.aiai.app.AiAiContentSuggestionsService
03-15 07:58:00.997  2014  2141 E BackupPasswordManager: Unable to read backup pw version
03-15 07:58:01.004  2014  2141 E BackupPasswordManager: Unable to read saved backup pw hash
03-15 07:58:01.620  1799  1887 E SurfaceFlinger: ro.sf.lcd_density must be defined as a build property
03-15 07:58:01.629  1799  2112 E SurfaceFlinger: ro.sf.lcd_density must be defined as a build property
03-15 07:58:01.849  2918  2918 E MmTelFeatureConnection: ImsRegistrationCallbackAdapter: ImsRegistration is null
03-15 07:58:01.883  2429  2429 E putmethod.lati: No implementation found for boolean com.google.android.apps.inputmethod.libs.trainingcache.tiresias.TiresiasNativePipe.nativeInit() (tried Java_com_google_android_apps_inputmethod_libs_trainingcache_tiresias_TiresiasNativePipe_nativeInit and Java_com_google_android_apps_inputmethod_libs_trainingcache_tiresias_TiresiasNativePipe_nativeInit__)
03-15 07:58:02.337  2808  2808 E BluetoothAdapter: Bluetooth binder is null
03-15 07:58:02.343  2784  2784 E OverlaySController: Calling with an invalid UID, the interface will not work
03-15 07:58:02.762  2391  2391 E libprocessgroup: set_timerslack_ns write failed: Operation not permitted
03-15 07:58:03.090  2391  2391 E WellbeingModel: Failed to register content observer for content://com.google.android.apps.wellbeing.api/actions: java.lang.SecurityException: Failed to find provider com.google.android.apps.wellbeing.api for user 0; expected to find a valid ContentProvider for this authority
03-15 07:58:03.093  2391  2391 E libprocessgroup: set_timerslack_ns write failed: Operation not permitted
03-15 07:58:03.160  1799  1903 E SurfaceFlinger: ro.sf.lcd_density must be defined as a build property
03-15 07:58:03.162  1799  2100 E SurfaceFlinger: ro.sf.lcd_density must be defined as a build property
03-15 07:58:03.734  2429  3345 E FileOperationUtils: Cannot read from /data/user/0/com.google.android.inputmethod.latin/cache/tenor_categories.pb
03-15 07:58:04.760  2706  3108 E WorkSourceUtil: Could not find package: com.google.android.gms.checkin
03-15 07:58:04.985  2706  3007 E PhenotypeFlagCommitter: Retrieving snapshot for com.google.android.gms.playlog.uploader failed
03-15 07:58:04.985  2706  3007 E PhenotypeFlagCommitter: java.util.concurrent.TimeoutException: Timed out waiting for Task
03-15 07:58:04.985  2706  3007 E PhenotypeFlagCommitter: 	at avmp.a(:com.google.android.gms@202414022@20.24.14 (040700-319035315):22)
03-15 07:58:04.985  2706  3007 E PhenotypeFlagCommitter: 	at aomh.a(:com.google.android.gms@202414022@20.24.14 (040700-319035315):23)
03-15 07:58:04.985  2706  3007 E PhenotypeFlagCommitter: 	at aomh.a(:com.google.android.gms@202414022@20.24.14 (040700-319035315):16)
03-15 07:58:04.985  2706  3007 E PhenotypeFlagCommitter: 	at aomh.a(:com.google.android.gms@202414022@20.24.14 (040700-319035315):27)
03-15 07:58:04.985  2706  3007 E PhenotypeFlagCommitter: 	at com.google.android.gms.clearcut.init.ClearcutInitChimeraIntentService.a(:com.google.android.gms@202414022@20.24.14 (040700-319035315):9)
03-15 07:58:04.985  2706  3007 E PhenotypeFlagCommitter: 	at qme.onHandleIntent(:com.google.android.gms@202414022@20.24.14 (040700-319035315):12)
03-15 07:58:04.985  2706  3007 E PhenotypeFlagCommitter: 	at com.google.android.chimera.IntentOperation.onHandleIntent(:com.google.android.gms@202414022@20.24.14 (040700-319035315):2)
03-15 07:58:04.985  2706  3007 E PhenotypeFlagCommitter: 	at qlx.onHandleIntent(:com.google.android.gms@202414022@20.24.14 (040700-319035315):4)
03-15 07:58:04.985  2706  3007 E PhenotypeFlagCommitter: 	at cuo.run(:com.google.android.gms@202414022@20.24.14 (040700-319035315):5)
03-15 07:58:04.985  2706  3007 E PhenotypeFlagCommitter: 	at cun.run(:com.google.android.gms@202414022@20.24.14 (040700-319035315):10)
03-15 07:58:04.985  2706  3007 E PhenotypeFlagCommitter: 	at java.util.concurrent.ThreadPoolExecutor.runWorker(ThreadPoolExecutor.java:1167)
03-15 07:58:04.985  2706  3007 E PhenotypeFlagCommitter: 	at java.util.concurrent.ThreadPoolExecutor$Worker.run(ThreadPoolExecutor.java:641)
03-15 07:58:04.985  2706  3007 E PhenotypeFlagCommitter: 	at java.lang.Thread.run(Thread.java:919)
03-15 07:58:05.091  2391  3270 E ActivityThread: Failed to find provider info for com.google.android.apps.wellbeing.api
03-15 07:58:05.145  2567  3556 E CCTFlatFileLogStore: Failed to get boot count.
03-15 07:58:05.145  2567  3556 E CCTFlatFileLogStore: java.util.concurrent.TimeoutException: Timed out waiting for Task
03-15 07:58:05.145  2567  3556 E CCTFlatFileLogStore: 	at avmp.a(:com.google.android.gms@202414022@20.24.14 (040700-319035315):22)
03-15 07:58:05.145  2567  3556 E CCTFlatFileLogStore: 	at rel.a(:com.google.android.gms@202414022@20.24.14 (040700-319035315):123)
03-15 07:58:05.145  2567  3556 E CCTFlatFileLogStore: 	at rby.run(Unknown Source:0)
03-15 07:58:05.145  2567  3556 E CCTFlatFileLogStore: 	at soy.b(:com.google.android.gms@202414022@20.24.14 (040700-319035315):12)
03-15 07:58:05.145  2567  3556 E CCTFlatFileLogStore: 	at soy.run(:com.google.android.gms@202414022@20.24.14 (040700-319035315):7)
03-15 07:58:05.145  2567  3556 E CCTFlatFileLogStore: 	at java.util.concurrent.ThreadPoolExecutor.runWorker(ThreadPoolExecutor.java:1167)
03-15 07:58:05.145  2567  3556 E CCTFlatFileLogStore: 	at java.util.concurrent.ThreadPoolExecutor$Worker.run(ThreadPoolExecutor.java:641)
03-15 07:58:05.145  2567  3556 E CCTFlatFileLogStore: 	at sux.run(:com.google.android.gms@202414022@20.24.14 (040700-319035315):0)
03-15 07:58:05.145  2567  3556 E CCTFlatFileLogStore: 	at java.lang.Thread.run(Thread.java:919)
03-15 07:58:05.291  2391  2391 E libprocessgroup: set_timerslack_ns write failed: Operation not permitted
03-15 07:58:05.716  3042  3463 E SQLiteLog: (1) no such table: audio_genres
03-15 07:58:05.726  3042  3463 E SQLiteDatabase: Error inserting title_key=H2LN2RN instance_id=null duration=10170 is_ringtone=1 album_artist=null orientation=null format=47362 height=null is_drm=0 bucket_display_name=ringtones is_audiobook=0 parent=19 volume_name=internal title_resource_uri=null date_modified=1595290754 composer=null _display_name=Perseus.ogg datetaken=null mime_type=audio/ogg is_notification=0 year=null _data=/system/product/media/audio/ringtones/Perseus.ogg _size=236343 is_alarm=0 title=Perseus track=null width=null is_music=0 group_id=-678450419 document_id=null artist_id=3 date_added=1647331085 is_podcast=0 album_id=2 original_document_id=null bucket_id=-2044634724 media_type=2 relative_path=null
03-15 07:58:05.726  3042  3463 E SQLiteDatabase: android.database.sqlite.SQLiteConstraintException: UNIQUE constraint failed: files._data (code 2067 SQLITE_CONSTRAINT_UNIQUE)
03-15 07:58:05.726  3042  3463 E SQLiteDatabase: 	at android.database.sqlite.SQLiteConnection.nativeExecuteForLastInsertedRowId(Native Method)
03-15 07:58:05.726  3042  3463 E SQLiteDatabase: 	at android.database.sqlite.SQLiteConnection.executeForLastInsertedRowId(SQLiteConnection.java:879)
03-15 07:58:05.726  3042  3463 E SQLiteDatabase: 	at android.database.sqlite.SQLiteSession.executeForLastInsertedRowId(SQLiteSession.java:790)
03-15 07:58:05.726  3042  3463 E SQLiteDatabase: 	at android.database.sqlite.SQLiteStatement.executeInsert(SQLiteStatement.java:88)
03-15 07:58:05.726  3042  3463 E SQLiteDatabase: 	at android.database.sqlite.SQLiteDatabase.insertWithOnConflict(SQLiteDatabase.java:1599)
03-15 07:58:05.726  3042  3463 E SQLiteDatabase: 	at android.database.sqlite.SQLiteDatabase.insert(SQLiteDatabase.java:1468)
03-15 07:58:05.726  3042  3463 E SQLiteDatabase: 	at com.android.providers.media.MediaProvider.insertFile(MediaProvider.java:2713)
03-15 07:58:05.726  3042  3463 E SQLiteDatabase: 	at com.android.providers.media.MediaProvider.insertInternal(MediaProvider.java:3076)
03-15 07:58:05.726  3042  3463 E SQLiteDatabase: 	at com.android.providers.media.MediaProvider.insert(MediaProvider.java:2903)
03-15 07:58:05.726  3042  3463 E SQLiteDatabase: 	at android.content.ContentProviderOperation.applyInternal(ContentProviderOperation.java:321)
03-15 07:58:05.726  3042  3463 E SQLiteDatabase: 	at android.content.ContentProviderOperation.apply(ContentProviderOperation.java:304)
03-15 07:58:05.726  3042  3463 E SQLiteDatabase: 	at android.content.ContentProvider.applyBatch(ContentProvider.java:2126)
03-15 07:58:05.726  3042  3463 E SQLiteDatabase: 	at com.android.providers.media.MediaProvider.applyBatch(MediaProvider.java:3302)
03-15 07:58:05.726  3042  3463 E SQLiteDatabase: 	at android.content.ContentProvider.applyBatch(ContentProvider.java:2117)
03-15 07:58:05.726  3042  3463 E SQLiteDatabase: 	at android.content.ContentResolver.applyBatch(ContentResolver.java:1865)
03-15 07:58:05.726  3042  3463 E SQLiteDatabase: 	at com.android.providers.media.scan.ModernMediaScanner$Scan.applyPending(ModernMediaScanner.java:439)
03-15 07:58:05.726  3042  3463 E SQLiteDatabase: 	at com.android.providers.media.scan.ModernMediaScanner$Scan.walkFileTree(ModernMediaScanner.java:274)
03-15 07:58:05.726  3042  3463 E SQLiteDatabase: 	at com.android.providers.media.scan.ModernMediaScanner$Scan.run(ModernMediaScanner.java:245)
03-15 07:58:05.726  3042  3463 E SQLiteDatabase: 	at com.android.providers.media.scan.ModernMediaScanner.scanDirectory(ModernMediaScanner.java:166)
03-15 07:58:05.726  3042  3463 E SQLiteDatabase: 	at com.android.providers.media.MediaService.onScanVolume(MediaService.java:150)
03-15 07:58:05.726  3042  3463 E SQLiteDatabase: 	at com.android.providers.media.MediaService.onScanVolume(MediaService.java:131)
03-15 07:58:05.726  3042  3463 E SQLiteDatabase: 	at com.android.providers.media.MediaService.onHandleIntent(MediaService.java:86)
03-15 07:58:05.726  3042  3463 E SQLiteDatabase: 	at android.app.IntentService$ServiceHandler.handleMessage(IntentService.java:78)
03-15 07:58:05.726  3042  3463 E SQLiteDatabase: 	at android.os.Handler.dispatchMessage(Handler.java:107)
03-15 07:58:05.726  3042  3463 E SQLiteDatabase: 	at android.os.Looper.loop(Looper.java:214)
03-15 07:58:05.726  3042  3463 E SQLiteDatabase: 	at android.os.HandlerThread.run(HandlerThread.java:67)
03-15 07:58:05.768  3042  3463 E SQLiteLog: (1) no such table: audio_genres
03-15 07:58:05.777  1747  3740 E ResolverController: No valid NAT64 prefix (100, <unspecified>/0)
03-15 07:58:05.786  3042  3463 E SQLiteLog: (1) no such table: audio_genres
03-15 07:58:05.816  1747  3749 E ResolverController: No valid NAT64 prefix (100, <unspecified>/0)
03-15 07:58:05.967  1721  1726 E apexd   : Can't open /product/apex for reading : No such file or directory
03-15 07:58:06.095  2014  2035 E GnssLocationProvider: android_location_GnssLocationProvider_set_agps_server: AGPS interface not supported
03-15 07:58:06.150  2567  3759 E BluetoothAdapter: Bluetooth binder is null
03-15 07:58:06.346  2014  2043 E PackageManager: Optimistic bind failed.
03-15 07:58:06.346  2014  2043 E PackageManager: java.util.concurrent.TimeoutException: [Optimistic Bind] Didn't bind to resolver in time!
03-15 07:58:06.346  2014  2043 E PackageManager: 	at com.android.server.pm.InstantAppResolverConnection.waitForBindLocked(InstantAppResolverConnection.java:161)
03-15 07:58:06.346  2014  2043 E PackageManager: 	at com.android.server.pm.InstantAppResolverConnection.bind(InstantAppResolverConnection.java:226)
03-15 07:58:06.346  2014  2043 E PackageManager: 	at com.android.server.pm.InstantAppResolverConnection.lambda$optimisticBind$0$InstantAppResolverConnection(InstantAppResolverConnection.java:256)
03-15 07:58:06.346  2014  2043 E PackageManager: 	at com.android.server.pm.-$$Lambda$InstantAppResolverConnection$D-JKXi4qrYjnPQMOwj8UtfZenps.run(Unknown Source:2)
03-15 07:58:06.346  2014  2043 E PackageManager: 	at android.os.Handler.handleCallback(Handler.java:883)
03-15 07:58:06.346  2014  2043 E PackageManager: 	at android.os.Handler.dispatchMessage(Handler.java:100)
03-15 07:58:06.346  2014  2043 E PackageManager: 	at android.os.Looper.loop(Looper.java:214)
03-15 07:58:06.346  2014  2043 E PackageManager: 	at android.os.HandlerThread.run(HandlerThread.java:67)
03-15 07:58:07.089  2567  3458 E ActivityThread: Failed to find provider info for instantapp-dev-manager
03-15 07:58:07.787  2567  2567 E GmsRequestQueue: Tried to stop global GMSCore RequestQueue. This is likely unintended, so ignoring.
03-15 07:58:07.958  2014  2304 E memtrack: Couldn't load memtrack module
03-15 07:58:08.551  1747  4206 E ResolverController: No valid NAT64 prefix (100, <unspecified>/0)
03-15 07:58:09.225  3900  3987 E BugleRcsEngine: [208] odm.getFile: File not found.: /data/user/0/com.google.android.apps.messaging/files/httpft_pending: open failed: ENOENT (No such file or directory)
03-15 07:58:09.225  3900  3987 E BugleRcsEngine: 	libcore.io.IoBridge.open(IoBridge.java:496)
03-15 07:58:09.225  3900  3987 E BugleRcsEngine: 	java.io.FileInputStream.<init>(FileInputStream.java:159)
03-15 07:58:09.225  3900  3987 E BugleRcsEngine: 	android.app.ContextImpl.openFileInput(ContextImpl.java:600)
03-15 07:58:09.225  3900  3987 E BugleRcsEngine: 	android.content.ContextWrapper.openFileInput(ContextWrapper.java:206)
03-15 07:58:09.225  3900  3987 E BugleRcsEngine: 	odm.getFile(SourceFile:51)
03-15 07:58:09.225  3900  3987 E BugleRcsEngine: 	odm.buildFiles(SourceFile:7)
03-15 07:58:09.225  3900  3987 E BugleRcsEngine: 	com.google.android.apps.messaging.rcsmigration.RcsStateProvider.buildRcsState(SourceFile:63)
03-15 07:58:09.225  3900  3987 E BugleRcsEngine: 	com.google.android.apps.messaging.rcsmigration.RcsStateProvider.getRcsState(SourceFile:6)
03-15 07:58:09.225  3900  3987 E BugleRcsEngine: 	com.google.android.ims.rcsmigration.IRcsStateProvider$Stub.dispatchTransaction(SourceFile:6)
03-15 07:58:09.225  3900  3987 E BugleRcsEngine: 	com.google.android.aidl.BaseStub.onTransact(SourceFile:11)
03-15 07:58:09.225  3900  3987 E BugleRcsEngine: 	android.os.Binder.execTransactInternal(Binder.java:1021)
03-15 07:58:09.225  3900  3987 E BugleRcsEngine: 	android.os.Binder.execTransact(Binder.java:994)
03-15 07:58:09.561  4147  4276 E BluetoothAdapter: Bluetooth binder is null
03-15 07:58:09.792  3900  4294 E Bugle   : BuglePhoneNumberUtils: Not able to parse phone number MSISDN{x_x_x!x} for country US
03-15 07:58:09.792  3900  4294 E Bugle   : Error type: NOT_A_NUMBER. The string supplied did not seem to be a phone number.
03-15 07:58:09.792  3900  4294 E Bugle   : 	at scj.b(SourceFile:271)
03-15 07:58:09.792  3900  4294 E Bugle   : 	at glx.a(SourceFile:13)
03-15 07:58:09.792  3900  4294 E Bugle   : 	at glr.e(SourceFile:52)
03-15 07:58:09.792  3900  4294 E Bugle   : 	at glr.d(SourceFile:39)
03-15 07:58:09.792  3900  4294 E Bugle   : 	at glr.a(SourceFile:63)
03-15 07:58:09.792  3900  4294 E Bugle   : 	at glr.a(SourceFile:59)
03-15 07:58:09.792  3900  4294 E Bugle   : 	at egm.a(SourceFile:83)
03-15 07:58:09.792  3900  4294 E Bugle   : 	at frw.b(SourceFile:21)
03-15 07:58:09.792  3900  4294 E Bugle   : 	at frw.a(SourceFile:8)
03-15 07:58:09.792  3900  4294 E Bugle   : 	at com.google.android.apps.messaging.shared.datamodel.action.ExpireWapPushSiMessageAction.a(SourceFile:21)
03-15 07:58:09.792  3900  4294 E Bugle   : 	at com.google.android.apps.messaging.shared.datamodel.action.ExpireWapPushSiMessageAction.executeAction(SourceFile:4)
03-15 07:58:09.792  3900  4294 E Bugle   : 	at dyn.a(SourceFile:4)
03-15 07:58:09.792  3900  4294 E Bugle   : 	at dxy.run(SourceFile:18)
03-15 07:58:09.792  3900  4294 E Bugle   : 	at java.util.concurrent.ThreadPoolExecutor.runWorker(ThreadPoolExecutor.java:1167)
03-15 07:58:09.792  3900  4294 E Bugle   : 	at java.util.concurrent.ThreadPoolExecutor$Worker.run(ThreadPoolExecutor.java:641)
03-15 07:58:09.792  3900  4294 E Bugle   : 	at java.lang.Thread.run(Thread.java:919)
03-15 07:58:10.102  2391  3270 E ActivityThread: Failed to find provider info for com.google.android.apps.wellbeing.api
03-15 07:58:10.118  2429  2496 E ConfigApiFlagGetter: Error getting feature flag from config
03-15 07:58:10.118  2429  2496 E ConfigApiFlagGetter: java.lang.NullPointerException: Attempt to invoke interface method 'boolean gtb.a()' on a null object reference
03-15 07:58:10.118  2429  2496 E ConfigApiFlagGetter: 	at ftq.a(PG:115)
03-15 07:58:10.118  2429  2496 E ConfigApiFlagGetter: 	at bql.call(PG:4)
03-15 07:58:10.118  2429  2496 E ConfigApiFlagGetter: 	at mfe.b(PG:4)
03-15 07:58:10.118  2429  2496 E ConfigApiFlagGetter: 	at mef.run(PG:5)
03-15 07:58:10.118  2429  2496 E ConfigApiFlagGetter: 	at mfc.run(PG:9)
03-15 07:58:10.118  2429  2496 E ConfigApiFlagGetter: 	at java.util.concurrent.Executors$RunnableAdapter.call(Executors.java:462)
03-15 07:58:10.118  2429  2496 E ConfigApiFlagGetter: 	at java.util.concurrent.FutureTask.run(FutureTask.java:266)
03-15 07:58:10.118  2429  2496 E ConfigApiFlagGetter: 	at ihg.run(PG:11)
03-15 07:58:10.118  2429  2496 E ConfigApiFlagGetter: 	at java.util.concurrent.ThreadPoolExecutor.runWorker(ThreadPoolExecutor.java:1167)
03-15 07:58:10.118  2429  2496 E ConfigApiFlagGetter: 	at java.util.concurrent.ThreadPoolExecutor$Worker.run(ThreadPoolExecutor.java:641)
03-15 07:58:10.118  2429  2496 E ConfigApiFlagGetter: 	at java.lang.Thread.run(Thread.java:919)
03-15 07:58:10.118  2429  2496 E ConfigApiFlagGetter: 	at igq.run(PG:8)
03-15 07:58:10.342  2567  4199 E Auth    : [GoogleAccountDataServiceImpl] getToken() -> BAD_AUTHENTICATION. Account: <ELLIDED:-818113082>, App: com.google.android.gms, Service: ^^_account_id_^^
03-15 07:58:10.342  2567  4199 E Auth    : rse: Long live credential not available.
03-15 07:58:10.342  2567  4199 E Auth    : 	at gdf.a(:com.google.android.gms@202414022@20.24.14 (040700-319035315):18)
03-15 07:58:10.342  2567  4199 E Auth    : 	at gbo.a(:com.google.android.gms@202414022@20.24.14 (040700-319035315):124)
03-15 07:58:10.342  2567  4199 E Auth    : 	at cre.a(:com.google.android.gms@202414022@20.24.14 (040700-319035315):238)
03-15 07:58:10.342  2567  4199 E Auth    : 	at cre.a(:com.google.android.gms@202414022@20.24.14 (040700-319035315):47)
03-15 07:58:10.342  2567  4199 E Auth    : 	at cre.a(:com.google.android.gms@202414022@20.24.14 (040700-319035315):91)
03-15 07:58:10.342  2567  4199 E Auth    : 	at fxy.a(:com.google.android.gms@202414022@20.24.14 (040700-319035315):0)
03-15 07:58:10.342  2567  4199 E Auth    : 	at fye.a(:com.google.android.gms@202414022@20.24.14 (040700-319035315):8)
03-15 07:58:10.342  2567  4199 E Auth    : 	at fye.c(:com.google.android.gms@202414022@20.24.14 (040700-319035315):15)
03-15 07:58:10.342  2567  4199 E Auth    : 	at fye.b(:com.google.android.gms@202414022@20.24.14 (040700-319035315):1)
03-15 07:58:10.342  2567  4199 E Auth    : 	at fye.b(:com.google.android.gms@202414022@20.24.14 (040700-319035315):2)
03-15 07:58:10.342  2567  4199 E Auth    : 	at fye.f(:com.google.android.gms@202414022@20.24.14 (040700-319035315):0)
03-15 07:58:10.342  2567  4199 E Auth    : 	at awqe.call(Unknown Source:0)
03-15 07:58:10.342  2567  4199 E Auth    : 	at java.util.concurrent.FutureTask.run(FutureTask.java:266)
03-15 07:58:10.342  2567  4199 E Auth    : 	at soy.b(:com.google.android.gms@202414022@20.24.14 (040700-319035315):12)
03-15 07:58:10.342  2567  4199 E Auth    : 	at soy.run(:com.google.android.gms@202414022@20.24.14 (040700-319035315):7)
03-15 07:58:10.342  2567  4199 E Auth    : 	at java.util.concurrent.ThreadPoolExecutor.runWorker(ThreadPoolExecutor.java:1167)
03-15 07:58:10.342  2567  4199 E Auth    : 	at java.util.concurrent.ThreadPoolExecutor$Worker.run(ThreadPoolExecutor.java:641)
03-15 07:58:10.342  2567  4199 E Auth    : 	at sux.run(:com.google.android.gms@202414022@20.24.14 (040700-319035315):0)
03-15 07:58:10.342  2567  4199 E Auth    : 	at java.lang.Thread.run(Thread.java:919)
03-15 07:58:10.358  4029  4228 E CarrierServices: [243] cqf.a: Invalid signature found for com.android.contacts: E39B7BFBE0A67D78292F6CC62E06CA27A2EBF255
03-15 07:58:10.373  4029  4228 E CarrierServices: [243] cqf.a: Invalid signature found for com.android.contacts: E39B7BFBE0A67D78292F6CC62E06CA27A2EBF255
03-15 07:58:10.401  2567  3421 E awpr    : Exception occurred while getting SettingsStore instance.
03-15 07:58:10.401  2567  3421 E awpr    : java.util.concurrent.ExecutionException: com.google.android.gms.auth.UserRecoverableAuthException: BadAuthentication
03-15 07:58:10.401  2567  3421 E awpr    : 	at java.util.concurrent.FutureTask.report(FutureTask.java:123)
03-15 07:58:10.401  2567  3421 E awpr    : 	at java.util.concurrent.FutureTask.get(FutureTask.java:207)
03-15 07:58:10.401  2567  3421 E awpr    : 	at awpr.b(:com.google.android.gms@202414022@20.24.14 (040700-319035315):3)
03-15 07:58:10.401  2567  3421 E awpr    : 	at awpr.a(:com.google.android.gms@202414022@20.24.14 (040700-319035315):22)
03-15 07:58:10.401  2567  3421 E awpr    : 	at awky.a(:com.google.android.gms@202414022@20.24.14 (040700-319035315):7)
03-15 07:58:10.401  2567  3421 E awpr    : 	at awky.a(:com.google.android.gms@202414022@20.24.14 (040700-319035315):20)
03-15 07:58:10.401  2567  3421 E awpr    : 	at aabt.run(:com.google.android.gms@202414022@20.24.14 (040700-319035315):9)
03-15 07:58:10.401  2567  3421 E awpr    : 	at bnin.run(:com.google.android.gms@202414022@20.24.14 (040700-319035315):2)
03-15 07:58:10.401  2567  3421 E awpr    : 	at soy.b(:com.google.android.gms@202414022@20.24.14 (040700-319035315):12)
03-15 07:58:10.401  2567  3421 E awpr    : 	at soy.run(:com.google.android.gms@202414022@20.24.14 (040700-319035315):7)
03-15 07:58:10.401  2567  3421 E awpr    : 	at java.util.concurrent.ThreadPoolExecutor.runWorker(ThreadPoolExecutor.java:1167)
03-15 07:58:10.401  2567  3421 E awpr    : 	at java.util.concurrent.ThreadPoolExecutor$Worker.run(ThreadPoolExecutor.java:641)
03-15 07:58:10.401  2567  3421 E awpr    : 	at sux.run(:com.google.android.gms@202414022@20.24.14 (040700-319035315):0)
03-15 07:58:10.401  2567  3421 E awpr    : 	at java.lang.Thread.run(Thread.java:919)
03-15 07:58:10.401  2567  3421 E awpr    : Caused by: com.google.android.gms.auth.UserRecoverableAuthException: BadAuthentication
03-15 07:58:10.401  2567  3421 E awpr    : 	at fye.a(:com.google.android.gms@202414022@20.24.14 (040700-319035315):3)
03-15 07:58:10.401  2567  3421 E awpr    : 	at fxy.a(:com.google.android.gms@202414022@20.24.14 (040700-319035315):0)
03-15 07:58:10.401  2567  3421 E awpr    : 	at fye.a(:com.google.android.gms@202414022@20.24.14 (040700-319035315):8)
03-15 07:58:10.401  2567  3421 E awpr    : 	at fye.c(:com.google.android.gms@202414022@20.24.14 (040700-319035315):15)
03-15 07:58:10.401  2567  3421 E awpr    : 	at fye.b(:com.google.android.gms@202414022@20.24.14 (040700-319035315):1)
03-15 07:58:10.401  2567  3421 E awpr    : 	at fye.b(:com.google.android.gms@202414022@20.24.14 (040700-319035315):2)
03-15 07:58:10.401  2567  3421 E awpr    : 	at fye.f(:com.google.android.gms@202414022@20.24.14 (040700-319035315):0)
03-15 07:58:10.401  2567  3421 E awpr    : 	at awqe.call(Unknown Source:0)
03-15 07:58:10.401  2567  3421 E awpr    : 	at java.util.concurrent.FutureTask.run(FutureTask.java:266)
03-15 07:58:10.401  2567  3421 E awpr    : 	... 6 more
03-15 07:58:11.050  1747  4393 E ResolverController: No valid NAT64 prefix (100, <unspecified>/0)
03-15 07:58:11.068  2567  2567 E BluetoothAdapter: Bluetooth binder is null
03-15 07:58:11.076  2567  2567 E BeaconBle: Missing BluetoothAdapter [CONTEXT service_id=111 ]
03-15 07:58:11.428  2014  2043 E memtrack: Couldn't load memtrack module
03-15 07:58:11.629  2567  2567 E BeaconBle: Scan couldn't start for Places [CONTEXT service_id=111 ]
03-15 07:58:12.141  4471  4471 E ConfigUpdater: ignoring update request
03-15 07:58:12.167  4471  4471 E ConfigUpdater: ignoring update request
03-15 07:58:12.168  1747  4495 E ResolverController: No valid NAT64 prefix (100, <unspecified>/0)
03-15 07:58:12.175  4471  4471 E ConfigUpdater: ignoring update request
03-15 07:58:12.251  4471  4471 E ConfigUpdater: ignoring update request
03-15 07:58:12.568  1747  4565 E ResolverController: No valid NAT64 prefix (100, <unspecified>/0)
03-15 07:58:12.822  2706  3751 E TelephonySpam: SpamListSync - Unable to fetch spam numbers
03-15 07:58:12.822  2706  3751 E TelephonySpam: ckdr: UNAVAILABLE
03-15 07:58:12.822  2706  3751 E TelephonySpam: 	at ckdq.c(:com.google.android.gms@202414022@20.24.14 (040700-319035315):3)
03-15 07:58:12.822  2706  3751 E TelephonySpam: 	at sjo.a(:com.google.android.gms@202414022@20.24.14 (040700-319035315):48)
03-15 07:58:12.822  2706  3751 E TelephonySpam: 	at avot.a(:com.google.android.gms@202414022@20.24.14 (040700-319035315):24)
03-15 07:58:12.822  2706  3751 E TelephonySpam: 	at com.google.android.gms.telephonyspam.sync.TelephonySpamChimeraService.a(:com.google.android.gms@202414022@20.24.14 (040700-319035315):13)
03-15 07:58:12.822  2706  3751 E TelephonySpam: 	at aeme.call(Unknown Source:0)
03-15 07:58:12.822  2706  3751 E TelephonySpam: 	at java.util.concurrent.FutureTask.run(FutureTask.java:266)
03-15 07:58:12.822  2706  3751 E TelephonySpam: 	at soy.b(:com.google.android.gms@202414022@20.24.14 (040700-319035315):12)
03-15 07:58:12.822  2706  3751 E TelephonySpam: 	at soy.run(:com.google.android.gms@202414022@20.24.14 (040700-319035315):7)
03-15 07:58:12.822  2706  3751 E TelephonySpam: 	at java.util.concurrent.ThreadPoolExecutor.runWorker(ThreadPoolExecutor.java:1167)
03-15 07:58:12.822  2706  3751 E TelephonySpam: 	at java.util.concurrent.ThreadPoolExecutor$Worker.run(ThreadPoolExecutor.java:641)
03-15 07:58:12.822  2706  3751 E TelephonySpam: 	at sux.run(:com.google.android.gms@202414022@20.24.14 (040700-319035315):0)
03-15 07:58:12.822  2706  3751 E TelephonySpam: 	at java.lang.Thread.run(Thread.java:919)
03-15 07:58:12.822  2706  3751 E TelephonySpam: Caused by: javax.net.ssl.SSLHandshakeException: SSL handshake aborted: ssl=0xd93611f8: I/O error during system call, Connection reset by peer
03-15 07:58:12.822  2706  3751 E TelephonySpam: 	at com.google.android.gms.org.conscrypt.NativeCrypto.SSL_do_handshake(Native Method)
03-15 07:58:12.822  2706  3751 E TelephonySpam: 	at com.google.android.gms.org.conscrypt.NativeSsl.doHandshake(:com.google.android.gms@202414022@20.24.14 (040700-319035315):6)
03-15 07:58:12.822  2706  3751 E TelephonySpam: 	at com.google.android.gms.org.conscrypt.ConscryptFileDescriptorSocket.startHandshake(:com.google.android.gms@202414022@20.24.14 (040700-319035315):16)
03-15 07:58:12.822  2706  3751 E TelephonySpam: 	at arcm.a(:com.google.android.gms@202414022@20.24.14 (040700-319035315):22)
03-15 07:58:12.822  2706  3751 E TelephonySpam: 	at arcm.createSocket(:com.google.android.gms@202414022@20.24.14 (040700-319035315):9)
03-15 07:58:12.822  2706  3751 E TelephonySpam: 	at ckpj.a(:com.google.android.gms@202414022@20.24.14 (040700-319035315):1)
03-15 07:58:12.822  2706  3751 E TelephonySpam: 	at ckoz.run(:com.google.android.gms@202414022@20.24.14 (040700-319035315):30)
03-15 07:58:12.822  2706  3751 E TelephonySpam: 	at cknl.run(:com.google.android.gms@202414022@20.24.14 (040700-319035315):2)
03-15 07:58:12.822  2706  3751 E TelephonySpam: 	... 6 more
03-15 07:58:13.428  2784  4664 E LibraryVersion: Failed to get app version for libraryName: firebase-iid
03-15 07:58:13.508  1747  4678 E ResolverController: No valid NAT64 prefix (100, <unspecified>/0)
03-15 07:58:14.479  2706  3007 E ConfigFileUtils: Failed to read config file: /data/user_de/0/com.google.android.gms/app_chimera/current_modules_init.pb: open failed: ENOENT (No such file or directory)
03-15 07:58:14.528  2706  4634 E PhenotypeRegOp: Attempting to overwrite config package for com.google.android.gms.car [CONTEXT service_id=231 ]
03-15 07:58:14.608  2706  4634 E PhenotypeRegOp: Attempting to overwrite config package for com.google.android.gms.games [CONTEXT service_id=231 ]
03-15 07:58:14.609  2706  4634 E PhenotypeRegOp: Attempting to overwrite config package for com.google.android.gms.mobile_data_plan [CONTEXT service_id=231 ]
03-15 07:58:14.615  2706  4634 E PhenotypeRegOp: Attempting to overwrite config package for com.google.android.gms.signin [CONTEXT service_id=231 ]
03-15 07:58:14.616  2706  4634 E PhenotypeRegOp: Attempting to overwrite config package for com.google.android.gms.udc [CONTEXT service_id=231 ]
03-15 07:58:14.838  2567  3060 E BluetoothAdapter: Bluetooth binder is null
03-15 07:58:14.900  2706  3195 E GmsClient: unable to connect to service: com.google.android.gms.auth.key.retrieval.service.START on com.google.android.gms
03-15 07:58:15.295  3900  4357 E BugleRcsEngine: [261] odm.getFile: File not found.: /data/user/0/com.google.android.apps.messaging/files/httpft_pending: open failed: ENOENT (No such file or directory)
03-15 07:58:15.295  3900  4357 E BugleRcsEngine: 	libcore.io.IoBridge.open(IoBridge.java:496)
03-15 07:58:15.295  3900  4357 E BugleRcsEngine: 	java.io.FileInputStream.<init>(FileInputStream.java:159)
03-15 07:58:15.295  3900  4357 E BugleRcsEngine: 	android.app.ContextImpl.openFileInput(ContextImpl.java:600)
03-15 07:58:15.295  3900  4357 E BugleRcsEngine: 	android.content.ContextWrapper.openFileInput(ContextWrapper.java:206)
03-15 07:58:15.295  3900  4357 E BugleRcsEngine: 	odm.getFile(SourceFile:51)
03-15 07:58:15.295  3900  4357 E BugleRcsEngine: 	odm.buildFiles(SourceFile:7)
03-15 07:58:15.295  3900  4357 E BugleRcsEngine: 	com.google.android.apps.messaging.rcsmigration.RcsStateProvider.buildRcsState(SourceFile:63)
03-15 07:58:15.295  3900  4357 E BugleRcsEngine: 	com.google.android.apps.messaging.rcsmigration.RcsStateProvider.getRcsState(SourceFile:6)
03-15 07:58:15.295  3900  4357 E BugleRcsEngine: 	com.google.android.ims.rcsmigration.IRcsStateProvider$Stub.dispatchTransaction(SourceFile:6)
03-15 07:58:15.295  3900  4357 E BugleRcsEngine: 	com.google.android.aidl.BaseStub.onTransact(SourceFile:11)
03-15 07:58:15.295  3900  4357 E BugleRcsEngine: 	android.os.Binder.execTransactInternal(Binder.java:1021)
03-15 07:58:15.295  3900  4357 E BugleRcsEngine: 	android.os.Binder.execTransact(Binder.java:994)
03-15 07:58:15.301  1747  4810 E ResolverController: No valid NAT64 prefix (100, <unspecified>/0)
03-15 07:58:15.329  1747  4772 E ResolverController: No valid NAT64 prefix (100, <unspecified>/0)
03-15 07:58:16.202  4820  4820 E BluetoothAdapter: Bluetooth binder is null
03-15 07:58:16.767  4863  4863 E YouTube : flushBinderConnectionCallbacks is unverified on SDK 29
03-15 07:58:16.833  4893  4893 E BluetoothAdapter: Bluetooth binder is null
03-15 07:58:16.840  4893  4893 E BluetoothAdapter: Bluetooth binder is null
03-15 07:58:16.909  1747  4950 E ResolverController: No valid NAT64 prefix (100, <unspecified>/0)
03-15 07:58:17.001  1747  4987 E ResolverController: No valid NAT64 prefix (100, <unspecified>/0)
03-15 07:58:17.050  4863  4934 E GEL_DELAYED_EVENT_DEBUG: Failed delayed event dispatch, no dispatchers.
03-15 07:58:17.787  4954  4954 E CAR.TEL.Service: Failed to bind to InCallService [CONTEXT service_id=13 ]
03-15 07:58:17.834  1747  5126 E ResolverController: No valid NAT64 prefix (100, <unspecified>/0)
03-15 07:58:17.880  1747  5133 E ResolverController: No valid NAT64 prefix (100, <unspecified>/0)
03-15 07:58:18.235  1747  5147 E ResolverController: No valid NAT64 prefix (100, <unspecified>/0)
03-15 07:58:19.014  2567  2567 E BluetoothAdapter: Bluetooth binder is null
03-15 07:58:19.132  2706  5308 E GmsRequestQueue: Tried to stop global GMSCore RequestQueue. This is likely unintended, so ignoring.
03-15 07:58:19.387  3245  3245 E GooglePartnerSetup: Phenotype client.register: true
03-15 07:58:19.518  1747  5380 E ResolverController: No valid NAT64 prefix (100, <unspecified>/0)
03-15 07:58:19.666  2706  3007 E JavaBinder: !!! FAILED BINDER TRANSACTION !!!  (parcel size = 1056768)
03-15 07:58:19.999  2014  2043 E memtrack: Couldn't load memtrack module
03-15 07:58:20.006  2706  3007 E gle.android.gm: Invalid ID 0x00000000.
03-15 07:58:20.071  2706  3007 E gle.android.gm: Invalid ID 0x00000000.
03-15 07:58:20.758  2784  3078 E ModelDnldProcssHelpr: pending download info for pending_hotword_model_download_info is null
03-15 07:58:20.781  2784  3287 E DownloadManagerWrapper: Can't find downloadId=8
03-15 07:58:20.820  2706  5299 E ConfigFileUtils: Failed to read config file: /data/user_de/0/com.google.android.gms/app_chimera/next_container.pb: open failed: ENOENT (No such file or directory)
03-15 07:58:20.901  2706  3684 E WakeLock: DG:service ** IS FORCE-RELEASED ON TIMEOUT **
03-15 07:58:21.105  1747  5447 E ResolverController: No valid NAT64 prefix (100, <unspecified>/0)
03-15 07:58:21.333  2014  2043 E memtrack: Couldn't load memtrack module
03-15 07:58:21.491  2014  2043 E memtrack: Couldn't load memtrack module
03-15 07:58:21.676  2014  2043 E memtrack: Couldn't load memtrack module
03-15 07:58:21.681  2014  2043 E memtrack: Couldn't load memtrack module
03-15 07:58:22.220  2014  2043 E memtrack: Couldn't load memtrack module
03-15 07:58:22.278  2567  3421 E WakeLock: NlpWakeLock ** IS FORCE-RELEASED ON TIMEOUT **
03-15 07:58:22.883  2014  2043 E memtrack: Couldn't load memtrack module
03-15 07:58:22.947  2784  3347 E LocalNetworkId: Can not find ARP file or impossible to read file.
03-15 07:58:22.947  2784  3347 E LocalNetworkId: java.io.FileNotFoundException: proc/net/arp: open failed: EACCES (Permission denied)
03-15 07:58:22.947  2784  3347 E LocalNetworkId: 	at libcore.io.IoBridge.open(IoBridge.java:496)
03-15 07:58:22.947  2784  3347 E LocalNetworkId: 	at java.io.FileInputStream.<init>(FileInputStream.java:159)
03-15 07:58:22.947  2784  3347 E LocalNetworkId: 	at java.io.FileReader.<init>(FileReader.java:72)
03-15 07:58:22.947  2784  3347 E LocalNetworkId: 	at com.google.android.apps.gsa.search.core.google.a.q.b(SourceFile:71)
03-15 07:58:22.947  2784  3347 E LocalNetworkId: 	at com.google.android.apps.gsa.search.core.google.a.q.a(SourceFile:23)
03-15 07:58:22.947  2784  3347 E LocalNetworkId: 	at com.google.android.apps.gsa.staticplugins.g.g.a(Unknown Source:1)
03-15 07:58:22.947  2784  3347 E LocalNetworkId: 	at com.google.android.apps.gsa.v.d.a.d.call(Unknown Source:2)
03-15 07:58:22.947  2784  3347 E LocalNetworkId: 	at java.util.concurrent.FutureTask.run(FutureTask.java:266)
03-15 07:58:22.947  2784  3347 E LocalNetworkId: 	at com.google.android.apps.gsa.v.d.a.f.run(SourceFile:16)
03-15 07:58:22.947  2784  3347 E LocalNetworkId: 	at com.google.android.apps.gsa.v.d.a.n.run(Unknown Source:3)
03-15 07:58:22.947  2784  3347 E LocalNetworkId: 	at com.google.android.apps.gsa.shared.util.c.b.f.run(Unknown Source:3)
03-15 07:58:22.947  2784  3347 E LocalNetworkId: 	at com.google.android.apps.gsa.shared.util.c.b.bj.run(SourceFile:3)
03-15 07:58:22.947  2784  3347 E LocalNetworkId: 	at java.util.concurrent.ThreadPoolExecutor.runWorker(ThreadPoolExecutor.java:1167)
03-15 07:58:22.947  2784  3347 E LocalNetworkId: 	at java.util.concurrent.ThreadPoolExecutor$Worker.run(ThreadPoolExecutor.java:641)
03-15 07:58:22.947  2784  3347 E LocalNetworkId: 	at java.lang.Thread.run(Thread.java:919)
03-15 07:58:22.947  2784  3347 E LocalNetworkId: 	at com.google.android.apps.gsa.shared.util.c.b.m.run(SourceFile:6)
03-15 07:58:22.947  2784  3347 E LocalNetworkId: Caused by: android.system.ErrnoException: open failed: EACCES (Permission denied)
03-15 07:58:22.947  2784  3347 E LocalNetworkId: 	at libcore.io.Linux.open(Native Method)
03-15 07:58:22.947  2784  3347 E LocalNetworkId: 	at libcore.io.ForwardingOs.open(ForwardingOs.java:167)
03-15 07:58:22.947  2784  3347 E LocalNetworkId: 	at libcore.io.BlockGuardOs.open(BlockGuardOs.java:252)
03-15 07:58:22.947  2784  3347 E LocalNetworkId: 	at libcore.io.ForwardingOs.open(ForwardingOs.java:167)
03-15 07:58:22.947  2784  3347 E LocalNetworkId: 	at android.app.ActivityThread$AndroidOs.open(ActivityThread.java:7255)
03-15 07:58:22.947  2784  3347 E LocalNetworkId: 	at libcore.io.IoBridge.open(IoBridge.java:482)
03-15 07:58:22.947  2784  3347 E LocalNetworkId: 	... 15 more
03-15 07:58:24.051  1747  5500 E ResolverController: No valid NAT64 prefix (100, <unspecified>/0)
03-15 07:58:25.106  2391  3270 E ActivityThread: Failed to find provider info for com.google.android.apps.wellbeing.api
03-15 07:58:25.909  2429  3417 E HttpClientWrapper: Exception occurred while executing network request.
03-15 07:58:25.909  2429  3417 E HttpClientWrapper: java.net.SocketTimeoutException: failed to connect to g.tenor.com/2001::a27d:1183 (port 443) from /fec0::a4d4:7204:c2e2:4f99 (port 40482) after 10000ms
03-15 07:58:25.909  2429  3417 E HttpClientWrapper: 	at libcore.io.IoBridge.connectErrno(IoBridge.java:191)
03-15 07:58:25.909  2429  3417 E HttpClientWrapper: 	at libcore.io.IoBridge.connect(IoBridge.java:135)
03-15 07:58:25.909  2429  3417 E HttpClientWrapper: 	at java.net.PlainSocketImpl.socketConnect(PlainSocketImpl.java:142)
03-15 07:58:25.909  2429  3417 E HttpClientWrapper: 	at java.net.AbstractPlainSocketImpl.doConnect(AbstractPlainSocketImpl.java:390)
03-15 07:58:25.909  2429  3417 E HttpClientWrapper: 	at java.net.AbstractPlainSocketImpl.connectToAddress(AbstractPlainSocketImpl.java:230)
03-15 07:58:25.909  2429  3417 E HttpClientWrapper: 	at java.net.AbstractPlainSocketImpl.connect(AbstractPlainSocketImpl.java:212)
03-15 07:58:25.909  2429  3417 E HttpClientWrapper: 	at java.net.SocksSocketImpl.connect(SocksSocketImpl.java:436)
03-15 07:58:25.909  2429  3417 E HttpClientWrapper: 	at java.net.Socket.connect(Socket.java:621)
03-15 07:58:25.909  2429  3417 E HttpClientWrapper: 	at opu.a(PG:8)
03-15 07:58:25.909  2429  3417 E HttpClientWrapper: 	at omu.a(PG:17)
03-15 07:58:25.909  2429  3417 E HttpClientWrapper: 	at omz.a(PG:80)
03-15 07:58:25.909  2429  3417 E HttpClientWrapper: 	at omz.a(PG:27)
03-15 07:58:25.909  2429  3417 E HttpClientWrapper: 	at omz.a(PG:13)
03-15 07:58:25.909  2429  3417 E HttpClientWrapper: 	at oms.a(PG:7)
03-15 07:58:25.909  2429  3417 E HttpClientWrapper: 	at onj.a(PG:29)
03-15 07:58:25.909  2429  3417 E HttpClientWrapper: 	at onj.a(PG:18)
03-15 07:58:25.909  2429  3417 E HttpClientWrapper: 	at ome.a(PG:16)
03-15 07:58:25.909  2429  3417 E HttpClientWrapper: 	at onj.a(PG:29)
03-15 07:58:25.909  2429  3417 E HttpClientWrapper: 	at onj.a(PG:18)
03-15 07:58:25.909  2429  3417 E HttpClientWrapper: 	at onb.a(PG:24)
03-15 07:58:25.909  2429  3417 E HttpClientWrapper: 	at onj.a(PG:29)
03-15 07:58:25.909  2429  3417 E HttpClientWrapper: 	at onl.a(PG:11)
03-15 07:58:25.909  2429  3417 E HttpClientWrapper: 	at onj.a(PG:29)
03-15 07:58:25.909  2429  3417 E HttpClientWrapper: 	at onj.a(PG:18)
03-15 07:58:25.909  2429  3417 E HttpClientWrapper: 	at oll.f(PG:83)
03-15 07:58:25.909  2429  3417 E HttpClientWrapper: 	at oll.b(PG:17)
03-15 07:58:25.909  2429  3417 E HttpClientWrapper: 	at eul.a(PG:37)
03-15 07:58:25.909  2429  3417 E HttpClientWrapper: 	at ety.a(PG:21)
03-15 07:58:25.909  2429  3417 E HttpClientWrapper: 	at eqo.b(PG:24)
03-15 07:58:25.909  2429  3417 E HttpClientWrapper: 	at eqj.a(PG:15)
03-15 07:58:25.909  2429  3417 E HttpClientWrapper: 	at fea.call(Unknown Source:2)
03-15 07:58:25.909  2429  3417 E HttpClientWrapper: 	at mfe.b(PG:4)
03-15 07:58:25.909  2429  3417 E HttpClientWrapper: 	at mef.run(PG:5)
03-15 07:58:25.909  2429  3417 E HttpClientWrapper: 	at mfc.run(PG:9)
03-15 07:58:25.909  2429  3417 E HttpClientWrapper: 	at ihe.run(PG:26)
03-15 07:58:25.909  2429  3417 E HttpClientWrapper: 	at java.util.concurrent.ThreadPoolExecutor.runWorker(ThreadPoolExecutor.java:1167)
03-15 07:58:25.909  2429  3417 E HttpClientWrapper: 	at java.util.concurrent.ThreadPoolExecutor$Worker.run(ThreadPoolExecutor.java:641)
03-15 07:58:25.909  2429  3417 E HttpClientWrapper: 	at java.lang.Thread.run(Thread.java:919)
03-15 07:58:25.909  2429  3417 E HttpClientWrapper: 	at igq.run(PG:8)
03-15 07:58:25.955  2014  2111 E ReportEncoder: No watchlist hash
03-15 07:58:27.158  1747  5504 E ResolverController: No valid NAT64 prefix (100, <unspecified>/0)
03-15 07:58:27.914  1747  5129 E ResolverController: No valid NAT64 prefix (100, <unspecified>/0)
03-15 07:58:27.916  1747  5492 E ResolverController: No valid NAT64 prefix (100, <unspecified>/0)
03-15 07:58:30.138  2014  2043 E memtrack: Couldn't load memtrack module
03-15 07:58:30.141  2014  2043 E memtrack: Couldn't load memtrack module
03-15 07:58:30.143  2014  2043 E memtrack: Couldn't load memtrack module
03-15 07:58:30.146  2014  2043 E memtrack: Couldn't load memtrack module
03-15 07:58:30.148  2014  2043 E memtrack: Couldn't load memtrack module
03-15 07:58:31.505  2014  2043 E memtrack: Couldn't load memtrack module
03-15 07:58:31.510  2014  2043 E memtrack: Couldn't load memtrack module
03-15 07:58:31.897  2784  2784 E SearchServiceStarter: Task COMMON_BROADCAST_MESSAGE_RECEIVED failed or timed out. Client 12245808817995785 disconnecting from SearchService!
03-15 07:58:31.897  2784  2784 E SearchServiceStarter: java.util.concurrent.CancellationException: Task was cancelled.
03-15 07:58:31.897  2784  2784 E SearchServiceStarter: 	at com.google.common.s.a.c.b(SourceFile:103)
03-15 07:58:31.897  2784  2784 E SearchServiceStarter: 	at com.google.common.s.a.c.get(SourceFile:81)
03-15 07:58:31.897  2784  2784 E SearchServiceStarter: 	at com.google.common.s.a.da.a(SourceFile:1)
03-15 07:58:31.897  2784  2784 E SearchServiceStarter: 	at com.google.common.s.a.bh.a(SourceFile:34)
03-15 07:58:31.897  2784  2784 E SearchServiceStarter: 	at com.google.common.s.a.bj.run(SourceFile:4)
03-15 07:58:31.897  2784  2784 E SearchServiceStarter: 	at com.google.android.apps.gsa.shared.util.c.b.be.run(SourceFile:2)
03-15 07:58:31.897  2784  2784 E SearchServiceStarter: 	at android.os.Handler.handleCallback(Handler.java:883)
03-15 07:58:31.897  2784  2784 E SearchServiceStarter: 	at android.os.Handler.dispatchMessage(Handler.java:100)
03-15 07:58:31.897  2784  2784 E SearchServiceStarter: 	at android.os.Looper.loop(Looper.java:214)
03-15 07:58:31.897  2784  2784 E SearchServiceStarter: 	at android.app.ActivityThread.main(ActivityThread.java:7356)
03-15 07:58:31.897  2784  2784 E SearchServiceStarter: 	at java.lang.reflect.Method.invoke(Native Method)
03-15 07:58:31.897  2784  2784 E SearchServiceStarter: 	at com.android.internal.os.RuntimeInit$MethodAndArgsCaller.run(RuntimeInit.java:492)
03-15 07:58:31.897  2784  2784 E SearchServiceStarter: 	at com.android.internal.os.ZygoteInit.main(ZygoteInit.java:930)
03-15 07:58:31.909  2014  2043 E memtrack: Couldn't load memtrack module
03-15 07:58:31.946  2936  5562 E MultiDisplayService: invalid parameters for add/modify display
03-15 07:58:32.065  2014  2043 E memtrack: Couldn't load memtrack module
03-15 07:58:32.418  2014  2043 E memtrack: Couldn't load memtrack module
03-15 07:58:32.469  5603  5656 E BluetoothAdapter: Bluetooth binder is null
03-15 07:58:32.562  1747  5661 E ResolverController: No valid NAT64 prefix (100, <unspecified>/0)
03-15 07:58:32.676  2014  2043 E memtrack: Couldn't load memtrack module
03-15 07:58:32.846  2014  2043 E memtrack: Couldn't load memtrack module
03-15 07:58:33.296  4863  5132 E YouTube : Failed to fetch settings
03-15 07:58:33.296  4863  5132 E YouTube : java.lang.InterruptedException
03-15 07:58:33.296  4863  5132 E YouTube : 	at anki.get(SourceFile:89)
03-15 07:58:33.296  4863  5132 E YouTube : 	at dyv.a(SourceFile:5)
03-15 07:58:33.296  4863  5132 E YouTube : 	at wsr.a(SourceFile:7)
03-15 07:58:33.296  4863  5132 E YouTube : 	at com.google.android.libraries.youtube.common.gcm.YouTubeGcmTaskService.a(SourceFile:18)
03-15 07:58:33.296  4863  5132 E YouTube : 	at com.google.android.libraries.youtube.common.gcore.gcoreclient.gcm.impl.GcmTaskServiceDelegator.a(SourceFile:11)
03-15 07:58:33.296  4863  5132 E YouTube : 	at qbk.run(SourceFile:18)
03-15 07:58:33.296  4863  5132 E YouTube : 	at java.util.concurrent.ThreadPoolExecutor.runWorker(ThreadPoolExecutor.java:1167)
03-15 07:58:33.296  4863  5132 E YouTube : 	at java.util.concurrent.ThreadPoolExecutor$Worker.run(ThreadPoolExecutor.java:641)
03-15 07:58:33.296  4863  5132 E YouTube : 	at java.lang.Thread.run(Thread.java:919)
03-15 07:58:33.556  2706  3751 E SQLiteLog: (5) statement aborts at 1: [PRAGMA journal_mode=TRUNCATE] database is locked
03-15 07:58:33.843  2567  2567 E BluetoothAdapter: Bluetooth binder is null
03-15 07:58:33.865  2567  5663 E NetworkScheduler.ATC: Called cancelTask for already completed task com.google.android.gms/.phenotype.service.sync.PackageUpdateTaskService{u=0 tag="PhenotypeCatchupPackageUpdate-Timeout" trigger=window{start=82800s,end=86400s,earliest=-6720797s,latest=-6717197s} requirements=[NET_CONNECTED] attributes=[PERSISTED] scheduled=-6803597s last_run=0s jid=N/A status=ACTIVE retries=0 client_lib=GMS_TASK_SCHEDULER-202414000} :1 [CONTEXT service_id=218 ]
03-15 07:58:34.708  2784  3168 E LocalNetworkId: Can not find ARP file or impossible to read file.
03-15 07:58:34.708  2784  3168 E LocalNetworkId: java.io.FileNotFoundException: proc/net/arp: open failed: EACCES (Permission denied)
03-15 07:58:34.708  2784  3168 E LocalNetworkId: 	at libcore.io.IoBridge.open(IoBridge.java:496)
03-15 07:58:34.708  2784  3168 E LocalNetworkId: 	at java.io.FileInputStream.<init>(FileInputStream.java:159)
03-15 07:58:34.708  2784  3168 E LocalNetworkId: 	at java.io.FileReader.<init>(FileReader.java:72)
03-15 07:58:34.708  2784  3168 E LocalNetworkId: 	at com.google.android.apps.gsa.search.core.google.a.q.b(SourceFile:71)
03-15 07:58:34.708  2784  3168 E LocalNetworkId: 	at com.google.android.apps.gsa.search.core.google.a.q.a(SourceFile:23)
03-15 07:58:34.708  2784  3168 E LocalNetworkId: 	at com.google.android.apps.gsa.staticplugins.g.g.a(Unknown Source:1)
03-15 07:58:34.708  2784  3168 E LocalNetworkId: 	at com.google.android.apps.gsa.v.d.a.d.call(Unknown Source:2)
03-15 07:58:34.708  2784  3168 E LocalNetworkId: 	at java.util.concurrent.FutureTask.run(FutureTask.java:266)
03-15 07:58:34.708  2784  3168 E LocalNetworkId: 	at com.google.android.apps.gsa.v.d.a.f.run(SourceFile:16)
03-15 07:58:34.708  2784  3168 E LocalNetworkId: 	at com.google.android.apps.gsa.v.d.a.n.run(Unknown Source:3)
03-15 07:58:34.708  2784  3168 E LocalNetworkId: 	at com.google.android.apps.gsa.shared.util.c.b.f.run(Unknown Source:3)
03-15 07:58:34.708  2784  3168 E LocalNetworkId: 	at com.google.android.apps.gsa.shared.util.c.b.bj.run(SourceFile:3)
03-15 07:58:34.708  2784  3168 E LocalNetworkId: 	at java.util.concurrent.ThreadPoolExecutor.runWorker(ThreadPoolExecutor.java:1167)
03-15 07:58:34.708  2784  3168 E LocalNetworkId: 	at java.util.concurrent.ThreadPoolExecutor$Worker.run(ThreadPoolExecutor.java:641)
03-15 07:58:34.708  2784  3168 E LocalNetworkId: 	at java.lang.Thread.run(Thread.java:919)
03-15 07:58:34.708  2784  3168 E LocalNetworkId: 	at com.google.android.apps.gsa.shared.util.c.b.m.run(SourceFile:6)
03-15 07:58:34.708  2784  3168 E LocalNetworkId: Caused by: android.system.ErrnoException: open failed: EACCES (Permission denied)
03-15 07:58:34.708  2784  3168 E LocalNetworkId: 	at libcore.io.Linux.open(Native Method)
03-15 07:58:34.708  2784  3168 E LocalNetworkId: 	at libcore.io.ForwardingOs.open(ForwardingOs.java:167)
03-15 07:58:34.708  2784  3168 E LocalNetworkId: 	at libcore.io.BlockGuardOs.open(BlockGuardOs.java:252)
03-15 07:58:34.708  2784  3168 E LocalNetworkId: 	at libcore.io.ForwardingOs.open(ForwardingOs.java:167)
03-15 07:58:34.708  2784  3168 E LocalNetworkId: 	at android.app.ActivityThread$AndroidOs.open(ActivityThread.java:7255)
