03-15 07:59:28.036  6146  6146 E THREAD_STATE:     java.io.BufferedInputStream.read(BufferedInputStream.java:347)
03-15 07:59:28.036  6146  6146 E THREAD_STATE:     fi.iki.elonen.NanoHTTPD$HTTPSession.execute(NanoHTTPD.java:881)
03-15 07:59:28.036  6146  6146 E THREAD_STATE:     fi.iki.elonen.NanoHTTPD$ClientHandler.run(NanoHTTPD.java:192)
03-15 07:59:28.036  6146  6146 E THREAD_STATE:     java.lang.Thread.run(Thread.java:919)
03-15 07:59:28.036  6146  6146 E THREAD_STATE: 
03-15 07:59:28.036  6146  6146 E THREAD_STATE:   Thread[SoundPool,5,main]
03-15 07:59:28.036  6146  6146 E THREAD_STATE: 
03-15 07:59:28.036  6146  6146 E THREAD_STATE:   Thread[RenderThread,7,main]
03-15 07:59:28.036  6146  6146 E THREAD_STATE: 
03-15 07:59:28.036  6146  6146 E THREAD_STATE:   Thread[Profile Saver,5,system]
03-15 07:59:28.036  6146  6146 E THREAD_STATE: 
03-15 07:59:28.036  6146  6146 E THREAD_STATE:   Thread[Binder:6146_1,5,main]
03-15 07:59:28.036  6146  6146 E THREAD_STATE: 
03-15 07:59:28.036  6146  6146 E THREAD_STATE:   Thread[NanoHttpd Main Listener,5,main]
03-15 07:59:28.036  6146  6146 E THREAD_STATE:     libcore.io.Linux.poll(Native Method)
03-15 07:59:28.036  6146  6146 E THREAD_STATE:     libcore.io.ForwardingOs.poll(ForwardingOs.java:169)
03-15 07:59:28.036  6146  6146 E THREAD_STATE:     libcore.io.BlockGuardOs.poll(BlockGuardOs.java:261)
03-15 07:59:28.036  6146  6146 E THREAD_STATE:     libcore.io.ForwardingOs.poll(ForwardingOs.java:169)
03-15 07:59:28.036  6146  6146 E THREAD_STATE:     android.system.Os.poll(Os.java:428)
03-15 07:59:28.036  6146  6146 E THREAD_STATE:     libcore.io.IoBridge.poll(IoBridge.java:680)
03-15 07:59:28.036  6146  6146 E THREAD_STATE:     java.net.PlainSocketImpl.socketAccept(PlainSocketImpl.java:194)
03-15 07:59:28.036  6146  6146 E THREAD_STATE:     java.net.AbstractPlainSocketImpl.accept(AbstractPlainSocketImpl.java:451)
03-15 07:59:28.036  6146  6146 E THREAD_STATE:     java.net.ServerSocket.implAccept(ServerSocket.java:547)
03-15 07:59:28.036  6146  6146 E THREAD_STATE:     java.net.ServerSocket.accept(ServerSocket.java:515)
03-15 07:59:28.036  6146  6146 E THREAD_STATE:     fi.iki.elonen.NanoHTTPD$ServerRunnable.run(NanoHTTPD.java:1769)
03-15 07:59:28.036  6146  6146 E THREAD_STATE:     java.lang.Thread.run(Thread.java:919)
03-15 07:59:28.036  6146  6146 E THREAD_STATE: 
03-15 07:59:28.036  6146  6146 E THREAD_STATE:   Thread[FinalizerWatchdogDaemon,5,system]
03-15 07:59:28.036  6146  6146 E THREAD_STATE:     java.lang.Thread.sleep(Native Method)
03-15 07:59:28.036  6146  6146 E THREAD_STATE:     java.lang.Thread.sleep(Thread.java:440)
03-15 07:59:28.036  6146  6146 E THREAD_STATE:     java.lang.Thread.sleep(Thread.java:356)
03-15 07:59:28.036  6146  6146 E THREAD_STATE:     java.lang.Daemons$FinalizerWatchdogDaemon.sleepForMillis(Daemons.java:383)
03-15 07:59:28.036  6146  6146 E THREAD_STATE:     java.lang.Daemons$FinalizerWatchdogDaemon.waitForFinalization(Daemons.java:411)
03-15 07:59:28.036  6146  6146 E THREAD_STATE:     java.lang.Daemons$FinalizerWatchdogDaemon.runInternal(Daemons.java:323)
03-15 07:59:28.036  6146  6146 E THREAD_STATE:     java.lang.Daemons$Daemon.run(Daemons.java:137)
03-15 07:59:28.036  6146  6146 E THREAD_STATE:     java.lang.Thread.run(Thread.java:919)
03-15 07:59:28.036  6146  6146 E THREAD_STATE: 
03-15 07:59:28.036  6146  6146 E THREAD_STATE:   Thread[Jit thread pool worker thread 0,5,main]
03-15 07:59:28.036  6146  6146 E THREAD_STATE: 
03-15 07:59:28.036  6146  6146 E THREAD_STATE:   Thread[FinalizerDaemon,5,system]
03-15 07:59:28.036  6146  6146 E THREAD_STATE:     java.lang.Object.wait(Native Method)
03-15 07:59:28.036  6146  6146 E THREAD_STATE:     java.lang.Object.wait(Object.java:442)
03-15 07:59:28.036  6146  6146 E THREAD_STATE:     java.lang.ref.ReferenceQueue.remove(ReferenceQueue.java:190)
03-15 07:59:28.036  6146  6146 E THREAD_STATE:     java.lang.ref.ReferenceQueue.remove(ReferenceQueue.java:211)
03-15 07:59:28.036  6146  6146 E THREAD_STATE:     java.lang.Daemons$FinalizerDaemon.runInternal(Daemons.java:271)
03-15 07:59:28.036  6146  6146 E THREAD_STATE:     java.lang.Daemons$Daemon.run(Daemons.java:137)
03-15 07:59:28.036  6146  6146 E THREAD_STATE:     java.lang.Thread.run(Thread.java:919)
03-15 07:59:28.036  6146  6146 E THREAD_STATE: 
03-15 07:59:28.036  6146  6146 E THREAD_STATE:   Thread[UiAutomation,5,main]
03-15 07:59:28.036  6146  6146 E THREAD_STATE:     android.os.MessageQueue.nativePollOnce(Native Method)
03-15 07:59:28.036  6146  6146 E THREAD_STATE:     android.os.MessageQueue.next(MessageQueue.java:336)
03-15 07:59:28.036  6146  6146 E THREAD_STATE:     android.os.Looper.loop(Looper.java:174)
03-15 07:59:28.036  6146  6146 E THREAD_STATE:     android.os.HandlerThread.run(HandlerThread.java:67)
03-15 07:59:28.036  6146  6146 E THREAD_STATE: 
03-15 07:59:28.036  6146  6146 E THREAD_STATE:   Thread[Binder:6146_3,5,main]
03-15 07:59:28.036  6146  6146 E THREAD_STATE: 
03-15 07:59:28.036  6146  6146 E THREAD_STATE:   Thread[InstrumentationConnectionThread,5,main]
03-15 07:59:28.036  6146  6146 E THREAD_STATE:     a
03-15 07:59:28.036  6146  6146 E MonitoringInstr: Dying now...
03-15 07:59:28.773  6212  6212 E libc    : Access denied finding property "persist.device_config.runtime_native_boot.enable_apex_image"
03-15 07:59:28.773  6212  6212 E libc    : Access denied finding property "persist.device_config.runtime_native_boot.disable_lock_profiling"
03-15 07:59:28.773  6212  6212 E libc    : Access denied finding property "persist.device_config.runtime_native_boot.enable_generational_cc"
03-15 07:59:28.789  1799  2100 E SurfaceFlinger: ro.sf.lcd_density must be defined as a build property
03-15 07:59:28.792  1799  1887 E SurfaceFlinger: ro.sf.lcd_density must be defined as a build property
03-15 07:59:28.905  6226  6226 E hub.uiautomato: Unknown bits set in runtime_flags: 0x8000
03-15 07:59:34.757  2784  5485 E ACS.ResponseHandler: #onFatalError: com.google.android.apps.gsa.shared.speech.c.k: errorCode: 65545, engine: 2
03-15 07:59:34.757  2784  5485 E ACS.ResponseHandler: com.google.android.apps.gsa.shared.util.b.e: ACS.ResponseHandler: #onFatalError: com.google.android.apps.gsa.shared.speech.c.k: errorCode: 65545, engine: 2
03-15 07:59:34.757  2784  5485 E ACS.ResponseHandler: 	at com.google.android.apps.gsa.shared.util.b.f.a(SourceFile:40)
03-15 07:59:34.757  2784  5485 E ACS.ResponseHandler: 	at com.google.android.apps.gsa.shared.util.b.f.f(SourceFile:10)
03-15 07:59:34.757  2784  5485 E ACS.ResponseHandler: 	at com.google.android.apps.gsa.staticplugins.g.ai.b(SourceFile:8)
03-15 07:59:34.757  2784  5485 E ACS.ResponseHandler: 	at com.google.android.apps.gsa.staticplugins.do.a.f.b(SourceFile:18)
03-15 07:59:34.757  2784  5485 E ACS.ResponseHandler: 	at com.google.android.apps.gsa.s3.o.a(SourceFile:33)
03-15 07:59:34.757  2784  5485 E ACS.ResponseHandler: 	at com.google.android.apps.gsa.v.c.a.d.a(SourceFile:8)
03-15 07:59:34.757  2784  5485 E ACS.ResponseHandler: 	at com.google.android.apps.gsa.speech.m.a.g.a(SourceFile:73)
03-15 07:59:34.757  2784  5485 E ACS.ResponseHandler: 	at com.google.android.apps.gsa.speech.m.a.g.a(SourceFile:30)
03-15 07:59:34.757  2784  5485 E ACS.ResponseHandler: 	at com.google.android.apps.gsa.speech.m.a.g.a(SourceFile:58)
03-15 07:59:34.757  2784  5485 E ACS.ResponseHandler: 	at com.google.android.apps.gsa.s3.l.c(SourceFile:15)
03-15 07:59:34.757  2784  5485 E ACS.ResponseHandler: 	at com.google.android.apps.gsa.s3.n.run(SourceFile:20)
03-15 07:59:34.757  2784  5485 E ACS.ResponseHandler: 	at java.util.concurrent.Executors$RunnableAdapter.call(Executors.java:462)
03-15 07:59:34.757  2784  5485 E ACS.ResponseHandler: 	at java.util.concurrent.FutureTask.run(FutureTask.java:266)
03-15 07:59:34.757  2784  5485 E ACS.ResponseHandler: 	at com.google.android.apps.gsa.shared.util.c.b.f.run(Unknown Source:3)
03-15 07:59:34.757  2784  5485 E ACS.ResponseHandler: 	at com.google.android.apps.gsa.shared.util.c.b.bj.run(SourceFile:3)
03-15 07:59:34.757  2784  5485 E ACS.ResponseHandler: 	at com.google.android.apps.gsa.shared.util.c.b.bj.run(SourceFile:3)
03-15 07:59:34.757  2784  5485 E ACS.ResponseHandler: 	at java.util.concurrent.ThreadPoolExecutor.runWorker(ThreadPoolExecutor.java:1167)
03-15 07:59:34.757  2784  5485 E ACS.ResponseHandler: 	at java.util.concurrent.ThreadPoolExecutor$Worker.run(ThreadPoolExecutor.java:641)
03-15 07:59:34.757  2784  5485 E ACS.ResponseHandler: 	at java.lang.Thread.run(Thread.java:919)
03-15 07:59:34.757  2784  5485 E ACS.ResponseHandler: 	at com.google.android.apps.gsa.shared.util.c.b.m.run(SourceFile:6)
03-15 07:59:34.819  2014  2043 E memtrack: Couldn't load memtrack module
03-15 07:59:35.248  1747  6270 E ResolverController: No valid NAT64 prefix (100, <unspecified>/0)
03-15 07:59:37.349  2014  2043 E memtrack: Couldn't load memtrack module
03-15 07:59:38.222  2014  2043 E memtrack: Couldn't load memtrack module
03-15 07:59:38.226  2014  2043 E memtrack: Couldn't load memtrack module
03-15 07:59:38.230  2014  2043 E memtrack: Couldn't load memtrack module
03-15 07:59:38.232  2014  2043 E memtrack: Couldn't load memtrack module
03-15 07:59:38.235  2014  2043 E memtrack: Couldn't load memtrack module
03-15 07:59:38.238  2014  2043 E memtrack: Couldn't load memtrack module
03-15 07:59:39.290  2014  2043 E memtrack: Couldn't load memtrack module
03-15 07:59:41.272  1747  6320 E ResolverController: No valid NAT64 prefix (100, <unspecified>/0)
03-15 07:59:43.413  2784  4274 E FirebaseInstanceId: Token retrieval failed without exception message. Will retry token retrieval
03-15 07:59:44.326  1747  6323 E ResolverController: No valid NAT64 prefix (100, <unspecified>/0)
03-15 07:59:47.253  4863  5034 E FirebaseInstanceId: Token retrieval failed: SERVICE_NOT_AVAILABLE
03-15 07:59:47.260  2014  2043 E memtrack: Couldn't load memtrack module
03-15 07:59:48.138  1883  1883 E netmgr  : Failed to open QEMU pipe 'qemud:network': Invalid argument
03-15 07:59:48.171  1891  1891 E wifi_forwarder: RemoteConnection failed to initialize: RemoteConnection failed to open pipe
03-15 07:59:49.802  1747  6327 E ResolverController: No valid NAT64 prefix (100, <unspecified>/0)
03-15 07:59:50.156  5219  5333 E DG      : FSC error [CONTEXT service_id=25 ]
03-15 07:59:50.156  5219  5333 E DG      : javax.net.ssl.SSLHandshakeException: SSL handshake aborted: ssl=0xd935f548: I/O error during system call, Connection reset by peer
03-15 07:59:50.156  5219  5333 E DG      : 	at com.google.android.gms.org.conscrypt.NativeCrypto.SSL_do_handshake(Native Method)
03-15 07:59:50.156  5219  5333 E DG      : 	at com.google.android.gms.org.conscrypt.NativeSsl.doHandshake(:com.google.android.gms@202414022@20.24.14 (040700-319035315):6)
03-15 07:59:50.156  5219  5333 E DG      : 	at com.google.android.gms.org.conscrypt.ConscryptFileDescriptorSocket.startHandshake(:com.google.android.gms@202414022@20.24.14 (040700-319035315):16)
03-15 07:59:50.156  5219  5333 E DG      : 	at com.android.okhttp.internal.io.RealConnection.connectTls(RealConnection.java:196)
03-15 07:59:50.156  5219  5333 E DG      : 	at com.android.okhttp.internal.io.RealConnection.connectSocket(RealConnection.java:153)
03-15 07:59:50.156  5219  5333 E DG      : 	at com.android.okhttp.internal.io.RealConnection.connect(RealConnection.java:116)
03-15 07:59:50.156  5219  5333 E DG      : 	at com.android.okhttp.internal.http.StreamAllocation.findConnection(StreamAllocation.java:186)
03-15 07:59:50.156  5219  5333 E DG      : 	at com.android.okhttp.internal.http.StreamAllocation.findHealthyConnection(StreamAllocation.java:128)
03-15 07:59:50.156  5219  5333 E DG      : 	at com.android.okhttp.internal.http.StreamAllocation.newStream(StreamAllocation.java:97)
03-15 07:59:50.156  5219  5333 E DG      : 	at com.android.okhttp.internal.http.HttpEngine.connect(HttpEngine.java:289)
03-15 07:59:50.156  5219  5333 E DG      : 	at com.android.okhttp.internal.http.HttpEngine.sendRequest(HttpEngine.java:232)
03-15 07:59:50.156  5219  5333 E DG      : 	at com.android.okhttp.internal.huc.HttpURLConnectionImpl.execute(HttpURLConnectionImpl.java:465)
03-15 07:59:50.156  5219  5333 E DG      : 	at com.android.okhttp.internal.huc.HttpURLConnectionImpl.connect(HttpURLConnectionImpl.java:131)
03-15 07:59:50.156  5219  5333 E DG      : 	at com.android.okhttp.internal.huc.HttpURLConnectionImpl.getOutputStream(HttpURLConnectionImpl.java:262)
03-15 07:59:50.156  5219  5333 E DG      : 	at com.android.okhttp.internal.huc.DelegatingHttpsURLConnection.getOutputStream(DelegatingHttpsURLConnection.java:219)
03-15 07:59:50.156  5219  5333 E DG      : 	at com.android.okhttp.internal.huc.HttpsURLConnectionImpl.getOutputStream(HttpsURLConnectionImpl.java:30)
03-15 07:59:50.156  5219  5333 E DG      : 	at vws.a(:com.google.android.gms@202414022@20.24.14 (040700-319035315):17)
03-15 07:59:50.156  5219  5333 E DG      : 	at vws.a(:com.google.android.gms@202414022@20.24.14 (040700-319035315):9)
03-15 07:59:50.156  5219  5333 E DG      : 	at vym.a(:com.google.android.gms@202414022@20.24.14 (040700-319035315):16)
03-15 07:59:50.156  5219  5333 E DG      : 	at vym.a(:com.google.android.gms@202414022@20.24.14 (040700-319035315):15)
03-15 07:59:50.156  5219  5333 E DG      : 	at com.google.android.gms.droidguard.DroidGuardChimeraService.a(:com.google.android.gms@202414022@20.24.14 (040700-319035315):32)
03-15 07:59:50.156  5219  5333 E DG      : 	at com.google.android.gms.droidguard.DroidGuardChimeraService.a(:com.google.android.gms@202414022@20.24.14 (040700-319035315):71)
03-15 07:59:50.156  5219  5333 E DG      : 	at com.google.android.gms.framework.tracing.wrapper.TracingIntentService.onHandleIntent(:com.google.android.gms@202414022@20.24.14 (040700-319035315):1)
03-15 07:59:50.156  5219  5333 E DG      : 	at crt.handleMessage(:com.google.android.gms@202414022@20.24.14 (040700-319035315):0)
03-15 07:59:50.156  5219  5333 E DG      : 	at android.os.Handler.dispatchMessage(Handler.java:107)
03-15 07:59:50.156  5219  5333 E DG      : 	at android.os.Looper.loop(Looper.java:214)
03-15 07:59:50.156  5219  5333 E DG      : 	at android.os.HandlerThread.run(HandlerThread.java:67)
03-15 07:59:50.581  2014  2043 E memtrack: Couldn't load memtrack module
03-15 07:59:51.228  5219  6329 E WakeLock: DG:service ** IS FORCE-RELEASED ON TIMEOUT **
03-15 07:59:59.438  2014  2043 E memtrack: Couldn't load memtrack module
03-15 07:59:59.454  2014  2043 E memtrack: Couldn't load memtrack module
03-15 07:59:59.490  2014  2043 E memtrack: Couldn't load memtrack module
03-15 08:00:07.477  2014  2043 E memtrack: Couldn't load memtrack module
03-15 08:00:17.465  1747  6353 E ResolverController: No valid NAT64 prefix (100, <unspecified>/0)
03-15 08:00:20.374  1747  6356 E ResolverController: No valid NAT64 prefix (100, <unspecified>/0)
03-15 08:00:21.079  1747  6358 E ResolverController: No valid NAT64 prefix (100, <unspecified>/0)
03-15 08:00:23.532  2014  2043 E memtrack: Couldn't load memtrack module
03-15 08:00:25.867  1747  6450 E ResolverController: No valid NAT64 prefix (100, <unspecified>/0)
03-15 08:00:31.283  1747  6453 E ResolverController: No valid NAT64 prefix (100, <unspecified>/0)
03-15 08:00:34.593  2014  2043 E memtrack: Couldn't load memtrack module
03-15 08:00:37.660  3900  3997 E FirebaseInstanceId: Token retrieval failed: SERVICE_NOT_AVAILABLE
03-15 08:00:38.591  2014  2043 E memtrack: Couldn't load memtrack module
03-15 08:00:38.598  2014  2043 E memtrack: Couldn't load memtrack module
03-15 08:00:47.300  2014  2043 E memtrack: Couldn't load memtrack module
03-15 08:00:47.302  2014  2043 E memtrack: Couldn't load memtrack module
03-15 08:00:48.153  1883  1883 E netmgr  : Failed to open QEMU pipe 'qemud:network': Invalid argument
03-15 08:00:48.202  1891  1891 E wifi_forwarder: RemoteConnection failed to initialize: RemoteConnection failed to open pipe
03-15 08:00:51.596  2014  2043 E memtrack: Couldn't load memtrack module
03-15 08:00:54.977  2014  2043 E memtrack: Couldn't load memtrack module
03-15 08:01:02.065  1747  6469 E ResolverController: No valid NAT64 prefix (100, <unspecified>/0)
03-15 08:01:09.473  1747  6479 E ResolverController: No valid NAT64 prefix (100, <unspecified>/0)
03-15 08:01:10.120  2014  2043 E memtrack: Couldn't load memtrack module
03-15 08:01:10.125  2014  2043 E memtrack: Couldn't load memtrack module
03-15 08:01:12.504  1747  6481 E ResolverController: No valid NAT64 prefix (100, <unspecified>/0)
03-15 08:01:13.454  2784  4274 E FirebaseInstanceId: Token retrieval failed without exception message. Will retry token retrieval
03-15 08:01:14.372  2014  2052 E EGL_emulation: eglQueryContext 32c0  EGL_BAD_ATTRIBUTE
03-15 08:01:14.372  2014  2052 E EGL_emulation: tid 2052: eglQueryContext(1903): error 0x3004 (EGL_BAD_ATTRIBUTE)
03-15 08:01:14.915  2014  2052 E Surface : getSlotFromBufferLocked: unknown buffer: 0x0
03-15 08:01:14.915  2014  2052 E libEGL  : call to OpenGL ES API with no current context (logged once per thread)
