03-15 07:57:58.819  2567  2605 W ContextImpl: Failed to ensure /data/user/0/com.google.android.gms/files: mkdir failed: ENOENT (No such file or directory)
03-15 07:57:58.819  2567  2605 I CleanupRestartsFix: Restart directory does not exist.
03-15 07:57:58.858  2014  2118 W BestClock: java.time.DateTimeException: Missing NTP fix
03-15 07:57:58.864  2159  2159 D KeyguardClockSwitch: Updating clock: 757
03-15 07:57:58.876  2014  2118 W BestClock: java.time.DateTimeException: Missing NTP fix
03-15 07:57:58.877  1747  1992 I netd    : bandwidthSetGlobalAlert(2097152) <0.09ms>
03-15 07:57:58.856  2567  2567 I chatty  : uid=10109 com.google.android.gms.persistent identical 5 lines
03-15 07:57:58.857  2567  2567 E ActivityThread: Failed to find provider info for com.google.android.gsf.gservices
03-15 07:57:58.884  2567  2606 E ActivityThread: Failed to find provider info for com.google.android.gsf.gservices
03-15 07:57:58.885  2567  2567 E ActivityThread: Failed to find provider info for com.google.android.gsf.gservices
03-15 07:57:58.888  2275  2275 D TelephonyProvider: subIdString = 1 subId = 1
03-15 07:57:58.887  2567  2567 I chatty  : uid=10109 com.google.android.gms.persistent identical 1 line
03-15 07:57:58.890  2567  2567 E ActivityThread: Failed to find provider info for com.google.android.gsf.gservices
03-15 07:57:58.893  2567  2606 E ActivityThread: Failed to find provider info for com.google.android.gsf.gservices
03-15 07:57:58.903  2567  2567 E ActivityThread: Failed to find provider info for com.google.android.gsf.gservices
03-15 07:57:58.912  2567  2609 I ProcessStableCheckInFix: Running fixer!
03-15 07:57:58.906  2567  2567 I chatty  : uid=10109 com.google.android.gms.persistent identical 1 line
03-15 07:57:58.909  2567  2567 E ActivityThread: Failed to find provider info for com.google.android.gsf.gservices
03-15 07:57:58.913  2567  2606 E ActivityThread: Failed to find provider info for com.google.android.gsf.gservices
03-15 07:57:58.917  2567  2606 E ActivityThread: Failed to find provider info for com.google.android.gsf.gservices
03-15 07:57:58.925  2567  2567 E ActivityThread: Failed to find provider info for com.google.android.gsf.gservices
03-15 07:57:58.952  2159  2159 I Choreographer: Skipped 94 frames!  The application may be doing too much work on its main thread.
03-15 07:57:58.951  2567  2567 I chatty  : uid=10109 com.google.android.gms.persistent identical 10 lines
03-15 07:57:58.952  2567  2567 E ActivityThread: Failed to find provider info for com.google.android.gsf.gservices
03-15 07:57:58.953  2567  2609 E ActivityThread: Failed to find provider info for com.google.android.gsf.gservices
03-15 07:57:58.955  2567  2567 E ActivityThread: Failed to find provider info for com.google.android.gsf.gservices
03-15 07:57:58.956  2567  2567 I chatty  : uid=10109 com.google.android.gms.persistent identical 1 line
03-15 07:57:58.956  2567  2567 E ActivityThread: Failed to find provider info for com.google.android.gsf.gservices
03-15 07:57:58.959  2567  2609 E ActivityThread: Failed to find provider info for com.google.android.gsf.gservices
03-15 07:57:58.962  2275  2275 I TelecomFramework: PstnIncomingCallNotifier: Unregistering: Handler (com.android.internal.telephony.GsmCdmaPhone) {df35852}
03-15 07:57:58.962  2275  2275 I TelecomFramework: TelecomAccountRegistry: setupAccounts: Found 1 phones.  Attempting to register.
03-15 07:57:58.962  2275  2275 I TelecomFramework: TelecomAccountRegistry: setupAccounts: Phone with subscription id 1
03-15 07:57:58.971  2567  2567 E ActivityThread: Failed to find provider info for com.google.android.gsf.gservices
03-15 07:57:58.972  2567  2567 I Watchcat: Started
03-15 07:57:58.979  2014  2118 W BestClock: java.time.DateTimeException: Missing NTP fix
03-15 07:57:58.973  2567  2567 E ActivityThread: Failed to find provider info for com.google.android.gsf.gservices
03-15 07:57:58.986  2014  2411 I Telecom : PhoneAccountRegistrar: Modify account: [ComponentInfo{com.android.phone/com.android.services.telephony.TelephonyConnectionService}, ***, UserHandle{0}]: TSI.rPA@ABw
03-15 07:57:58.993  2567  2567 I bezb    : Primes not initialized, returning default (no-op) Primes instance which will ignore all calls. Please call Primes.initialize(...) before using any Primes API.
03-15 07:57:58.993  2014  2411 I Telecom : CallsManager: handlePhoneAccountChanged: phoneAccount=[[X] PhoneAccount: ComponentInfo{com.android.phone/com.android.services.telephony.TelephonyConnectionService}, ***, UserHandle{0} Capabilities: CallProvider MultiUser PlaceEmerg SimSub  Audio Routes: BESW Schemes: tel voicemail  Extras: Bundle[{android.telecom.extra.SUPPORTS_VIDEO_CALLING_FALLBACK=true}] GroupId: ***]: TSI.rPA@ABw
03-15 07:57:58.995  2275  2275 I TelecomFramework: AccountEntry: Registered phoneAccount: [[ ] PhoneAccount: ComponentInfo{com.android.phone/com.android.services.telephony.TelephonyConnectionService}, ***, UserHandle{0} Capabilities: CallProvider MultiUser PlaceEmerg SimSub  Audio Routes: BESW Schemes: tel voicemail  Extras: Bundle[{android.telecom.extra.SUPPORTS_VIDEO_CALLING_FALLBACK=true}] GroupId: ***] with handle: ComponentInfo{com.android.phone/com.android.services.telephony.TelephonyConnectionService}, ***, UserHandle{0}
03-15 07:57:58.995  2275  2275 I TelecomFramework: PstnIncomingCallNotifier: Registering: Handler (com.android.internal.telephony.GsmCdmaPhone) {df35852}
03-15 07:57:58.995  2014  2118 W BestClock: java.time.DateTimeException: Missing NTP fix
03-15 07:57:58.996  2014  2411 W ActivityManager: Unable to start service Intent { act=com.google.android.gms.tapandpay.service.BIND pkg=com.google.android.gms } U=0: not found
03-15 07:57:58.996  2567  2609 E ActivityThread: Failed to find provider info for com.google.android.gsf.gservices
03-15 07:57:58.997  2014  2411 W ActivityManager: Unbind failed: could not find connection for android.os.BinderProxy@19bf3ed
03-15 07:57:58.997  2159  2612 E GmsClient: unable to connect to service: com.google.android.gms.tapandpay.service.BIND on com.google.android.gms
03-15 07:57:58.997  1747  1992 I netd    : bandwidthSetGlobalAlert(2097152) <0.10ms>
03-15 07:57:58.999  2567  2609 E ActivityThread: Failed to find provider info for com.google.android.gsf.gservices
03-15 07:57:59.000  2275  2275 I TelecomFramework: : onSubscriptionsChanged - update accounts
03-15 07:57:59.000  2275  2275 I TelecomFramework: PstnIncomingCallNotifier: Unregistering: Handler (com.android.internal.telephony.GsmCdmaPhone) {df35852}
03-15 07:57:59.000  2275  2275 I TelecomFramework: TelecomAccountRegistry: setupAccounts: Found 1 phones.  Attempting to register.
03-15 07:57:59.000  2275  2275 I TelecomFramework: TelecomAccountRegistry: setupAccounts: Phone with subscription id 1
03-15 07:57:59.018  2014  2411 I Telecom : PhoneAccountRegistrar: Modify account: [ComponentInfo{com.android.phone/com.android.services.telephony.TelephonyConnectionService}, ***, UserHandle{0}]: TSI.rPA@AB8
03-15 07:57:59.019  2014  2411 I Telecom : CallsManager: handlePhoneAccountChanged: phoneAccount=[[X] PhoneAccount: ComponentInfo{com.android.phone/com.android.services.telephony.TelephonyConnectionService}, ***, UserHandle{0} Capabilities: CallProvider MultiUser PlaceEmerg SimSub  Audio Routes: BESW Schemes: tel voicemail  Extras: Bundle[{android.telecom.extra.SUPPORTS_VIDEO_CALLING_FALLBACK=true}] GroupId: ***]: TSI.rPA@AB8
03-15 07:57:59.024  2275  2275 I TelecomFramework: AccountEntry: Registered phoneAccount: [[ ] PhoneAccount: ComponentInfo{com.android.phone/com.android.services.telephony.TelephonyConnectionService}, ***, UserHandle{0} Capabilities: CallProvider MultiUser PlaceEmerg SimSub  Audio Routes: BESW Schemes: tel voicemail  Extras: Bundle[{android.telecom.extra.SUPPORTS_VIDEO_CALLING_FALLBACK=true}] GroupId: ***] with handle: ComponentInfo{com.android.phone/com.android.services.telephony.TelephonyConnectionService}, ***, UserHandle{0}
03-15 07:57:59.024  2275  2275 I TelecomFramework: PstnIncomingCallNotifier: Registering: Handler (com.android.internal.telephony.GsmCdmaPhone) {df35852}
03-15 07:57:59.034  2275  2275 D CallNotifier: updatePhoneStateListeners: update CF notifications.
03-15 07:57:59.038  2275  2275 D MultiSimSettingController: onSubscriptionsChanged
03-15 07:57:59.038  2275  2275 D MultiSimSettingController: updateDefaults
03-15 07:57:59.041  2275  2275 D MultiSimSettingController: [updateDefaultValues] change: 0
03-15 07:57:59.042  2275  2275 I TelecomFramework: : onSubscriptionsChanged - update accounts
03-15 07:57:59.042  2275  2275 I TelecomFramework: PstnIncomingCallNotifier: Unregistering: Handler (com.android.internal.telephony.GsmCdmaPhone) {df35852}
03-15 07:57:59.042  2275  2275 I TelecomFramework: TelecomAccountRegistry: setupAccounts: Found 1 phones.  Attempting to register.
03-15 07:57:59.042  2275  2275 I TelecomFramework: TelecomAccountRegistry: setupAccounts: Phone with subscription id 1
03-15 07:57:59.046  2567  2609 E ActivityThread: Failed to find provider info for com.google.android.gsf.gservices
03-15 07:57:59.054  2159  2455 D EGL_emulation: eglMakeCurrent: 0xe13d1280: ver 2 0 (tinfo 0xc0e649e0)
03-15 07:57:59.049  2567  2609 I chatty  : uid=10109 com.google.android.gms.persistent identical 1 line
03-15 07:57:59.050  2567  2609 E ActivityThread: Failed to find provider info for com.google.android.gsf.gservices
03-15 07:57:59.056  2567  2613 E ActivityThread: Failed to find provider info for com.google.android.gsf.gservices
03-15 07:57:59.066  2567  2567 E ActivityThread: Failed to find provider info for com.google.android.gsf.gservices
03-15 07:57:59.067  1764  1813 D gralloc_ranchu: gralloc_alloc: Creating ashmem region of size 311296
03-15 07:57:59.069  2567  2567 I chatty  : uid=10109 com.google.android.gms.persistent identical 1 line
03-15 07:57:59.070  2567  2567 E ActivityThread: Failed to find provider info for com.google.android.gsf.gservices
03-15 07:57:59.072  2567  2609 E ActivityThread: Failed to find provider info for com.google.android.gsf.gservices
03-15 07:57:59.080  2014  2304 I Telecom : PhoneAccountRegistrar: Modify account: [ComponentInfo{com.android.phone/com.android.services.telephony.TelephonyConnectionService}, ***, UserHandle{0}]: TSI.rPA@ACI
03-15 07:57:59.081  2567  2567 E ActivityThread: Failed to find provider info for com.google.android.gsf.gservices
03-15 07:57:59.082  2014  2304 I Telecom : CallsManager: handlePhoneAccountChanged: phoneAccount=[[X] PhoneAccount: ComponentInfo{com.android.phone/com.android.services.telephony.TelephonyConnectionService}, ***, UserHandle{0} Capabilities: CallProvider MultiUser PlaceEmerg SimSub  Audio Routes: BESW Schemes: tel voicemail  Extras: Bundle[{android.telecom.extra.SUPPORTS_VIDEO_CALLING_FALLBACK=true}] GroupId: ***]: TSI.rPA@ACI
03-15 07:57:59.083  2275  2275 I TelecomFramework: AccountEntry: Registered phoneAccount: [[ ] PhoneAccount: ComponentInfo{com.android.phone/com.android.services.telephony.TelephonyConnectionService}, ***, UserHandle{0} Capabilities: CallProvider MultiUser PlaceEmerg SimSub  Audio Routes: BESW Schemes: tel voicemail  Extras: Bundle[{android.telecom.extra.SUPPORTS_VIDEO_CALLING_FALLBACK=true}] GroupId: ***] with handle: ComponentInfo{com.android.phone/com.android.services.telephony.TelephonyConnectionService}, ***, UserHandle{0}
03-15 07:57:59.083  2275  2275 I TelecomFramework: PstnIncomingCallNotifier: Registering: Handler (com.android.internal.telephony.GsmCdmaPhone) {df35852}
03-15 07:57:59.086  2567  2609 I DynamiteModule: Considering local module com.google.android.gms.googlecertificates:4 and remote module com.google.android.gms.googlecertificates:4
03-15 07:57:59.086  2567  2609 I DynamiteModule: Selected local version of com.google.android.gms.googlecertificates
03-15 07:57:59.086  2275  2275 D CallNotifier: updatePhoneStateListeners: update CF notifications.
03-15 07:57:59.087  2275  2275 D MultiSimSettingController: onSubscriptionsChanged
03-15 07:57:59.087  2275  2275 D MultiSimSettingController: updateDefaults
03-15 07:57:59.088  2159  2455 D EGL_emulation: eglMakeCurrent: 0xe13d1280: ver 2 0 (tinfo 0xc0e649e0)
03-15 07:57:59.093  2567  2567 E ActivityThread: Failed to find provider info for com.google.android.gsf.gservices
03-15 07:57:59.093  2275  2275 D MultiSimSettingController: [updateDefaultValues] change: 0
03-15 07:57:59.100  2275  2275 I TelecomFramework: : onSubscriptionsChanged - update accounts
03-15 07:57:59.101  2275  2275 I TelecomFramework: PstnIncomingCallNotifier: Unregistering: Handler (com.android.internal.telephony.GsmCdmaPhone) {df35852}
03-15 07:57:59.101  2275  2275 I TelecomFramework: TelecomAccountRegistry: setupAccounts: Found 1 phones.  Attempting to register.
03-15 07:57:59.101  2275  2275 I TelecomFramework: TelecomAccountRegistry: setupAccounts: Phone with subscription id 1
03-15 07:57:59.107  2567  2609 E ActivityThread: Failed to find provider info for com.google.android.gsf.gservices
03-15 07:57:59.113  2533  2533 D CellBroadcastReceiver: onReceive Intent { act=android.intent.action.SERVICE_STATE flg=0x1000010 cmp=com.android.cellbroadcastreceiver/.CellBroadcastReceiver (has extras) }
03-15 07:57:59.123  2014  2411 I Telecom : PhoneAccountRegistrar: Modify account: [ComponentInfo{com.android.phone/com.android.services.telephony.TelephonyConnectionService}, ***, UserHandle{0}]: TSI.rPA@ACU
03-15 07:57:59.123  2567  2609 E ActivityThread: Failed to find provider info for com.google.android.gsf.gservices
03-15 07:57:59.124  2014  2411 I Telecom : CallsManager: handlePhoneAccountChanged: phoneAccount=[[X] PhoneAccount: ComponentInfo{com.android.phone/com.android.services.telephony.TelephonyConnectionService}, ***, UserHandle{0} Capabilities: CallProvider MultiUser PlaceEmerg SimSub  Audio Routes: BESW Schemes: tel voicemail  Extras: Bundle[{android.telecom.extra.SUPPORTS_VIDEO_CALLING_FALLBACK=true}] GroupId: ***]: TSI.rPA@ACU
03-15 07:57:59.139  2275  2275 I TelecomFramework: AccountEntry: Registered phoneAccount: [[ ] PhoneAccount: ComponentInfo{com.android.phone/com.android.services.telephony.TelephonyConnectionService}, ***, UserHandle{0} Capabilities: CallProvider MultiUser PlaceEmerg SimSub  Audio Routes: BESW Schemes: tel voicemail  Extras: Bundle[{android.telecom.extra.SUPPORTS_VIDEO_CALLING_FALLBACK=true}] GroupId: ***] with handle: ComponentInfo{com.android.phone/com.android.services.telephony.TelephonyConnectionService}, ***, UserHandle{0}
03-15 07:57:59.139  2275  2275 I TelecomFramework: PstnIncomingCallNotifier: Registering: Handler (com.android.internal.telephony.GsmCdmaPhone) {df35852}
03-15 07:57:59.143  2275  2275 D CallNotifier: updatePhoneStateListeners: update CF notifications.
03-15 07:57:59.144  2275  2275 D MultiSimSettingController: onSubscriptionsChanged
03-15 07:57:59.144  2275  2275 D MultiSimSettingController: updateDefaults
03-15 07:57:59.144  2275  2275 D MultiSimSettingController: [updateDefaultValues] change: 0
03-15 07:57:59.144  2275  2275 D CallNotifier: updatePhoneStateListeners: update CF notifications.
03-15 07:57:59.145  2275  2275 I TelecomFramework: : onSubscriptionsChanged - update accounts
03-15 07:57:59.145  2275  2275 I TelecomFramework: PstnIncomingCallNotifier: Unregistering: Handler (com.android.internal.telephony.GsmCdmaPhone) {df35852}
03-15 07:57:59.145  2275  2275 I TelecomFramework: TelecomAccountRegistry: setupAccounts: Found 1 phones.  Attempting to register.
03-15 07:57:59.145  2275  2275 I TelecomFramework: TelecomAccountRegistry: setupAccounts: Phone with subscription id 1
03-15 07:57:59.153  2567  2567 E ActivityThread: Failed to find provider info for com.google.android.gsf.gservices
03-15 07:57:59.156  2567  2567 E ActivityThread: Failed to find provider info for com.google.android.gsf.gservices
03-15 07:57:59.157  2567  2609 E ActivityThread: Failed to find provider info for com.google.android.gsf.gservices
03-15 07:57:59.162  1748  1748 D Zygote  : Forked child process 2619
03-15 07:57:59.162  2567  2609 E ActivityThread: Failed to find provider info for com.google.android.gsf.gservices
03-15 07:57:59.165  2014  2045 I ActivityManager: Start proc 2619:com.google.android.deskclock/u0a125 for broadcast {com.google.android.deskclock/com.android.deskclock.AlarmInitReceiver}
03-15 07:57:59.167  2567  2609 E ActivityThread: Failed to find provider info for com.google.android.gsf.gservices
03-15 07:57:59.173  2619  2619 W droid.deskcloc: Unexpected CPU variant for X86 using defaults: x86
03-15 07:57:59.190  2567  2609 I chatty  : uid=10109 com.google.android.gms.persistent identical 2 lines
03-15 07:57:59.192  2567  2609 E ActivityThread: Failed to find provider info for com.google.android.gsf.gservices
03-15 07:57:59.206  2567  2567 E ActivityThread: Failed to find provider info for com.google.android.gsf.gservices
03-15 07:57:59.208  1764  1813 D gralloc_ranchu: gralloc_alloc: Creating ashmem region of size 311296
03-15 07:57:59.207  2567  2567 E ActivityThread: Failed to find provider info for com.google.android.gsf.gservices
03-15 07:57:59.209  2014  2304 I Telecom : PhoneAccountRegistrar: Modify account: [ComponentInfo{com.android.phone/com.android.services.telephony.TelephonyConnectionService}, ***, UserHandle{0}]: TSI.rPA@ACg
03-15 07:57:59.210  2014  2304 I Telecom : CallsManager: handlePhoneAccountChanged: phoneAccount=[[X] PhoneAccount: ComponentInfo{com.android.phone/com.android.services.telephony.TelephonyConnectionService}, ***, UserHandle{0} Capabilities: CallProvider MultiUser PlaceEmerg SimSub  Audio Routes: BESW Schemes: tel voicemail  Extras: Bundle[{android.telecom.extra.SUPPORTS_VIDEO_CALLING_FALLBACK=true}] GroupId: ***]: TSI.rPA@ACg
03-15 07:57:59.211  2275  2275 I TelecomFramework: AccountEntry: Registered phoneAccount: [[ ] PhoneAccount: ComponentInfo{com.android.phone/com.android.services.telephony.TelephonyConnectionService}, ***, UserHandle{0} Capabilities: CallProvider MultiUser PlaceEmerg SimSub  Audio Routes: BESW Schemes: tel voicemail  Extras: Bundle[{android.telecom.extra.SUPPORTS_VIDEO_CALLING_FALLBACK=true}] GroupId: ***] with handle: ComponentInfo{com.android.phone/com.android.services.telephony.TelephonyConnectionService}, ***, UserHandle{0}
03-15 07:57:59.211  2275  2275 I TelecomFramework: PstnIncomingCallNotifier: Registering: Handler (com.android.internal.telephony.GsmCdmaPhone) {df35852}
03-15 07:57:59.213  2159  2455 I OpenGLRenderer: Davey! duration=1836ms; Flags=1, IntendedVsync=18155073736, Vsync=19721740340, OldestInputEvent=9223372036854775807, NewestInputEvent=0, HandleInputStart=19738318000, AnimationStart=19738348000, PerformTraversalsStart=19738716200, DrawStart=19861953400, SyncQueued=19867784900, SyncStart=19874569500, IssueDrawCommandsStart=19874617300, SwapBuffers=19988698600, FrameCompleted=19998660500, DequeueBufferDuration=2952000, QueueBufferDuration=446000, 
03-15 07:57:59.222  2567  2567 E ActivityThread: Failed to find provider info for com.google.android.gsf.gservices
03-15 07:57:59.245  2275  2275 D MultiSimSettingController: onSubscriptionsChanged
03-15 07:57:59.245  2275  2275 D MultiSimSettingController: updateDefaults
03-15 07:57:59.245  2159  2159 D StatusBar: disable<e i a s b h r c s > disable2<q i n >
03-15 07:57:59.251  2619  2619 D ApplicationLoaders: Returning zygote-cached class loader: /system/framework/android.hidl.base-V1.0-java.jar
03-15 07:57:59.251  2619  2619 D ApplicationLoaders: Returning zygote-cached class loader: /system/framework/android.hidl.manager-V1.0-java.jar
03-15 07:57:59.251  2619  2619 D ApplicationLoaders: Returning zygote-cached class loader: /system/framework/android.hidl.base-V1.0-java.jar
03-15 07:57:59.254  2275  2275 D MultiSimSettingController: [updateDefaultValues] change: 0
03-15 07:57:59.269  2619  2619 I droid.deskcloc: The ClassLoaderContext is a special shared library.
03-15 07:57:59.267  2567  2567 I chatty  : uid=10109 com.google.android.gms.persistent identical 2 lines
03-15 07:57:59.267  2567  2567 E ActivityThread: Failed to find provider info for com.google.android.gsf.gservices
03-15 07:57:59.272  2567  2609 E ActivityThread: Failed to find provider info for com.google.android.gsf.gservices
03-15 07:57:59.284  2275  2275 D MultiSimSettingController: onSubscriptionsChanged
03-15 07:57:59.284  2275  2275 D MultiSimSettingController: updateDefaults
03-15 07:57:59.285  2275  2275 D MultiSimSettingController: [updateDefaultValues] change: 0
03-15 07:57:59.285  2275  2275 I TelecomFramework: : onSubscriptionsChanged - update accounts
03-15 07:57:59.285  2275  2275 I TelecomFramework: PstnIncomingCallNotifier: Unregistering: Handler (com.android.internal.telephony.GsmCdmaPhone) {df35852}
03-15 07:57:59.285  2275  2275 I TelecomFramework: TelecomAccountRegistry: setupAccounts: Found 1 phones.  Attempting to register.
03-15 07:57:59.285  2275  2275 I TelecomFramework: TelecomAccountRegistry: setupAccounts: Phone with subscription id 1
03-15 07:57:59.285  2567  2567 E ActivityThread: Failed to find provider info for com.google.android.gsf.gservices
03-15 07:57:59.286  2567  2567 E ActivityThread: Failed to find provider info for com.google.android.gsf.gservices
03-15 07:57:59.288  2567  2641 W FileUtils: Failed to chmod(/data/user/0/com.google.android.gms/app_phenotype_file): android.system.ErrnoException: chmod failed: ENOENT (No such file or directory)
03-15 07:57:59.289  2567  2567 E ActivityThread: Failed to find provider info for com.google.android.gsf.gservices
03-15 07:57:59.304  2619  2619 W ContextImpl: Failed to ensure /data/user/0/com.google.android.deskclock/cache: mkdir failed: ENOENT (No such file or directory)
03-15 07:57:59.304  2619  2619 W ContextImpl: Failed to update user.inode_cache: stat failed: ENOENT (No such file or directory)
03-15 07:57:59.299  2567  2567 I chatty  : uid=10109 com.google.android.gms.persistent identical 2 lines
03-15 07:57:59.301  2567  2567 E ActivityThread: Failed to find provider info for com.google.android.gsf.gservices
03-15 07:57:59.306  2567  2642 E ActivityThread: Failed to find provider info for com.google.android.gsf.gservices
03-15 07:57:59.318  2567  2613 E ActivityThread: Failed to find provider info for com.google.android.gsf.gservices
03-15 07:57:59.324  2567  2613 I chatty  : uid=10109(com.google.android.gms) GoogleApiHandle identical 6 lines
03-15 07:57:59.325  2567  2613 E ActivityThread: Failed to find provider info for com.google.android.gsf.gservices
03-15 07:57:59.326  2014  2411 I Telecom : PhoneAccountRegistrar: Modify account: [ComponentInfo{com.android.phone/com.android.services.telephony.TelephonyConnectionService}, ***, UserHandle{0}]: TSI.rPA@ACs
03-15 07:57:59.331  2014  2411 I Telecom : CallsManager: handlePhoneAccountChanged: phoneAccount=[[X] PhoneAccount: ComponentInfo{com.android.phone/com.android.services.telephony.TelephonyConnectionService}, ***, UserHandle{0} Capabilities: CallProvider MultiUser PlaceEmerg SimSub  Audio Routes: BESW Schemes: tel voicemail  Extras: Bundle[{android.telecom.extra.SUPPORTS_VIDEO_CALLING_FALLBACK=true}] GroupId: ***]: TSI.rPA@ACs
03-15 07:57:59.331  2275  2275 I TelecomFramework: AccountEntry: Registered phoneAccount: [[ ] PhoneAccount: ComponentInfo{com.android.phone/com.android.services.telephony.TelephonyConnectionService}, ***, UserHandle{0} Capabilities: CallProvider MultiUser PlaceEmerg SimSub  Audio Routes: BESW Schemes: tel voicemail  Extras: Bundle[{android.telecom.extra.SUPPORTS_VIDEO_CALLING_FALLBACK=true}] GroupId: ***] with handle: ComponentInfo{com.android.phone/com.android.services.telephony.TelephonyConnectionService}, ***, UserHandle{0}
03-15 07:57:59.332  2275  2275 I TelecomFramework: PstnIncomingCallNotifier: Registering: Handler (com.android.internal.telephony.GsmCdmaPhone) {df35852}
03-15 07:57:59.338  2567  2613 E ActivityThread: Failed to find provider info for com.google.android.gsf.gservices
03-15 07:57:59.342  2275  2275 D CallNotifier: updatePhoneStateListeners: update CF notifications.
03-15 07:57:59.342  2275  2275 D CarrierConfigLoader: mHandler: 7 phoneId: 0
03-15 07:57:59.347  2619  2619 W ContextImpl: Failed to ensure /data/user/0/com.google.android.deskclock/shared_prefs: mkdir failed: ENOENT (No such file or directory)
03-15 07:57:59.348  2275  2275 D CarrierConfigLoader: Loaded config from XML. package=com.android.carrierconfig phoneId=0
03-15 07:57:59.348  2275  2275 D CarrierSvcBindHelper: mHandler: 0
03-15 07:57:59.348  2275  2275 D CarrierSvcBindHelper: Rebinding if necessary for phoneId: 0
03-15 07:57:59.357  2275  2275 D CarrierSvcBindHelper: No carrier app for: 0
03-15 07:57:59.357  2275  2275 D MultiSimSettingController: onDefaultDataSettingChanged
03-15 07:57:59.369  2275  2275 D CallNotifier: updatePhoneStateListeners: update CF notifications.
03-15 07:57:59.369  2275  2275 I NotificationMgr: updateMwi(): subId 1 update to false
03-15 07:57:59.385  2275  2275 I CallNotifier: onCallForwardingIndicatorChanged(): subId=1, visible=N
03-15 07:57:59.387  2275  2275 D CallNotifier: updatePhoneStateListeners: update CF notifications.
03-15 07:57:59.387  2275  2275 I NotificationMgr: updateCfi: subId= 1, visible=N
03-15 07:57:59.391  2275  2275 I NotificationMgr: updateMwi(): subId 1 update to false
03-15 07:57:59.394  2619  2619 W PrimesInit: Primes instant initialization
03-15 07:57:59.405  1748  1748 D Zygote  : Forked child process 2646
03-15 07:57:59.356  2567  2613 I chatty  : uid=10109(com.google.android.gms) GoogleApiHandle identical 1 line
03-15 07:57:59.364  2567  2613 E ActivityThread: Failed to find provider info for com.google.android.gsf.gservices
03-15 07:57:59.407  2014  2045 I ActivityManager: Start proc 2646:com.android.dialer/u0a94 for broadcast {com.android.dialer/com.android.dialer.app.voicemail.LegacyVoicemailNotificationReceiver}
03-15 07:57:59.411  2275  2275 I TelecomFramework: PstnPhoneCapabilitiesNotifier: handleVideoCapabilitesChanged. Video capability - false
03-15 07:57:59.413  2646  2646 W .android.diale: Unexpected CPU variant for X86 using defaults: x86
03-15 07:57:59.413  2619  2619 I GAv4    : Google Analytics 11.0.11 is starting up. To enable debug logging on a device run:
03-15 07:57:59.413  2619  2619 I GAv4    :   adb shell setprop log.tag.GAv4 DEBUG
03-15 07:57:59.413  2619  2619 I GAv4    :   adb logcat -s GAv4
03-15 07:57:59.415  2619  2619 W ContextImpl: Failed to ensure /data/user/0/com.google.android.deskclock/shared_prefs: mkdir failed: ENOENT (No such file or directory)
03-15 07:57:59.418  2619  2645 W Primes  : background initialization
03-15 07:57:59.421  2275  2275 I CallNotifier: onCallForwardingIndicatorChanged(): subId=1, visible=N
03-15 07:57:59.423  2275  2275 D CallNotifier: updatePhoneStateListeners: update CF notifications.
03-15 07:57:59.423  2275  2275 I NotificationMgr: updateCfi: subId= 1, visible=N
03-15 07:57:59.428  2275  2275 I NotificationMgr: updateMwi(): subId 1 update to false
03-15 07:57:59.430  2619  2645 E ActivityThread: Failed to find provider info for com.google.android.gsf.gservices
03-15 07:57:59.432  2619  2645 W ContextImpl: Failed to ensure /data/user/0/com.google.android.deskclock/shared_prefs: mkdir failed: ENOENT (No such file or directory)
03-15 07:57:59.434  2275  2275 D CallNotifier: updatePhoneStateListeners: update CF notifications.
03-15 07:57:59.434  2275  2275 I NotificationMgr: updateCfi: subId= 1, visible=N
03-15 07:57:59.434  2275  2275 I NotificationMgr: updateMwi(): subId 1 update to false
03-15 07:57:59.438  2619  2645 W Primes  : Primes failed to initialized in the background
03-15 07:57:59.438  2619  2645 W Primes  : java.lang.IllegalStateException: SharedPreferences in credential encrypted storage are not available until after user is unlocked
03-15 07:57:59.438  2619  2645 W Primes  : 	at android.app.ContextImpl.getSharedPreferences(ContextImpl.java:458)
03-15 07:57:59.438  2619  2645 W Primes  : 	at android.app.ContextImpl.getSharedPreferences(ContextImpl.java:443)
03-15 07:57:59.438  2619  2645 W Primes  : 	at android.content.ContextWrapper.getSharedPreferences(ContextWrapper.java:178)
03-15 07:57:59.438  2619  2645 W Primes  : 	at csh.a(PG:4)
03-15 07:57:59.438  2619  2645 W Primes  : 	at csa.run(PG:18)
03-15 07:57:59.438  2619  2645 W Primes  : 	at crz.run(PG:4)
03-15 07:57:59.438  2619  2645 W Primes  : 	at java.util.concurrent.Executors$RunnableAdapter.call(Executors.java:462)
03-15 07:57:59.438  2619  2645 W Primes  : 	at java.util.concurrent.FutureTask.run(FutureTask.java:266)
03-15 07:57:59.438  2619  2645 W Primes  : 	at java.util.concurrent.ThreadPoolExecutor.runWorker(ThreadPoolExecutor.java:1167)
03-15 07:57:59.438  2619  2645 W Primes  : 	at java.util.concurrent.ThreadPoolExecutor$Worker.run(ThreadPoolExecutor.java:641)
03-15 07:57:59.438  2619  2645 W Primes  : 	at csx.run(PG:5)
03-15 07:57:59.438  2619  2645 W Primes  : 	at java.lang.Thread.run(Thread.java:919)
03-15 07:57:59.440  2275  2275 I TelecomFramework: : onSubscriptionsChanged - update accounts
03-15 07:57:59.440  2275  2275 I TelecomFramework: PstnIncomingCallNotifier: Unregistering: Handler (com.android.internal.telephony.GsmCdmaPhone) {df35852}
03-15 07:57:59.440  2275  2275 I TelecomFramework: TelecomAccountRegistry: setupAccounts: Found 1 phones.  Attempting to register.
03-15 07:57:59.440  2275  2275 I TelecomFramework: TelecomAccountRegistry: setupAccounts: Phone with subscription id 1
03-15 07:57:59.450  2567  2613 E ActivityThread: Failed to find provider info for com.google.android.gsf.gservices
03-15 07:57:59.452  2619  2619 I AlarmClock: AlarmInitReceiver android.intent.action.TIMEZONE_CHANGED
03-15 07:57:59.451  2567  2613 E ActivityThread: Failed to find provider info for com.google.android.gsf.gservices
03-15 07:57:59.464  2567  2613 W FileUtils: Failed to chmod(/data/user/0/com.google.android.gms/app_usage_reporting_db): android.system.ErrnoException: chmod failed: ENOENT (No such file or directory)
03-15 07:57:59.464  2567  2613 E ActivityThread: Failed to find provider info for com.google.android.gsf.gservices
03-15 07:57:59.467  2567  2603 W OptedInLoggerCreator: Could not retrieve Usage & Diagnostics setting. Giving up.
03-15 07:57:59.469  2619  2664 W ContextImpl: Failed to ensure /data/user/0/com.google.android.deskclock/databases: mkdir failed: ENOENT (No such file or directory)
03-15 07:57:59.465  2567  2613 E ActivityThread: Failed to find provider info for com.google.android.gsf.gservices
03-15 07:57:59.488  2014  2591 I Telecom : PhoneAccountRegistrar: Modify account: [ComponentInfo{com.android.phone/com.android.services.telephony.TelephonyConnectionService}, ***, UserHandle{0}]: TSI.rPA@AC4
03-15 07:57:59.490  2014  2591 I Telecom : CallsManager: handlePhoneAccountChanged: phoneAccount=[[X] PhoneAccount: ComponentInfo{com.android.phone/com.android.services.telephony.TelephonyConnectionService}, ***, UserHandle{0} Capabilities: CallProvider MultiUser PlaceEmerg SimSub  Audio Routes: BESW Schemes: tel voicemail  Extras: Bundle[{android.telecom.extra.SUPPORTS_VIDEO_CALLING_FALLBACK=true}] GroupId: ***]: TSI.rPA@AC4
03-15 07:57:59.492  2275  2275 I TelecomFramework: AccountEntry: Registered phoneAccount: [[ ] PhoneAccount: ComponentInfo{com.android.phone/com.android.services.telephony.TelephonyConnectionService}, ***, UserHandle{0} Capabilities: CallProvider MultiUser PlaceEmerg SimSub  Audio Routes: BESW Schemes: tel voicemail  Extras: Bundle[{android.telecom.extra.SUPPORTS_VIDEO_CALLING_FALLBACK=true}] GroupId: ***] with handle: ComponentInfo{com.android.phone/com.android.services.telephony.TelephonyConnectionService}, ***, UserHandle{0}
03-15 07:57:59.492  2275  2275 I TelecomFramework: PstnIncomingCallNotifier: Registering: Handler (com.android.internal.telephony.GsmCdmaPhone) {df35852}
03-15 07:57:59.503  2619  2664 I AlarmClock: Connected Dock: null
03-15 07:57:59.516  2646  2646 D ApplicationLoaders: Returning zygote-cached class loader: /system/framework/android.hidl.base-V1.0-java.jar
03-15 07:57:59.517  2646  2646 D ApplicationLoaders: Returning zygote-cached class loader: /system/framework/android.hidl.manager-V1.0-java.jar
03-15 07:57:59.517  2646  2646 D ApplicationLoaders: Returning zygote-cached class loader: /system/framework/android.hidl.base-V1.0-java.jar
03-15 07:57:59.517  2275  2275 D MultiSimSettingController: onSubscriptionsChanged
03-15 07:57:59.517  2275  2275 D MultiSimSettingController: updateDefaults
03-15 07:57:59.518  2275  2275 D MultiSimSettingController: [updateDefaultValues] change: 0
03-15 07:57:59.518  2646  2646 I .android.diale: The ClassLoaderContext is a special shared library.
03-15 07:57:59.522  2275  2275 D CallNotifier: updatePhoneStateListeners: update CF notifications.
03-15 07:57:59.522  2275  2275 I NotificationMgr: updateCfi: subId= 1, visible=N
03-15 07:57:59.523  2619  2664 I AlarmClock: Removing AlarmClockInfo
03-15 07:57:59.524  2275  2275 I NotificationMgr: updateMwi(): subId 1 update to false
03-15 07:57:59.542  2646  2646 I .android.diale: The ClassLoaderContext is a special shared library.
03-15 07:57:59.547  2275  2275 I TelecomFramework: : onSubscriptionsChanged - update accounts
03-15 07:57:59.547  2275  2275 I TelecomFramework: PstnIncomingCallNotifier: Unregistering: Handler (com.android.internal.telephony.GsmCdmaPhone) {df35852}
03-15 07:57:59.547  2275  2275 I TelecomFramework: TelecomAccountRegistry: setupAccounts: Found 1 phones.  Attempting to register.
03-15 07:57:59.547  2275  2275 I TelecomFramework: TelecomAccountRegistry: setupAccounts: Phone with subscription id 1
03-15 07:57:59.548  2533  2533 D CellBroadcastReceiver: onReceive Intent { act=android.telephony.action.DEFAULT_SMS_SUBSCRIPTION_CHANGED flg=0x21000010 cmp=com.android.cellbroadcastreceiver/.CellBroadcastReceiver (has extras) }
03-15 07:57:59.548  2533  2533 D CellBroadcastReceiver: Start Cell Broadcast configuration.
03-15 07:57:59.569  2533  2669 D CellBroadcastConfigService: Enable CellBroadcast on sub 1
03-15 07:57:59.595  2646  2646 W ContextImpl: Failed to ensure /data/user/0/com.android.dialer/cache: mkdir failed: ENOENT (No such file or directory)
03-15 07:57:59.596  2646  2646 W ContextImpl: Failed to update user.inode_cache: stat failed: ENOENT (No such file or directory)
03-15 07:57:59.612  2014  2031 I Telecom : PhoneAccountRegistrar: Modify account: [ComponentInfo{com.android.phone/com.android.services.telephony.TelephonyConnectionService}, ***, UserHandle{0}]: TSI.rPA@ADE
03-15 07:57:59.616  2014  2031 I Telecom : CallsManager: handlePhoneAccountChanged: phoneAccount=[[X] PhoneAccount: ComponentInfo{com.android.phone/com.android.services.telephony.TelephonyConnectionService}, ***, UserHandle{0} Capabilities: CallProvider MultiUser PlaceEmerg SimSub  Audio Routes: BESW Schemes: tel voicemail  Extras: Bundle[{android.telecom.extra.SUPPORTS_VIDEO_CALLING_FALLBACK=true}] GroupId: ***]: TSI.rPA@ADE
03-15 07:57:59.617  2275  2275 I TelecomFramework: AccountEntry: Registered phoneAccount: [[ ] PhoneAccount: ComponentInfo{com.android.phone/com.android.services.telephony.TelephonyConnectionService}, ***, UserHandle{0} Capabilities: CallProvider MultiUser PlaceEmerg SimSub  Audio Routes: BESW Schemes: tel voicemail  Extras: Bundle[{android.telecom.extra.SUPPORTS_VIDEO_CALLING_FALLBACK=true}] GroupId: ***] with handle: ComponentInfo{com.android.phone/com.android.services.telephony.TelephonyConnectionService}, ***, UserHandle{0}
03-15 07:57:59.617  2275  2275 I TelecomFramework: PstnIncomingCallNotifier: Registering: Handler (com.android.internal.telephony.GsmCdmaPhone) {df35852}
03-15 07:57:59.618  2275  2502 D IccSmsInterfaceManager: [IccSmsInterfaceManager] Calling setGsmBroadcastConfig with 1 configurations
03-15 07:57:59.624  2275  2275 D MultiSimSettingController: onSubscriptionsChanged
03-15 07:57:59.624  2275  2275 D MultiSimSettingController: updateDefaults
03-15 07:57:59.626  2275  2275 D MultiSimSettingController: [updateDefaultValues] change: 0
03-15 07:57:59.626  2275  2275 D CallNotifier: updatePhoneStateListeners: update CF notifications.
03-15 07:57:59.626  2275  2275 I NotificationMgr: updateCfi: subId= 1, visible=N
03-15 07:57:59.628  2275  2275 I NotificationMgr: updateMwi(): subId 1 update to false
03-15 07:57:59.636  2275  2275 I TelecomFramework: PstnPhoneCapabilitiesNotifier: handleVideoCapabilitesChanged. Video capability - false
03-15 07:57:59.648  2275  2275 D CarrierConfigLoader: mHandler: 5 phoneId: 0
03-15 07:57:59.654  2159  2159 V KeyguardUpdateMonitor: onSubscriptionInfoChanged()
03-15 07:57:59.660  2275  2275 D TelephonyProvider: subIdString = 1 subId = 1
03-15 07:57:59.661  2159  2159 V KeyguardUpdateMonitor: SubInfo:{id=1, iccId=89014103211118510720 simSlotIndex=0 carrierId=1 displayName=T-Mobile carrierName=Android nameSource=3 iconTint=-16746133 mNumber=+15555215554 dataRoaming=0 iconBitmap=android.graphics.Bitmap@6ee5816 mcc 310 mnc 260mCountryIso=us isEmbedded false accessRules null cardString=89014103211118510720 cardId=-1 isOpportunistic false mGroupUUID=null mIsGroupDisabled=false profileClass=-1 ehplmns = null hplmns = null subscriptionType=0 mGroupOwner=null}
03-15 07:57:59.668  2159  2159 D KeyguardViewMediator: onSimStateChanged(subId=1, slotId=0,state=READY)
03-15 07:57:59.671  2159  2159 D KeyguardViewMediator: READY, reset state? false
03-15 07:57:59.671  2159  2159 V KeyguardUpdateMonitor: onSubscriptionInfoChanged()
03-15 07:57:59.674  2646  2646 I Dialer  : DialerExecutorModule.newThread - creating low priority thread
03-15 07:57:59.674  1984  1984 D BootAnimation: BootAnimationStopTiming start time: 20460ms
03-15 07:57:59.683  2646  2675 I Dialer  : BlockedNumbersAutoMigrator - not attempting auto-migrate: device is locked
03-15 07:57:59.690  2159  2159 V KeyguardUpdateMonitor: SubInfo:{id=1, iccId=89014103211118510720 simSlotIndex=0 carrierId=1 displayName=T-Mobile carrierName=Android nameSource=3 iconTint=-16746133 mNumber=+15555215554 dataRoaming=0 iconBitmap=android.graphics.Bitmap@9566597 mcc 310 mnc 260mCountryIso=us isEmbedded false accessRules null cardString=89014103211118510720 cardId=-1 isOpportunistic false mGroupUUID=null mIsGroupDisabled=false profileClass=-1 ehplmns = null hplmns = null subscriptionType=0 mGroupOwner=null}
03-15 07:57:59.698  2275  2275 I VvmSimStateTracker: android.intent.action.SIM_STATE_CHANGED
03-15 07:57:59.702  2159  2159 W KeyguardUpdateMonitor: invalid subId in handleServiceStateChange()
03-15 07:57:59.702  2159  2159 E StatusBarSignalPolicy: Unexpected subscription 1
03-15 07:57:59.704  2646  2646 I Dialer  : DialerApplication.initializeAnnotatedCallLog - framework not enabled
03-15 07:57:59.698  2275  2275 I chatty  : uid=1001(radio) com.android.phone identical 6 lines
03-15 07:57:59.698  2275  2275 I TelecomFramework: PstnPhoneCapabilitiesNotifier: handleVideoCapabilitesChanged. Video capability - false
03-15 07:57:59.707  2014  2031 W BroadcastQueue: Background execution not allowed: receiving Intent { act=android.intent.action.USER_PRESENT flg=0x24200010 } to com.google.android.gms/.chimera.GmsIntentOperationService$PersistentTrustedReceiver
03-15 07:57:59.711  2275  2462 D TelephonyProvider: subIdString = 1 subId = 1
03-15 07:57:59.715  2646  2646 I Dialer  : LegacyVoicemailNotificationReceiver.onReceive - received legacy voicemail notification
03-15 07:57:59.716  2646  2646 I Dialer  : LegacyVoicemailNotificationReceiver.onReceive - isRefresh: false
03-15 07:57:59.718  2646  2677 W ContextImpl: Failed to ensure /data/user/0/com.android.dialer/cache: mkdir failed: ENOENT (No such file or directory)
03-15 07:57:59.718  2646  2677 W ContextImpl: Failed to update user.inode_cache: stat failed: ENOENT (No such file or directory)
03-15 07:57:59.720  2646  2646 I Dialer  : LegacyVoicemailNotificationReceiver.onReceive - clearing notification
03-15 07:57:59.720  2646  2646 I Dialer  : LegacyVoicemailNotifier.cancelNotification - enter
03-15 07:57:59.732  2646  2646 I Dialer  : LegacyVoicemailNotificationReceiver.onReceive - received legacy voicemail notification
03-15 07:57:59.733  2646  2646 I Dialer  : LegacyVoicemailNotificationReceiver.onReceive - isRefresh: true
03-15 07:57:59.733  2646  2646 I Dialer  : LegacyVoicemailNotificationReceiver.onReceive - clearing notification
03-15 07:57:59.733  2646  2646 I Dialer  : LegacyVoicemailNotifier.cancelNotification - enter
03-15 07:57:59.738  2646  2646 I Dialer  : LegacyVoicemailNotificationReceiver.onReceive - received legacy voicemail notification
03-15 07:57:59.738  2646  2646 I Dialer  : LegacyVoicemailNotificationReceiver.onReceive - isRefresh: true
03-15 07:57:59.738  2646  2646 I Dialer  : LegacyVoicemailNotificationReceiver.onReceive - clearing notification
03-15 07:57:59.738  2646  2646 I Dialer  : LegacyVoicemailNotifier.cancelNotification - enter
03-15 07:57:59.740  2275  2462 E libc    : Access denied finding property "net.radio0.dns1"
03-15 07:57:59.740  2275  2462 E libc    : Access denied finding property "net.radio0.dns2"
03-15 07:57:59.750  2646  2646 I Dialer  : LegacyVoicemailNotificationReceiver.onReceive - received legacy voicemail notification
03-15 07:57:59.750  2646  2646 I Dialer  : LegacyVoicemailNotificationReceiver.onReceive - isRefresh: true
03-15 07:57:59.751  2646  2646 I Dialer  : LegacyVoicemailNotificationReceiver.onReceive - clearing notification
03-15 07:57:59.751  2646  2646 I Dialer  : LegacyVoicemailNotifier.cancelNotification - enter
03-15 07:57:59.758  2014  2031 I Telecom : PhoneAccountRegistrar: Modify account: [ComponentInfo{com.android.phone/com.android.services.telephony.TelephonyConnectionService}, ***, UserHandle{0}]: TSI.rPA@ADQ
03-15 07:57:59.759  2014  2031 I Telecom : CallsManager: handlePhoneAccountChanged: phoneAccount=[[X] PhoneAccount: ComponentInfo{com.android.phone/com.android.services.telephony.TelephonyConnectionService}, ***, UserHandle{0} Capabilities: CallProvider MultiUser PlaceEmerg SimSub  Audio Routes: BESW Schemes: tel voicemail  Extras: Bundle[{android.telecom.extra.SUPPORTS_VIDEO_CALLING_FALLBACK=true}] GroupId: ***]: TSI.rPA@ADQ
03-15 07:57:59.761  2014  2591 D ConnectivityService: registerNetworkAgent NetworkAgentInfo{ ni{[type: MOBILE[LTE], state: CONNECTED/CONNECTED, reason: connected, extra: epc.tmobile.com, failover: false, available: true, roaming: false]}  network{100}  nethandle{432902426637}  lp{{InterfaceName: radio0 LinkAddresses: [ fe80::743e:72ff:feed:491f/64,10.0.2.15/24,fec0::743e:72ff:feed:491f/64,fec0::a4d4:7204:c2e2:4f99/64 ] DnsAddresses: [ /10.0.2.3 ] Domains: null MTU: 1500 TcpBufferSizes: 524288,1048576,2097152,262144,524288,1048576 Routes: [ ::/0 -> fe80::2 radio0,0.0.0.0/0 -> 10.0.2.2 radio0,fe80::/64 -> :: radio0,10.0.2.0/24 -> 0.0.0.0 radio0,fec0::/64 -> :: radio0 ]}}  nc{[ Transports: CELLULAR Capabilities: MMS&SUPL&DUN&FOTA&IMS&CBS&INTERNET&NOT_RESTRICTED&TRUSTED&NOT_VPN&NOT_ROAMING&FOREGROUND&NOT_CONGESTED&NOT_SUSPENDED LinkUpBandwidth>=51200Kbps LinkDnBandwidth>=102400Kbps Specifier: <1>]}  Score{10}  everValidated{false}  lastValidated{false}  created{false} lingering{false} explicitlySelected{false} acceptUnvalidated{false} everCaptivePortalDetected{false} lastCaptivePortalDetected{false} captivePortalValidationPending{false} partialConnectivity{false} acceptPartialConnectivity{false} clat{mBaseIface: null, mIface: null, mState: IDLE} }
03-15 07:57:59.761  2275  2502 D IccSmsInterfaceManager: [IccSmsInterfaceManager] Failed to add GSM cell broadcast channels range 4370 to 4370
03-15 07:57:59.730  2275  2275 W DcHandlerThread: type=1400 audit(0.0:9): avc: denied { read } for name="u:object_r:net_radio0_prop:s0" dev="tmpfs" ino=9350 scontext=u:r:radio:s0 tcontext=u:object_r:net_radio0_prop:s0 tclass=file permissive=0
03-15 07:57:59.730  2275  2275 W DcHandlerThread: type=1400 audit(0.0:10): avc: denied { read } for name="u:object_r:net_radio0_prop:s0" dev="tmpfs" ino=9350 scontext=u:r:radio:s0 tcontext=u:object_r:net_radio0_prop:s0 tclass=file permissive=0
03-15 07:57:59.765  2646  2646 I Dialer  : LegacyVoicemailNotificationReceiver.onReceive - received legacy voicemail notification
03-15 07:57:59.765  2646  2646 I Dialer  : LegacyVoicemailNotificationReceiver.onReceive - isRefresh: true
03-15 07:57:59.766  2646  2646 I Dialer  : LegacyVoicemailNotificationReceiver.onReceive - clearing notification
03-15 07:57:59.766  2646  2646 I Dialer  : LegacyVoicemailNotifier.cancelNotification - enter
03-15 07:57:59.771  2275  2502 D IccSmsInterfaceManager: [IccSmsInterfaceManager] Calling setCdmaBroadcastConfig with 1 configurations
03-15 07:57:59.773  2275  2299 W System  : A resource failed to call end. 
03-15 07:57:59.774  2275  2299 W System  : A resource failed to call close. 
03-15 07:57:59.781  2646  2646 I Dialer  : LegacyVoicemailNotificationReceiver.onReceive - received legacy voicemail notification
03-15 07:57:59.781  2646  2646 I Dialer  : LegacyVoicemailNotificationReceiver.onReceive - isRefresh: false
03-15 07:57:59.781  2646  2646 I Dialer  : LegacyVoicemailNotificationReceiver.onReceive - clearing notification
03-15 07:57:59.781  2646  2646 I Dialer  : LegacyVoicemailNotifier.cancelNotification - enter
03-15 07:57:59.786  2275  2275 D TelephonyProvider: subIdString = 1 subId = 1
03-15 07:57:59.788  2159  2159 V KeyguardUpdateMonitor: action android.intent.action.SIM_STATE_CHANGED state: LOADED slotId: 0 subid: 1
03-15 07:57:59.791  2275  2275 D TelephonyProvider: subIdString = 1 subId = 1
03-15 07:57:59.806  2014  2126 D ConnectivityService: NetworkAgentInfo [MOBILE (LTE) - 100] EVENT_NETWORK_INFO_CHANGED, going from null to CONNECTED
03-15 07:57:59.801  2275  2275 D TelephonyProvider: subIdString = 1 subId = 1
03-15 07:57:59.806  1747  1992 D TcpSocketMonitor: resuming tcpinfo polling (interval=30000ms)
03-15 07:57:59.806  1747  1992 I netd    : networkCreatePhysical(100, 0) <0.12ms>
03-15 07:57:59.807  1747  1992 I netd    : createNetworkCache(100) <0.02ms>
03-15 07:57:59.807  2275  2275 D TelephonyProvider: subIdString = 1 subId = 1
03-15 07:57:59.809  2014  2126 W DnsManager: updatePrivateDns(100, PrivateDnsConfig{true:/[]})
03-15 07:57:59.809  2014  2126 D ConnectivityService: Setting DNS servers for network 100 to [/10.0.2.3]
03-15 07:57:59.809  2014  2126 D DnsManager: setDnsConfigurationForNetwork(100, [10.0.2.3], [], 1800, 25, 8, 64, 0, 0, , [10.0.2.3])
03-15 07:57:59.810  1747  1992 I netd    : DnsResolverService::setResolverConfiguration(100, [10.0.2.3], [], 1800, 25, 8, 64, 0, 0, [10.0.2.3], []) -> (0) (0.4ms)
03-15 07:57:59.810  1747  1992 I netd    : setResolverConfiguration() <0.52ms>
03-15 07:57:59.816  2159  2159 D KeyguardUpdateMonitor: handleSimStateChange(subId=-1, slotId=0, state=READY)
03-15 07:57:59.816  2159  2159 W KeyguardUpdateMonitor: invalid subId in handleSimStateChange()
03-15 07:57:59.817  2014  2126 D ConnectivityService: Adding iface radio0 to network 100
03-15 07:57:59.819  2275  2275 D TelephonyProvider: subIdString = 1 subId = 1
03-15 07:57:59.820  2159  2159 V KeyguardUpdateMonitor: onSubscriptionInfoChanged()
03-15 07:57:59.821  1747  1992 I netd    : networkAddInterface(100, "radio0") <3.52ms>
03-15 07:57:59.822  1747  1992 I netd    : interfaceSetMtu("radio0", 1500) <0.13ms>
03-15 07:57:59.824  1747  1992 I netd    : networkAddRoute(100, "radio0", "fe80::/64", "") <0.22ms>
03-15 07:57:59.825  1747  1992 I netd    : networkAddRoute(100, "radio0", "10.0.2.0/24", "") <0.14ms>
03-15 07:57:59.827  1747  1992 I netd    : networkAddRoute(100, "radio0", "fec0::/64", "") <0.32ms>
03-15 07:57:59.828  2275  2275 D TelephonyProvider: subIdString = 1 subId = 1
03-15 07:57:59.832  1747  1992 E Netd    : Error adding route ::/0 -> fe80::2 radio0 to table 1010: File exists
03-15 07:57:59.832  1747  1992 I netd    : networkAddRoute(100, "radio0", "::/0", "fe80::2") <0.25ms>
03-15 07:57:59.833  1747  1992 I netd    : networkAddRoute(100, "radio0", "0.0.0.0/0", "10.0.2.2") <0.12ms>
03-15 07:57:59.833  2014  2126 D ConnectivityService: Setting DNS servers for network 100 to [/10.0.2.3]
03-15 07:57:59.833  2275  2275 D TelephonyProvider: subIdString = 1 subId = 1
03-15 07:57:59.834  2014  2126 D DnsManager: setDnsConfigurationForNetwork(100, [10.0.2.3], [], 1800, 25, 8, 64, 0, 0, , [10.0.2.3])
03-15 07:57:59.834  1747  1992 I netd    : DnsResolverService::setResolverConfiguration(100, [10.0.2.3], [], 1800, 25, 8, 64, 0, 0, [10.0.2.3], []) -> (0) (0.2ms)
03-15 07:57:59.834  1747  1992 I netd    : setResolverConfiguration() <0.36ms>
03-15 07:57:59.834  2159  2159 V KeyguardUpdateMonitor: SubInfo:{id=1, iccId=89014103211118510720 simSlotIndex=0 carrierId=1 displayName=T-Mobile carrierName=Android nameSource=3 iconTint=-16746133 mNumber=+15555215554 dataRoaming=0 iconBitmap=android.graphics.Bitmap@d8504d mcc 310 mnc 260mCountryIso=us isEmbedded false accessRules null cardString=89014103211118510720 cardId=-1 isOpportunistic false mGroupUUID=null mIsGroupDisabled=false profileClass=-1 ehplmns = null hplmns = null subscriptionType=0 mGroupOwner=null}
03-15 07:57:59.838  2014  2126 W BestClock: java.time.DateTimeException: Missing NTP fix
03-15 07:57:59.839  2014  2038 I WindowManager: ******* TELLING SURFACE FLINGER WE ARE BOOTED!
03-15 07:57:59.841  2159  2175 I ndroid.systemu: Background young concurrent copying GC freed 18991(1432KB) AllocSpace objects, 29(580KB) LOS objects, 27% free, 5046KB/6999KB, paused 1.154ms total 184.544ms
03-15 07:57:59.842  1799  1887 I SurfaceFlinger: Boot is finished (11810 ms)
03-15 07:57:59.845  2275  2275 D TelephonyProvider: subIdString = 1 subId = 1
03-15 07:57:59.849  2014  2038 I SystemServiceManager: Starting phase 1000
03-15 07:57:59.850  2014  2052 V DisplayPowerController: Brightness [102] reason changing to: 'manual', previous reason: 'override'.
03-15 07:57:59.853  2014  2113 D StorageManagerService: Thinking about init, mBootCompleted=true, mDaemonConnected=true
03-15 07:57:59.853  2014  2113 D StorageManagerService: Thinking about reset, mBootCompleted=true, mDaemonConnected=true
