--------- beginning of system
12-26 14:04:01.084  1994  2007 E BootAnimation: Could not add watch for /data/system
12-26 14:04:02.452  2013  2048 E BatteryExternalStatsWorker: no controller energy info supplied for telephony
12-26 14:04:02.459  2013  2048 E KernelCpuUidFreqTimeReader: Failed to read /proc/uid_time_in_state: java.nio.file.NoSuchFileException: /proc/uid_time_in_state
12-26 14:04:03.378  2013  2048 E BatteryExternalStatsWorker: no controller energy info supplied for telephony
12-26 14:04:03.378  2013  2048 E KernelCpuUidFreqTimeReader: Failed to read /proc/uid_time_in_state: java.nio.file.NoSuchFileException: /proc/uid_time_in_state
12-26 14:04:03.394  2013  2048 E KernelCpuUidFreqTimeReader: Failed to read /proc/uid_time_in_state: java.nio.file.NoSuchFileException: /proc/uid_time_in_state
12-26 14:04:03.437  2013  2102 E SystemServer: Unable to preload default resources
12-26 14:04:04.481  2013  2013 E UsbDeviceManager: failed to write to /sys/class/android_usb/android0/f_rndis/ethaddr
12-26 14:04:04.487  2013  2013 E UsbDeviceManager: Failed to open control for mtp
12-26 14:04:04.487  2013  2013 E UsbDeviceManager: Failed to open control for ptp
12-26 14:04:04.508  2013  2013 E UsbPortManager: connectToProxy: usb hal service not found. Did the service fail to start?
12-26 14:04:04.508  2013  2013 E UsbPortManager: java.util.NoSuchElementException
12-26 14:04:04.508  2013  2013 E UsbPortManager: 	at android.os.HwBinder.getService(Native Method)
12-26 14:04:04.508  2013  2013 E UsbPortManager: 	at android.os.HwBinder.getService(HwBinder.java:83)
12-26 14:04:04.508  2013  2013 E UsbPortManager: 	at android.hardware.usb.V1_0.IUsb.getService(IUsb.java:70)
12-26 14:04:04.508  2013  2013 E UsbPortManager: 	at android.hardware.usb.V1_0.IUsb.getService(IUsb.java:77)
12-26 14:04:04.508  2013  2013 E UsbPortManager: 	at com.android.server.usb.UsbPortManager.connectToProxy(UsbPortManager.java:780)
12-26 14:04:04.508  2013  2013 E UsbPortManager: 	at com.android.server.usb.UsbPortManager.<init>(UsbPortManager.java:175)
12-26 14:04:04.508  2013  2013 E UsbPortManager: 	at com.android.server.usb.UsbService.<init>(UsbService.java:153)
12-26 14:04:04.508  2013  2013 E UsbPortManager: 	at com.android.server.usb.UsbService$Lifecycle.onStart(UsbService.java:84)
12-26 14:04:04.508  2013  2013 E UsbPortManager: 	at com.android.server.SystemServiceManager.startService(SystemServiceManager.java:129)
12-26 14:04:04.508  2013  2013 E UsbPortManager: 	at com.android.server.SystemServiceManager.startService(SystemServiceManager.java:116)
12-26 14:04:04.508  2013  2013 E UsbPortManager: 	at com.android.server.SystemServiceManager.startService(SystemServiceManager.java:75)
12-26 14:04:04.508  2013  2013 E UsbPortManager: 	at com.android.server.SystemServer.startOtherServices(SystemServer.java:1532)
12-26 14:04:04.508  2013  2013 E UsbPortManager: 	at com.android.server.SystemServer.run(SystemServer.java:512)
12-26 14:04:04.508  2013  2013 E UsbPortManager: 	at com.android.server.SystemServer.main(SystemServer.java:349)
12-26 14:04:04.508  2013  2013 E UsbPortManager: 	at java.lang.reflect.Method.invoke(Native Method)
12-26 14:04:04.508  2013  2013 E UsbPortManager: 	at com.android.internal.os.RuntimeInit$MethodAndArgsCaller.run(RuntimeInit.java:492)
12-26 14:04:04.508  2013  2013 E UsbPortManager: 	at com.android.internal.os.ZygoteInit.main(ZygoteInit.java:908)
12-26 14:04:04.803  2013  2013 E KernelCpuThreadReader: Failed to initialize KernelCpuThreadReader
12-26 14:04:04.803  2013  2013 E KernelCpuThreadReader: java.nio.file.NoSuchFileException: /proc/self/time_in_state
12-26 14:04:04.803  2013  2013 E KernelCpuThreadReader: 	at sun.nio.fs.UnixFileSystemProvider.newByteChannel(UnixFileSystemProvider.java:214)
12-26 14:04:04.803  2013  2013 E KernelCpuThreadReader: 	at java.nio.file.Files.newByteChannel(Files.java:361)
12-26 14:04:04.803  2013  2013 E KernelCpuThreadReader: 	at java.nio.file.Files.newByteChannel(Files.java:407)
12-26 14:04:04.803  2013  2013 E KernelCpuThreadReader: 	at java.nio.file.Files.readAllBytes(Files.java:3152)
12-26 14:04:04.803  2013  2013 E KernelCpuThreadReader: 	at com.android.internal.os.ProcTimeInStateReader.initializeTimeInStateFormat(ProcTimeInStateReader.java:163)
12-26 14:04:04.803  2013  2013 E KernelCpuThreadReader: 	at com.android.internal.os.ProcTimeInStateReader.<init>(ProcTimeInStateReader.java:110)
12-26 14:04:04.803  2013  2013 E KernelCpuThreadReader: 	at com.android.internal.os.KernelCpuThreadReader.<init>(KernelCpuThreadReader.java:137)
12-26 14:04:04.803  2013  2013 E KernelCpuThreadReader: 	at com.android.internal.os.KernelCpuThreadReader.create(KernelCpuThreadReader.java:150)
12-26 14:04:04.803  2013  2013 E KernelCpuThreadReader: 	at com.android.internal.os.KernelCpuThreadReaderSettingsObserver.<init>(KernelCpuThreadReaderSettingsObserver.java:94)
12-26 14:04:04.803  2013  2013 E KernelCpuThreadReader: 	at com.android.internal.os.KernelCpuThreadReaderSettingsObserver.getSettingsModifiedReader(KernelCpuThreadReaderSettingsObserver.java:79)
12-26 14:04:04.803  2013  2013 E KernelCpuThreadReader: 	at com.android.server.stats.StatsCompanionService.<init>(StatsCompanionService.java:377)
12-26 14:04:04.803  2013  2013 E KernelCpuThreadReader: 	at com.android.server.stats.StatsCompanionService$Lifecycle.onStart(StatsCompanionService.java:2539)
12-26 14:04:04.803  2013  2013 E KernelCpuThreadReader: 	at com.android.server.SystemServiceManager.startService(SystemServiceManager.java:129)
12-26 14:04:04.803  2013  2013 E KernelCpuThreadReader: 	at com.android.server.SystemServiceManager.startService(SystemServiceManager.java:116)
12-26 14:04:04.803  2013  2013 E KernelCpuThreadReader: 	at com.android.server.SystemServer.startOtherServices(SystemServer.java:1879)
12-26 14:04:04.803  2013  2013 E KernelCpuThreadReader: 	at com.android.server.SystemServer.run(SystemServer.java:512)
12-26 14:04:04.803  2013  2013 E KernelCpuThreadReader: 	at com.android.server.SystemServer.main(SystemServer.java:349)
12-26 14:04:04.803  2013  2013 E KernelCpuThreadReader: 	at java.lang.reflect.Method.invoke(Native Method)
12-26 14:04:04.803  2013  2013 E KernelCpuThreadReader: 	at com.android.internal.os.RuntimeInit$MethodAndArgsCaller.run(RuntimeInit.java:492)
12-26 14:04:04.803  2013  2013 E KernelCpuThreadReader: 	at com.android.internal.os.ZygoteInit.main(ZygoteInit.java:908)
12-26 14:04:04.813  2013  2013 E AutofillManagerServiceImpl: Bad service name: com.google.android.gms/.autofill.service.AutofillService
12-26 14:04:04.833  2013  2013 E LockSettingsStorage: Cannot read file java.io.FileNotFoundException: /data/system/gatekeeper.password.key: open failed: ENOENT (No such file or directory)
12-26 14:04:04.833  2013  2013 E LockSettingsStorage: Cannot read file java.io.FileNotFoundException: /data/system/password.key: open failed: ENOENT (No such file or directory)
12-26 14:04:04.833  2013  2013 E LockSettingsStorage: Cannot read file java.io.FileNotFoundException: /data/system/gatekeeper.pattern.key: open failed: ENOENT (No such file or directory)
12-26 14:04:04.833  2013  2013 E LockSettingsStorage: Cannot read file java.io.FileNotFoundException: /data/system/gatekeeper.gesture.key: open failed: ENOENT (No such file or directory)
12-26 14:04:04.833  2013  2013 E LockSettingsStorage: Cannot read file java.io.FileNotFoundException: /data/system/gesture.key: open failed: ENOENT (No such file or directory)
12-26 14:04:04.861  2013  2013 E TestHarnessModeService: Failed to start Test Harness Mode; no implementation of PersistentDataBlockManagerInternal was bound!
12-26 14:04:04.925  2013  2013 E DisplayPowerController: failed to set up display white-balance: java.lang.IllegalStateException: cannot find sensor com.google.sensor.color
12-26 14:04:04.940  2013  2048 E KernelCpuUidFreqTimeReader: Failed to read /proc/uid_time_in_state: java.nio.file.NoSuchFileException: /proc/uid_time_in_state
12-26 14:04:04.973  1785  1785 E android.hardware.wifi@1.0-service: Failed to register radio mode change callback
12-26 14:04:05.007  1785  1785 E android.hardware.wifi@1.0-service: Failed to set DFS flag; DFS channels may be unavailable.
12-26 14:04:05.038  1861  1861 E wificond: No Offload Service available
12-26 14:04:05.157  2013  2013 E WallpaperManagerService: Unable to apply new wallpaper
12-26 14:04:05.202  2013  2048 E BatteryExternalStatsWorker: no controller energy info supplied for telephony
12-26 14:04:05.464  1861  1861 E wificond: Receive ERROR message in response to 'stop scheduled scan' request: Operation not supported on transport endpoint
12-26 14:04:05.760  2013  2048 E KernelCpuUidFreqTimeReader: Failed to read /proc/uid_time_in_state: java.nio.file.NoSuchFileException: /proc/uid_time_in_state
12-26 14:04:06.123  1785  1785 E android.hardware.wifi@1.0-service: Failed to register radio mode change callback
12-26 14:04:06.186  1785  1785 E android.hardware.wifi@1.0-service: Failed to set DFS flag; DFS channels may be unavailable.
12-26 14:04:06.244  1861  1861 E wificond: No Offload Service available
12-26 14:04:06.790  2013  2131 E ActivityThread: Failed to find provider info for com.android.calendar
12-26 14:04:06.790  2013  2131 E ActivityThread: Failed to find provider info for com.android.calendar
12-26 14:04:06.921  2013  2013 E ContentSuggestionsPerUserService: Bad service name: com.google.android.as/com.google.android.apps.miphone.aiai.app.AiAiContentSuggestionsService
12-26 14:04:07.009  2159  2159 E ActivityThread: Failed to find provider info for com.google.android.apps.turbo.estimated_time_remaining
12-26 14:04:07.076  2332  2539 E ActivityThread: Failed to find provider info for com.android.contacts
12-26 14:04:07.915  2159  2533 E ActivityThread: Failed to find provider info for com.android.contacts
12-26 14:04:08.569  2013  2131 E ActivityThread: Failed to find provider info for com.android.calendar
12-26 14:04:08.569  2013  2131 E ActivityThread: Failed to find provider info for com.android.calendar
12-26 14:04:08.892  2159  2533 E ActivityThread: Failed to find provider info for com.android.contacts
12-26 14:04:08.930  2159  2416 E ActivityThread: Failed to find provider info for com.android.contacts
12-26 14:04:09.093  2593  2593 E ActivityThread: Failed to find provider info for com.google.android.gsf.gservices
12-26 14:04:09.109  2593  2593 E ActivityThread: Failed to find provider info for com.google.android.gsf.gservices
12-26 14:04:09.168  2593  2593 E ActivityThread: Failed to find provider info for com.google.android.gsf.gservices
12-26 14:04:09.221  2593  2593 E ActivityThread: Failed to find provider info for com.google.android.gsf.gservices
12-26 14:04:09.292  2593  2593 E ActivityThread: Failed to find provider info for com.google.android.gsf.gservices
12-26 14:04:09.720  2593  2593 E ActivityThread: Failed to find provider info for com.google.android.gsf.gservices
12-26 14:04:09.742  2593  2593 E ActivityThread: Failed to find provider info for com.google.android.gsf.gservices
12-26 14:04:10.558  2593  2593 E ActivityThread: Failed to find provider info for com.google.android.gsf.gservices
12-26 14:04:10.598  2593  2593 E ActivityThread: Failed to find provider info for com.google.android.gsf.gservices
12-26 14:04:10.661  2593  2593 E ActivityThread: Failed to find provider info for com.google.android.gsf.gservices
12-26 14:04:10.662  2593  2632 E ActivityThread: Failed to find provider info for com.google.android.gsf.gservices
12-26 14:04:10.665  2593  2593 E ActivityThread: Failed to find provider info for com.google.android.gsf.gservices
12-26 14:04:10.678  2593  2593 E ActivityThread: Failed to find provider info for com.google.android.gsf.gservices
12-26 14:04:10.679  2593  2632 E ActivityThread: Failed to find provider info for com.google.android.gsf.gservices
12-26 14:04:10.681  2593  2632 E ActivityThread: Failed to find provider info for com.google.android.gsf.gservices
12-26 14:04:10.688  2593  2593 E ActivityThread: Failed to find provider info for com.google.android.gsf.gservices
12-26 14:04:10.811  2593  2593 E ActivityThread: Failed to find provider info for com.google.android.gsf.gservices
12-26 14:04:10.824  2593  2636 E ActivityThread: Failed to find provider info for com.google.android.gsf.gservices
12-26 14:04:10.833  2593  2593 E ActivityThread: Failed to find provider info for com.google.android.gsf.gservices
12-26 14:04:10.993  2593  2593 E ActivityThread: Failed to find provider info for com.google.android.gsf.gservices
12-26 14:04:11.002  2593  2593 E ActivityThread: Failed to find provider info for com.google.android.gsf.gservices
12-26 14:04:11.116  2593  2593 E ActivityThread: Failed to find provider info for com.google.android.gsf.gservices
12-26 14:04:11.185  2593  2593 E ActivityThread: Failed to find provider info for com.google.android.gsf.gservices
12-26 14:04:11.208  2593  2593 E ActivityThread: Failed to find provider info for com.google.android.gsf.gservices
12-26 14:04:11.249  2593  2593 E ActivityThread: Failed to find provider info for com.google.android.gsf.gservices
12-26 14:04:11.363  2593  2593 E ActivityThread: Failed to find provider info for com.google.android.gsf.gservices
12-26 14:04:11.454  2593  2593 E ActivityThread: Failed to find provider info for com.google.android.gsf.gservices
12-26 14:04:11.463  2593  2593 E ActivityThread: Failed to find provider info for com.google.android.gsf.gservices
12-26 14:04:11.472  2593  2593 E ActivityThread: Failed to find provider info for com.google.android.gsf.gservices
12-26 14:04:11.482  2593  2593 E ActivityThread: Failed to find provider info for com.google.android.gsf.gservices
12-26 14:04:11.499  2593  2593 E ActivityThread: Failed to find provider info for com.google.android.gsf.gservices
12-26 14:04:11.785  2647  2673 E ActivityThread: Failed to find provider info for com.google.android.gsf.gservices
12-26 14:04:12.767  2013  2035 E TestHarnessModeService: Failed to start Test Harness Mode; no implementation of PersistentDataBlockManagerInternal was bound!
12-26 14:04:13.691  2726  2726 E ActivityThread: Failed to find provider info for com.google.android.gsf.gservices
12-26 14:04:13.789  2726  2726 E ActivityThread: Failed to find provider info for com.google.android.gsf.gservices
12-26 14:04:13.823  2726  2726 E ActivityThread: Failed to find provider info for com.google.android.gsf.gservices
12-26 14:04:13.936  2726  2726 E ActivityThread: Failed to find provider info for com.google.android.gsf.gservices
12-26 14:04:14.065  2726  2726 E ActivityThread: Failed to find provider info for com.google.android.gsf.gservices
12-26 14:04:14.071  2726  2726 E ActivityThread: Failed to find provider info for com.google.android.gsf.gservices
12-26 14:04:14.072  2726  2726 E ActivityThread: Failed to find provider info for com.google.android.gsf.gservices
12-26 14:04:14.073  2726  2726 E ActivityThread: Failed to find provider info for com.google.android.gsf.gservices
12-26 14:04:14.074  2726  2726 E ActivityThread: Failed to find provider info for com.google.android.gsf.gservices
12-26 14:04:14.075  2726  2726 E ActivityThread: Failed to find provider info for com.google.android.gsf.gservices
12-26 14:04:14.076  2726  2726 E ActivityThread: Failed to find provider info for com.google.android.gsf.gservices
12-26 14:04:14.080  2726  2726 E ActivityThread: Failed to find provider info for com.google.android.gsf.gservices
12-26 14:04:14.104  2726  2726 E ActivityThread: Failed to find provider info for com.google.android.gsf.gservices
12-26 14:04:14.122  2726  2815 E ActivityThread: Failed to find provider info for com.google.android.gsf.gservices
12-26 14:04:14.123  2726  2815 E ActivityThread: Failed to find provider info for com.google.android.gsf.gservices
12-26 14:04:14.145  2726  2815 E ActivityThread: Failed to find provider info for com.google.android.gsf.gservices
12-26 14:04:14.182  2726  2815 E ActivityThread: Failed to find provider info for com.google.android.gsf.gservices
12-26 14:04:14.183  2726  2726 E ActivityThread: Failed to find provider info for com.google.android.gsf.gservices
12-26 14:04:14.185  2726  2726 E ActivityThread: Failed to find provider info for com.google.android.gsf.gservices
12-26 14:04:14.189  2726  2815 E ActivityThread: Failed to find provider info for com.google.android.gsf.gservices
12-26 14:04:14.192  2726  2815 E ActivityThread: Failed to find provider info for com.google.android.gsf.gservices
12-26 14:04:14.194  2726  2726 E ActivityThread: Failed to find provider info for com.google.android.gsf.gservices
12-26 14:04:14.211  2726  2726 E ActivityThread: Failed to find provider info for com.google.android.gsf.gservices
12-26 14:04:14.245  2726  2726 E ActivityThread: Failed to find provider info for com.google.android.gsf.gservices
12-26 14:04:14.292  2726  2726 E ActivityThread: Failed to find provider info for com.google.android.gsf.gservices
12-26 14:04:14.300  2726  2726 E ActivityThread: Failed to find provider info for com.google.android.gsf.gservices
12-26 14:04:14.304  2726  2726 E ActivityThread: Failed to find provider info for com.google.android.gsf.gservices
12-26 14:04:14.307  2726  2821 E ActivityThread: Failed to find provider info for com.google.android.gsf.gservices
12-26 14:04:14.316  2726  2821 E ActivityThread: Failed to find provider info for com.google.android.gsf.gservices
12-26 14:04:14.317  2726  2726 E ActivityThread: Failed to find provider info for com.google.android.gsf.gservices
12-26 14:04:14.323  2726  2726 E ActivityThread: Failed to find provider info for com.google.android.gsf.gservices
12-26 14:04:14.390  2726  2726 E ActivityThread: Failed to find provider info for com.google.android.gsf.gservices
12-26 14:04:14.404  2726  2726 E ActivityThread: Failed to find provider info for com.google.android.gsf.gservices
12-26 14:04:14.511  2726  2726 E ActivityThread: Failed to find provider info for com.google.android.gsf.gservices
12-26 14:04:14.542  2726  2726 E ActivityThread: Failed to find provider info for com.google.android.gsf.gservices
12-26 14:04:14.549  2726  2832 E ActivityThread: Failed to find provider info for com.google.android.gsf.gservices
12-26 14:04:14.558  2726  2726 E ActivityThread: Failed to find provider info for com.google.android.gsf.gservices
12-26 14:04:14.667  2726  2726 E ActivityThread: Failed to find provider info for com.google.android.gsf.gservices
12-26 14:04:14.729  2726  2726 E ActivityThread: Failed to find provider info for com.google.android.gsf.gservices
12-26 14:04:14.783  2726  2726 E ActivityThread: Failed to find provider info for com.google.android.gsf.gservices
12-26 14:04:14.786  2726  2726 E ActivityThread: Failed to find provider info for com.google.android.gsf.gservices
12-26 14:04:14.796  2726  2726 E ActivityThread: Failed to find provider info for com.google.android.gsf.gservices
12-26 14:04:14.826  2726  2726 E ActivityThread: Failed to find provider info for com.google.android.gsf.gservices
12-26 14:04:14.832  2726  2726 E ActivityThread: Failed to find provider info for com.google.android.gsf.gservices
12-26 14:04:14.865  2726  2843 E ActivityThread: Failed to find provider info for com.google.android.gsf.gservices
12-26 14:04:14.884  2726  2845 E ActivityThread: Failed to find provider info for com.google.android.gsf.gservices
12-26 14:04:14.977  2726  2845 E ActivityThread: Failed to find provider info for com.google.android.gsf.gservices
12-26 14:04:15.097  2013  2043 E SystemCaptionsManagerPerUserService: Bad service name: com.google.android.as/com.google.android.apps.miphone.aiai.captions.SystemCaptionsManagerService
12-26 14:04:15.097  2013  2043 E AppPredictionPerUserService: Bad service name: com.google.android.as/com.google.android.apps.miphone.aiai.app.AiAiPredictionService
12-26 14:04:15.098  2013  2043 E ContentSuggestionsPerUserService: Bad service name: com.google.android.as/com.google.android.apps.miphone.aiai.app.AiAiContentSuggestionsService
12-26 14:04:15.804  2013  2142 E BackupPasswordManager: Unable to read backup pw version
12-26 14:04:15.812  2013  2142 E BackupPasswordManager: Unable to read saved backup pw hash
12-26 14:04:21.740  2436  3313 E ActivityThread: Failed to find provider info for com.google.android.apps.wellbeing.api
12-26 14:04:22.360  2013  2042 E PackageManager: Optimistic bind failed.
12-26 14:04:22.360  2013  2042 E PackageManager: java.util.concurrent.TimeoutException: [Optimistic Bind] Didn't bind to resolver in time!
12-26 14:04:22.360  2013  2042 E PackageManager: 	at com.android.server.pm.InstantAppResolverConnection.waitForBindLocked(InstantAppResolverConnection.java:161)
12-26 14:04:22.360  2013  2042 E PackageManager: 	at com.android.server.pm.InstantAppResolverConnection.bind(InstantAppResolverConnection.java:226)
12-26 14:04:22.360  2013  2042 E PackageManager: 	at com.android.server.pm.InstantAppResolverConnection.lambda$optimisticBind$0$InstantAppResolverConnection(InstantAppResolverConnection.java:256)
12-26 14:04:22.360  2013  2042 E PackageManager: 	at com.android.server.pm.-$$Lambda$InstantAppResolverConnection$D-JKXi4qrYjnPQMOwj8UtfZenps.run(Unknown Source:2)
12-26 14:04:22.360  2013  2042 E PackageManager: 	at android.os.Handler.handleCallback(Handler.java:883)
12-26 14:04:22.360  2013  2042 E PackageManager: 	at android.os.Handler.dispatchMessage(Handler.java:100)
12-26 14:04:22.360  2013  2042 E PackageManager: 	at android.os.Looper.loop(Looper.java:214)
12-26 14:04:22.360  2013  2042 E PackageManager: 	at android.os.HandlerThread.run(HandlerThread.java:67)
12-26 14:04:23.860  2593  3284 E ActivityThread: Failed to find provider info for instantapp-dev-manager
12-26 14:04:26.744  2436  3313 E ActivityThread: Failed to find provider info for com.google.android.apps.wellbeing.api
12-26 14:04:41.752  2436  3313 E ActivityThread: Failed to find provider info for com.google.android.apps.wellbeing.api
12-26 14:05:11.762  2436  3313 E ActivityThread: Failed to find provider info for com.google.android.apps.wellbeing.api
12-26 14:07:47.850  2013  2935 E DropBoxManagerService: Can't read: /data/system/dropbox/event_log@1640527473828.txt
12-26 14:07:47.850  2013  2935 E DropBoxManagerService: java.io.FileNotFoundException: open failed: ENOENT (No such file or directory)
12-26 14:07:47.850  2013  2935 E DropBoxManagerService: 	at android.os.ParcelFileDescriptor.openInternal(ParcelFileDescriptor.java:315)
12-26 14:07:47.850  2013  2935 E DropBoxManagerService: 	at android.os.ParcelFileDescriptor.open(ParcelFileDescriptor.java:220)
12-26 14:07:47.850  2013  2935 E DropBoxManagerService: 	at android.os.DropBoxManager$Entry.<init>(DropBoxManager.java:183)
12-26 14:07:47.850  2013  2935 E DropBoxManagerService: 	at com.android.server.DropBoxManagerService.getNextEntry(DropBoxManagerService.java:508)
12-26 14:07:47.850  2013  2935 E DropBoxManagerService: 	at com.android.server.DropBoxManagerService$2.getNextEntry(DropBoxManagerService.java:155)
12-26 14:07:47.850  2013  2935 E DropBoxManagerService: 	at com.android.internal.os.IDropBoxManagerService$Stub.onTransact(IDropBoxManagerService.java:139)
12-26 14:07:47.850  2013  2935 E DropBoxManagerService: 	at android.os.Binder.execTransactInternal(Binder.java:1021)
12-26 14:07:47.850  2013  2935 E DropBoxManagerService: 	at android.os.Binder.execTransact(Binder.java:994)
12-26 14:07:47.854  2013  2935 E DropBoxManagerService: Can't read: /data/system/dropbox/system_server_strictmode@1640527443537.txt
12-26 14:07:47.854  2013  2935 E DropBoxManagerService: java.io.FileNotFoundException: open failed: ENOENT (No such file or directory)
12-26 14:07:47.854  2013  2935 E DropBoxManagerService: 	at android.os.ParcelFileDescriptor.openInternal(ParcelFileDescriptor.java:315)
12-26 14:07:47.854  2013  2935 E DropBoxManagerService: 	at android.os.ParcelFileDescriptor.open(ParcelFileDescriptor.java:220)
12-26 14:07:47.854  2013  2935 E DropBoxManagerService: 	at android.os.DropBoxManager$Entry.<init>(DropBoxManager.java:183)
12-26 14:07:47.854  2013  2935 E DropBoxManagerService: 	at com.android.server.DropBoxManagerService.getNextEntry(DropBoxManagerService.java:508)
12-26 14:07:47.854  2013  2935 E DropBoxManagerService: 	at com.android.server.DropBoxManagerService$2.getNextEntry(DropBoxManagerService.java:155)
12-26 14:07:47.854  2013  2935 E DropBoxManagerService: 	at com.android.internal.os.IDropBoxManagerService$Stub.onTransact(IDropBoxManagerService.java:139)
12-26 14:07:47.854  2013  2935 E DropBoxManagerService: 	at android.os.Binder.execTransactInternal(Binder.java:1021)
12-26 14:07:47.854  2013  2935 E DropBoxManagerService: 	at android.os.Binder.execTransact(Binder.java:994)
12-26 14:07:47.855  2013  2935 E DropBoxManagerService: Can't read: /data/system/dropbox/system_server_strictmode@1640527443540.txt
12-26 14:07:47.855  2013  2935 E DropBoxManagerService: java.io.FileNotFoundException: open failed: ENOENT (No such file or directory)
12-26 14:07:47.855  2013  2935 E DropBoxManagerService: 	at android.os.ParcelFileDescriptor.openInternal(ParcelFileDescriptor.java:315)
12-26 14:07:47.855  2013  2935 E DropBoxManagerService: 	at android.os.ParcelFileDescriptor.open(ParcelFileDescriptor.java:220)
12-26 14:07:47.855  2013  2935 E DropBoxManagerService: 	at android.os.DropBoxManager$Entry.<init>(DropBoxManager.java:183)
12-26 14:07:47.855  2013  2935 E DropBoxManagerService: 	at com.android.server.DropBoxManagerService.getNextEntry(DropBoxManagerService.java:508)
12-26 14:07:47.855  2013  2935 E DropBoxManagerService: 	at com.android.server.DropBoxManagerService$2.getNextEntry(DropBoxManagerService.java:155)
12-26 14:07:47.855  2013  2935 E DropBoxManagerService: 	at com.android.internal.os.IDropBoxManagerService$Stub.onTransact(IDropBoxManagerService.java:139)
12-26 14:07:47.855  2013  2935 E DropBoxManagerService: 	at android.os.Binder.execTransactInternal(Binder.java:1021)
12-26 14:07:47.855  2013  2935 E DropBoxManagerService: 	at android.os.Binder.execTransact(Binder.java:994)
12-26 14:07:47.857  2013  2935 E DropBoxManagerService: Can't read: /data/system/dropbox/system_server_strictmode@1640527455498.txt
12-26 14:07:47.857  2013  2935 E DropBoxManagerService: java.io.FileNotFoundException: open failed: ENOENT (No such file or directory)
12-26 14:07:47.857  2013  2935 E DropBoxManagerService: 	at android.os.ParcelFileDescriptor.openInternal(ParcelFileDescriptor.java:315)
12-26 14:07:47.857  2013  2935 E DropBoxManagerService: 	at android.os.ParcelFileDescriptor.open(ParcelFileDescriptor.java:220)
12-26 14:07:47.857  2013  2935 E DropBoxManagerService: 	at android.os.DropBoxManager$Entry.<init>(DropBoxManager.java:183)
12-26 14:07:47.857  2013  2935 E DropBoxManagerService: 	at com.android.server.DropBoxManagerService.getNextEntry(DropBoxManagerService.java:508)
12-26 14:07:47.857  2013  2935 E DropBoxManagerService: 	at com.android.server.DropBoxManagerService$2.getNextEntry(DropBoxManagerService.java:155)
12-26 14:07:47.857  2013  2935 E DropBoxManagerService: 	at com.android.internal.os.IDropBoxManagerService$Stub.onTransact(IDropBoxManagerService.java:139)
12-26 14:07:47.857  2013  2935 E DropBoxManagerService: 	at android.os.Binder.execTransactInternal(Binder.java:1021)
12-26 14:07:47.857  2013  2935 E DropBoxManagerService: 	at android.os.Binder.execTransact(Binder.java:994)
12-26 14:07:47.857  2013  2935 E DropBoxManagerService: Can't read: /data/system/dropbox/system_server_strictmode@1640527455514.txt
12-26 14:07:47.857  2013  2935 E DropBoxManagerService: java.io.FileNotFoundException: open failed: ENOENT (No such file or directory)
12-26 14:07:47.857  2013  2935 E DropBoxManagerService: 	at android.os.ParcelFileDescriptor.openInternal(ParcelFileDescriptor.java:315)
12-26 14:07:47.857  2013  2935 E DropBoxManagerService: 	at android.os.ParcelFileDescriptor.open(ParcelFileDescriptor.java:220)
12-26 14:07:47.857  2013  2935 E DropBoxManagerService: 	at android.os.DropBoxManager$Entry.<init>(DropBoxManager.java:183)
12-26 14:07:47.857  2013  2935 E DropBoxManagerService: 	at com.android.server.DropBoxManagerService.getNextEntry(DropBoxManagerService.java:508)
12-26 14:07:47.857  2013  2935 E DropBoxManagerService: 	at com.android.server.DropBoxManagerService$2.getNextEntry(DropBoxManagerService.java:155)
12-26 14:07:47.857  2013  2935 E DropBoxManagerService: 	at com.android.internal.os.IDropBoxManagerService$Stub.onTransact(IDropBoxManagerService.java:139)
12-26 14:07:47.857  2013  2935 E DropBoxManagerService: 	at android.os.Binder.execTransactInternal(Binder.java:1021)
12-26 14:07:47.857  2013  2935 E DropBoxManagerService: 	at android.os.Binder.execTransact(Binder.java:994)
12-26 14:07:47.859  2013  2935 E DropBoxManagerService: Can't read: /data/system/dropbox/system_server_strictmode@1640527455524.txt
12-26 14:07:47.859  2013  2935 E DropBoxManagerService: java.io.FileNotFoundException: open failed: ENOENT (No such file or directory)
12-26 14:07:47.859  2013  2935 E DropBoxManagerService: 	at android.os.ParcelFileDescriptor.openInternal(ParcelFileDescriptor.java:315)
12-26 14:07:47.859  2013  2935 E DropBoxManagerService: 	at android.os.ParcelFileDescriptor.open(ParcelFileDescriptor.java:220)
12-26 14:07:47.859  2013  2935 E DropBoxManagerService: 	at android.os.DropBoxManager$Entry.<init>(DropBoxManager.java:183)
12-26 14:07:47.859  2013  2935 E DropBoxManagerService: 	at com.android.server.DropBoxManagerService.getNextEntry(DropBoxManagerService.java:508)
12-26 14:07:47.859  2013  2935 E DropBoxManagerService: 	at com.android.server.DropBoxManagerService$2.getNextEntry(DropBoxManagerService.java:155)
12-26 14:07:47.859  2013  2935 E DropBoxManagerService: 	at com.android.internal.os.IDropBoxManagerService$Stub.onTransact(IDropBoxManagerService.java:139)
12-26 14:07:47.859  2013  2935 E DropBoxManagerService: 	at android.os.Binder.execTransactInternal(Binder.java:1021)
12-26 14:07:47.859  2013  2935 E DropBoxManagerService: 	at android.os.Binder.execTransact(Binder.java:994)
12-26 14:07:47.861  2013  2935 E DropBoxManagerService: Can't read: /data/system/dropbox/system_server_strictmode@1640527455537.txt
12-26 14:07:47.861  2013  2935 E DropBoxManagerService: java.io.FileNotFoundException: open failed: ENOENT (No such file or directory)
12-26 14:07:47.861  2013  2935 E DropBoxManagerService: 	at android.os.ParcelFileDescriptor.openInternal(ParcelFileDescriptor.java:315)
12-26 14:07:47.861  2013  2935 E DropBoxManagerService: 	at android.os.ParcelFileDescriptor.open(ParcelFileDescriptor.java:220)
12-26 14:07:47.861  2013  2935 E DropBoxManagerService: 	at android.os.DropBoxManager$Entry.<init>(DropBoxManager.java:183)
12-26 14:07:47.861  2013  2935 E DropBoxManagerService: 	at com.android.server.DropBoxManagerService.getNextEntry(DropBoxManagerService.java:508)
12-26 14:07:47.861  2013  2935 E DropBoxManagerService: 	at com.android.server.DropBoxManagerService$2.getNextEntry(DropBoxManagerService.java:155)
12-26 14:07:47.861  2013  2935 E DropBoxManagerService: 	at com.android.internal.os.IDropBoxManagerService$Stub.onTransact(IDropBoxManagerService.java:139)
12-26 14:07:47.861  2013  2935 E DropBoxManagerService: 	at android.os.Binder.execTransactInternal(Binder.java:1021)
12-26 14:07:47.861  2013  2935 E DropBoxManagerService: 	at android.os.Binder.execTransact(Binder.java:994)
12-26 14:07:47.862  2013  2935 E DropBoxManagerService: Can't read: /data/system/dropbox/system_server_strictmode@1640527455559.txt
12-26 14:07:47.862  2013  2935 E DropBoxManagerService: java.io.FileNotFoundException: open failed: ENOENT (No such file or directory)
12-26 14:07:47.862  2013  2935 E DropBoxManagerService: 	at android.os.ParcelFileDescriptor.openInternal(ParcelFileDescriptor.java:315)
12-26 14:07:47.862  2013  2935 E DropBoxManagerService: 	at android.os.ParcelFileDescriptor.open(ParcelFileDescriptor.java:220)
12-26 14:07:47.862  2013  2935 E DropBoxManagerService: 	at android.os.DropBoxManager$Entry.<init>(DropBoxManager.java:183)
12-26 14:07:47.862  2013  2935 E DropBoxManagerService: 	at com.android.server.DropBoxManagerService.getNextEntry(DropBoxManagerService.java:508)
12-26 14:07:47.862  2013  2935 E DropBoxManagerService: 	at com.android.server.DropBoxManagerService$2.getNextEntry(DropBoxManagerService.java:155)
12-26 14:07:47.862  2013  2935 E DropBoxManagerService: 	at com.android.internal.os.IDropBoxManagerService$Stub.onTransact(IDropBoxManagerService.java:139)
12-26 14:07:47.862  2013  2935 E DropBoxManagerService: 	at android.os.Binder.execTransactInternal(Binder.java:1021)
12-26 14:07:47.862  2013  2935 E DropBoxManagerService: 	at android.os.Binder.execTransact(Binder.java:994)
12-26 14:07:47.864  2013  2935 E DropBoxManagerService: Can't read: /data/system/dropbox/system_server_strictmode@1640527455585.txt
12-26 14:07:47.864  2013  2935 E DropBoxManagerService: java.io.FileNotFoundException: open failed: ENOENT (No such file or directory)
12-26 14:07:47.864  2013  2935 E DropBoxManagerService: 	at android.os.ParcelFileDescriptor.openInternal(ParcelFileDescriptor.java:315)
12-26 14:07:47.864  2013  2935 E DropBoxManagerService: 	at android.os.ParcelFileDescriptor.open(ParcelFileDescriptor.java:220)
12-26 14:07:47.864  2013  2935 E DropBoxManagerService: 	at android.os.DropBoxManager$Entry.<init>(DropBoxManager.java:183)
12-26 14:07:47.864  2013  2935 E DropBoxManagerService: 	at com.android.server.DropBoxManagerService.getNextEntry(DropBoxManagerService.java:508)
12-26 14:07:47.864  2013  2935 E DropBoxManagerService: 	at com.android.server.DropBoxManagerService$2.getNextEntry(DropBoxManagerService.java:155)
12-26 14:07:47.864  2013  2935 E DropBoxManagerService: 	at com.android.internal.os.IDropBoxManagerService$Stub.onTransact(IDropBoxManagerService.java:139)
12-26 14:07:47.864  2013  2935 E DropBoxManagerService: 	at android.os.Binder.execTransactInternal(Binder.java:1021)
12-26 14:07:47.864  2013  2935 E DropBoxManagerService: 	at android.os.Binder.execTransact(Binder.java:994)
12-26 14:07:47.864  2013  2935 E DropBoxManagerService: Can't read: /data/system/dropbox/system_server_strictmode@1640527455605.txt
12-26 14:07:47.864  2013  2935 E DropBoxManagerService: java.io.FileNotFoundException: open failed: ENOENT (No such file or directory)
12-26 14:07:47.864  2013  2935 E DropBoxManagerService: 	at android.os.ParcelFileDescriptor.openInternal(ParcelFileDescriptor.java:315)
12-26 14:07:47.864  2013  2935 E DropBoxManagerService: 	at android.os.ParcelFileDescriptor.open(ParcelFileDescriptor.java:220)
12-26 14:07:47.864  2013  2935 E DropBoxManagerService: 	at android.os.DropBoxManager$Entry.<init>(DropBoxManager.java:183)
12-26 14:07:47.864  2013  2935 E DropBoxManagerService: 	at com.android.server.DropBoxManagerService.getNextEntry(DropBoxManagerService.java:508)
12-26 14:07:47.864  2013  2935 E DropBoxManagerService: 	at com.android.server.DropBoxManagerService$2.getNextEntry(DropBoxManagerService.java:155)
12-26 14:07:47.864  2013  2935 E DropBoxManagerService: 	at com.android.internal.os.IDropBoxManagerService$Stub.onTransact(IDropBoxManagerService.java:139)
12-26 14:07:47.864  2013  2935 E DropBoxManagerService: 	at android.os.Binder.execTransactInternal(Binder.java:1021)
12-26 14:07:47.864  2013  2935 E DropBoxManagerService: 	at android.os.Binder.execTransact(Binder.java:994)
12-26 14:07:47.865  2013  2935 E DropBoxManagerService: Can't read: /data/system/dropbox/system_server_strictmode@1640527455622.txt
12-26 14:07:47.865  2013  2935 E DropBoxManagerService: java.io.FileNotFoundException: open failed: ENOENT (No such file or directory)
12-26 14:07:47.865  2013  2935 E DropBoxManagerService: 	at android.os.ParcelFileDescriptor.openInternal(ParcelFileDescriptor.java:315)
12-26 14:07:47.865  2013  2935 E DropBoxManagerService: 	at android.os.ParcelFileDescriptor.open(ParcelFileDescriptor.java:220)
12-26 14:07:47.865  2013  2935 E DropBoxManagerService: 	at android.os.DropBoxManager$Entry.<init>(DropBoxManager.java:183)
12-26 14:07:47.865  2013  2935 E DropBoxManagerService: 	at com.android.server.DropBoxManagerService.getNextEntry(DropBoxManagerService.java:508)
12-26 14:07:47.865  2013  2935 E DropBoxManagerService: 	at com.android.server.DropBoxManagerService$2.getNextEntry(DropBoxManagerService.java:155)
12-26 14:07:47.865  2013  2935 E DropBoxManagerService: 	at com.android.internal.os.IDropBoxManagerService$Stub.onTransact(IDropBoxManagerService.java:139)
12-26 14:07:47.865  2013  2935 E DropBoxManagerService: 	at android.os.Binder.execTransactInternal(Binder.java:1021)
12-26 14:07:47.865  2013  2935 E DropBoxManagerService: 	at android.os.Binder.execTransact(Binder.java:994)
12-26 14:07:47.866  2013  2935 E DropBoxManagerService: Can't read: /data/system/dropbox/system_server_strictmode@1640527455629.txt
12-26 14:07:47.866  2013  2935 E DropBoxManagerService: java.io.FileNotFoundException: open failed: ENOENT (No such file or directory)
12-26 14:07:47.866  2013  2935 E DropBoxManagerService: 	at android.os.ParcelFileDescriptor.openInternal(ParcelFileDescriptor.java:315)
12-26 14:07:47.866  2013  2935 E DropBoxManagerService: 	at android.os.ParcelFileDescriptor.open(ParcelFileDescriptor.java:220)
12-26 14:07:47.866  2013  2935 E DropBoxManagerService: 	at android.os.DropBoxManager$Entry.<init>(DropBoxManager.java:183)
12-26 14:07:47.866  2013  2935 E DropBoxManagerService: 	at com.android.server.DropBoxManagerService.getNextEntry(DropBoxManagerService.java:508)
12-26 14:07:47.866  2013  2935 E DropBoxManagerService: 	at com.android.server.DropBoxManagerService$2.getNextEntry(DropBoxManagerService.java:155)
12-26 14:07:47.866  2013  2935 E DropBoxManagerService: 	at com.android.internal.os.IDropBoxManagerService$Stub.onTransact(IDropBoxManagerService.java:139)
12-26 14:07:47.866  2013  2935 E DropBoxManagerService: 	at android.os.Binder.execTransactInternal(Binder.java:1021)
12-26 14:07:47.866  2013  2935 E DropBoxManagerService: 	at android.os.Binder.execTransact(Binder.java:994)
12-26 14:07:47.866  2013  2935 E DropBoxManagerService: Can't read: /data/system/dropbox/system_server_strictmode@1640527455643.txt
12-26 14:07:47.866  2013  2935 E DropBoxManagerService: java.io.FileNotFoundException: open failed: ENOENT (No such file or directory)
12-26 14:07:47.866  2013  2935 E DropBoxManagerService: 	at android.os.ParcelFileDescriptor.openInternal(ParcelFileDescriptor.java:315)
12-26 14:07:47.866  2013  2935 E DropBoxManagerService: 	at android.os.ParcelFileDescriptor.open(ParcelFileDescriptor.java:220)
12-26 14:07:47.866  2013  2935 E DropBoxManagerService: 	at android.os.DropBoxManager$Entry.<init>(DropBoxManager.java:183)
12-26 14:07:47.866  2013  2935 E DropBoxManagerService: 	at com.android.server.DropBoxManagerService.getNextEntry(DropBoxManagerService.java:508)
12-26 14:07:47.866  2013  2935 E DropBoxManagerService: 	at com.android.server.DropBoxManagerService$2.getNextEntry(DropBoxManagerService.java:155)
12-26 14:07:47.866  2013  2935 E DropBoxManagerService: 	at com.android.internal.os.IDropBoxManagerService$Stub.onTransact(IDropBoxManagerService.java:139)
12-26 14:07:47.866  2013  2935 E DropBoxManagerService: 	at android.os.Binder.execTransactInternal(Binder.java:1021)
12-26 14:07:47.866  2013  2935 E DropBoxManagerService: 	at android.os.Binder.execTransact(Binder.java:994)
12-26 14:07:47.867  2013  2935 E DropBoxManagerService: Can't read: /data/system/dropbox/system_server_strictmode@1640527461253.txt
12-26 14:07:47.867  2013  2935 E DropBoxManagerService: java.io.FileNotFoundException: open failed: ENOENT (No such file or directory)
12-26 14:07:47.867  2013  2935 E DropBoxManagerService: 	at android.os.ParcelFileDescriptor.openInternal(ParcelFileDescriptor.java:315)
12-26 14:07:47.867  2013  2935 E DropBoxManagerService: 	at android.os.ParcelFileDescriptor.open(ParcelFileDescriptor.java:220)
12-26 14:07:47.867  2013  2935 E DropBoxManagerService: 	at android.os.DropBoxManager$Entry.<init>(DropBoxManager.java:183)
12-26 14:07:47.867  2013  2935 E DropBoxManagerService: 	at com.android.server.DropBoxManagerService.getNextEntry(DropBoxManagerService.java:508)
12-26 14:07:47.867  2013  2935 E DropBoxManagerService: 	at com.android.server.DropBoxManagerService$2.getNextEntry(DropBoxManagerService.java:155)
12-26 14:07:47.867  2013  2935 E DropBoxManagerService: 	at com.android.internal.os.IDropBoxManagerService$Stub.onTransact(IDropBoxManagerService.java:139)
12-26 14:07:47.867  2013  2935 E DropBoxManagerService: 	at android.os.Binder.execTransactInternal(Binder.java:1021)
12-26 14:07:47.867  2013  2935 E DropBoxManagerService: 	at android.os.Binder.execTransact(Binder.java:994)
12-26 14:07:47.868  2013  2935 E DropBoxManagerService: Can't read: /data/system/dropbox/SYSTEM_BOOT@1640527461802.txt
12-26 14:07:47.868  2013  2935 E DropBoxManagerService: java.io.FileNotFoundException: open failed: ENOENT (No such file or directory)
12-26 14:07:47.868  2013  2935 E DropBoxManagerService: 	at android.os.ParcelFileDescriptor.openInternal(ParcelFileDescriptor.java:315)
12-26 14:07:47.868  2013  2935 E DropBoxManagerService: 	at android.os.ParcelFileDescriptor.open(ParcelFileDescriptor.java:220)
12-26 14:07:47.868  2013  2935 E DropBoxManagerService: 	at android.os.DropBoxManager$Entry.<init>(DropBoxManager.java:183)
12-26 14:07:47.868  2013  2935 E DropBoxManagerService: 	at com.android.server.DropBoxManagerService.getNextEntry(DropBoxManagerService.java:508)
12-26 14:07:47.868  2013  2935 E DropBoxManagerService: 	at com.android.server.DropBoxManagerService$2.getNextEntry(DropBoxManagerService.java:155)
12-26 14:07:47.868  2013  2935 E DropBoxManagerService: 	at com.android.internal.os.IDropBoxManagerService$Stub.onTransact(IDropBoxManagerService.java:139)
12-26 14:07:47.868  2013  2935 E DropBoxManagerService: 	at android.os.Binder.execTransactInternal(Binder.java:1021)
12-26 14:07:47.868  2013  2935 E DropBoxManagerService: 	at android.os.Binder.execTransact(Binder.java:994)
12-26 14:07:47.869  2013  2935 E DropBoxManagerService: Can't read: /data/system/dropbox/event_log@1640527473828.txt
12-26 14:07:47.869  2013  2935 E DropBoxManagerService: java.io.FileNotFoundException: open failed: ENOENT (No such file or directory)
12-26 14:07:47.869  2013  2935 E DropBoxManagerService: 	at android.os.ParcelFileDescriptor.openInternal(ParcelFileDescriptor.java:315)
12-26 14:07:47.869  2013  2935 E DropBoxManagerService: 	at android.os.ParcelFileDescriptor.open(ParcelFileDescriptor.java:220)
12-26 14:07:47.869  2013  2935 E DropBoxManagerService: 	at android.os.DropBoxManager$Entry.<init>(DropBoxManager.java:183)
12-26 14:07:47.869  2013  2935 E DropBoxManagerService: 	at com.android.server.DropBoxManagerService.getNextEntry(DropBoxManagerService.java:508)
12-26 14:07:47.869  2013  2935 E DropBoxManagerService: 	at com.android.server.DropBoxManagerService$2.getNextEntry(DropBoxManagerService.java:155)
12-26 14:07:47.869  2013  2935 E DropBoxManagerService: 	at com.android.internal.os.IDropBoxManagerService$Stub.onTransact(IDropBoxManagerService.java:139)
12-26 14:07:47.869  2013  2935 E DropBoxManagerService: 	at android.os.Binder.execTransactInternal(Binder.java:1021)
12-26 14:07:47.869  2013  2935 E DropBoxManagerService: 	at android.os.Binder.execTransact(Binder.java:994)
12-26 14:07:47.869  2013  2935 E DropBoxManagerService: Can't read: /data/system/dropbox/system_server_strictmode@1640527484361.txt
12-26 14:07:47.869  2013  2935 E DropBoxManagerService: java.io.FileNotFoundException: open failed: ENOENT (No such file or directory)
12-26 14:07:47.869  2013  2935 E DropBoxManagerService: 	at android.os.ParcelFileDescriptor.openInternal(ParcelFileDescriptor.java:315)
12-26 14:07:47.869  2013  2935 E DropBoxManagerService: 	at android.os.ParcelFileDescriptor.open(ParcelFileDescriptor.java:220)
12-26 14:07:47.869  2013  2935 E DropBoxManagerService: 	at android.os.DropBoxManager$Entry.<init>(DropBoxManager.java:183)
12-26 14:07:47.869  2013  2935 E DropBoxManagerService: 	at com.android.server.DropBoxManagerService.getNextEntry(DropBoxManagerService.java:508)
12-26 14:07:47.869  2013  2935 E DropBoxManagerService: 	at com.android.server.DropBoxManagerService$2.getNextEntry(DropBoxManagerService.java:155)
12-26 14:07:47.869  2013  2935 E DropBoxManagerService: 	at com.android.internal.os.IDropBoxManagerService$Stub.onTransact(IDropBoxManagerService.java:139)
12-26 14:07:47.869  2013  2935 E DropBoxManagerService: 	at android.os.Binder.execTransactInternal(Binder.java:1021)
12-26 14:07:47.869  2013  2935 E DropBoxManagerService: 	at android.os.Binder.execTransact(Binder.java:994)
12-26 14:07:47.870  2013  2935 E DropBoxManagerService: Can't read: /data/system/dropbox/system_server_strictmode@1640527484366.txt
12-26 14:07:47.870  2013  2935 E DropBoxManagerService: java.io.FileNotFoundException: open failed: ENOENT (No such file or directory)
12-26 14:07:47.870  2013  2935 E DropBoxManagerService: 	at android.os.ParcelFileDescriptor.openInternal(ParcelFileDescriptor.java:315)
12-26 14:07:47.870  2013  2935 E DropBoxManagerService: 	at android.os.ParcelFileDescriptor.open(ParcelFileDescriptor.java:220)
12-26 14:07:47.870  2013  2935 E DropBoxManagerService: 	at android.os.DropBoxManager$Entry.<init>(DropBoxManager.java:183)
12-26 14:07:47.870  2013  2935 E DropBoxManagerService: 	at com.android.server.DropBoxManagerService.getNextEntry(DropBoxManagerService.java:508)
12-26 14:07:47.870  2013  2935 E DropBoxManagerService: 	at com.android.server.DropBoxManagerService$2.getNextEntry(DropBoxManagerService.java:155)
12-26 14:07:47.870  2013  2935 E DropBoxManagerService: 	at com.android.internal.os.IDropBoxManagerService$Stub.onTransact(IDropBoxManagerService.java:139)
12-26 14:07:47.870  2013  2935 E DropBoxManagerService: 	at android.os.Binder.execTransactInternal(Binder.java:1021)
12-26 14:07:47.870  2013  2935 E DropBoxManagerService: 	at android.os.Binder.execTransact(Binder.java:994)
12-26 14:07:47.872  2013  2935 E DropBoxManagerService: Can't read: /data/system/dropbox/system_server_strictmode@1640527484371.txt
12-26 14:07:47.872  2013  2935 E DropBoxManagerService: java.io.FileNotFoundException: open failed: ENOENT (No such file or directory)
12-26 14:07:47.872  2013  2935 E DropBoxManagerService: 	at android.os.ParcelFileDescriptor.openInternal(ParcelFileDescriptor.java:315)
12-26 14:07:47.872  2013  2935 E DropBoxManagerService: 	at android.os.ParcelFileDescriptor.open(ParcelFileDescriptor.java:220)
12-26 14:07:47.872  2013  2935 E DropBoxManagerService: 	at android.os.DropBoxManager$Entry.<init>(DropBoxManager.java:183)
12-26 14:07:47.872  2013  2935 E DropBoxManagerService: 	at com.android.server.DropBoxManagerService.getNextEntry(DropBoxManagerService.java:508)
12-26 14:07:47.872  2013  2935 E DropBoxManagerService: 	at com.android.server.DropBoxManagerService$2.getNextEntry(DropBoxManagerService.java:155)
12-26 14:07:47.872  2013  2935 E DropBoxManagerService: 	at com.android.internal.os.IDropBoxManagerService$Stub.onTransact(IDropBoxManagerService.java:139)
12-26 14:07:47.872  2013  2935 E DropBoxManagerService: 	at android.os.Binder.execTransactInternal(Binder.java:1021)
12-26 14:07:47.872  2013  2935 E DropBoxManagerService: 	at android.os.Binder.execTransact(Binder.java:994)
12-26 14:07:47.873  2013  2935 E DropBoxManagerService: Can't read: /data/system/dropbox/system_server_strictmode@1640527484375.txt
12-26 14:07:47.873  2013  2935 E DropBoxManagerService: java.io.FileNotFoundException: open failed: ENOENT (No such file or directory)
12-26 14:07:47.873  2013  2935 E DropBoxManagerService: 	at android.os.ParcelFileDescriptor.openInternal(ParcelFileDescriptor.java:315)
12-26 14:07:47.873  2013  2935 E DropBoxManagerService: 	at android.os.ParcelFileDescriptor.open(ParcelFileDescriptor.java:220)
12-26 14:07:47.873  2013  2935 E DropBoxManagerService: 	at android.os.DropBoxManager$Entry.<init>(DropBoxManager.java:183)
12-26 14:07:47.873  2013  2935 E DropBoxManagerService: 	at com.android.server.DropBoxManagerService.getNextEntry(DropBoxManagerService.java:508)
12-26 14:07:47.873  2013  2935 E DropBoxManagerService: 	at com.android.server.DropBoxManagerService$2.getNextEntry(DropBoxManagerService.java:155)
12-26 14:07:47.873  2013  2935 E DropBoxManagerService: 	at com.android.internal.os.IDropBoxManagerService$Stub.onTransact(IDropBoxManagerService.java:139)
12-26 14:07:47.873  2013  2935 E DropBoxManagerService: 	at android.os.Binder.execTransactInternal(Binder.java:1021)
12-26 14:07:47.873  2013  2935 E DropBoxManagerService: 	at android.os.Binder.execTransact(Binder.java:994)
12-26 14:07:47.875  2013  2935 E DropBoxManagerService: Can't read: /data/system/dropbox/system_server_strictmode@1640527484379.txt
12-26 14:07:47.875  2013  2935 E DropBoxManagerService: java.io.FileNotFoundException: open failed: ENOENT (No such file or directory)
12-26 14:07:47.875  2013  2935 E DropBoxManagerService: 	at android.os.ParcelFileDescriptor.openInternal(ParcelFileDescriptor.java:315)
12-26 14:07:47.875  2013  2935 E DropBoxManagerService: 	at android.os.ParcelFileDescriptor.open(ParcelFileDescriptor.java:220)
12-26 14:07:47.875  2013  2935 E DropBoxManagerService: 	at android.os.DropBoxManager$Entry.<init>(DropBoxManager.java:183)
12-26 14:07:47.875  2013  2935 E DropBoxManagerService: 	at com.android.server.DropBoxManagerService.getNextEntry(DropBoxManagerService.java:508)
12-26 14:07:47.875  2013  2935 E DropBoxManagerService: 	at com.android.server.DropBoxManagerService$2.getNextEntry(DropBoxManagerService.java:155)
12-26 14:07:47.875  2013  2935 E DropBoxManagerService: 	at com.android.internal.os.IDropBoxManagerService$Stub.onTransact(IDropBoxManagerService.java:139)
12-26 14:07:47.875  2013  2935 E DropBoxManagerService: 	at android.os.Binder.execTransactInternal(Binder.java:1021)
12-26 14:07:47.875  2013  2935 E DropBoxManagerService: 	at android.os.Binder.execTransact(Binder.java:994)
