03-13 05:50:59.604  4055  4055 E CarrierServices: [2] cqf.a: Invalid signature found for com.android.contacts: E39B7BFBE0A67D78292F6CC62E06CA27A2EBF255
03-13 05:50:59.623  4055  4055 E CarrierServices: [2] cqf.a: Invalid signature found for com.android.contacts: E39B7BFBE0A67D78292F6CC62E06CA27A2EBF255
03-13 05:50:59.816  2013  2121 E PasspointManager: No app ops listener found for hko.MyObservatory_v1_0
03-13 05:51:00.385 26916 26916 E DocsApplication: [main] No default account found during application creation.
03-13 05:51:10.241  1878  1878 E netmgr  : Failed to open QEMU pipe 'qemud:network': Invalid argument
03-13 05:51:13.548  1898  1898 E wifi_forwarder: RemoteConnection failed to initialize: RemoteConnection failed to open pipe
03-13 05:51:26.564  2013  2042 E memtrack: Couldn't load memtrack module
03-13 05:51:26.569  2013  2042 E memtrack: Couldn't load memtrack module
03-13 05:51:26.573  2013  2042 E memtrack: Couldn't load memtrack module
03-13 05:51:29.519  2013  2042 E memtrack: Couldn't load memtrack module
03-13 05:51:50.551  2013  2042 E memtrack: Couldn't load memtrack module
03-13 05:51:50.558  2013  2042 E memtrack: Couldn't load memtrack module
03-13 05:51:50.560  2013  2042 E memtrack: Couldn't load memtrack module
03-13 05:51:50.572  2013  2042 E memtrack: Couldn't load memtrack module
03-13 05:51:50.574  2013  2042 E memtrack: Couldn't load memtrack module
03-13 05:51:52.542  1849  1849 E         : Couldn't opendir /data/app/vmdl1075153060.tmp: No such file or directory
03-13 05:51:52.542  1849  1849 E installd: Failed to delete /data/app/vmdl1075153060.tmp: No such file or directory
03-13 05:51:52.605  2436  3313 E ActivityThread: Failed to find provider info for com.google.android.apps.wellbeing.api
03-13 05:51:57.612  2436  3313 E ActivityThread: Failed to find provider info for com.google.android.apps.wellbeing.api
03-13 05:52:00.277  2013  2036 E system_server: Invalid ID 0x00000000.
03-13 05:52:00.687  1796  2054 E SurfaceFlinger: ro.sf.lcd_density must be defined as a build property
03-13 05:52:00.687  1796  2054 E SurfaceFlinger: ro.sf.lcd_density must be defined as a build property
03-13 05:52:10.244  1878  1878 E netmgr  : Failed to open QEMU pipe 'qemud:network': Invalid argument
03-13 05:52:11.049  2013  2042 E memtrack: Couldn't load memtrack module
03-13 05:52:12.620  2436  3313 E ActivityThread: Failed to find provider info for com.google.android.apps.wellbeing.api
03-13 05:52:13.560  1898  1898 E wifi_forwarder: RemoteConnection failed to initialize: RemoteConnection failed to open pipe
03-13 05:52:14.641  2013  2042 E memtrack: Couldn't load memtrack module
03-13 05:52:21.115  2013  2042 E memtrack: Couldn't load memtrack module
03-13 05:52:44.002  1745 27148 E ResolverController: No valid NAT64 prefix (100, <unspecified>/0)
03-13 05:52:44.010  1745 27147 E ResolverController: No valid NAT64 prefix (100, <unspecified>/0)
03-13 05:52:44.091  1745 27149 E ResolverController: No valid NAT64 prefix (100, <unspecified>/0)
03-13 05:52:50.696  1745 27151 E ResolverController: No valid NAT64 prefix (100, <unspecified>/0)
03-13 05:52:42.655  2436  3313 E ActivityThread: Failed to find provider info for com.google.android.apps.wellbeing.api
03-13 05:53:10.261  1878  1878 E netmgr  : Failed to open QEMU pipe 'qemud:network': Invalid argument
03-13 05:53:13.576  1898  1898 E wifi_forwarder: RemoteConnection failed to initialize: RemoteConnection failed to open pipe
03-13 05:53:31.125  2013  2108 E InputDispatcher: channel '9dcd0ad hko.MyObservatory_v1_0/hko.MyObservatory_v1_0.myObservatory_app_SplashScreen (server)' ~ Channel is unrecoverably broken and will be disposed!
03-13 05:53:31.125  2013  2108 E InputDispatcher: channel 'adef9c7 hko.MyObservatory_v1_0/hko.MyObservatory_v1_0.myObservatory_app_SplashScreen (server)' ~ Channel is unrecoverably broken and will be disposed!
03-13 05:53:31.320  2013  2036 E system_server: Invalid ID 0x00000000.
03-13 05:53:31.402  3068 27135 E PlaceStateUpdater: Received no places
03-13 05:53:31.587  1745 27218 E ResolverController: No valid NAT64 prefix (100, <unspecified>/0)
03-13 05:53:31.690  1796  2054 E SurfaceFlinger: ro.sf.lcd_density must be defined as a build property
03-13 05:53:31.690  1796  2054 E SurfaceFlinger: ro.sf.lcd_density must be defined as a build property
03-13 05:53:32.323  1745 27239 E ResolverController: No valid NAT64 prefix (100, <unspecified>/0)
03-13 05:53:39.177  2013  5658 E InputDispatcher: Window handle Window{b75be5a u0 hko.MyObservatory_v1_0/hko.MyObservatory_v1_0.myObservatory_app_SplashScreen} has no registered input channel
03-13 05:53:42.395  2013  2042 E memtrack: Couldn't load memtrack module
03-13 05:53:42.737  1745 27260 E ResolverController: No valid NAT64 prefix (100, <unspecified>/0)
03-13 05:53:47.587  1745 27263 E ResolverController: No valid NAT64 prefix (100, <unspecified>/0)
03-13 05:53:49.644  2013  2450 E InputDispatcher: Window handle Window{352cb45 u0 hko.MyObservatory_v1_0/hko.homepage.Homepage2Activity} has no registered input channel
03-13 05:53:50.211  1745 27276 E ResolverController: No valid NAT64 prefix (100, <unspecified>/0)
03-13 05:53:52.973  2013  2042 E memtrack: Couldn't load memtrack module
03-13 05:53:53.311  3068 26754 E PlaceStateUpdater: Received no places
03-13 05:53:53.504  1745 27288 E ResolverController: No valid NAT64 prefix (100, <unspecified>/0)
03-13 05:53:54.173  1745 27291 E ResolverController: No valid NAT64 prefix (100, <unspecified>/0)
03-13 05:54:06.210  2436  3064 E BufferQueueProducer: [unnamed-2436-3] setMaxDequeuedBufferCount: 2 dequeued buffers would exceed the maxBufferCount (2) (maxAcquired 1 async 0 mDequeuedBufferCannotBlock 0)
03-13 05:54:06.211  2436  3064 E Surface : IGraphicBufferProducer::setBufferCount(3) returned Invalid argument
03-13 05:54:06.554  1745 27303 E ResolverController: No valid NAT64 prefix (100, <unspecified>/0)
03-13 05:54:08.610  2013  2056 E PermissionMonitor: unknown permission type: -1for uid: 10140
03-13 05:54:08.610  1745  1967 E TrafficController: Failed to clean up the permission for 10140: No such file or directory
03-13 05:54:08.712  2013  2056 E HistoricalRegistry: Interaction before persistence initialized
03-13 05:54:08.805  2013  2032 E PackageManager: failed to find package hko.MyObservatory_v1_0
03-13 05:54:08.806  2013  2032 E OverlayManager: Failed to change enabled overlays for hko.MyObservatory_v1_0 user 0
03-13 05:54:08.850  4055  4055 E CarrierServices: [2] cqf.a: Invalid signature found for com.android.contacts: E39B7BFBE0A67D78292F6CC62E06CA27A2EBF255
03-13 05:54:08.900  4055  4055 E CarrierServices: [2] cqf.a: Invalid signature found for com.android.contacts: E39B7BFBE0A67D78292F6CC62E06CA27A2EBF255
03-13 05:54:08.943  2013  2121 E PasspointManager: No app ops listener found for hko.MyObservatory_v1_0
03-13 05:54:10.322  1878  1878 E netmgr  : Failed to open QEMU pipe 'qemud:network': Invalid argument
03-13 05:54:13.637  1898  1898 E wifi_forwarder: RemoteConnection failed to initialize: RemoteConnection failed to open pipe
03-13 05:54:24.971  1849  1849 E         : Couldn't opendir /data/app/vmdl101434272.tmp: No such file or directory
03-13 05:54:24.971  1849  1849 E installd: Failed to delete /data/app/vmdl101434272.tmp: No such file or directory
03-13 05:54:24.983  2436  3313 E ActivityThread: Failed to find provider info for com.google.android.apps.wellbeing.api
03-13 05:54:29.988  2436  3313 E ActivityThread: Failed to find provider info for com.google.android.apps.wellbeing.api
03-13 05:54:34.495  2013  2036 E system_server: Invalid ID 0x00000000.
03-13 05:54:34.867  1796  2578 E SurfaceFlinger: ro.sf.lcd_density must be defined as a build property
03-13 05:54:34.867  1796  2578 E SurfaceFlinger: ro.sf.lcd_density must be defined as a build property
03-13 05:54:44.997  2436  3313 E ActivityThread: Failed to find provider info for com.google.android.apps.wellbeing.api
03-13 05:54:45.165  2013  2042 E memtrack: Couldn't load memtrack module
03-13 05:54:55.238  2013  2042 E memtrack: Couldn't load memtrack module
03-13 05:55:00.380  2436  2436 E s.nexuslaunche: Invalid ID 0x00000001.
03-13 05:55:00.380  2436  2436 E s.nexuslaunche: Invalid ID 0x00000002.
03-13 05:55:02.544  2013 22072 E InputDispatcher: Window handle Window{6c96330 u0 hko.MyObservatory_v1_0/hko.MyObservatory_v1_0.myObservatory_app_SplashScreen} has no registered input channel
03-13 05:55:03.797  1745 27499 E ResolverController: No valid NAT64 prefix (100, <unspecified>/0)
03-13 05:55:04.982  1745 27504 E ResolverController: No valid NAT64 prefix (100, <unspecified>/0)
03-13 05:55:09.025  1745 27507 E ResolverController: No valid NAT64 prefix (100, <unspecified>/0)
03-13 05:55:10.382  1878  1878 E netmgr  : Failed to open QEMU pipe 'qemud:network': Invalid argument
03-13 05:55:10.749  2013  2042 E AppIdleHistory: Error writing app idle file for user 0
03-13 05:55:11.976  1745 27519 E ResolverController: No valid NAT64 prefix (100, <unspecified>/0)
03-13 05:55:13.691  1898  1898 E wifi_forwarder: RemoteConnection failed to initialize: RemoteConnection failed to open pipe
03-13 05:55:14.242  1745 27527 E ResolverController: No valid NAT64 prefix (100, <unspecified>/0)
03-13 05:55:15.247  2436  3313 E ActivityThread: Failed to find provider info for com.google.android.apps.wellbeing.api
03-13 05:55:21.970  2013  2949 E memtrack: Couldn't load memtrack module
03-13 05:55:24.142  1745 27532 E ResolverController: No valid NAT64 prefix (100, <unspecified>/0)
03-13 05:55:29.962  2436  2436 E s.nexuslaunche: Invalid ID 0x00000001.
03-13 05:55:29.962  2436  2436 E s.nexuslaunche: Invalid ID 0x00000002.
03-13 05:55:34.038  2436  2436 E s.nexuslaunche: Invalid ID 0x00000001.
03-13 05:55:34.038  2436  2436 E s.nexuslaunche: Invalid ID 0x00000002.
03-13 05:55:44.760  1745 27574 E ResolverController: No valid NAT64 prefix (100, <unspecified>/0)
03-13 05:55:54.514  2436  2436 E s.nexuslaunche: Invalid ID 0x00000001.
03-13 05:55:54.514  2436  2436 E s.nexuslaunche: Invalid ID 0x00000002.
03-13 05:55:56.614  2013  2042 E memtrack: Couldn't load memtrack module
03-13 05:55:57.249  2436  2436 E s.nexuslaunche: Invalid ID 0x00000001.
03-13 05:55:57.250  2436  2436 E s.nexuslaunche: Invalid ID 0x00000002.
03-13 05:55:57.456  2436  2436 E s.nexuslaunche: Invalid ID 0x00000001.
03-13 05:55:57.457  2436  2436 E s.nexuslaunche: Invalid ID 0x00000002.
03-13 05:55:57.627  2436  2436 E s.nexuslaunche: Invalid ID 0x00000001.
03-13 05:55:57.627  2436  2436 E s.nexuslaunche: Invalid ID 0x00000002.
03-13 05:55:57.814  2436  2436 E s.nexuslaunche: Invalid ID 0x00000001.
03-13 05:55:57.814  2436  2436 E s.nexuslaunche: Invalid ID 0x00000002.
03-13 05:55:58.005  2436  2436 E s.nexuslaunche: Invalid ID 0x00000001.
03-13 05:55:58.006  2436  2436 E s.nexuslaunche: Invalid ID 0x00000002.
03-13 05:55:58.188  2436  2436 E s.nexuslaunche: Invalid ID 0x00000001.
03-13 05:55:58.188  2436  2436 E s.nexuslaunche: Invalid ID 0x00000002.
03-13 05:55:58.357  2436  2436 E s.nexuslaunche: Invalid ID 0x00000001.
03-13 05:55:58.357  2436  2436 E s.nexuslaunche: Invalid ID 0x00000002.
03-13 05:55:58.541  2436  2436 E s.nexuslaunche: Invalid ID 0x00000001.
03-13 05:55:58.541  2436  2436 E s.nexuslaunche: Invalid ID 0x00000002.
03-13 05:55:58.730  2436  2436 E s.nexuslaunche: Invalid ID 0x00000001.
03-13 05:55:58.731  2436  2436 E s.nexuslaunche: Invalid ID 0x00000002.
03-13 05:55:58.924  2436  2436 E s.nexuslaunche: Invalid ID 0x00000001.
03-13 05:55:58.924  2436  2436 E s.nexuslaunche: Invalid ID 0x00000002.
03-13 05:55:59.092  2436  2436 E s.nexuslaunche: Invalid ID 0x00000001.
03-13 05:55:59.092  2436  2436 E s.nexuslaunche: Invalid ID 0x00000002.
03-13 05:55:59.261  2436  2436 E s.nexuslaunche: Invalid ID 0x00000001.
03-13 05:55:59.262  2436  2436 E s.nexuslaunche: Invalid ID 0x00000002.
03-13 05:55:59.438  2436  2436 E s.nexuslaunche: Invalid ID 0x00000001.
03-13 05:55:59.438  2436  2436 E s.nexuslaunche: Invalid ID 0x00000002.
03-13 05:55:59.620  2436  2436 E s.nexuslaunche: Invalid ID 0x00000001.
03-13 05:55:59.620  2436  2436 E s.nexuslaunche: Invalid ID 0x00000002.
03-13 05:55:59.794  2436  2436 E s.nexuslaunche: Invalid ID 0x00000001.
03-13 05:55:59.795  2436  2436 E s.nexuslaunche: Invalid ID 0x00000002.
03-13 05:55:59.991  2436  2436 E s.nexuslaunche: Invalid ID 0x00000001.
03-13 05:55:59.992  2436  2436 E s.nexuslaunche: Invalid ID 0x00000002.
03-13 05:56:00.194  2436  2436 E s.nexuslaunche: Invalid ID 0x00000001.
03-13 05:56:00.194  2436  2436 E s.nexuslaunche: Invalid ID 0x00000002.
03-13 05:56:00.380  2436  2436 E s.nexuslaunche: Invalid ID 0x00000001.
03-13 05:56:00.380  2436  2436 E s.nexuslaunche: Invalid ID 0x00000002.
03-13 05:56:00.549  2436  2436 E s.nexuslaunche: Invalid ID 0x00000001.
03-13 05:56:00.549  2436  2436 E s.nexuslaunche: Invalid ID 0x00000002.
03-13 05:56:00.721  2436  2436 E s.nexuslaunche: Invalid ID 0x00000001.
03-13 05:56:00.721  2436  2436 E s.nexuslaunche: Invalid ID 0x00000002.
03-13 05:56:00.923  2436  2436 E s.nexuslaunche: Invalid ID 0x00000001.
03-13 05:56:00.923  2436  2436 E s.nexuslaunche: Invalid ID 0x00000002.
03-13 05:56:01.108  2436  2436 E s.nexuslaunche: Invalid ID 0x00000001.
03-13 05:56:01.108  2436  2436 E s.nexuslaunche: Invalid ID 0x00000002.
03-13 05:56:01.289  2436  2436 E s.nexuslaunche: Invalid ID 0x00000001.
03-13 05:56:01.289  2436  2436 E s.nexuslaunche: Invalid ID 0x00000002.
03-13 05:56:01.472  2436  2436 E s.nexuslaunche: Invalid ID 0x00000001.
03-13 05:56:01.472  2436  2436 E s.nexuslaunche: Invalid ID 0x00000002.
03-13 05:56:01.640  2436  2436 E s.nexuslaunche: Invalid ID 0x00000001.
03-13 05:56:01.640  2436  2436 E s.nexuslaunche: Invalid ID 0x00000002.
03-13 05:56:01.833  2436  2436 E s.nexuslaunche: Invalid ID 0x00000001.
03-13 05:56:01.833  2436  2436 E s.nexuslaunche: Invalid ID 0x00000002.
03-13 05:56:02.023  2436  2436 E s.nexuslaunche: Invalid ID 0x00000001.
03-13 05:56:02.023  2436  2436 E s.nexuslaunche: Invalid ID 0x00000002.
03-13 05:56:02.208  2436  2436 E s.nexuslaunche: Invalid ID 0x00000001.
03-13 05:56:02.208  2436  2436 E s.nexuslaunche: Invalid ID 0x00000002.
03-13 05:56:02.373  2436  2436 E s.nexuslaunche: Invalid ID 0x00000001.
03-13 05:56:02.373  2436  2436 E s.nexuslaunche: Invalid ID 0x00000002.
03-13 05:56:02.568  2436  2436 E s.nexuslaunche: Invalid ID 0x00000001.
03-13 05:56:02.569  2436  2436 E s.nexuslaunche: Invalid ID 0x00000002.
03-13 05:56:02.736  2436  2436 E s.nexuslaunche: Invalid ID 0x00000001.
03-13 05:56:02.736  2436  2436 E s.nexuslaunche: Invalid ID 0x00000002.
03-13 05:56:02.925  2436  2436 E s.nexuslaunche: Invalid ID 0x00000001.
03-13 05:56:02.925  2436  2436 E s.nexuslaunche: Invalid ID 0x00000002.
03-13 05:56:03.121  2436  2436 E s.nexuslaunche: Invalid ID 0x00000001.
03-13 05:56:03.121  2436  2436 E s.nexuslaunche: Invalid ID 0x00000002.
03-13 05:56:03.304  2436  2436 E s.nexuslaunche: Invalid ID 0x00000001.
03-13 05:56:03.304  2436  2436 E s.nexuslaunche: Invalid ID 0x00000002.
03-13 05:56:03.470  2436  2436 E s.nexuslaunche: Invalid ID 0x00000001.
03-13 05:56:03.470  2436  2436 E s.nexuslaunche: Invalid ID 0x00000002.
03-13 05:56:03.653  2436  2436 E s.nexuslaunche: Invalid ID 0x00000001.
03-13 05:56:03.653  2436  2436 E s.nexuslaunche: Invalid ID 0x00000002.
03-13 05:56:03.815  2436  2436 E s.nexuslaunche: Invalid ID 0x00000001.
03-13 05:56:03.815  2436  2436 E s.nexuslaunche: Invalid ID 0x00000002.
03-13 05:56:04.026  2436  2436 E s.nexuslaunche: Invalid ID 0x00000001.
03-13 05:56:04.026  2436  2436 E s.nexuslaunche: Invalid ID 0x00000002.
03-13 05:56:04.226  2436  2436 E s.nexuslaunche: Invalid ID 0x00000001.
03-13 05:56:04.226  2436  2436 E s.nexuslaunche: Invalid ID 0x00000002.
03-13 05:56:04.399  2436  2436 E s.nexuslaunche: Invalid ID 0x00000001.
03-13 05:56:04.399  2436  2436 E s.nexuslaunche: Invalid ID 0x00000002.
03-13 05:56:04.576  2436  2436 E s.nexuslaunche: Invalid ID 0x00000001.
03-13 05:56:04.576  2436  2436 E s.nexuslaunche: Invalid ID 0x00000002.
03-13 05:56:04.754  2436  2436 E s.nexuslaunche: Invalid ID 0x00000001.
03-13 05:56:04.755  2436  2436 E s.nexuslaunche: Invalid ID 0x00000002.
03-13 05:56:05.247  1745 28032 E ResolverController: No valid NAT64 prefix (100, <unspecified>/0)
03-13 05:56:05.372  2436  2436 E s.nexuslaunche: Invalid ID 0x00000001.
03-13 05:56:05.372  2436  2436 E s.nexuslaunche: Invalid ID 0x00000002.
03-13 05:56:10.442  1878  1878 E netmgr  : Failed to open QEMU pipe 'qemud:network': Invalid argument
03-13 05:56:13.694  1898  1898 E wifi_forwarder: RemoteConnection failed to initialize: RemoteConnection failed to open pipe
03-13 05:57:10.204  1745 28071 E ResolverController: No valid NAT64 prefix (100, <unspecified>/0)
03-13 05:57:10.213  1745 28070 E ResolverController: No valid NAT64 prefix (100, <unspecified>/0)
03-13 05:57:10.298  1745 28072 E ResolverController: No valid NAT64 prefix (100, <unspecified>/0)
03-13 05:57:10.475  1878  1878 E netmgr  : Failed to open QEMU pipe 'qemud:network': Invalid argument
03-13 05:57:13.726  1898  1898 E wifi_forwarder: RemoteConnection failed to initialize: RemoteConnection failed to open pipe
03-13 05:57:16.924  1745 28074 E ResolverController: No valid NAT64 prefix (100, <unspecified>/0)
03-13 05:57:40.802  2013  2042 E memtrack: Couldn't load memtrack module
03-13 05:57:41.375  1745 28082 E ResolverController: No valid NAT64 prefix (100, <unspecified>/0)
03-13 05:57:57.889  1745 28085 E ResolverController: No valid NAT64 prefix (100, <unspecified>/0)
03-13 05:58:10.476  1878  1878 E netmgr  : Failed to open QEMU pipe 'qemud:network': Invalid argument
03-13 05:58:13.727  1898  1898 E wifi_forwarder: RemoteConnection failed to initialize: RemoteConnection failed to open pipe
03-13 05:58:18.362  1745 28086 E ResolverController: No valid NAT64 prefix (100, <unspecified>/0)
03-13 05:58:24.859  2013  2968 E InputDispatcher: Window handle Window{fc5a8e8 u0 hko.MyObservatory_v1_0/hko.homepage.Homepage2Activity} has no registered input channel
03-13 05:58:24.877  2013 15219 E InputDispatcher: Window handle Window{fc5a8e8 u0 hko.MyObservatory_v1_0/hko.homepage.Homepage2Activity} has no registered input channel
03-13 05:58:27.843  1796  1796 E Layer   : [Surface(name=AppWindowToken{efd30d8 token=Token{e4a33bb ActivityRecord{95db84a u0 com.google.android.apps.nexuslauncher/.NexusLauncherActivity t36}}})/@0x11ed825 - animation-leash#0] No local sync point found
03-13 05:58:27.843  1796  1796 E Layer   : [Surface(name=AppWindowToken{efd30d8 token=Token{e4a33bb ActivityRecord{95db84a u0 com.google.android.apps.nexuslauncher/.NexusLauncherActivity t36}}})/@0x11ed825 - animation-leash#0] No local sync point found
03-13 05:58:27.843  1796  1796 E Layer   : [Surface(name=AppWindowToken{7b3f8fc token=Token{22435ef ActivityRecord{dfa52ce u0 hko.MyObservatory_v1_0/hko.homepage.Homepage2Activity t60}}})/@0xbd9d939 - animation-leash#0] No local sync point found
03-13 05:58:27.843  1796  1796 E Layer   : [Surface(name=AppWindowToken{7b3f8fc token=Token{22435ef ActivityRecord{dfa52ce u0 hko.MyObservatory_v1_0/hko.homepage.Homepage2Activity t60}}})/@0xbd9d939 - animation-leash#0] No local sync point found
03-13 05:58:27.913  3068 27137 E PlaceStateUpdater: Received no places
03-13 05:58:28.082  1745 28097 E ResolverController: No valid NAT64 prefix (100, <unspecified>/0)
03-13 05:58:28.706  1745 28101 E ResolverController: No valid NAT64 prefix (100, <unspecified>/0)
03-13 05:58:35.038  2436  3064 E BufferQueueProducer: [unnamed-2436-4] setMaxDequeuedBufferCount: 2 dequeued buffers would exceed the maxBufferCount (2) (maxAcquired 1 async 0 mDequeuedBufferCannotBlock 0)
03-13 05:58:35.038  2436  3064 E Surface : IGraphicBufferProducer::setBufferCount(3) returned Invalid argument
03-13 05:58:38.761  2013  2949 E InputDispatcher: Window handle Window{e963791 u0 com.google.android.packageinstaller/com.android.packageinstaller.UninstallerActivity} has no registered input channel
03-13 05:58:38.964  2013  2056 E PermissionMonitor: unknown permission type: -1for uid: 10141
03-13 05:58:38.979  1745  1967 E TrafficController: Failed to clean up the permission for 10141: No such file or directory
03-13 05:58:39.081  2013  2056 E HistoricalRegistry: Interaction before persistence initialized
03-13 05:58:39.123  2013  2032 E PackageManager: failed to find package hko.MyObservatory_v1_0
03-13 05:58:39.124  2013  2032 E OverlayManager: Failed to change enabled overlays for hko.MyObservatory_v1_0 user 0
03-13 05:58:39.138  4055  4055 E CarrierServices: [2] cqf.a: Invalid signature found for com.android.contacts: E39B7BFBE0A67D78292F6CC62E06CA27A2EBF255
03-13 05:58:39.162  4055  4055 E CarrierServices: [2] cqf.a: Invalid signature found for com.android.contacts: E39B7BFBE0A67D78292F6CC62E06CA27A2EBF255
03-13 05:58:39.386  2013  2121 E PasspointManager: No app ops listener found for hko.MyObservatory_v1_0
03-13 05:58:50.694  1849  2091 E         : Couldn't opendir /data/app/vmdl1194105023.tmp: No such file or directory
03-13 05:58:50.694  1849  2091 E installd: Failed to delete /data/app/vmdl1194105023.tmp: No such file or directory
03-13 05:58:50.733  2436  3313 E ActivityThread: Failed to find provider info for com.google.android.apps.wellbeing.api
03-13 05:58:55.740  2436  3313 E ActivityThread: Failed to find provider info for com.google.android.apps.wellbeing.api
03-13 05:58:57.385  2013  2036 E system_server: Invalid ID 0x00000000.
03-13 05:58:57.735  1796  2054 E SurfaceFlinger: ro.sf.lcd_density must be defined as a build property
03-13 05:58:57.736  1796  2054 E SurfaceFlinger: ro.sf.lcd_density must be defined as a build property
03-13 05:59:07.709  2013  2042 E memtrack: Couldn't load memtrack module
03-13 05:59:10.531  1878  1878 E netmgr  : Failed to open QEMU pipe 'qemud:network': Invalid argument
03-13 05:59:10.751  2436  3313 E ActivityThread: Failed to find provider info for com.google.android.apps.wellbeing.api
03-13 05:59:13.787  1898  1898 E wifi_forwarder: RemoteConnection failed to initialize: RemoteConnection failed to open pipe
03-13 05:59:18.176  2013  2042 E memtrack: Couldn't load memtrack module
03-13 05:59:30.043  1745 28285 E ResolverController: No valid NAT64 prefix (100, <unspecified>/0)
03-13 05:59:31.462  2013  4927 E InputDispatcher: Window handle Window{443e4e5 u0 hko.MyObservatory_v1_0/hko.MyObservatory_v1_0.myObservatory_app_SplashScreen} has no registered input channel
03-13 05:59:31.479  2013  2042 E memtrack: Couldn't load memtrack module
03-13 05:59:36.966  1745 28293 E ResolverController: No valid NAT64 prefix (100, <unspecified>/0)
03-13 05:59:40.373  1745 28298 E ResolverController: No valid NAT64 prefix (100, <unspecified>/0)
03-13 05:59:40.429  3068 27137 E PlaceStateUpdater: Received no places
03-13 05:59:40.537  1745 28304 E ResolverController: No valid NAT64 prefix (100, <unspecified>/0)
03-13 05:59:40.757  2436  3313 E ActivityThread: Failed to find provider info for com.google.android.apps.wellbeing.api
03-13 06:00:05.295  2013  2042 E memtrack: Couldn't load memtrack module
03-13 06:00:10.594  1878  1878 E netmgr  : Failed to open QEMU pipe 'qemud:network': Invalid argument
03-13 06:00:11.002  1745 28316 E ResolverController: No valid NAT64 prefix (100, <unspecified>/0)
03-13 06:00:13.848  1898  1898 E wifi_forwarder: RemoteConnection failed to initialize: RemoteConnection failed to open pipe
03-13 06:00:22.050  2013  5539 E memtrack: Couldn't load memtrack module
03-13 06:00:31.477  1745 28318 E ResolverController: No valid NAT64 prefix (100, <unspecified>/0)
03-13 06:00:34.763  2013  2036 E system_server: Invalid ID 0x00000000.
03-13 06:00:35.218  1745 28328 E ResolverController: No valid NAT64 prefix (100, <unspecified>/0)
03-13 06:00:35.293  1796  1796 E Layer   : [Surface(name=AppWindowToken{efd30d8 token=Token{e4a33bb ActivityRecord{95db84a u0 com.google.android.apps.nexuslauncher/.NexusLauncherActivity t36}}})/@0x11ed825 - animation-leash#0] No local sync point found
03-13 06:00:35.293  1796  1796 E Layer   : [Surface(name=AppWindowToken{efd30d8 token=Token{e4a33bb ActivityRecord{95db84a u0 com.google.android.apps.nexuslauncher/.NexusLauncherActivity t36}}})/@0x11ed825 - animation-leash#0] No local sync point found
03-13 06:00:41.727  1745 28348 E ResolverController: No valid NAT64 prefix (100, <unspecified>/0)
03-13 06:00:51.798  1745 28349 E ResolverController: No valid NAT64 prefix (100, <unspecified>/0)
03-13 06:00:54.379  1745 28352 E ResolverController: No valid NAT64 prefix (100, <unspecified>/0)
03-13 06:00:56.743  1745 28359 E ResolverController: No valid NAT64 prefix (100, <unspecified>/0)
03-13 06:01:10.656  1878  1878 E netmgr  : Failed to open QEMU pipe 'qemud:network': Invalid argument
03-13 06:01:13.898  1898  1898 E wifi_forwarder: RemoteConnection failed to initialize: RemoteConnection failed to open pipe
03-13 06:01:43.160  1745 28369 E ResolverController: No valid NAT64 prefix (100, <unspecified>/0)
03-13 06:01:53.395  1745 28370 E ResolverController: No valid NAT64 prefix (100, <unspecified>/0)
03-13 06:02:10.690  1878  1878 E netmgr  : Failed to open QEMU pipe 'qemud:network': Invalid argument
03-13 06:02:13.960  1898  1898 E wifi_forwarder: RemoteConnection failed to initialize: RemoteConnection failed to open pipe
03-13 06:02:24.117  1745 28377 E ResolverController: No valid NAT64 prefix (100, <unspecified>/0)
03-13 06:02:44.606  1745 28378 E ResolverController: No valid NAT64 prefix (100, <unspecified>/0)
03-13 06:02:54.845  1745 28381 E ResolverController: No valid NAT64 prefix (100, <unspecified>/0)
03-13 06:03:10.752  1878  1878 E netmgr  : Failed to open QEMU pipe 'qemud:network': Invalid argument
03-13 06:03:14.022  1898  1898 E wifi_forwarder: RemoteConnection failed to initialize: RemoteConnection failed to open pipe
03-13 06:03:16.472  2013  2042 E memtrack: Couldn't load memtrack module
03-13 06:03:16.475  2013  2042 E memtrack: Couldn't load memtrack module
03-13 06:03:16.507  2013  2042 E memtrack: Couldn't load memtrack module
03-13 06:03:16.518  2013  2108 E InputDispatcher: channel 'b265bd1 hko.MyObservatory_v1_0/hko.homepage.Homepage2Activity (server)' ~ Channel is unrecoverably broken and will be disposed!
03-13 06:03:16.518  2013  2108 E InputDispatcher: channel '1220a0c hko.MyObservatory_v1_0/hko.homepage.Homepage2Activity (server)' ~ Channel is unrecoverably broken and will be disposed!
03-13 06:03:17.011  3068 27137 E PlaceStateUpdater: Received no places
03-13 06:03:17.098  1745 28450 E ResolverController: No valid NAT64 prefix (100, <unspecified>/0)
03-13 06:03:17.142  1796  1903 E SurfaceFlinger: ro.sf.lcd_density must be defined as a build property
03-13 06:03:17.142  1796  1903 E SurfaceFlinger: ro.sf.lcd_density must be defined as a build property
03-13 06:03:17.843  1745 28470 E ResolverController: No valid NAT64 prefix (100, <unspecified>/0)
03-13 06:03:22.767  1745 28479 E ResolverController: No valid NAT64 prefix (100, <unspecified>/0)
03-13 06:03:25.763  1745 28492 E ResolverController: No valid NAT64 prefix (100, <unspecified>/0)
03-13 06:03:27.798  2013  2042 E memtrack: Couldn't load memtrack module
03-13 06:03:28.091  1745 28500 E ResolverController: No valid NAT64 prefix (100, <unspecified>/0)
03-13 06:03:37.834  2013  2042 E memtrack: Couldn't load memtrack module
03-13 06:03:38.690  1745 28507 E ResolverController: No valid NAT64 prefix (100, <unspecified>/0)
03-13 06:03:43.563  1745 28508 E ResolverController: No valid NAT64 prefix (100, <unspecified>/0)
03-13 06:03:56.275  1745 28510 E ResolverController: No valid NAT64 prefix (100, <unspecified>/0)
03-13 06:03:58.710  1745 28512 E ResolverController: No valid NAT64 prefix (100, <unspecified>/0)
03-13 06:04:06.524  1745 28517 E ResolverController: No valid NAT64 prefix (100, <unspecified>/0)
03-13 06:04:10.756  1878  1878 E netmgr  : Failed to open QEMU pipe 'qemud:network': Invalid argument
03-13 06:04:14.083  1898  1898 E wifi_forwarder: RemoteConnection failed to initialize: RemoteConnection failed to open pipe
03-13 06:04:27.087  1745 28563 E ResolverController: No valid NAT64 prefix (100, <unspecified>/0)
03-13 06:04:27.117  3068 28294 E PlaceStateUpdater: Received no places
03-13 06:04:27.256  1745 28585 E ResolverController: No valid NAT64 prefix (100, <unspecified>/0)
03-13 06:04:27.328  1796  1903 E SurfaceFlinger: ro.sf.lcd_density must be defined as a build property
03-13 06:04:27.329  1796  1903 E SurfaceFlinger: ro.sf.lcd_density must be defined as a build property
03-13 06:04:32.915  1745 28613 E ResolverController: No valid NAT64 prefix (100, <unspecified>/0)
03-13 06:04:35.554  1745 28629 E ResolverController: No valid NAT64 prefix (100, <unspecified>/0)
03-13 06:04:37.238  1745 28636 E ResolverController: No valid NAT64 prefix (100, <unspecified>/0)
03-13 06:04:38.393  1745 28639 E ResolverController: No valid NAT64 prefix (100, <unspecified>/0)
03-13 06:04:44.563  2436  2436 E s.nexuslaunche: Invalid ID 0x00000001.
03-13 06:04:44.564  2436  2436 E s.nexuslaunche: Invalid ID 0x00000002.
03-13 06:04:48.779  1745 28669 E ResolverController: No valid NAT64 prefix (100, <unspecified>/0)
03-13 06:04:53.746  1745 28670 E ResolverController: No valid NAT64 prefix (100, <unspecified>/0)
03-13 06:04:57.718  1745 28674 E ResolverController: No valid NAT64 prefix (100, <unspecified>/0)
03-13 06:05:07.955  1745 28676 E ResolverController: No valid NAT64 prefix (100, <unspecified>/0)
03-13 06:05:10.816  1878  1878 E netmgr  : Failed to open QEMU pipe 'qemud:network': Invalid argument
03-13 06:05:14.143  1898  1898 E wifi_forwarder: RemoteConnection failed to initialize: RemoteConnection failed to open pipe
03-13 06:05:27.788  3068 26754 E PlaceStateUpdater: Received no places
03-13 06:05:27.977  1745 28745 E ResolverController: No valid NAT64 prefix (100, <unspecified>/0)
03-13 06:05:28.010  1796  1903 E SurfaceFlinger: ro.sf.lcd_density must be defined as a build property
03-13 06:05:28.012  1796  1903 E SurfaceFlinger: ro.sf.lcd_density must be defined as a build property
03-13 06:05:28.704  1745 28764 E ResolverController: No valid NAT64 prefix (100, <unspecified>/0)
03-13 06:05:33.639  1745 28774 E ResolverController: No valid NAT64 prefix (100, <unspecified>/0)
03-13 06:05:36.448  1745 28786 E ResolverController: No valid NAT64 prefix (100, <unspecified>/0)
03-13 06:05:39.873  1745 28793 E ResolverController: No valid NAT64 prefix (100, <unspecified>/0)
03-13 06:05:41.907  1745 28801 E ResolverController: No valid NAT64 prefix (100, <unspecified>/0)
03-13 06:05:49.538  1745 28805 E ResolverController: No valid NAT64 prefix (100, <unspecified>/0)
03-13 06:05:52.397  1745 28815 E ResolverController: No valid NAT64 prefix (100, <unspecified>/0)
03-13 06:05:52.470  1745 28816 E ResolverController: No valid NAT64 prefix (100, <unspecified>/0)
03-13 06:06:09.406  1745 28821 E ResolverController: No valid NAT64 prefix (100, <unspecified>/0)
03-13 06:06:10.871  1878  1878 E netmgr  : Failed to open QEMU pipe 'qemud:network': Invalid argument
03-13 06:06:14.179  1898  1898 E wifi_forwarder: RemoteConnection failed to initialize: RemoteConnection failed to open pipe
03-13 06:06:19.638  1745 28823 E ResolverController: No valid NAT64 prefix (100, <unspecified>/0)
03-13 06:06:40.123  1745 28828 E ResolverController: No valid NAT64 prefix (100, <unspecified>/0)
03-13 06:06:47.269  3068 26754 E PlaceStateUpdater: Received no places
03-13 06:06:47.354  1745 28872 E ResolverController: No valid NAT64 prefix (100, <unspecified>/0)
03-13 06:06:47.598  1796  1897 E SurfaceFlinger: ro.sf.lcd_density must be defined as a build property
03-13 06:06:47.598  1796  1897 E SurfaceFlinger: ro.sf.lcd_density must be defined as a build property
03-13 06:06:48.205  1745 28915 E ResolverController: No valid NAT64 prefix (100, <unspecified>/0)
03-13 06:06:50.360  1745 28916 E ResolverController: No valid NAT64 prefix (100, <unspecified>/0)
03-13 06:06:53.224  1745 28925 E ResolverController: No valid NAT64 prefix (100, <unspecified>/0)
03-13 06:06:56.342  1745 28939 E ResolverController: No valid NAT64 prefix (100, <unspecified>/0)
03-13 06:07:06.828  1745 28947 E ResolverController: No valid NAT64 prefix (100, <unspecified>/0)
03-13 06:07:08.142  1745 28953 E ResolverController: No valid NAT64 prefix (100, <unspecified>/0)
03-13 06:07:10.839  1745 28958 E ResolverController: No valid NAT64 prefix (100, <unspecified>/0)
03-13 06:07:10.932  1878  1878 E netmgr  : Failed to open QEMU pipe 'qemud:network': Invalid argument
03-13 06:07:14.192  1898  1898 E wifi_forwarder: RemoteConnection failed to initialize: RemoteConnection failed to open pipe
03-13 06:07:21.090  1745 28959 E ResolverController: No valid NAT64 prefix (100, <unspecified>/0)
03-13 06:07:41.564  1745 28971 E ResolverController: No valid NAT64 prefix (100, <unspecified>/0)
03-13 06:07:41.582  1745 28973 E ResolverController: No valid NAT64 prefix (100, <unspecified>/0)
03-13 06:07:58.202  3068 27137 E PlaceStateUpdater: Received no places
03-13 06:07:58.320  1745 29041 E ResolverController: No valid NAT64 prefix (100, <unspecified>/0)
03-13 06:07:58.378  1796  1897 E SurfaceFlinger: ro.sf.lcd_density must be defined as a build property
03-13 06:07:58.383  1796  2054 E SurfaceFlinger: ro.sf.lcd_density must be defined as a build property
03-13 06:07:59.012  1745 29060 E ResolverController: No valid NAT64 prefix (100, <unspecified>/0)
03-13 06:08:03.994  1745 29071 E ResolverController: No valid NAT64 prefix (100, <unspecified>/0)
03-13 06:08:06.512  1745 29085 E ResolverController: No valid NAT64 prefix (100, <unspecified>/0)
03-13 06:08:10.991  1878  1878 E netmgr  : Failed to open QEMU pipe 'qemud:network': Invalid argument
03-13 06:08:14.252  1898  1898 E wifi_forwarder: RemoteConnection failed to initialize: RemoteConnection failed to open pipe
03-13 06:08:19.038  1745 29092 E ResolverController: No valid NAT64 prefix (100, <unspecified>/0)
03-13 06:08:19.927  1745 29099 E ResolverController: No valid NAT64 prefix (100, <unspecified>/0)
03-13 06:08:22.519  1745 29102 E ResolverController: No valid NAT64 prefix (100, <unspecified>/0)
03-13 06:08:32.764  1745 29103 E ResolverController: No valid NAT64 prefix (100, <unspecified>/0)
03-13 06:08:45.102  3068 26777 E PlaceStateUpdater: Received no places
03-13 06:08:45.198  1745 29162 E ResolverController: No valid NAT64 prefix (100, <unspecified>/0)
03-13 06:08:45.300  1796  2329 E SurfaceFlinger: ro.sf.lcd_density must be defined as a build property
03-13 06:08:45.301  1796  2329 E SurfaceFlinger: ro.sf.lcd_density must be defined as a build property
03-13 06:08:45.872  1745 29189 E ResolverController: No valid NAT64 prefix (100, <unspecified>/0)
03-13 06:08:45.889  1745 29190 E ResolverController: No valid NAT64 prefix (100, <unspecified>/0)
03-13 06:08:48.627  1745 29202 E ResolverController: No valid NAT64 prefix (100, <unspecified>/0)
03-13 06:08:53.236  1745 29213 E ResolverController: No valid NAT64 prefix (100, <unspecified>/0)
03-13 06:08:58.362  1745 29219 E ResolverController: No valid NAT64 prefix (100, <unspecified>/0)
03-13 06:08:59.551  1745 29221 E ResolverController: No valid NAT64 prefix (100, <unspecified>/0)
03-13 06:09:03.484  1745 29227 E ResolverController: No valid NAT64 prefix (100, <unspecified>/0)
03-13 06:09:11.053  1878  1878 E netmgr  : Failed to open QEMU pipe 'qemud:network': Invalid argument
03-13 06:09:14.314  1898  1898 E wifi_forwarder: RemoteConnection failed to initialize: RemoteConnection failed to open pipe
03-13 06:09:23.962  1745 29229 E ResolverController: No valid NAT64 prefix (100, <unspecified>/0)
03-13 06:09:34.200  1745 29230 E ResolverController: No valid NAT64 prefix (100, <unspecified>/0)
03-13 06:09:54.676  1745 29234 E ResolverController: No valid NAT64 prefix (100, <unspecified>/0)
03-13 06:09:54.687  1745 29237 E ResolverController: No valid NAT64 prefix (100, <unspecified>/0)
03-13 06:10:10.042  1745 29239 E ResolverController: No valid NAT64 prefix (100, <unspecified>/0)
03-13 06:10:11.061  1878  1878 E netmgr  : Failed to open QEMU pipe 'qemud:network': Invalid argument
03-13 06:10:14.365  1898  1898 E wifi_forwarder: RemoteConnection failed to initialize: RemoteConnection failed to open pipe
03-13 06:10:35.649  1745 29240 E ResolverController: No valid NAT64 prefix (100, <unspecified>/0)
03-13 06:10:45.893  1745 29244 E ResolverController: No valid NAT64 prefix (100, <unspecified>/0)
03-13 06:10:50.094  3068 26754 E PlaceStateUpdater: Received no places
03-13 06:10:50.244  1745 29312 E ResolverController: No valid NAT64 prefix (100, <unspecified>/0)
03-13 06:10:50.328  1796  1897 E SurfaceFlinger: ro.sf.lcd_density must be defined as a build property
03-13 06:10:50.331  1796  2329 E SurfaceFlinger: ro.sf.lcd_density must be defined as a build property
03-13 06:10:50.890  1745 29333 E ResolverController: No valid NAT64 prefix (100, <unspecified>/0)
03-13 06:10:55.925  1745 29341 E ResolverController: No valid NAT64 prefix (100, <unspecified>/0)
03-13 06:10:56.116  1745 29345 E ResolverController: No valid NAT64 prefix (100, <unspecified>/0)
03-13 06:10:58.408  1745 29360 E ResolverController: No valid NAT64 prefix (100, <unspecified>/0)
03-13 06:11:02.688  1745 29368 E ResolverController: No valid NAT64 prefix (100, <unspecified>/0)
03-13 06:11:06.362  1745 29374 E ResolverController: No valid NAT64 prefix (100, <unspecified>/0)
03-13 06:11:11.122  1878  1878 E netmgr  : Failed to open QEMU pipe 'qemud:network': Invalid argument
03-13 06:11:11.486  1745 29376 E ResolverController: No valid NAT64 prefix (100, <unspecified>/0)
03-13 06:11:11.819  1745 29379 E ResolverController: No valid NAT64 prefix (100, <unspecified>/0)
03-13 06:11:14.426  1898  1898 E wifi_forwarder: RemoteConnection failed to initialize: RemoteConnection failed to open pipe
03-13 06:11:16.596  1745 29380 E ResolverController: No valid NAT64 prefix (100, <unspecified>/0)
03-13 06:11:20.288  3068 26754 E PlaceStateUpdater: Received no places
03-13 06:11:20.311  1745 29436 E ResolverController: No valid NAT64 prefix (100, <unspecified>/0)
03-13 06:11:20.424  1745 29449 E ResolverController: No valid NAT64 prefix (100, <unspecified>/0)
03-13 06:11:20.437  1796  2329 E SurfaceFlinger: ro.sf.lcd_density must be defined as a build property
03-13 06:11:20.440  1796  2329 E SurfaceFlinger: ro.sf.lcd_density must be defined as a build property
03-13 06:11:21.074  1745 29467 E ResolverController: No valid NAT64 prefix (100, <unspecified>/0)
03-13 06:11:23.649  1745 29479 E ResolverController: No valid NAT64 prefix (100, <unspecified>/0)
03-13 06:11:26.929  1745 29487 E ResolverController: No valid NAT64 prefix (100, <unspecified>/0)
03-13 06:11:37.076  1745 29499 E ResolverController: No valid NAT64 prefix (100, <unspecified>/0)
03-13 06:11:47.323  1745 29506 E ResolverController: No valid NAT64 prefix (100, <unspecified>/0)
03-13 06:12:07.804  1745 29508 E ResolverController: No valid NAT64 prefix (100, <unspecified>/0)
03-13 06:12:07.814  1745 29511 E ResolverController: No valid NAT64 prefix (100, <unspecified>/0)
03-13 06:12:11.127  1878  1878 E netmgr  : Failed to open QEMU pipe 'qemud:network': Invalid argument
03-13 06:12:14.488  1898  1898 E wifi_forwarder: RemoteConnection failed to initialize: RemoteConnection failed to open pipe
03-13 06:12:23.163  1745 29518 E ResolverController: No valid NAT64 prefix (100, <unspecified>/0)
03-13 06:12:48.755  1745 29522 E ResolverController: No valid NAT64 prefix (100, <unspecified>/0)
03-13 06:12:58.997  1745 29525 E ResolverController: No valid NAT64 prefix (100, <unspecified>/0)
03-13 06:13:04.173  1745 29526 E ResolverController: No valid NAT64 prefix (100, <unspecified>/0)
03-13 06:13:09.235  1745 29527 E ResolverController: No valid NAT64 prefix (100, <unspecified>/0)
03-13 06:13:11.141  1878  1878 E netmgr  : Failed to open QEMU pipe 'qemud:network': Invalid argument
03-13 06:13:14.549  1898  1898 E wifi_forwarder: RemoteConnection failed to initialize: RemoteConnection failed to open pipe
03-13 06:13:19.482  1745 29530 E ResolverController: No valid NAT64 prefix (100, <unspecified>/0)
03-13 06:13:24.603  1745 29532 E ResolverController: No valid NAT64 prefix (100, <unspecified>/0)
03-13 06:13:29.720  1745 29533 E ResolverController: No valid NAT64 prefix (100, <unspecified>/0)
03-13 06:13:29.732  1745 29535 E ResolverController: No valid NAT64 prefix (100, <unspecified>/0)
03-13 06:13:50.197  1745 29540 E ResolverController: No valid NAT64 prefix (100, <unspecified>/0)
03-13 06:14:00.435  1745 29542 E ResolverController: No valid NAT64 prefix (100, <unspecified>/0)
03-13 06:14:11.162  1878  1878 E netmgr  : Failed to open QEMU pipe 'qemud:network': Invalid argument
03-13 06:14:14.611  1898  1898 E wifi_forwarder: RemoteConnection failed to initialize: RemoteConnection failed to open pipe
03-13 06:14:20.940  1745 29545 E ResolverController: No valid NAT64 prefix (100, <unspecified>/0)
03-13 06:14:20.952  1745 29546 E ResolverController: No valid NAT64 prefix (100, <unspecified>/0)
03-13 06:14:36.281  1745 29557 E ResolverController: No valid NAT64 prefix (100, <unspecified>/0)
03-13 06:15:01.879  1745 29559 E ResolverController: No valid NAT64 prefix (100, <unspecified>/0)
03-13 06:15:10.808  2013  2042 E AppIdleHistory: Error writing app idle file for user 0
03-13 06:15:11.194  1878  1878 E netmgr  : Failed to open QEMU pipe 'qemud:network': Invalid argument
03-13 06:15:12.119  1745 29570 E ResolverController: No valid NAT64 prefix (100, <unspecified>/0)
03-13 06:15:14.643  1898  1898 E wifi_forwarder: RemoteConnection failed to initialize: RemoteConnection failed to open pipe
03-13 06:15:17.241  1745 29571 E ResolverController: No valid NAT64 prefix (100, <unspecified>/0)
03-13 06:15:22.359  1745 29572 E ResolverController: No valid NAT64 prefix (100, <unspecified>/0)
03-13 06:15:32.597  1745 29574 E ResolverController: No valid NAT64 prefix (100, <unspecified>/0)
03-13 06:15:37.719  1745 29575 E ResolverController: No valid NAT64 prefix (100, <unspecified>/0)
03-13 06:15:42.843  1745 29576 E ResolverController: No valid NAT64 prefix (100, <unspecified>/0)
03-13 06:15:42.855  1745 29579 E ResolverController: No valid NAT64 prefix (100, <unspecified>/0)
03-13 06:15:52.587  1745 29603 E ResolverController: No valid NAT64 prefix (100, <unspecified>/0)
03-13 06:16:03.326  1745 29609 E ResolverController: No valid NAT64 prefix (100, <unspecified>/0)
03-13 06:16:11.227  1878  1878 E netmgr  : Failed to open QEMU pipe 'qemud:network': Invalid argument
03-13 06:16:13.563  1745 29612 E ResolverController: No valid NAT64 prefix (100, <unspecified>/0)
03-13 06:16:14.694  1898  1898 E wifi_forwarder: RemoteConnection failed to initialize: RemoteConnection failed to open pipe
03-13 06:16:22.741  1745 29625 E ResolverController: No valid NAT64 prefix (100, <unspecified>/0)
03-13 06:16:34.037  1745 29629 E ResolverController: No valid NAT64 prefix (100, <unspecified>/0)
03-13 06:16:34.047  1745 29628 E ResolverController: No valid NAT64 prefix (100, <unspecified>/0)
03-13 06:16:36.835  1745 29630 E ResolverController: No valid NAT64 prefix (100, <unspecified>/0)
03-13 06:16:41.891  1745 29637 E ResolverController: No valid NAT64 prefix (100, <unspecified>/0)
03-13 06:16:41.921  1745 29639 E ResolverController: No valid NAT64 prefix (100, <unspecified>/0)
03-13 06:16:42.603  1745 29649 E ResolverController: No valid NAT64 prefix (100, <unspecified>/0)
03-13 06:16:42.699  1745 29653 E ResolverController: No valid NAT64 prefix (100, <unspecified>/0)
03-13 06:16:49.399  1745 29654 E ResolverController: No valid NAT64 prefix (100, <unspecified>/0)
03-13 06:16:49.805  1745 29656 E ResolverController: No valid NAT64 prefix (100, <unspecified>/0)
03-13 06:16:52.629  1745 29660 E ResolverController: No valid NAT64 prefix (100, <unspecified>/0)
03-13 06:16:53.774  1745 29672 E ResolverController: No valid NAT64 prefix (100, <unspecified>/0)
03-13 06:16:53.862  1745 29673 E ResolverController: No valid NAT64 prefix (100, <unspecified>/0)
03-13 06:17:05.948  1745 29688 E ResolverController: No valid NAT64 prefix (100, <unspecified>/0)
03-13 06:17:05.956  1745 29687 E ResolverController: No valid NAT64 prefix (100, <unspecified>/0)
03-13 06:17:10.082  1745 29701 E ResolverController: No valid NAT64 prefix (100, <unspecified>/0)
03-13 06:17:10.093  1745 29700 E ResolverController: No valid NAT64 prefix (100, <unspecified>/0)
03-13 06:17:11.236  1878  1878 E netmgr  : Failed to open QEMU pipe 'qemud:network': Invalid argument
03-13 06:17:14.756  1898  1898 E wifi_forwarder: RemoteConnection failed to initialize: RemoteConnection failed to open pipe
03-13 06:17:15.000  1745 29702 E ResolverController: No valid NAT64 prefix (100, <unspecified>/0)
03-13 06:17:18.210  1745 29712 E ResolverController: No valid NAT64 prefix (100, <unspecified>/0)
03-13 06:17:18.229  1745 29713 E ResolverController: No valid NAT64 prefix (100, <unspecified>/0)
03-13 06:17:25.241  1745 29717 E ResolverController: No valid NAT64 prefix (100, <unspecified>/0)
03-13 06:17:30.362  1745 29719 E ResolverController: No valid NAT64 prefix (100, <unspecified>/0)
03-13 06:17:34.375  1745 29728 E ResolverController: No valid NAT64 prefix (100, <unspecified>/0)
03-13 06:17:34.382  1745 29729 E ResolverController: No valid NAT64 prefix (100, <unspecified>/0)
03-13 06:17:34.459  1745 29730 E ResolverController: No valid NAT64 prefix (100, <unspecified>/0)
03-13 06:17:35.477  1745 29731 E ResolverController: No valid NAT64 prefix (100, <unspecified>/0)
03-13 06:17:45.716  1745 29737 E ResolverController: No valid NAT64 prefix (100, <unspecified>/0)
03-13 06:17:50.836  1745 29738 E ResolverController: No valid NAT64 prefix (100, <unspecified>/0)
03-13 06:17:55.963  1745 29740 E ResolverController: No valid NAT64 prefix (100, <unspecified>/0)
03-13 06:17:55.976  1745 29743 E ResolverController: No valid NAT64 prefix (100, <unspecified>/0)
03-13 06:18:11.277  1878  1878 E netmgr  : Failed to open QEMU pipe 'qemud:network': Invalid argument
03-13 06:18:14.760  1898  1898 E wifi_forwarder: RemoteConnection failed to initialize: RemoteConnection failed to open pipe
03-13 06:18:16.440  1745 29746 E ResolverController: No valid NAT64 prefix (100, <unspecified>/0)
03-13 06:18:16.558  1745 29755 E ResolverController: No valid NAT64 prefix (100, <unspecified>/0)
03-13 06:18:16.643  1745 29756 E ResolverController: No valid NAT64 prefix (100, <unspecified>/0)
03-13 06:18:26.675  1745 29761 E ResolverController: No valid NAT64 prefix (100, <unspecified>/0)
03-13 06:18:47.157  1745 29763 E ResolverController: No valid NAT64 prefix (100, <unspecified>/0)
03-13 06:18:47.170  1745 29764 E ResolverController: No valid NAT64 prefix (100, <unspecified>/0)
03-13 06:19:02.522  1745 29766 E ResolverController: No valid NAT64 prefix (100, <unspecified>/0)
03-13 06:19:11.293  1878  1878 E netmgr  : Failed to open QEMU pipe 'qemud:network': Invalid argument
03-13 06:19:14.795  1898  1898 E wifi_forwarder: RemoteConnection failed to initialize: RemoteConnection failed to open pipe
03-13 06:19:20.707  1745 29776 E ResolverController: No valid NAT64 prefix (100, <unspecified>/0)
03-13 06:19:20.728  1745 29777 E ResolverController: No valid NAT64 prefix (100, <unspecified>/0)
03-13 06:19:20.811  1745 29778 E ResolverController: No valid NAT64 prefix (100, <unspecified>/0)
03-13 06:19:28.122  1745 29779 E ResolverController: No valid NAT64 prefix (100, <unspecified>/0)
03-13 06:19:38.362  1745 29784 E ResolverController: No valid NAT64 prefix (100, <unspecified>/0)
03-13 06:19:43.478  1745 29786 E ResolverController: No valid NAT64 prefix (100, <unspecified>/0)
03-13 06:19:48.597  1745 29787 E ResolverController: No valid NAT64 prefix (100, <unspecified>/0)
03-13 06:19:58.838  1745 29789 E ResolverController: No valid NAT64 prefix (100, <unspecified>/0)
03-13 06:20:03.962  1745 29790 E ResolverController: No valid NAT64 prefix (100, <unspecified>/0)
03-13 06:20:09.077  1745 29791 E ResolverController: No valid NAT64 prefix (100, <unspecified>/0)
03-13 06:20:09.088  1745 29793 E ResolverController: No valid NAT64 prefix (100, <unspecified>/0)
03-13 06:20:11.311  1878  1878 E netmgr  : Failed to open QEMU pipe 'qemud:network': Invalid argument
03-13 06:20:14.827  1898  1898 E wifi_forwarder: RemoteConnection failed to initialize: RemoteConnection failed to open pipe
03-13 06:20:29.557  1745 29795 E ResolverController: No valid NAT64 prefix (100, <unspecified>/0)
03-13 06:20:39.802  1745 29798 E ResolverController: No valid NAT64 prefix (100, <unspecified>/0)
03-13 06:21:00.294  1745 29805 E ResolverController: No valid NAT64 prefix (100, <unspecified>/0)
03-13 06:21:00.301  1745 29804 E ResolverController: No valid NAT64 prefix (100, <unspecified>/0)
03-13 06:21:11.372  1878  1878 E netmgr  : Failed to open QEMU pipe 'qemud:network': Invalid argument
03-13 06:21:14.833  1898  1898 E wifi_forwarder: RemoteConnection failed to initialize: RemoteConnection failed to open pipe
03-13 06:21:15.653  1745 29808 E ResolverController: No valid NAT64 prefix (100, <unspecified>/0)
03-13 06:21:22.004  1745 29813 E ResolverController: No valid NAT64 prefix (100, <unspecified>/0)
03-13 06:21:22.816  1745 29818 E ResolverController: No valid NAT64 prefix (100, <unspecified>/0)
03-13 06:21:28.485  1745 29822 E ResolverController: No valid NAT64 prefix (100, <unspecified>/0)
03-13 06:21:38.903  1745 29836 E ResolverController: No valid NAT64 prefix (100, <unspecified>/0)
03-13 06:21:41.955  1745 29844 E ResolverController: No valid NAT64 prefix (100, <unspecified>/0)
03-13 06:21:51.483  1745 29847 E ResolverController: No valid NAT64 prefix (100, <unspecified>/0)
03-13 06:21:56.603  1745 29848 E ResolverController: No valid NAT64 prefix (100, <unspecified>/0)
03-13 06:22:01.724  1745 29850 E ResolverController: No valid NAT64 prefix (100, <unspecified>/0)
03-13 06:22:11.402  1878  1878 E netmgr  : Failed to open QEMU pipe 'qemud:network': Invalid argument
