03-13 07:22:17.110  1898  1898 E wifi_forwarder: RemoteConnection failed to initialize: RemoteConnection failed to open pipe
03-13 07:22:40.032  1745 32627 E ResolverController: No valid NAT64 prefix (100, <unspecified>/0)
03-13 07:22:40.055  1745 32628 E ResolverController: No valid NAT64 prefix (100, <unspecified>/0)
03-13 07:23:13.627  1878  1878 E netmgr  : Failed to open QEMU pipe 'qemud:network': Invalid argument
03-13 07:23:17.128  1898  1898 E wifi_forwarder: RemoteConnection failed to initialize: RemoteConnection failed to open pipe
03-13 07:24:06.528  2013  2042 E memtrack: Couldn't load memtrack module
03-13 07:24:06.529  2013  2042 E memtrack: Couldn't load memtrack module
03-13 07:24:06.529  2013  2042 E memtrack: Couldn't load memtrack module
03-13 07:24:06.529  2013  2042 E memtrack: Couldn't load memtrack module
03-13 07:24:06.529  2013  2042 E memtrack: Couldn't load memtrack module
03-13 07:24:06.530  2013  2042 E memtrack: Couldn't load memtrack module
03-13 07:24:06.530  2013  2042 E memtrack: Couldn't load memtrack module
03-13 07:24:06.530  2013  2042 E memtrack: Couldn't load memtrack module
03-13 07:24:06.530  2013  2042 E memtrack: Couldn't load memtrack module
03-13 07:24:06.531  2013  2042 E memtrack: Couldn't load memtrack module
03-13 07:24:06.531  2013  2042 E memtrack: Couldn't load memtrack module
03-13 07:24:06.532  2013  2042 E memtrack: Couldn't load memtrack module
03-13 07:24:06.532  2013  2042 E memtrack: Couldn't load memtrack module
03-13 07:24:06.533  2013  2042 E memtrack: Couldn't load memtrack module
03-13 07:24:06.534  2013  2042 E memtrack: Couldn't load memtrack module
03-13 07:24:06.534  2013  2042 E memtrack: Couldn't load memtrack module
03-13 07:24:06.534  2013  2042 E memtrack: Couldn't load memtrack module
03-13 07:24:06.534  2013  2042 E memtrack: Couldn't load memtrack module
03-13 07:24:06.534  2013  2042 E memtrack: Couldn't load memtrack module
03-13 07:24:06.535  2013  2042 E memtrack: Couldn't load memtrack module
03-13 07:24:06.535  2013  2042 E memtrack: Couldn't load memtrack module
03-13 07:24:06.535  2013  2042 E memtrack: Couldn't load memtrack module
03-13 07:24:06.535  2013  2042 E memtrack: Couldn't load memtrack module
03-13 07:24:06.535  2013  2042 E memtrack: Couldn't load memtrack module
03-13 07:24:06.536  2013  2042 E memtrack: Couldn't load memtrack module
03-13 07:24:06.536  2013  2042 E memtrack: Couldn't load memtrack module
03-13 07:24:06.536  2013  2042 E memtrack: Couldn't load memtrack module
03-13 07:24:06.536  2013  2042 E memtrack: Couldn't load memtrack module
03-13 07:24:06.536  2013  2042 E memtrack: Couldn't load memtrack module
03-13 07:24:06.536  2013  2042 E memtrack: Couldn't load memtrack module
03-13 07:24:06.537  2013  2042 E memtrack: Couldn't load memtrack module
03-13 07:24:06.537  2013  2042 E memtrack: Couldn't load memtrack module
03-13 07:24:06.538  2013  2042 E memtrack: Couldn't load memtrack module
03-13 07:24:06.538  2013  2042 E memtrack: Couldn't load memtrack module
03-13 07:24:06.538  2013  2042 E memtrack: Couldn't load memtrack module
03-13 07:24:06.538  2013  2042 E memtrack: Couldn't load memtrack module
03-13 07:24:06.538  2013  2042 E memtrack: Couldn't load memtrack module
03-13 07:24:06.539  2013  2042 E memtrack: Couldn't load memtrack module
03-13 07:24:06.539  2013  2042 E memtrack: Couldn't load memtrack module
03-13 07:24:06.539  2013  2042 E memtrack: Couldn't load memtrack module
03-13 07:24:06.540  2013  2042 E memtrack: Couldn't load memtrack module
03-13 07:24:06.540  2013  2042 E memtrack: Couldn't load memtrack module
03-13 07:24:06.540  2013  2042 E memtrack: Couldn't load memtrack module
03-13 07:24:06.540  2013  2042 E memtrack: Couldn't load memtrack module
03-13 07:24:06.540  2013  2042 E memtrack: Couldn't load memtrack module
03-13 07:24:06.540  2013  2042 E memtrack: Couldn't load memtrack module
03-13 07:24:06.541  2013  2042 E memtrack: Couldn't load memtrack module
03-13 07:24:06.541  2013  2042 E memtrack: Couldn't load memtrack module
03-13 07:24:06.541  2013  2042 E memtrack: Couldn't load memtrack module
03-13 07:24:06.541  2013  2042 E memtrack: Couldn't load memtrack module
03-13 07:24:06.542  2013  2042 E memtrack: Couldn't load memtrack module
03-13 07:24:06.542  2013  2042 E memtrack: Couldn't load memtrack module
03-13 07:24:06.542  2013  2042 E memtrack: Couldn't load memtrack module
03-13 07:24:06.542  2013  2042 E memtrack: Couldn't load memtrack module
03-13 07:24:06.543  2013  2042 E memtrack: Couldn't load memtrack module
03-13 07:24:06.543  2013  2042 E memtrack: Couldn't load memtrack module
03-13 07:24:06.543  2013  2042 E memtrack: Couldn't load memtrack module
03-13 07:24:06.543  2013  2042 E memtrack: Couldn't load memtrack module
03-13 07:24:06.543  2013  2042 E memtrack: Couldn't load memtrack module
03-13 07:24:06.544  2013  2042 E memtrack: Couldn't load memtrack module
03-13 07:24:06.544  2013  2042 E memtrack: Couldn't load memtrack module
03-13 07:24:06.544  2013  2042 E memtrack: Couldn't load memtrack module
03-13 07:24:06.544  2013  2042 E memtrack: Couldn't load memtrack module
03-13 07:24:06.545  2013  2042 E memtrack: Couldn't load memtrack module
03-13 07:24:06.545  2013  2042 E memtrack: Couldn't load memtrack module
03-13 07:24:06.545  2013  2042 E memtrack: Couldn't load memtrack module
03-13 07:24:06.545  2013  2042 E memtrack: Couldn't load memtrack module
03-13 07:24:06.545  2013  2042 E memtrack: Couldn't load memtrack module
03-13 07:24:06.546  2013  2042 E memtrack: Couldn't load memtrack module
03-13 07:24:06.546  2013  2042 E memtrack: Couldn't load memtrack module
03-13 07:24:06.546  2013  2042 E memtrack: Couldn't load memtrack module
03-13 07:24:06.546  2013  2042 E memtrack: Couldn't load memtrack module
03-13 07:24:06.547  2013  2042 E memtrack: Couldn't load memtrack module
03-13 07:24:06.547  2013  2042 E memtrack: Couldn't load memtrack module
03-13 07:24:06.547  2013  2042 E memtrack: Couldn't load memtrack module
03-13 07:24:06.548  2013  2042 E memtrack: Couldn't load memtrack module
03-13 07:24:06.548  2013  2042 E memtrack: Couldn't load memtrack module
03-13 07:24:06.553  2013  2042 E memtrack: Couldn't load memtrack module
03-13 07:24:06.557  2013  2042 E memtrack: Couldn't load memtrack module
03-13 07:24:06.559  2013  2042 E memtrack: Couldn't load memtrack module
03-13 07:24:06.563  2013  2042 E memtrack: Couldn't load memtrack module
03-13 07:24:06.565  2013  2042 E memtrack: Couldn't load memtrack module
03-13 07:24:06.567  2013  2042 E memtrack: Couldn't load memtrack module
03-13 07:24:06.569  2013  2042 E memtrack: Couldn't load memtrack module
03-13 07:24:06.573  2013  2042 E memtrack: Couldn't load memtrack module
03-13 07:24:06.577  2013  2042 E memtrack: Couldn't load memtrack module
03-13 07:24:06.580  2013  2042 E memtrack: Couldn't load memtrack module
03-13 07:24:06.584  2013  2042 E memtrack: Couldn't load memtrack module
03-13 07:24:06.587  2013  2042 E memtrack: Couldn't load memtrack module
03-13 07:24:06.588  2013  2042 E memtrack: Couldn't load memtrack module
03-13 07:24:06.592  2013  2042 E memtrack: Couldn't load memtrack module
03-13 07:24:06.597  2013  2042 E memtrack: Couldn't load memtrack module
03-13 07:24:06.598  2013  2042 E memtrack: Couldn't load memtrack module
03-13 07:24:06.601  2013  2042 E memtrack: Couldn't load memtrack module
03-13 07:24:06.603  2013  2042 E memtrack: Couldn't load memtrack module
03-13 07:24:06.604  2013  2042 E memtrack: Couldn't load memtrack module
03-13 07:24:06.605  2013  2042 E memtrack: Couldn't load memtrack module
03-13 07:24:06.607  2013  2042 E memtrack: Couldn't load memtrack module
03-13 07:24:06.608  2013  2042 E memtrack: Couldn't load memtrack module
03-13 07:24:06.609  2013  2042 E memtrack: Couldn't load memtrack module
03-13 07:24:06.610  2013  2042 E memtrack: Couldn't load memtrack module
03-13 07:24:06.612  2013  2042 E memtrack: Couldn't load memtrack module
03-13 07:24:06.615  2013  2042 E memtrack: Couldn't load memtrack module
03-13 07:24:06.617  2013  2042 E memtrack: Couldn't load memtrack module
03-13 07:24:07.433  1745 32703 E ResolverController: No valid NAT64 prefix (100, <unspecified>/0)
03-13 07:24:13.645  1878  1878 E netmgr  : Failed to open QEMU pipe 'qemud:network': Invalid argument
03-13 07:24:17.143  1898  1898 E wifi_forwarder: RemoteConnection failed to initialize: RemoteConnection failed to open pipe
03-13 07:25:07.157  2013  2042 E memtrack: Couldn't load memtrack module
03-13 07:25:07.160  2013  2042 E memtrack: Couldn't load memtrack module
03-13 07:25:07.163  2013  2042 E memtrack: Couldn't load memtrack module
03-13 07:25:07.200  1745 32713 E ResolverController: No valid NAT64 prefix (100, <unspecified>/0)
03-13 07:25:13.660  1878  1878 E netmgr  : Failed to open QEMU pipe 'qemud:network': Invalid argument
03-13 07:25:17.144  1898  1898 E wifi_forwarder: RemoteConnection failed to initialize: RemoteConnection failed to open pipe
03-13 07:25:23.663  2013  6292 E memtrack: Couldn't load memtrack module
03-13 07:26:13.712  1878  1878 E netmgr  : Failed to open QEMU pipe 'qemud:network': Invalid argument
03-13 07:26:17.177  1898  1898 E wifi_forwarder: RemoteConnection failed to initialize: RemoteConnection failed to open pipe
03-13 07:26:37.672  2013  2042 E memtrack: Couldn't load memtrack module
03-13 07:26:37.678  2013  2042 E memtrack: Couldn't load memtrack module
03-13 07:26:37.681  2013  2042 E memtrack: Couldn't load memtrack module
03-13 07:27:07.096  2013  2042 E memtrack: Couldn't load memtrack module
03-13 07:27:13.745  1878  1878 E netmgr  : Failed to open QEMU pipe 'qemud:network': Invalid argument
03-13 07:27:17.194  1898  1898 E wifi_forwarder: RemoteConnection failed to initialize: RemoteConnection failed to open pipe
03-13 07:27:37.290  2013  2042 E memtrack: Couldn't load memtrack module
03-13 07:28:13.761  1878  1878 E netmgr  : Failed to open QEMU pipe 'qemud:network': Invalid argument
03-13 07:28:17.226  1898  1898 E wifi_forwarder: RemoteConnection failed to initialize: RemoteConnection failed to open pipe
03-13 07:29:07.430  1649  1649 E SELinux : avc:  denied  { find } for interface=android.hardware.memtrack::IMemtrack sid=u:r:priv_app:s0:c512,c768 pid=32666 scontext=u:r:priv_app:s0:c512,c768 tcontext=u:object_r:hal_memtrack_hwservice:s0 tclass=hwservice_manager permissive=0
03-13 07:29:13.822  1878  1878 E netmgr  : Failed to open QEMU pipe 'qemud:network': Invalid argument
03-13 07:29:17.244  1898  1898 E wifi_forwarder: RemoteConnection failed to initialize: RemoteConnection failed to open pipe
03-13 07:30:13.826  1878  1878 E netmgr  : Failed to open QEMU pipe 'qemud:network': Invalid argument
03-13 07:30:17.260  1898  1898 E wifi_forwarder: RemoteConnection failed to initialize: RemoteConnection failed to open pipe
03-13 07:30:23.847  2013  6087 E memtrack: Couldn't load memtrack module
03-13 07:31:12.295  1745 32766 E ResolverController: No valid NAT64 prefix (100, <unspecified>/0)
03-13 07:31:12.300  1745 32763 E ResolverController: No valid NAT64 prefix (100, <unspecified>/0)
03-13 07:31:13.860  1878  1878 E netmgr  : Failed to open QEMU pipe 'qemud:network': Invalid argument
03-13 07:31:17.276  1898  1898 E wifi_forwarder: RemoteConnection failed to initialize: RemoteConnection failed to open pipe
03-13 07:32:13.877  1878  1878 E netmgr  : Failed to open QEMU pipe 'qemud:network': Invalid argument
03-13 07:32:17.278  1898  1898 E wifi_forwarder: RemoteConnection failed to initialize: RemoteConnection failed to open pipe
03-13 07:33:13.894  1878  1878 E netmgr  : Failed to open QEMU pipe 'qemud:network': Invalid argument
03-13 07:33:17.293  1898  1898 E wifi_forwarder: RemoteConnection failed to initialize: RemoteConnection failed to open pipe
03-13 07:34:13.905  1878  1878 E netmgr  : Failed to open QEMU pipe 'qemud:network': Invalid argument
03-13 07:34:17.309  1898  1898 E wifi_forwarder: RemoteConnection failed to initialize: RemoteConnection failed to open pipe
03-13 07:35:13.927  1878  1878 E netmgr  : Failed to open QEMU pipe 'qemud:network': Invalid argument
03-13 07:35:17.327  1898  1898 E wifi_forwarder: RemoteConnection failed to initialize: RemoteConnection failed to open pipe
03-13 07:35:24.175  2013 15219 E memtrack: Couldn't load memtrack module
03-13 07:36:09.317  1745   323 E ResolverController: No valid NAT64 prefix (100, <unspecified>/0)
03-13 07:36:13.943  1878  1878 E netmgr  : Failed to open QEMU pipe 'qemud:network': Invalid argument
03-13 07:36:17.342  1898  1898 E wifi_forwarder: RemoteConnection failed to initialize: RemoteConnection failed to open pipe
03-13 07:36:39.383  2013  2042 E memtrack: Couldn't load memtrack module
03-13 07:37:13.961  1878  1878 E netmgr  : Failed to open QEMU pipe 'qemud:network': Invalid argument
03-13 07:37:17.359  1898  1898 E wifi_forwarder: RemoteConnection failed to initialize: RemoteConnection failed to open pipe
03-13 07:38:14.011  1878  1878 E netmgr  : Failed to open QEMU pipe 'qemud:network': Invalid argument
03-13 07:38:17.393  1898  1898 E wifi_forwarder: RemoteConnection failed to initialize: RemoteConnection failed to open pipe
03-13 07:39:09.450  2013  2042 E memtrack: Couldn't load memtrack module
03-13 07:39:14.013  1878  1878 E netmgr  : Failed to open QEMU pipe 'qemud:network': Invalid argument
03-13 07:39:17.411  1898  1898 E wifi_forwarder: RemoteConnection failed to initialize: RemoteConnection failed to open pipe
03-13 07:39:20.777  1745   358 E ResolverController: No valid NAT64 prefix (100, <unspecified>/0)
03-13 07:39:50.761 30897 30967 E FirebaseInstanceId: Token retrieval failed: SERVICE_NOT_AVAILABLE
03-13 07:40:14.025  1878  1878 E netmgr  : Failed to open QEMU pipe 'qemud:network': Invalid argument
03-13 07:40:17.473  1898  1898 E wifi_forwarder: RemoteConnection failed to initialize: RemoteConnection failed to open pipe
03-13 07:40:20.681  2013  2042 E AppIdleHistory: Error writing app idle file for user 0
03-13 07:40:24.316  2013  2088 E memtrack: Couldn't load memtrack module
03-13 07:41:12.462  1745   381 E ResolverController: No valid NAT64 prefix (100, <unspecified>/0)
03-13 07:41:12.466  1745   378 E ResolverController: No valid NAT64 prefix (100, <unspecified>/0)
03-13 07:41:12.554  2013  2042 E memtrack: Couldn't load memtrack module
03-13 07:41:14.028  1878  1878 E netmgr  : Failed to open QEMU pipe 'qemud:network': Invalid argument
03-13 07:41:17.527  1898  1898 E wifi_forwarder: RemoteConnection failed to initialize: RemoteConnection failed to open pipe
03-13 07:41:27.577  1745   386 E ResolverController: No valid NAT64 prefix (100, <unspecified>/0)
03-13 07:41:46.750  1745   392 E ResolverController: No valid NAT64 prefix (100, <unspecified>/0)
03-13 07:41:47.446  1745   402 E ResolverController: No valid NAT64 prefix (100, <unspecified>/0)
03-13 07:41:47.462  1745   403 E ResolverController: No valid NAT64 prefix (100, <unspecified>/0)
03-13 07:41:47.558  1745   404 E ResolverController: No valid NAT64 prefix (100, <unspecified>/0)
03-13 07:41:58.603  1745   416 E ResolverController: No valid NAT64 prefix (100, <unspecified>/0)
03-13 07:41:58.620  1745   417 E ResolverController: No valid NAT64 prefix (100, <unspecified>/0)
03-13 07:42:00.776  1745   427 E ResolverController: No valid NAT64 prefix (100, <unspecified>/0)
03-13 07:42:00.865  1745   428 E ResolverController: No valid NAT64 prefix (100, <unspecified>/0)
03-13 07:42:14.044  1878  1878 E netmgr  : Failed to open QEMU pipe 'qemud:network': Invalid argument
03-13 07:42:14.925  1745   446 E ResolverController: No valid NAT64 prefix (100, <unspecified>/0)
03-13 07:42:14.939  1745   447 E ResolverController: No valid NAT64 prefix (100, <unspecified>/0)
03-13 07:42:15.028  1745   448 E ResolverController: No valid NAT64 prefix (100, <unspecified>/0)
03-13 07:42:17.544  1898  1898 E wifi_forwarder: RemoteConnection failed to initialize: RemoteConnection failed to open pipe
03-13 07:42:33.101  1745   460 E ResolverController: No valid NAT64 prefix (100, <unspecified>/0)
03-13 07:42:33.126  1745   461 E ResolverController: No valid NAT64 prefix (100, <unspecified>/0)
03-13 07:42:49.265  1745   474 E ResolverController: No valid NAT64 prefix (100, <unspecified>/0)
03-13 07:42:49.317  1745   475 E ResolverController: No valid NAT64 prefix (100, <unspecified>/0)
03-13 07:43:14.060  1878  1878 E netmgr  : Failed to open QEMU pipe 'qemud:network': Invalid argument
03-13 07:43:17.560  1898  1898 E wifi_forwarder: RemoteConnection failed to initialize: RemoteConnection failed to open pipe
03-13 07:43:21.579  1745   492 E ResolverController: No valid NAT64 prefix (100, <unspecified>/0)
03-13 07:44:14.076  1878  1878 E netmgr  : Failed to open QEMU pipe 'qemud:network': Invalid argument
03-13 07:44:17.576  1898  1898 E wifi_forwarder: RemoteConnection failed to initialize: RemoteConnection failed to open pipe
03-13 07:44:25.765  1745   511 E ResolverController: No valid NAT64 prefix (100, <unspecified>/0)
03-13 07:44:25.836  1745   512 E ResolverController: No valid NAT64 prefix (100, <unspecified>/0)
03-13 07:45:11.198  1745   520 E ResolverController: No valid NAT64 prefix (100, <unspecified>/0)
03-13 07:45:14.094  1878  1878 E netmgr  : Failed to open QEMU pipe 'qemud:network': Invalid argument
03-13 07:45:17.577  1898  1898 E wifi_forwarder: RemoteConnection failed to initialize: RemoteConnection failed to open pipe
03-13 07:45:24.414  2013  2088 E memtrack: Couldn't load memtrack module
03-13 07:46:14.110  1878  1878 E netmgr  : Failed to open QEMU pipe 'qemud:network': Invalid argument
03-13 07:46:17.594  1898  1898 E wifi_forwarder: RemoteConnection failed to initialize: RemoteConnection failed to open pipe
03-13 07:46:33.968  1745   533 E ResolverController: No valid NAT64 prefix (100, <unspecified>/0)
03-13 07:46:34.070  1745   535 E ResolverController: No valid NAT64 prefix (100, <unspecified>/0)
03-13 07:47:14.143  1878  1878 E netmgr  : Failed to open QEMU pipe 'qemud:network': Invalid argument
03-13 07:47:17.648  1898  1898 E wifi_forwarder: RemoteConnection failed to initialize: RemoteConnection failed to open pipe
03-13 07:48:14.176  1878  1878 E netmgr  : Failed to open QEMU pipe 'qemud:network': Invalid argument
03-13 07:48:17.660  1898  1898 E wifi_forwarder: RemoteConnection failed to initialize: RemoteConnection failed to open pipe
03-13 07:49:14.193  1878  1878 E netmgr  : Failed to open QEMU pipe 'qemud:network': Invalid argument
03-13 07:49:17.710  1898  1898 E wifi_forwarder: RemoteConnection failed to initialize: RemoteConnection failed to open pipe
03-13 07:49:45.613  2013  2048 E BluetoothAdapter: Bluetooth binder is null
03-13 07:50:14.210  1878  1878 E netmgr  : Failed to open QEMU pipe 'qemud:network': Invalid argument
03-13 07:50:17.712  1898  1898 E wifi_forwarder: RemoteConnection failed to initialize: RemoteConnection failed to open pipe
03-13 07:50:24.579  2013  6292 E memtrack: Couldn't load memtrack module
03-13 07:51:00.149  1745   569 E ResolverController: No valid NAT64 prefix (100, <unspecified>/0)
03-13 07:51:00.173  1745   570 E ResolverController: No valid NAT64 prefix (100, <unspecified>/0)
03-13 07:51:00.255  1745   571 E ResolverController: No valid NAT64 prefix (100, <unspecified>/0)
03-13 07:51:14.228  1878  1878 E netmgr  : Failed to open QEMU pipe 'qemud:network': Invalid argument
03-13 07:51:17.727  1898  1898 E wifi_forwarder: RemoteConnection failed to initialize: RemoteConnection failed to open pipe
03-13 07:52:14.243  1878  1878 E netmgr  : Failed to open QEMU pipe 'qemud:network': Invalid argument
03-13 07:52:17.784  1898  1898 E wifi_forwarder: RemoteConnection failed to initialize: RemoteConnection failed to open pipe
03-13 07:53:14.243  1878  1878 E netmgr  : Failed to open QEMU pipe 'qemud:network': Invalid argument
03-13 07:53:17.793  1898  1898 E wifi_forwarder: RemoteConnection failed to initialize: RemoteConnection failed to open pipe
03-13 07:54:12.431  2013  2042 E memtrack: Couldn't load memtrack module
03-13 07:54:12.437  2013  2042 E memtrack: Couldn't load memtrack module
03-13 07:54:14.262  1878  1878 E netmgr  : Failed to open QEMU pipe 'qemud:network': Invalid argument
03-13 07:54:17.843  1898  1898 E wifi_forwarder: RemoteConnection failed to initialize: RemoteConnection failed to open pipe
03-13 07:55:14.320  1878  1878 E netmgr  : Failed to open QEMU pipe 'qemud:network': Invalid argument
03-13 07:55:17.861  1898  1898 E wifi_forwarder: RemoteConnection failed to initialize: RemoteConnection failed to open pipe
03-13 07:55:24.817  2013  2088 E memtrack: Couldn't load memtrack module
03-13 07:56:14.327  1878  1878 E netmgr  : Failed to open QEMU pipe 'qemud:network': Invalid argument
03-13 07:56:17.877  1898  1898 E wifi_forwarder: RemoteConnection failed to initialize: RemoteConnection failed to open pipe
03-13 07:57:14.343  1878  1878 E netmgr  : Failed to open QEMU pipe 'qemud:network': Invalid argument
03-13 07:57:17.928  1898  1898 E wifi_forwarder: RemoteConnection failed to initialize: RemoteConnection failed to open pipe
03-13 07:58:14.362  1878  1878 E netmgr  : Failed to open QEMU pipe 'qemud:network': Invalid argument
03-13 07:58:17.943  1898  1898 E wifi_forwarder: RemoteConnection failed to initialize: RemoteConnection failed to open pipe
03-13 07:59:14.376  1878  1878 E netmgr  : Failed to open QEMU pipe 'qemud:network': Invalid argument
03-13 07:59:17.945  1898  1898 E wifi_forwarder: RemoteConnection failed to initialize: RemoteConnection failed to open pipe
03-13 07:59:42.443  1745   642 E ResolverController: No valid NAT64 prefix (100, <unspecified>/0)
03-13 07:59:42.540  1745   643 E ResolverController: No valid NAT64 prefix (100, <unspecified>/0)
03-13 07:59:52.598  2013  2042 E memtrack: Couldn't load memtrack module
03-13 07:59:52.602  2013  2042 E memtrack: Couldn't load memtrack module
03-13 07:59:52.606  2013  2042 E memtrack: Couldn't load memtrack module
03-13 07:59:52.609  2013  2042 E memtrack: Couldn't load memtrack module
03-13 07:59:52.614  2013  2042 E memtrack: Couldn't load memtrack module
03-13 08:00:14.394  1878  1878 E netmgr  : Failed to open QEMU pipe 'qemud:network': Invalid argument
03-13 08:00:17.960  1898  1898 E wifi_forwarder: RemoteConnection failed to initialize: RemoteConnection failed to open pipe
03-13 08:00:24.914  2013 15219 E memtrack: Couldn't load memtrack module
03-13 08:01:14.443  1878  1878 E netmgr  : Failed to open QEMU pipe 'qemud:network': Invalid argument
03-13 08:01:17.977  1898  1898 E wifi_forwarder: RemoteConnection failed to initialize: RemoteConnection failed to open pipe
03-13 08:02:10.708  2013  2042 E AppIdleHistory: Error writing app idle file for user 0
03-13 08:02:14.477  1878  1878 E netmgr  : Failed to open QEMU pipe 'qemud:network': Invalid argument
03-13 08:02:17.993  1898  1898 E wifi_forwarder: RemoteConnection failed to initialize: RemoteConnection failed to open pipe
03-13 08:03:14.494  1878  1878 E netmgr  : Failed to open QEMU pipe 'qemud:network': Invalid argument
03-13 08:03:17.993  1898  1898 E wifi_forwarder: RemoteConnection failed to initialize: RemoteConnection failed to open pipe
03-13 08:04:14.510  1878  1878 E netmgr  : Failed to open QEMU pipe 'qemud:network': Invalid argument
03-13 08:04:18.026  1898  1898 E wifi_forwarder: RemoteConnection failed to initialize: RemoteConnection failed to open pipe
03-13 08:05:14.526  1878  1878 E netmgr  : Failed to open QEMU pipe 'qemud:network': Invalid argument
03-13 08:05:18.028  1898  1898 E wifi_forwarder: RemoteConnection failed to initialize: RemoteConnection failed to open pipe
03-13 08:05:25.145  2013  2306 E memtrack: Couldn't load memtrack module
03-13 08:06:14.542  1878  1878 E netmgr  : Failed to open QEMU pipe 'qemud:network': Invalid argument
03-13 08:06:18.043  1898  1898 E wifi_forwarder: RemoteConnection failed to initialize: RemoteConnection failed to open pipe
03-13 08:07:14.602  1878  1878 E netmgr  : Failed to open QEMU pipe 'qemud:network': Invalid argument
03-13 08:07:18.059  1898  1898 E wifi_forwarder: RemoteConnection failed to initialize: RemoteConnection failed to open pipe
03-13 08:08:14.627  1878  1878 E netmgr  : Failed to open QEMU pipe 'qemud:network': Invalid argument
03-13 08:08:18.093  1898  1898 E wifi_forwarder: RemoteConnection failed to initialize: RemoteConnection failed to open pipe
03-13 08:09:14.643  1878  1878 E netmgr  : Failed to open QEMU pipe 'qemud:network': Invalid argument
03-13 08:09:15.343  2013  2042 E memtrack: Couldn't load memtrack module
03-13 08:09:18.095  1898  1898 E wifi_forwarder: RemoteConnection failed to initialize: RemoteConnection failed to open pipe
03-13 08:09:52.684  1745   734 E ResolverController: No valid NAT64 prefix (100, <unspecified>/0)
03-13 08:10:13.020  1745   739 E ResolverController: No valid NAT64 prefix (100, <unspecified>/0)
03-13 08:10:13.606  1745   749 E ResolverController: No valid NAT64 prefix (100, <unspecified>/0)
03-13 08:10:13.709  1745   750 E ResolverController: No valid NAT64 prefix (100, <unspecified>/0)
03-13 08:10:14.660  1878  1878 E netmgr  : Failed to open QEMU pipe 'qemud:network': Invalid argument
03-13 08:10:18.110  1898  1898 E wifi_forwarder: RemoteConnection failed to initialize: RemoteConnection failed to open pipe
03-13 08:10:24.767  1745   764 E ResolverController: No valid NAT64 prefix (100, <unspecified>/0)
03-13 08:10:24.788  1745   765 E ResolverController: No valid NAT64 prefix (100, <unspecified>/0)
03-13 08:10:25.256  2013  5774 E memtrack: Couldn't load memtrack module
03-13 08:10:26.939  1745   774 E ResolverController: No valid NAT64 prefix (100, <unspecified>/0)
03-13 08:10:26.964  1745   775 E ResolverController: No valid NAT64 prefix (100, <unspecified>/0)
03-13 08:10:31.076  1745   785 E ResolverController: No valid NAT64 prefix (100, <unspecified>/0)
03-13 08:10:31.096  1745   786 E ResolverController: No valid NAT64 prefix (100, <unspecified>/0)
03-13 08:10:39.224  1745   795 E ResolverController: No valid NAT64 prefix (100, <unspecified>/0)
03-13 08:10:39.295  1745   796 E ResolverController: No valid NAT64 prefix (100, <unspecified>/0)
03-13 08:10:55.359  1745   810 E ResolverController: No valid NAT64 prefix (100, <unspecified>/0)
03-13 08:11:14.677  1878  1878 E netmgr  : Failed to open QEMU pipe 'qemud:network': Invalid argument
03-13 08:11:18.127  1898  1898 E wifi_forwarder: RemoteConnection failed to initialize: RemoteConnection failed to open pipe
03-13 08:11:27.529  1745   827 E ResolverController: No valid NAT64 prefix (100, <unspecified>/0)
03-13 08:11:27.615  1745   828 E ResolverController: No valid NAT64 prefix (100, <unspecified>/0)
03-13 08:12:14.693  1878  1878 E netmgr  : Failed to open QEMU pipe 'qemud:network': Invalid argument
03-13 08:12:18.143  1898  1898 E wifi_forwarder: RemoteConnection failed to initialize: RemoteConnection failed to open pipe
03-13 08:12:41.770  1745   855 E ResolverController: No valid NAT64 prefix (100, <unspecified>/0)
03-13 08:12:41.788  1745   856 E ResolverController: No valid NAT64 prefix (100, <unspecified>/0)
03-13 08:13:14.726  1878  1878 E netmgr  : Failed to open QEMU pipe 'qemud:network': Invalid argument
03-13 08:13:18.159  1898  1898 E wifi_forwarder: RemoteConnection failed to initialize: RemoteConnection failed to open pipe
03-13 08:13:32.537  2013  2036 E system_server: Invalid ID 0x00000000.
03-13 08:13:32.674  3068   890 E PlaceStateUpdater: Received no places
03-13 08:13:32.867  1745   940 E ResolverController: No valid NAT64 prefix (100, <unspecified>/0)
03-13 08:13:32.999  1796  2329 E SurfaceFlinger: ro.sf.lcd_density must be defined as a build property
03-13 08:13:32.999  1796  2329 E SurfaceFlinger: ro.sf.lcd_density must be defined as a build property
03-13 08:13:33.694  1745   968 E ResolverController: No valid NAT64 prefix (100, <unspecified>/0)
03-13 08:13:38.662  1745   978 E ResolverController: No valid NAT64 prefix (100, <unspecified>/0)
03-13 08:13:41.158  1745   996 E ResolverController: No valid NAT64 prefix (100, <unspecified>/0)
03-13 08:13:43.654  2013  2042 E memtrack: Couldn't load memtrack module
03-13 08:13:48.757  1745  1072 E ResolverController: No valid NAT64 prefix (100, <unspecified>/0)
03-13 08:13:50.988  1745  1078 E ResolverController: No valid NAT64 prefix (100, <unspecified>/0)
03-13 08:13:53.661  2013  2042 E memtrack: Couldn't load memtrack module
03-13 08:13:54.554  1745  1081 E ResolverController: No valid NAT64 prefix (100, <unspecified>/0)
03-13 08:14:13.627  2013  2042 E memtrack: Couldn't load memtrack module
03-13 08:14:13.629  2013  2042 E memtrack: Couldn't load memtrack module
03-13 08:14:14.743  1878  1878 E netmgr  : Failed to open QEMU pipe 'qemud:network': Invalid argument
03-13 08:14:18.213  1898  1898 E wifi_forwarder: RemoteConnection failed to initialize: RemoteConnection failed to open pipe
03-13 08:14:20.569  2013  2036 E system_server: Invalid ID 0x00000000.
03-13 08:14:20.998  1745  1086 E ResolverController: No valid NAT64 prefix (100, <unspecified>/0)
03-13 08:14:23.102  1745  1091 E ResolverController: No valid NAT64 prefix (100, <unspecified>/0)
03-13 08:14:32.957  1745  1096 E ResolverController: No valid NAT64 prefix (100, <unspecified>/0)
03-13 08:14:43.380  2013  2042 E memtrack: Couldn't load memtrack module
03-13 08:14:43.382  2013  2042 E memtrack: Couldn't load memtrack module
03-13 08:14:49.915  1745  1117 E ResolverController: No valid NAT64 prefix (100, <unspecified>/0)
03-13 08:14:49.937  1745  1118 E ResolverController: No valid NAT64 prefix (100, <unspecified>/0)
03-13 08:15:05.120  2013  2042 E memtrack: Couldn't load memtrack module
03-13 08:15:14.756  1878  1878 E netmgr  : Failed to open QEMU pipe 'qemud:network': Invalid argument
03-13 08:15:18.251  1898  1898 E wifi_forwarder: RemoteConnection failed to initialize: RemoteConnection failed to open pipe
03-13 08:15:25.496  2013  2088 E memtrack: Couldn't load memtrack module
03-13 08:15:46.676  1745  1131 E ResolverController: No valid NAT64 prefix (100, <unspecified>/0)
03-13 08:16:14.775  1878  1878 E netmgr  : Failed to open QEMU pipe 'qemud:network': Invalid argument
03-13 08:16:18.259  1898  1898 E wifi_forwarder: RemoteConnection failed to initialize: RemoteConnection failed to open pipe
03-13 08:16:39.195  2013  2042 E memtrack: Couldn't load memtrack module
03-13 08:16:54.804  2013  2042 E memtrack: Couldn't load memtrack module
03-13 08:16:54.811  2013  2042 E memtrack: Couldn't load memtrack module
03-13 08:17:14.822  1878  1878 E netmgr  : Failed to open QEMU pipe 'qemud:network': Invalid argument
03-13 08:17:18.273  1898  1898 E wifi_forwarder: RemoteConnection failed to initialize: RemoteConnection failed to open pipe
03-13 08:17:59.798  1745  1162 E ResolverController: No valid NAT64 prefix (100, <unspecified>/0)
03-13 08:18:14.881  1878  1878 E netmgr  : Failed to open QEMU pipe 'qemud:network': Invalid argument
03-13 08:18:18.334  1898  1898 E wifi_forwarder: RemoteConnection failed to initialize: RemoteConnection failed to open pipe
03-13 08:19:06.156  1745  1174 E ResolverController: No valid NAT64 prefix (100, <unspecified>/0)
03-13 08:19:06.232  1745  1175 E ResolverController: No valid NAT64 prefix (100, <unspecified>/0)
03-13 08:19:06.244  2013  2042 E memtrack: Couldn't load memtrack module
03-13 08:19:14.937  1878  1878 E netmgr  : Failed to open QEMU pipe 'qemud:network': Invalid argument
03-13 08:19:18.364  1898  1898 E wifi_forwarder: RemoteConnection failed to initialize: RemoteConnection failed to open pipe
03-13 08:19:21.169  1745  1183 E ResolverController: No valid NAT64 prefix (100, <unspecified>/0)
03-13 08:19:21.959  1745  1188 E ResolverController: No valid NAT64 prefix (100, <unspecified>/0)
03-13 08:19:25.621  1745  1190 E ResolverController: No valid NAT64 prefix (100, <unspecified>/0)
03-13 08:19:41.124  1745  1195 E ResolverController: No valid NAT64 prefix (100, <unspecified>/0)
03-13 08:19:45.615  2013  2048 E BluetoothAdapter: Bluetooth binder is null
03-13 08:20:12.932  1745  1212 E ResolverController: No valid NAT64 prefix (100, <unspecified>/0)
03-13 08:20:14.980  1878  1878 E netmgr  : Failed to open QEMU pipe 'qemud:network': Invalid argument
03-13 08:20:18.427  1898  1898 E wifi_forwarder: RemoteConnection failed to initialize: RemoteConnection failed to open pipe
03-13 08:20:25.597  2013  4927 E memtrack: Couldn't load memtrack module
03-13 08:21:14.993  1878  1878 E netmgr  : Failed to open QEMU pipe 'qemud:network': Invalid argument
03-13 08:21:18.480  1898  1898 E wifi_forwarder: RemoteConnection failed to initialize: RemoteConnection failed to open pipe
03-13 08:22:15.010  1878  1878 E netmgr  : Failed to open QEMU pipe 'qemud:network': Invalid argument
03-13 08:22:18.532  1898  1898 E wifi_forwarder: RemoteConnection failed to initialize: RemoteConnection failed to open pipe
03-13 08:22:26.037  1745  1229 E ResolverController: No valid NAT64 prefix (100, <unspecified>/0)
03-13 08:22:48.223  2013  2042 E memtrack: Couldn't load memtrack module
03-13 08:22:48.230  2013  2042 E memtrack: Couldn't load memtrack module
03-13 08:22:48.783  1745  1242 E ResolverController: No valid NAT64 prefix (100, <unspecified>/0)
03-13 08:23:14.841  2013  2042 E AppIdleHistory: Error writing app idle file for user 0
03-13 08:23:15.028  1878  1878 E netmgr  : Failed to open QEMU pipe 'qemud:network': Invalid argument
03-13 08:23:18.577  1898  1898 E wifi_forwarder: RemoteConnection failed to initialize: RemoteConnection failed to open pipe
03-13 08:24:15.042  1878  1878 E netmgr  : Failed to open QEMU pipe 'qemud:network': Invalid argument
03-13 08:24:18.610  1898  1898 E wifi_forwarder: RemoteConnection failed to initialize: RemoteConnection failed to open pipe
03-13 08:24:21.014  2013  2042 E memtrack: Couldn't load memtrack module
03-13 08:24:21.029  2013  2042 E memtrack: Couldn't load memtrack module
03-13 08:24:21.039  2013  2042 E memtrack: Couldn't load memtrack module
03-13 08:24:21.043  2013  2042 E memtrack: Couldn't load memtrack module
03-13 08:24:21.051  2013  2042 E memtrack: Couldn't load memtrack module
03-13 08:24:21.084  2013  2042 E memtrack: Couldn't load memtrack module
03-13 08:24:21.086  2013  2042 E memtrack: Couldn't load memtrack module
03-13 08:24:21.093  2013  2042 E memtrack: Couldn't load memtrack module
03-13 08:24:21.096  2013  2042 E memtrack: Couldn't load memtrack module
03-13 08:24:21.103  2013  2042 E memtrack: Couldn't load memtrack module
03-13 08:24:21.107  2013  2042 E memtrack: Couldn't load memtrack module
03-13 08:24:21.112  2013  2042 E memtrack: Couldn't load memtrack module
03-13 08:24:21.116  2013  2042 E memtrack: Couldn't load memtrack module
03-13 08:24:21.119  2013  2042 E memtrack: Couldn't load memtrack module
03-13 08:24:21.130  2013  2042 E memtrack: Couldn't load memtrack module
03-13 08:24:21.135  2013  2042 E memtrack: Couldn't load memtrack module
03-13 08:24:21.207  1745  1255 E ResolverController: No valid NAT64 prefix (100, <unspecified>/0)
03-13 08:24:22.006  1745  1259 E ResolverController: No valid NAT64 prefix (100, <unspecified>/0)
03-13 08:24:23.907  1745  1262 E ResolverController: No valid NAT64 prefix (100, <unspecified>/0)
03-13 08:24:39.177  1745  1270 E ResolverController: No valid NAT64 prefix (100, <unspecified>/0)
03-13 08:24:41.098  2013  2042 E memtrack: Couldn't load memtrack module
03-13 08:24:41.123  1745  1272 E ResolverController: No valid NAT64 prefix (100, <unspecified>/0)
03-13 08:25:15.051  1878  1878 E netmgr  : Failed to open QEMU pipe 'qemud:network': Invalid argument
03-13 08:25:18.660  1898  1898 E wifi_forwarder: RemoteConnection failed to initialize: RemoteConnection failed to open pipe
03-13 08:25:25.784  2013  5658 E memtrack: Couldn't load memtrack module
03-13 08:25:48.782  2013  2042 E memtrack: Couldn't load memtrack module
03-13 08:25:48.787  2013  2042 E memtrack: Couldn't load memtrack module
03-13 08:26:15.093  1878  1878 E netmgr  : Failed to open QEMU pipe 'qemud:network': Invalid argument
03-13 08:26:18.716  1898  1898 E wifi_forwarder: RemoteConnection failed to initialize: RemoteConnection failed to open pipe
03-13 08:26:52.283  1745  1319 E ResolverController: No valid NAT64 prefix (100, <unspecified>/0)
03-13 08:27:15.143  1878  1878 E netmgr  : Failed to open QEMU pipe 'qemud:network': Invalid argument
03-13 08:27:18.726  1898  1898 E wifi_forwarder: RemoteConnection failed to initialize: RemoteConnection failed to open pipe
03-13 08:27:38.323  1745  1335 E ResolverController: No valid NAT64 prefix (100, <unspecified>/0)
03-13 08:27:38.333  1745  1334 E ResolverController: No valid NAT64 prefix (100, <unspecified>/0)
03-13 08:27:38.486  2013  2042 E memtrack: Couldn't load memtrack module
03-13 08:28:15.199  1878  1878 E netmgr  : Failed to open QEMU pipe 'qemud:network': Invalid argument
03-13 08:28:18.760  1898  1898 E wifi_forwarder: RemoteConnection failed to initialize: RemoteConnection failed to open pipe
03-13 08:28:49.350  2013  2042 E memtrack: Couldn't load memtrack module
03-13 08:29:05.404  1745  1349 E ResolverController: No valid NAT64 prefix (100, <unspecified>/0)
03-13 08:29:15.259  1878  1878 E netmgr  : Failed to open QEMU pipe 'qemud:network': Invalid argument
03-13 08:29:18.811  1898  1898 E wifi_forwarder: RemoteConnection failed to initialize: RemoteConnection failed to open pipe
03-13 08:29:21.165  1745  1353 E ResolverController: No valid NAT64 prefix (100, <unspecified>/0)
03-13 08:29:21.988  1745  1355 E ResolverController: No valid NAT64 prefix (100, <unspecified>/0)
03-13 08:29:25.752  1745  1357 E ResolverController: No valid NAT64 prefix (100, <unspecified>/0)
03-13 08:29:30.230  1745  1358 E ResolverController: No valid NAT64 prefix (100, <unspecified>/0)
03-13 08:29:41.147  1745  1360 E ResolverController: No valid NAT64 prefix (100, <unspecified>/0)
03-13 08:30:02.556  1745  1363 E ResolverController: No valid NAT64 prefix (100, <unspecified>/0)
03-13 08:30:04.770  1745  1366 E ResolverController: No valid NAT64 prefix (100, <unspecified>/0)
03-13 08:30:15.276  1878  1878 E netmgr  : Failed to open QEMU pipe 'qemud:network': Invalid argument
03-13 08:30:18.870  1898  1898 E wifi_forwarder: RemoteConnection failed to initialize: RemoteConnection failed to open pipe
03-13 08:30:25.895  2013  2088 E memtrack: Couldn't load memtrack module
03-13 08:31:15.313  1878  1878 E netmgr  : Failed to open QEMU pipe 'qemud:network': Invalid argument
03-13 08:31:18.533  1745  1384 E ResolverController: No valid NAT64 prefix (100, <unspecified>/0)
03-13 08:31:18.927  1898  1898 E wifi_forwarder: RemoteConnection failed to initialize: RemoteConnection failed to open pipe
03-13 08:32:15.327  1878  1878 E netmgr  : Failed to open QEMU pipe 'qemud:network': Invalid argument
03-13 08:32:18.988  1898  1898 E wifi_forwarder: RemoteConnection failed to initialize: RemoteConnection failed to open pipe
03-13 08:33:15.376  1878  1878 E netmgr  : Failed to open QEMU pipe 'qemud:network': Invalid argument
03-13 08:33:19.026  1898  1898 E wifi_forwarder: RemoteConnection failed to initialize: RemoteConnection failed to open pipe
03-13 08:33:31.638  1745  1407 E ResolverController: No valid NAT64 prefix (100, <unspecified>/0)
03-13 08:34:15.437  1878  1878 E netmgr  : Failed to open QEMU pipe 'qemud:network': Invalid argument
03-13 08:34:19.075  1898  1898 E wifi_forwarder: RemoteConnection failed to initialize: RemoteConnection failed to open pipe
03-13 08:34:21.996  1745  1414 E ResolverController: No valid NAT64 prefix (100, <unspecified>/0)
03-13 08:34:36.046  1745  1415 E ResolverController: No valid NAT64 prefix (100, <unspecified>/0)
03-13 08:34:38.810  1745  1419 E ResolverController: No valid NAT64 prefix (100, <unspecified>/0)
03-13 08:34:41.174  1745  1427 E ResolverController: No valid NAT64 prefix (100, <unspecified>/0)
03-13 08:35:15.461  1878  1878 E netmgr  : Failed to open QEMU pipe 'qemud:network': Invalid argument
03-13 08:35:19.129  1898  1898 E wifi_forwarder: RemoteConnection failed to initialize: RemoteConnection failed to open pipe
03-13 08:35:25.985  2013  2307 E memtrack: Couldn't load memtrack module
03-13 08:35:44.791  1745  1434 E ResolverController: No valid NAT64 prefix (100, <unspecified>/0)
03-13 08:36:09.499  1745  1437 E ResolverController: No valid NAT64 prefix (100, <unspecified>/0)
03-13 08:36:15.517  1878  1878 E netmgr  : Failed to open QEMU pipe 'qemud:network': Invalid argument
03-13 08:36:19.177  1898  1898 E wifi_forwarder: RemoteConnection failed to initialize: RemoteConnection failed to open pipe
03-13 08:36:39.620  2013  2042 E memtrack: Couldn't load memtrack module
03-13 08:37:15.533  1878  1878 E netmgr  : Failed to open QEMU pipe 'qemud:network': Invalid argument
03-13 08:37:19.220  1898  1898 E wifi_forwarder: RemoteConnection failed to initialize: RemoteConnection failed to open pipe
03-13 08:37:38.593  1745  1462 E ResolverController: No valid NAT64 prefix (100, <unspecified>/0)
03-13 08:37:38.613  1745  1463 E ResolverController: No valid NAT64 prefix (100, <unspecified>/0)
03-13 08:37:38.697  1745  1464 E ResolverController: No valid NAT64 prefix (100, <unspecified>/0)
03-13 08:37:57.883  1745  1471 E ResolverController: No valid NAT64 prefix (100, <unspecified>/0)
03-13 08:38:15.595  1878  1878 E netmgr  : Failed to open QEMU pipe 'qemud:network': Invalid argument
03-13 08:38:19.252  1898  1898 E wifi_forwarder: RemoteConnection failed to initialize: RemoteConnection failed to open pipe
03-13 08:39:13.650  1745  1478 E ResolverController: No valid NAT64 prefix (100, <unspecified>/0)
03-13 08:39:13.942  1745  1489 E ResolverController: No valid NAT64 prefix (100, <unspecified>/0)
03-13 08:39:13.953  1745  1488 E ResolverController: No valid NAT64 prefix (100, <unspecified>/0)
03-13 08:39:15.657  1878  1878 E netmgr  : Failed to open QEMU pipe 'qemud:network': Invalid argument
03-13 08:39:17.237  1745  1508 E ResolverController: No valid NAT64 prefix (100, <unspecified>/0)
03-13 08:39:17.316  1745  1509 E ResolverController: No valid NAT64 prefix (100, <unspecified>/0)
03-13 08:39:19.314  1898  1898 E wifi_forwarder: RemoteConnection failed to initialize: RemoteConnection failed to open pipe
03-13 08:39:21.135  1745  1512 E ResolverController: No valid NAT64 prefix (100, <unspecified>/0)
03-13 08:39:21.366  1745  1522 E ResolverController: No valid NAT64 prefix (100, <unspecified>/0)
03-13 08:39:21.370  1745  1521 E ResolverController: No valid NAT64 prefix (100, <unspecified>/0)
03-13 08:39:21.459  1745  1525 E ResolverController: No valid NAT64 prefix (100, <unspecified>/0)
03-13 08:39:22.006  1745  1528 E ResolverController: No valid NAT64 prefix (100, <unspecified>/0)
03-13 08:39:23.980  1745  1532 E ResolverController: No valid NAT64 prefix (100, <unspecified>/0)
03-13 08:39:39.546  1745  1549 E ResolverController: No valid NAT64 prefix (100, <unspecified>/0)
03-13 08:39:39.558  1745  1548 E ResolverController: No valid NAT64 prefix (100, <unspecified>/0)
03-13 08:39:39.643  1745  1550 E ResolverController: No valid NAT64 prefix (100, <unspecified>/0)
03-13 08:39:41.149  1745  1552 E ResolverController: No valid NAT64 prefix (100, <unspecified>/0)
03-13 08:40:05.753  1745  1567 E ResolverController: No valid NAT64 prefix (100, <unspecified>/0)
03-13 08:40:06.129  1745  1568 E ResolverController: No valid NAT64 prefix (100, <unspecified>/0)
03-13 08:40:11.000  1745  1572 E ResolverController: No valid NAT64 prefix (100, <unspecified>/0)
03-13 08:40:15.660  1878  1878 E netmgr  : Failed to open QEMU pipe 'qemud:network': Invalid argument
03-13 08:40:19.375  1898  1898 E wifi_forwarder: RemoteConnection failed to initialize: RemoteConnection failed to open pipe
03-13 08:40:26.074  2013  2968 E memtrack: Couldn't load memtrack module
03-13 08:40:38.226  1745  1581 E ResolverController: No valid NAT64 prefix (100, <unspecified>/0)
03-13 08:40:38.326  1745  1582 E ResolverController: No valid NAT64 prefix (100, <unspecified>/0)
03-13 08:40:57.892  2013  2042 E memtrack: Couldn't load memtrack module
03-13 08:40:57.897  2013  2042 E memtrack: Couldn't load memtrack module
03-13 08:41:15.677  1878  1878 E netmgr  : Failed to open QEMU pipe 'qemud:network': Invalid argument
03-13 08:41:19.393  1898  1898 E wifi_forwarder: RemoteConnection failed to initialize: RemoteConnection failed to open pipe
03-13 08:41:52.438  1745  1604 E ResolverController: No valid NAT64 prefix (100, <unspecified>/0)
03-13 08:41:52.538  1745  1605 E ResolverController: No valid NAT64 prefix (100, <unspecified>/0)
03-13 08:42:15.694  1878  1878 E netmgr  : Failed to open QEMU pipe 'qemud:network': Invalid argument
03-13 08:42:19.409  1898  1898 E wifi_forwarder: RemoteConnection failed to initialize: RemoteConnection failed to open pipe
03-13 08:42:24.126  1745  1615 E ResolverController: No valid NAT64 prefix (100, <unspecified>/0)
03-13 08:43:15.711  1878  1878 E netmgr  : Failed to open QEMU pipe 'qemud:network': Invalid argument
03-13 08:43:19.427  1898  1898 E wifi_forwarder: RemoteConnection failed to initialize: RemoteConnection failed to open pipe
03-13 08:43:43.015  1745  1627 E ResolverController: No valid NAT64 prefix (100, <unspecified>/0)
03-13 08:43:48.434  2013  2042 E AppIdleHistory: Error writing app idle file for user 0
03-13 08:43:50.820  1745  1633 E ResolverController: No valid NAT64 prefix (100, <unspecified>/0)
03-13 08:44:10.622  1745  1645 E ResolverController: No valid NAT64 prefix (100, <unspecified>/0)
03-13 08:44:10.710  1745  1646 E ResolverController: No valid NAT64 prefix (100, <unspecified>/0)
03-13 08:44:15.772  1878  1878 E netmgr  : Failed to open QEMU pipe 'qemud:network': Invalid argument
03-13 08:44:19.428  1898  1898 E wifi_forwarder: RemoteConnection failed to initialize: RemoteConnection failed to open pipe
03-13 08:44:20.809 30897 30967 E FirebaseInstanceId: Token retrieval failed: SERVICE_NOT_AVAILABLE
03-13 08:44:22.007  1745  1670 E ResolverController: No valid NAT64 prefix (100, <unspecified>/0)
03-13 08:44:36.062  1745  1671 E ResolverController: No valid NAT64 prefix (100, <unspecified>/0)
03-13 08:44:41.123  1745  1675 E ResolverController: No valid NAT64 prefix (100, <unspecified>/0)
03-13 08:44:42.152  1745  1677 E ResolverController: No valid NAT64 prefix (100, <unspecified>/0)
03-13 08:45:15.776  1878  1878 E netmgr  : Failed to open QEMU pipe 'qemud:network': Invalid argument
03-13 08:45:19.443  1898  1898 E wifi_forwarder: RemoteConnection failed to initialize: RemoteConnection failed to open pipe
03-13 08:45:26.162  2013  2968 E memtrack: Couldn't load memtrack module
03-13 08:46:15.793  1878  1878 E netmgr  : Failed to open QEMU pipe 'qemud:network': Invalid argument
03-13 08:46:19.460  1898  1898 E wifi_forwarder: RemoteConnection failed to initialize: RemoteConnection failed to open pipe
03-13 08:47:15.809  1878  1878 E netmgr  : Failed to open QEMU pipe 'qemud:network': Invalid argument
03-13 08:47:19.476  1898  1898 E wifi_forwarder: RemoteConnection failed to initialize: RemoteConnection failed to open pipe
03-13 08:48:15.828  1878  1878 E netmgr  : Failed to open QEMU pipe 'qemud:network': Invalid argument
03-13 08:48:19.493  1898  1898 E wifi_forwarder: RemoteConnection failed to initialize: RemoteConnection failed to open pipe
03-13 08:48:26.825  1745  1709 E ResolverController: No valid NAT64 prefix (100, <unspecified>/0)
03-13 08:48:26.927  1745  1710 E ResolverController: No valid NAT64 prefix (100, <unspecified>/0)
03-13 08:48:36.974  2013  2042 E memtrack: Couldn't load memtrack module
03-13 08:49:08.419 32666  1718 E memtrack: Couldn't load memtrack module
03-13 08:49:15.842  1878  1878 E netmgr  : Failed to open QEMU pipe 'qemud:network': Invalid argument
03-13 08:49:19.510  1898  1898 E wifi_forwarder: RemoteConnection failed to initialize: RemoteConnection failed to open pipe
03-13 08:49:21.137  1745  1723 E ResolverController: No valid NAT64 prefix (100, <unspecified>/0)
03-13 08:49:21.993  1745  1731 E ResolverController: No valid NAT64 prefix (100, <unspecified>/0)
03-13 08:49:41.154  1745  1735 E ResolverController: No valid NAT64 prefix (100, <unspecified>/0)
03-13 08:49:41.239  1745  1737 E ResolverController: No valid NAT64 prefix (100, <unspecified>/0)
03-13 08:49:45.610  2013  2048 E BluetoothAdapter: Bluetooth binder is null
03-13 08:50:15.846  1878  1878 E netmgr  : Failed to open QEMU pipe 'qemud:network': Invalid argument
03-13 08:50:19.527  1898  1898 E wifi_forwarder: RemoteConnection failed to initialize: RemoteConnection failed to open pipe
03-13 08:50:26.222  2013  2307 E memtrack: Couldn't load memtrack module
03-13 08:51:15.908  1878  1878 E netmgr  : Failed to open QEMU pipe 'qemud:network': Invalid argument
03-13 08:51:19.543  1898  1898 E wifi_forwarder: RemoteConnection failed to initialize: RemoteConnection failed to open pipe
03-13 08:52:15.943  1878  1878 E netmgr  : Failed to open QEMU pipe 'qemud:network': Invalid argument
03-13 08:52:19.561  1898  1898 E wifi_forwarder: RemoteConnection failed to initialize: RemoteConnection failed to open pipe
03-13 08:52:41.668  2013  2042 E memtrack: Couldn't load memtrack module
03-13 08:52:41.671  2013  2042 E memtrack: Couldn't load memtrack module
03-13 08:52:41.673  2013  2042 E memtrack: Couldn't load memtrack module
03-13 08:53:16.003  1878  1878 E netmgr  : Failed to open QEMU pipe 'qemud:network': Invalid argument
03-13 08:53:19.623  1898  1898 E wifi_forwarder: RemoteConnection failed to initialize: RemoteConnection failed to open pipe
03-13 08:54:08.456 32666  1814 E memtrack: Couldn't load memtrack module
03-13 08:54:16.033  1878  1878 E netmgr  : Failed to open QEMU pipe 'qemud:network': Invalid argument
03-13 08:54:19.683  1898  1898 E wifi_forwarder: RemoteConnection failed to initialize: RemoteConnection failed to open pipe
03-13 08:54:21.164  1745  1823 E ResolverController: No valid NAT64 prefix (100, <unspecified>/0)
