03-13 09:48:34.206  2593  3241 E ModuleIdSetter: 	at rok.c(:com.google.android.gms@202414022@20.24.14 (040700-319035315):6)
03-13 09:48:34.206  2593  3241 E ModuleIdSetter: 	at rok.b(:com.google.android.gms@202414022@20.24.14 (040700-319035315):10)
03-13 09:48:34.206  2593  3241 E ModuleIdSetter: 	at rok.a(:com.google.android.gms@202414022@20.24.14 (040700-319035315):17)
03-13 09:48:34.206  2593  3241 E ModuleIdSetter: 	at rok.g(:com.google.android.gms@202414022@20.24.14 (040700-319035315):3)
03-13 09:48:34.206  2593  3241 E ModuleIdSetter: 	at sdr.a(:com.google.android.gms@202414022@20.24.14 (040700-319035315):2)
03-13 09:48:34.206  2593  3241 E ModuleIdSetter: 	at scr.a(:com.google.android.gms@202414022@20.24.14 (040700-319035315):10)
03-13 09:48:34.206  2593  3241 E ModuleIdSetter: 	at sci.a(:com.google.android.gms@202414022@20.24.14 (040700-319035315):0)
03-13 09:48:34.206  2593  3241 E ModuleIdSetter: 	at scl.handleMessage(:com.google.android.gms@202414022@20.24.14 (040700-319035315):28)
03-13 09:48:34.206  2593  3241 E ModuleIdSetter: 	at android.os.Handler.dispatchMessage(Handler.java:107)
03-13 09:48:34.206  2593  3241 E ModuleIdSetter: 	at aekz.a(:com.google.android.gms@202414022@20.24.14 (040700-319035315):2)
03-13 09:48:34.206  2593  3241 E ModuleIdSetter: 	at aekz.dispatchMessage(:com.google.android.gms@202414022@20.24.14 (040700-319035315):14)
03-13 09:48:34.206  2593  3241 E ModuleIdSetter: 	at android.os.Looper.loop(Looper.java:214)
03-13 09:48:34.206  2593  3241 E ModuleIdSetter: 	at android.os.HandlerThread.run(HandlerThread.java:67)
03-13 09:48:34.219  2013  2036 E system_server: Invalid ID 0x00000000.
03-13 09:48:34.372  3068  3690 E PlaceStateUpdater: Received no places
03-13 09:48:34.505  1745  3749 E ResolverController: No valid NAT64 prefix (100, <unspecified>/0)
03-13 09:48:34.583  2593  2593 E BeaconBle: Missing BluetoothAdapter [CONTEXT service_id=111 ]
03-13 09:48:34.620  2593  2593 E BeaconBle: Scan couldn't start for Places [CONTEXT service_id=111 ]
03-13 09:48:34.628  1796  2054 E SurfaceFlinger: ro.sf.lcd_density must be defined as a build property
03-13 09:48:34.628  1796  2578 E SurfaceFlinger: ro.sf.lcd_density must be defined as a build property
03-13 09:48:35.238  1745  3780 E ResolverController: No valid NAT64 prefix (100, <unspecified>/0)
03-13 09:48:40.234  1745  3790 E ResolverController: No valid NAT64 prefix (100, <unspecified>/0)
03-13 09:48:43.246  1745  3801 E ResolverController: No valid NAT64 prefix (100, <unspecified>/0)
03-13 09:48:44.682  2013  2042 E memtrack: Couldn't load memtrack module
03-13 09:48:50.717  1745  3811 E ResolverController: No valid NAT64 prefix (100, <unspecified>/0)
03-13 09:48:53.646  1745  3869 E ResolverController: No valid NAT64 prefix (100, <unspecified>/0)
03-13 09:48:55.219  2013  2042 E memtrack: Couldn't load memtrack module
03-13 09:48:56.078  1745  3872 E ResolverController: No valid NAT64 prefix (100, <unspecified>/0)
03-13 09:48:56.490  1745  3874 E ResolverController: No valid NAT64 prefix (100, <unspecified>/0)
03-13 09:48:58.761  1745  3875 E ResolverController: No valid NAT64 prefix (100, <unspecified>/0)
03-13 09:49:09.096 32666  3877 E memtrack: Couldn't load memtrack module
03-13 09:49:13.247  1745  3879 E ResolverController: No valid NAT64 prefix (100, <unspecified>/0)
03-13 09:49:15.288  2013  2042 E memtrack: Couldn't load memtrack module
03-13 09:49:18.327  1878  1878 E netmgr  : Failed to open QEMU pipe 'qemud:network': Invalid argument
03-13 09:49:21.457  1745  3882 E ResolverController: No valid NAT64 prefix (100, <unspecified>/0)
03-13 09:49:21.918  1898  1898 E wifi_forwarder: RemoteConnection failed to initialize: RemoteConnection failed to open pipe
03-13 09:49:33.566  1745  3886 E ResolverController: No valid NAT64 prefix (100, <unspecified>/0)
03-13 09:49:38.194  1745  3889 E ResolverController: No valid NAT64 prefix (100, <unspecified>/0)
03-13 09:49:45.618  2013  2048 E BluetoothAdapter: Bluetooth binder is null
03-13 09:50:01.117  2013  2042 E memtrack: Couldn't load memtrack module
03-13 09:50:01.122  2013  2042 E memtrack: Couldn't load memtrack module
03-13 09:50:18.343  1878  1878 E netmgr  : Failed to open QEMU pipe 'qemud:network': Invalid argument
03-13 09:50:21.926  1898  1898 E wifi_forwarder: RemoteConnection failed to initialize: RemoteConnection failed to open pipe
03-13 09:50:27.980  2013  2088 E memtrack: Couldn't load memtrack module
03-13 09:50:29.885  1745  3899 E ResolverController: No valid NAT64 prefix (100, <unspecified>/0)
03-13 09:50:45.254  1745  3901 E ResolverController: No valid NAT64 prefix (100, <unspecified>/0)
03-13 09:51:18.360  1878  1878 E netmgr  : Failed to open QEMU pipe 'qemud:network': Invalid argument
03-13 09:51:21.944  1898  1898 E wifi_forwarder: RemoteConnection failed to initialize: RemoteConnection failed to open pipe
03-13 09:51:35.787  2593  3241 E ModuleIdSetter: exception when setting module id
03-13 09:51:35.787  2593  3241 E ModuleIdSetter: java.lang.IllegalStateException: Unable to get current module info in ModuleManager created with non-module Context
03-13 09:51:35.787  2593  3241 E ModuleIdSetter: 	at com.google.android.chimera.config.ModuleManager.getCurrentModule(:com.google.android.gms@202414022@20.24.14 (040700-319035315):2)
03-13 09:51:35.787  2593  3241 E ModuleIdSetter: 	at aewd.a(:com.google.android.gms@202414022@20.24.14 (040700-319035315):4)
03-13 09:51:35.787  2593  3241 E ModuleIdSetter: 	at aewg.b(:com.google.android.gms@202414022@20.24.14 (040700-319035315):9)
03-13 09:51:35.787  2593  3241 E ModuleIdSetter: 	at aeso.a(Unknown Source:0)
03-13 09:51:35.787  2593  3241 E ModuleIdSetter: 	at rpm.a(:com.google.android.gms@202414022@20.24.14 (040700-319035315):0)
03-13 09:51:35.787  2593  3241 E ModuleIdSetter: 	at rlv.c(:com.google.android.gms@202414022@20.24.14 (040700-319035315):1)
03-13 09:51:35.787  2593  3241 E ModuleIdSetter: 	at rlt.b(:com.google.android.gms@202414022@20.24.14 (040700-319035315):1)
03-13 09:51:35.787  2593  3241 E ModuleIdSetter: 	at rok.b(:com.google.android.gms@202414022@20.24.14 (040700-319035315):6)
03-13 09:51:35.787  2593  3241 E ModuleIdSetter: 	at rok.c(:com.google.android.gms@202414022@20.24.14 (040700-319035315):6)
03-13 09:51:35.787  2593  3241 E ModuleIdSetter: 	at rok.b(:com.google.android.gms@202414022@20.24.14 (040700-319035315):10)
03-13 09:51:35.787  2593  3241 E ModuleIdSetter: 	at rok.a(:com.google.android.gms@202414022@20.24.14 (040700-319035315):17)
03-13 09:51:35.787  2593  3241 E ModuleIdSetter: 	at rok.g(:com.google.android.gms@202414022@20.24.14 (040700-319035315):3)
03-13 09:51:35.787  2593  3241 E ModuleIdSetter: 	at sdr.a(:com.google.android.gms@202414022@20.24.14 (040700-319035315):2)
03-13 09:51:35.787  2593  3241 E ModuleIdSetter: 	at scr.a(:com.google.android.gms@202414022@20.24.14 (040700-319035315):10)
03-13 09:51:35.787  2593  3241 E ModuleIdSetter: 	at sci.a(:com.google.android.gms@202414022@20.24.14 (040700-319035315):0)
03-13 09:51:35.787  2593  3241 E ModuleIdSetter: 	at scl.handleMessage(:com.google.android.gms@202414022@20.24.14 (040700-319035315):28)
03-13 09:51:35.787  2593  3241 E ModuleIdSetter: 	at android.os.Handler.dispatchMessage(Handler.java:107)
03-13 09:51:35.787  2593  3241 E ModuleIdSetter: 	at aekz.a(:com.google.android.gms@202414022@20.24.14 (040700-319035315):2)
03-13 09:51:35.787  2593  3241 E ModuleIdSetter: 	at aekz.dispatchMessage(:com.google.android.gms@202414022@20.24.14 (040700-319035315):14)
03-13 09:51:35.787  2593  3241 E ModuleIdSetter: 	at android.os.Looper.loop(Looper.java:214)
03-13 09:51:35.787  2593  3241 E ModuleIdSetter: 	at android.os.HandlerThread.run(HandlerThread.java:67)
03-13 09:51:35.870  2013  2036 E system_server: Invalid ID 0x00000000.
03-13 09:51:35.945  3068  3692 E PlaceStateUpdater: Received no places
03-13 09:51:36.140  2593  3962 E cklt    : *~*~*~ Channel {0} was not shutdown properly!!! ~*~*~*
03-13 09:51:36.140  2593  3962 E cklt    :     Make sure to call shutdown()/shutdownNow() and wait until awaitTermination() returns true.
03-13 09:51:36.140  2593  3962 E cklt    : java.lang.RuntimeException: ManagedChannel allocation site
03-13 09:51:36.140  2593  3962 E cklt    : 	at ckls.<init>(:com.google.android.gms@202414022@20.24.14 (040700-319035315):3)
03-13 09:51:36.140  2593  3962 E cklt    : 	at cklt.<init>(:com.google.android.gms@202414022@20.24.14 (040700-319035315):2)
03-13 09:51:36.140  2593  3962 E cklt    : 	at ckfk.b(:com.google.android.gms@202414022@20.24.14 (040700-319035315):21)
03-13 09:51:36.140  2593  3962 E cklt    : 	at sjo.a(:com.google.android.gms@202414022@20.24.14 (040700-319035315):29)
03-13 09:51:36.140  2593  3962 E cklt    : 	at sjo.a(:com.google.android.gms@202414022@20.24.14 (040700-319035315):52)
03-13 09:51:36.140  2593  3962 E cklt    : 	at bjxj.call(:com.google.android.gms@202414022@20.24.14 (040700-319035315):0)
03-13 09:51:36.140  2593  3962 E cklt    : 	at bjvu.run(:com.google.android.gms@202414022@20.24.14 (040700-319035315):1)
03-13 09:51:36.140  2593  3962 E cklt    : 	at soy.b(:com.google.android.gms@202414022@20.24.14 (040700-319035315):12)
03-13 09:51:36.140  2593  3962 E cklt    : 	at soy.run(:com.google.android.gms@202414022@20.24.14 (040700-319035315):7)
03-13 09:51:36.140  2593  3962 E cklt    : 	at java.util.concurrent.ThreadPoolExecutor.runWorker(ThreadPoolExecutor.java:1167)
03-13 09:51:36.140  2593  3962 E cklt    : 	at java.util.concurrent.ThreadPoolExecutor$Worker.run(ThreadPoolExecutor.java:641)
03-13 09:51:36.140  2593  3962 E cklt    : 	at sux.run(:com.google.android.gms@202414022@20.24.14 (040700-319035315):0)
03-13 09:51:36.140  2593  3962 E cklt    : 	at java.lang.Thread.run(Thread.java:919)
03-13 09:51:36.142  2593  3962 E cklt    : *~*~*~ Channel {0} was not shutdown properly!!! ~*~*~*
03-13 09:51:36.142  2593  3962 E cklt    :     Make sure to call shutdown()/shutdownNow() and wait until awaitTermination() returns true.
03-13 09:51:36.142  2593  3962 E cklt    : java.lang.RuntimeException: ManagedChannel allocation site
03-13 09:51:36.142  2593  3962 E cklt    : 	at ckls.<init>(:com.google.android.gms@202414022@20.24.14 (040700-319035315):3)
03-13 09:51:36.142  2593  3962 E cklt    : 	at cklt.<init>(:com.google.android.gms@202414022@20.24.14 (040700-319035315):2)
03-13 09:51:36.142  2593  3962 E cklt    : 	at ckfk.b(:com.google.android.gms@202414022@20.24.14 (040700-319035315):21)
03-13 09:51:36.142  2593  3962 E cklt    : 	at sjo.a(:com.google.android.gms@202414022@20.24.14 (040700-319035315):29)
03-13 09:51:36.142  2593  3962 E cklt    : 	at sjo.a(:com.google.android.gms@202414022@20.24.14 (040700-319035315):52)
03-13 09:51:36.142  2593  3962 E cklt    : 	at bjxj.call(:com.google.android.gms@202414022@20.24.14 (040700-319035315):0)
03-13 09:51:36.142  2593  3962 E cklt    : 	at bjvu.run(:com.google.android.gms@202414022@20.24.14 (040700-319035315):1)
03-13 09:51:36.142  2593  3962 E cklt    : 	at soy.b(:com.google.android.gms@202414022@20.24.14 (040700-319035315):12)
03-13 09:51:36.142  2593  3962 E cklt    : 	at soy.run(:com.google.android.gms@202414022@20.24.14 (040700-319035315):7)
03-13 09:51:36.142  2593  3962 E cklt    : 	at java.util.concurrent.ThreadPoolExecutor.runWorker(ThreadPoolExecutor.java:1167)
03-13 09:51:36.142  2593  3962 E cklt    : 	at java.util.concurrent.ThreadPoolExecutor$Worker.run(ThreadPoolExecutor.java:641)
03-13 09:51:36.142  2593  3962 E cklt    : 	at sux.run(:com.google.android.gms@202414022@20.24.14 (040700-319035315):0)
03-13 09:51:36.142  2593  3962 E cklt    : 	at java.lang.Thread.run(Thread.java:919)
03-13 09:51:36.189  2593  2593 E BeaconBle: Missing BluetoothAdapter [CONTEXT service_id=111 ]
03-13 09:51:36.235  2593  2593 E BeaconBle: Scan couldn't start for Places [CONTEXT service_id=111 ]
03-13 09:51:36.324  1796  1897 E SurfaceFlinger: ro.sf.lcd_density must be defined as a build property
03-13 09:51:36.327  1796  1897 E SurfaceFlinger: ro.sf.lcd_density must be defined as a build property
03-13 09:51:36.972  1745  4004 E ResolverController: No valid NAT64 prefix (100, <unspecified>/0)
03-13 09:51:41.913  1745  4019 E ResolverController: No valid NAT64 prefix (100, <unspecified>/0)
03-13 09:51:46.158  1745  3976 E ResolverController: No valid NAT64 prefix (100, <unspecified>/0)
03-13 09:51:46.987  2013  2042 E memtrack: Couldn't load memtrack module
03-13 09:51:53.086  1745  4036 E ResolverController: No valid NAT64 prefix (100, <unspecified>/0)
03-13 09:51:58.549  2013  2042 E memtrack: Couldn't load memtrack module
03-13 09:51:59.423  1745  4042 E ResolverController: No valid NAT64 prefix (100, <unspecified>/0)
03-13 09:52:01.491  1745  4105 E ResolverController: No valid NAT64 prefix (100, <unspecified>/0)
03-13 09:52:08.166  1745  4106 E ResolverController: No valid NAT64 prefix (100, <unspecified>/0)
03-13 09:52:18.365  1878  1878 E netmgr  : Failed to open QEMU pipe 'qemud:network': Invalid argument
03-13 09:52:21.893  2013  2042 E memtrack: Couldn't load memtrack module
03-13 09:52:22.005  1898  1898 E wifi_forwarder: RemoteConnection failed to initialize: RemoteConnection failed to open pipe
03-13 09:52:23.180  1745  4121 E ResolverController: No valid NAT64 prefix (100, <unspecified>/0)
03-13 09:52:38.222  1745  4122 E ResolverController: No valid NAT64 prefix (100, <unspecified>/0)
03-13 09:52:53.296  1745  4127 E ResolverController: No valid NAT64 prefix (100, <unspecified>/0)
03-13 09:53:08.320  1745  4131 E ResolverController: No valid NAT64 prefix (100, <unspecified>/0)
03-13 09:53:18.425  1878  1878 E netmgr  : Failed to open QEMU pipe 'qemud:network': Invalid argument
03-13 09:53:22.063  1898  1898 E wifi_forwarder: RemoteConnection failed to initialize: RemoteConnection failed to open pipe
03-13 09:53:23.382  1745  4132 E ResolverController: No valid NAT64 prefix (100, <unspecified>/0)
03-13 09:53:38.399  1745  4134 E ResolverController: No valid NAT64 prefix (100, <unspecified>/0)
03-13 09:54:09.189 32666  4158 E memtrack: Couldn't load memtrack module
03-13 09:54:14.332  2275  2275 E DnsResolver: resNetworkResult:android.system.ErrnoException: resNetworkResult failed: ETIMEDOUT (Connection timed out)
03-13 09:54:14.338  2275  2275 E DnsResolver: resNetworkResult:android.system.ErrnoException: resNetworkResult failed: ETIMEDOUT (Connection timed out)
03-13 09:54:14.339  2275  2275 E DnsResolver: resNetworkResult:android.system.ErrnoException: resNetworkResult failed: ETIMEDOUT (Connection timed out)
03-13 09:54:18.487  1878  1878 E netmgr  : Failed to open QEMU pipe 'qemud:network': Invalid argument
03-13 09:54:22.076  1898  1898 E wifi_forwarder: RemoteConnection failed to initialize: RemoteConnection failed to open pipe
03-13 09:54:42.563  2013  2042 E memtrack: Couldn't load memtrack module
03-13 09:54:42.573  2013  2042 E memtrack: Couldn't load memtrack module
03-13 09:54:42.579  2013  2042 E memtrack: Couldn't load memtrack module
03-13 09:54:42.584  2013  2042 E memtrack: Couldn't load memtrack module
03-13 09:54:42.588  2013  2042 E memtrack: Couldn't load memtrack module
03-13 09:55:18.543  1878  1878 E netmgr  : Failed to open QEMU pipe 'qemud:network': Invalid argument
03-13 09:55:22.094  1898  1898 E wifi_forwarder: RemoteConnection failed to initialize: RemoteConnection failed to open pipe
03-13 09:55:28.033  2013  2031 E memtrack: Couldn't load memtrack module
03-13 09:56:18.560  1878  1878 E netmgr  : Failed to open QEMU pipe 'qemud:network': Invalid argument
03-13 09:56:22.112  1898  1898 E wifi_forwarder: RemoteConnection failed to initialize: RemoteConnection failed to open pipe
03-13 09:56:41.931  2013  2042 E memtrack: Couldn't load memtrack module
03-13 09:57:18.577  1878  1878 E netmgr  : Failed to open QEMU pipe 'qemud:network': Invalid argument
03-13 09:57:22.126  1898  1898 E wifi_forwarder: RemoteConnection failed to initialize: RemoteConnection failed to open pipe
03-13 09:58:18.592  1878  1878 E netmgr  : Failed to open QEMU pipe 'qemud:network': Invalid argument
03-13 09:58:22.175  1898  1898 E wifi_forwarder: RemoteConnection failed to initialize: RemoteConnection failed to open pipe
03-13 09:58:34.891  2593  3241 E ModuleIdSetter: exception when setting module id
03-13 09:58:34.891  2593  3241 E ModuleIdSetter: java.lang.IllegalStateException: Unable to get current module info in ModuleManager created with non-module Context
03-13 09:58:34.891  2593  3241 E ModuleIdSetter: 	at com.google.android.chimera.config.ModuleManager.getCurrentModule(:com.google.android.gms@202414022@20.24.14 (040700-319035315):2)
03-13 09:58:34.891  2593  3241 E ModuleIdSetter: 	at aewd.a(:com.google.android.gms@202414022@20.24.14 (040700-319035315):4)
03-13 09:58:34.891  2593  3241 E ModuleIdSetter: 	at aewg.b(:com.google.android.gms@202414022@20.24.14 (040700-319035315):9)
03-13 09:58:34.891  2593  3241 E ModuleIdSetter: 	at aeso.a(Unknown Source:0)
03-13 09:58:34.891  2593  3241 E ModuleIdSetter: 	at rpm.a(:com.google.android.gms@202414022@20.24.14 (040700-319035315):0)
03-13 09:58:34.891  2593  3241 E ModuleIdSetter: 	at rlv.c(:com.google.android.gms@202414022@20.24.14 (040700-319035315):1)
03-13 09:58:34.891  2593  3241 E ModuleIdSetter: 	at rlt.b(:com.google.android.gms@202414022@20.24.14 (040700-319035315):1)
03-13 09:58:34.891  2593  3241 E ModuleIdSetter: 	at rok.b(:com.google.android.gms@202414022@20.24.14 (040700-319035315):6)
03-13 09:58:34.891  2593  3241 E ModuleIdSetter: 	at rok.c(:com.google.android.gms@202414022@20.24.14 (040700-319035315):6)
03-13 09:58:34.891  2593  3241 E ModuleIdSetter: 	at rok.b(:com.google.android.gms@202414022@20.24.14 (040700-319035315):10)
03-13 09:58:34.891  2593  3241 E ModuleIdSetter: 	at rok.a(:com.google.android.gms@202414022@20.24.14 (040700-319035315):17)
03-13 09:58:34.891  2593  3241 E ModuleIdSetter: 	at rok.g(:com.google.android.gms@202414022@20.24.14 (040700-319035315):3)
03-13 09:58:34.891  2593  3241 E ModuleIdSetter: 	at sdr.a(:com.google.android.gms@202414022@20.24.14 (040700-319035315):2)
03-13 09:58:34.891  2593  3241 E ModuleIdSetter: 	at scr.a(:com.google.android.gms@202414022@20.24.14 (040700-319035315):10)
03-13 09:58:34.891  2593  3241 E ModuleIdSetter: 	at sci.a(:com.google.android.gms@202414022@20.24.14 (040700-319035315):0)
03-13 09:58:34.891  2593  3241 E ModuleIdSetter: 	at scl.handleMessage(:com.google.android.gms@202414022@20.24.14 (040700-319035315):28)
03-13 09:58:34.891  2593  3241 E ModuleIdSetter: 	at android.os.Handler.dispatchMessage(Handler.java:107)
03-13 09:58:34.891  2593  3241 E ModuleIdSetter: 	at aekz.a(:com.google.android.gms@202414022@20.24.14 (040700-319035315):2)
03-13 09:58:34.891  2593  3241 E ModuleIdSetter: 	at aekz.dispatchMessage(:com.google.android.gms@202414022@20.24.14 (040700-319035315):14)
03-13 09:58:34.891  2593  3241 E ModuleIdSetter: 	at android.os.Looper.loop(Looper.java:214)
03-13 09:58:34.891  2593  3241 E ModuleIdSetter: 	at android.os.HandlerThread.run(HandlerThread.java:67)
03-13 09:58:34.909  2013  2036 E system_server: Invalid ID 0x00000000.
03-13 09:58:35.037  3068  4234 E PlaceStateUpdater: Received no places
03-13 09:58:35.272  2593  2593 E BeaconBle: Missing BluetoothAdapter [CONTEXT service_id=111 ]
03-13 09:58:35.306  2593  2593 E BeaconBle: Scan couldn't start for Places [CONTEXT service_id=111 ]
03-13 09:58:35.364  1796  1903 E SurfaceFlinger: ro.sf.lcd_density must be defined as a build property
03-13 09:58:35.365  1796  1903 E SurfaceFlinger: ro.sf.lcd_density must be defined as a build property
03-13 09:58:40.874  2593  3757 E WakeLock: NlpWakeLock ** IS FORCE-RELEASED ON TIMEOUT **
03-13 09:58:46.066  2013  2042 E memtrack: Couldn't load memtrack module
03-13 09:58:56.084  2013  2042 E memtrack: Couldn't load memtrack module
03-13 09:59:03.503  2593  3757 E WakeLock: NlpWakeLock ** IS FORCE-RELEASED ON TIMEOUT **
03-13 09:59:09.207 32666  4425 E memtrack: Couldn't load memtrack module
03-13 09:59:18.653  1878  1878 E netmgr  : Failed to open QEMU pipe 'qemud:network': Invalid argument
03-13 09:59:21.015  2013  2042 E memtrack: Couldn't load memtrack module
03-13 09:59:22.231  1898  1898 E wifi_forwarder: RemoteConnection failed to initialize: RemoteConnection failed to open pipe
03-13 10:00:18.660  1878  1878 E netmgr  : Failed to open QEMU pipe 'qemud:network': Invalid argument
03-13 10:00:22.243  1898  1898 E wifi_forwarder: RemoteConnection failed to initialize: RemoteConnection failed to open pipe
03-13 10:00:28.090  2013  2088 E memtrack: Couldn't load memtrack module
03-13 10:01:18.676  1878  1878 E netmgr  : Failed to open QEMU pipe 'qemud:network': Invalid argument
03-13 10:01:22.260  1898  1898 E wifi_forwarder: RemoteConnection failed to initialize: RemoteConnection failed to open pipe
03-13 10:01:41.603  2013  2042 E memtrack: Couldn't load memtrack module
03-13 10:01:41.620  2013  2042 E memtrack: Couldn't load memtrack module
03-13 10:01:49.421  2013  2042 E memtrack: Couldn't load memtrack module
03-13 10:02:04.432  2593  3241 E ModuleIdSetter: exception when setting module id
03-13 10:02:04.432  2593  3241 E ModuleIdSetter: java.lang.IllegalStateException: Unable to get current module info in ModuleManager created with non-module Context
03-13 10:02:04.432  2593  3241 E ModuleIdSetter: 	at com.google.android.chimera.config.ModuleManager.getCurrentModule(:com.google.android.gms@202414022@20.24.14 (040700-319035315):2)
03-13 10:02:04.432  2593  3241 E ModuleIdSetter: 	at aewd.a(:com.google.android.gms@202414022@20.24.14 (040700-319035315):4)
03-13 10:02:04.432  2593  3241 E ModuleIdSetter: 	at aewg.b(:com.google.android.gms@202414022@20.24.14 (040700-319035315):9)
03-13 10:02:04.432  2593  3241 E ModuleIdSetter: 	at aeso.a(Unknown Source:0)
03-13 10:02:04.432  2593  3241 E ModuleIdSetter: 	at rpm.a(:com.google.android.gms@202414022@20.24.14 (040700-319035315):0)
03-13 10:02:04.432  2593  3241 E ModuleIdSetter: 	at rlv.c(:com.google.android.gms@202414022@20.24.14 (040700-319035315):1)
03-13 10:02:04.432  2593  3241 E ModuleIdSetter: 	at rlt.b(:com.google.android.gms@202414022@20.24.14 (040700-319035315):1)
03-13 10:02:04.432  2593  3241 E ModuleIdSetter: 	at rok.b(:com.google.android.gms@202414022@20.24.14 (040700-319035315):6)
03-13 10:02:04.432  2593  3241 E ModuleIdSetter: 	at rok.c(:com.google.android.gms@202414022@20.24.14 (040700-319035315):6)
03-13 10:02:04.432  2593  3241 E ModuleIdSetter: 	at rok.b(:com.google.android.gms@202414022@20.24.14 (040700-319035315):10)
03-13 10:02:04.432  2593  3241 E ModuleIdSetter: 	at rok.a(:com.google.android.gms@202414022@20.24.14 (040700-319035315):17)
03-13 10:02:04.432  2593  3241 E ModuleIdSetter: 	at rok.g(:com.google.android.gms@202414022@20.24.14 (040700-319035315):3)
03-13 10:02:04.432  2593  3241 E ModuleIdSetter: 	at sdr.a(:com.google.android.gms@202414022@20.24.14 (040700-319035315):2)
03-13 10:02:04.432  2593  3241 E ModuleIdSetter: 	at scr.a(:com.google.android.gms@202414022@20.24.14 (040700-319035315):10)
03-13 10:02:04.432  2593  3241 E ModuleIdSetter: 	at sci.a(:com.google.android.gms@202414022@20.24.14 (040700-319035315):0)
03-13 10:02:04.432  2593  3241 E ModuleIdSetter: 	at scl.handleMessage(:com.google.android.gms@202414022@20.24.14 (040700-319035315):28)
03-13 10:02:04.432  2593  3241 E ModuleIdSetter: 	at android.os.Handler.dispatchMessage(Handler.java:107)
03-13 10:02:04.432  2593  3241 E ModuleIdSetter: 	at aekz.a(:com.google.android.gms@202414022@20.24.14 (040700-319035315):2)
03-13 10:02:04.432  2593  3241 E ModuleIdSetter: 	at aekz.dispatchMessage(:com.google.android.gms@202414022@20.24.14 (040700-319035315):14)
03-13 10:02:04.432  2593  3241 E ModuleIdSetter: 	at android.os.Looper.loop(Looper.java:214)
03-13 10:02:04.432  2593  3241 E ModuleIdSetter: 	at android.os.HandlerThread.run(HandlerThread.java:67)
03-13 10:02:04.458  2013  2036 E system_server: Invalid ID 0x00000000.
03-13 10:02:04.554  3068  4241 E PlaceStateUpdater: Received no places
03-13 10:02:04.747  2593  2593 E BeaconBle: Missing BluetoothAdapter [CONTEXT service_id=111 ]
03-13 10:02:04.776  2593  4517 E cklt    : *~*~*~ Channel {0} was not shutdown properly!!! ~*~*~*
03-13 10:02:04.776  2593  4517 E cklt    :     Make sure to call shutdown()/shutdownNow() and wait until awaitTermination() returns true.
03-13 10:02:04.776  2593  4517 E cklt    : java.lang.RuntimeException: ManagedChannel allocation site
03-13 10:02:04.776  2593  4517 E cklt    : 	at ckls.<init>(:com.google.android.gms@202414022@20.24.14 (040700-319035315):3)
03-13 10:02:04.776  2593  4517 E cklt    : 	at cklt.<init>(:com.google.android.gms@202414022@20.24.14 (040700-319035315):2)
03-13 10:02:04.776  2593  4517 E cklt    : 	at ckfk.b(:com.google.android.gms@202414022@20.24.14 (040700-319035315):21)
03-13 10:02:04.776  2593  4517 E cklt    : 	at sjo.a(:com.google.android.gms@202414022@20.24.14 (040700-319035315):29)
03-13 10:02:04.776  2593  4517 E cklt    : 	at sjo.a(:com.google.android.gms@202414022@20.24.14 (040700-319035315):52)
03-13 10:02:04.776  2593  4517 E cklt    : 	at bjxj.call(:com.google.android.gms@202414022@20.24.14 (040700-319035315):0)
03-13 10:02:04.776  2593  4517 E cklt    : 	at bjvu.run(:com.google.android.gms@202414022@20.24.14 (040700-319035315):1)
03-13 10:02:04.776  2593  4517 E cklt    : 	at soy.b(:com.google.android.gms@202414022@20.24.14 (040700-319035315):12)
03-13 10:02:04.776  2593  4517 E cklt    : 	at soy.run(:com.google.android.gms@202414022@20.24.14 (040700-319035315):7)
03-13 10:02:04.776  2593  4517 E cklt    : 	at java.util.concurrent.ThreadPoolExecutor.runWorker(ThreadPoolExecutor.java:1167)
03-13 10:02:04.776  2593  4517 E cklt    : 	at java.util.concurrent.ThreadPoolExecutor$Worker.run(ThreadPoolExecutor.java:641)
03-13 10:02:04.776  2593  4517 E cklt    : 	at sux.run(:com.google.android.gms@202414022@20.24.14 (040700-319035315):0)
03-13 10:02:04.776  2593  4517 E cklt    : 	at java.lang.Thread.run(Thread.java:919)
03-13 10:02:04.777  2593  2593 E BeaconBle: Scan couldn't start for Places [CONTEXT service_id=111 ]
03-13 10:02:04.884  1796  1903 E SurfaceFlinger: ro.sf.lcd_density must be defined as a build property
03-13 10:02:04.887  1796  1903 E SurfaceFlinger: ro.sf.lcd_density must be defined as a build property
03-13 10:02:09.541  2593  3818 E WakeLock: NlpWakeLock ** IS FORCE-RELEASED ON TIMEOUT **
03-13 10:02:09.553  2593  3818 E WakeLock: NlpWakeLock ** IS FORCE-RELEASED ON TIMEOUT **
03-13 10:02:15.538  2013  2042 E memtrack: Couldn't load memtrack module
03-13 10:02:18.709  1878  1878 E netmgr  : Failed to open QEMU pipe 'qemud:network': Invalid argument
03-13 10:02:22.309  1898  1898 E wifi_forwarder: RemoteConnection failed to initialize: RemoteConnection failed to open pipe
03-13 10:02:25.578  2013  2042 E memtrack: Couldn't load memtrack module
03-13 10:02:32.971  2593  3818 E WakeLock: NlpWakeLock ** IS FORCE-RELEASED ON TIMEOUT **
03-13 10:02:50.467  2013  2042 E memtrack: Couldn't load memtrack module
03-13 10:03:18.727  1878  1878 E netmgr  : Failed to open QEMU pipe 'qemud:network': Invalid argument
03-13 10:03:22.371  1898  1898 E wifi_forwarder: RemoteConnection failed to initialize: RemoteConnection failed to open pipe
03-13 10:03:59.543  2013  2042 E memtrack: Couldn't load memtrack module
03-13 10:03:59.551  2593  2880 E WakeLock: GCM_HB_ALARM release without a matched acquire!
03-13 10:03:59.551  2013  2042 E memtrack: Couldn't load memtrack module
03-13 10:04:09.194 32666  4668 E memtrack: Couldn't load memtrack module
03-13 10:04:18.730  1878  1878 E netmgr  : Failed to open QEMU pipe 'qemud:network': Invalid argument
03-13 10:04:22.434  1898  1898 E wifi_forwarder: RemoteConnection failed to initialize: RemoteConnection failed to open pipe
03-13 10:04:23.930  2013  2042 E memtrack: Couldn't load memtrack module
03-13 10:04:23.936  2013  2042 E memtrack: Couldn't load memtrack module
03-13 10:04:24.380  2593  2884 E WakeLock: GCM_HB_ALARM release without a matched acquire!
03-13 10:04:29.392  2593  3818 E WakeLock: GCM_CONN_ALARM ** IS FORCE-RELEASED ON TIMEOUT **
03-13 10:04:58.437  2013  2036 E system_server: Invalid ID 0x00000000.
03-13 10:04:58.442  2593  3241 E ModuleIdSetter: exception when setting module id
03-13 10:04:58.442  2593  3241 E ModuleIdSetter: java.lang.IllegalStateException: Unable to get current module info in ModuleManager created with non-module Context
03-13 10:04:58.442  2593  3241 E ModuleIdSetter: 	at com.google.android.chimera.config.ModuleManager.getCurrentModule(:com.google.android.gms@202414022@20.24.14 (040700-319035315):2)
03-13 10:04:58.442  2593  3241 E ModuleIdSetter: 	at aewd.a(:com.google.android.gms@202414022@20.24.14 (040700-319035315):4)
03-13 10:04:58.442  2593  3241 E ModuleIdSetter: 	at aewg.b(:com.google.android.gms@202414022@20.24.14 (040700-319035315):9)
03-13 10:04:58.442  2593  3241 E ModuleIdSetter: 	at aeso.a(Unknown Source:0)
03-13 10:04:58.442  2593  3241 E ModuleIdSetter: 	at rpm.a(:com.google.android.gms@202414022@20.24.14 (040700-319035315):0)
03-13 10:04:58.442  2593  3241 E ModuleIdSetter: 	at rlv.c(:com.google.android.gms@202414022@20.24.14 (040700-319035315):1)
03-13 10:04:58.442  2593  3241 E ModuleIdSetter: 	at rlt.b(:com.google.android.gms@202414022@20.24.14 (040700-319035315):1)
03-13 10:04:58.442  2593  3241 E ModuleIdSetter: 	at rok.b(:com.google.android.gms@202414022@20.24.14 (040700-319035315):6)
03-13 10:04:58.442  2593  3241 E ModuleIdSetter: 	at rok.c(:com.google.android.gms@202414022@20.24.14 (040700-319035315):6)
03-13 10:04:58.442  2593  3241 E ModuleIdSetter: 	at rok.b(:com.google.android.gms@202414022@20.24.14 (040700-319035315):10)
03-13 10:04:58.442  2593  3241 E ModuleIdSetter: 	at rok.a(:com.google.android.gms@202414022@20.24.14 (040700-319035315):17)
03-13 10:04:58.442  2593  3241 E ModuleIdSetter: 	at rok.g(:com.google.android.gms@202414022@20.24.14 (040700-319035315):3)
03-13 10:04:58.442  2593  3241 E ModuleIdSetter: 	at sdr.a(:com.google.android.gms@202414022@20.24.14 (040700-319035315):2)
03-13 10:04:58.442  2593  3241 E ModuleIdSetter: 	at scr.a(:com.google.android.gms@202414022@20.24.14 (040700-319035315):10)
03-13 10:04:58.442  2593  3241 E ModuleIdSetter: 	at sci.a(:com.google.android.gms@202414022@20.24.14 (040700-319035315):0)
03-13 10:04:58.442  2593  3241 E ModuleIdSetter: 	at scl.handleMessage(:com.google.android.gms@202414022@20.24.14 (040700-319035315):28)
03-13 10:04:58.442  2593  3241 E ModuleIdSetter: 	at android.os.Handler.dispatchMessage(Handler.java:107)
03-13 10:04:58.442  2593  3241 E ModuleIdSetter: 	at aekz.a(:com.google.android.gms@202414022@20.24.14 (040700-319035315):2)
03-13 10:04:58.442  2593  3241 E ModuleIdSetter: 	at aekz.dispatchMessage(:com.google.android.gms@202414022@20.24.14 (040700-319035315):14)
03-13 10:04:58.442  2593  3241 E ModuleIdSetter: 	at android.os.Looper.loop(Looper.java:214)
03-13 10:04:58.442  2593  3241 E ModuleIdSetter: 	at android.os.HandlerThread.run(HandlerThread.java:67)
03-13 10:04:58.612  3068  4241 E PlaceStateUpdater: Received no places
03-13 10:04:58.895  1796  2054 E SurfaceFlinger: ro.sf.lcd_density must be defined as a build property
03-13 10:04:58.898  1796  2054 E SurfaceFlinger: ro.sf.lcd_density must be defined as a build property
03-13 10:04:58.902  2593  2593 E BeaconBle: Missing BluetoothAdapter [CONTEXT service_id=111 ]
03-13 10:04:58.945  2593  2593 E BeaconBle: Scan couldn't start for Places [CONTEXT service_id=111 ]
03-13 10:05:04.432  2593  4671 E WakeLock: GCM_HB_ALARM release without a matched acquire!
03-13 10:05:04.450  2593  3818 E WakeLock: NlpWakeLock ** IS FORCE-RELEASED ON TIMEOUT **
03-13 10:05:04.468  2275  2275 E DnsResolver: resNetworkResult:android.system.ErrnoException: resNetworkResult failed: ETIMEDOUT (Connection timed out)
03-13 10:05:04.472  2275  2275 E DnsResolver: resNetworkResult:android.system.ErrnoException: resNetworkResult failed: ETIMEDOUT (Connection timed out)
03-13 10:05:04.475  2275  2275 E DnsResolver: resNetworkResult:android.system.ErrnoException: resNetworkResult failed: ETIMEDOUT (Connection timed out)
03-13 10:05:09.617  2013  2042 E memtrack: Couldn't load memtrack module
03-13 10:05:18.762  1878  1878 E netmgr  : Failed to open QEMU pipe 'qemud:network': Invalid argument
03-13 10:05:20.556  2013  2042 E memtrack: Couldn't load memtrack module
03-13 10:05:22.435  1898  1898 E wifi_forwarder: RemoteConnection failed to initialize: RemoteConnection failed to open pipe
03-13 10:05:28.157  2013  2967 E memtrack: Couldn't load memtrack module
03-13 10:05:44.586  2013  2042 E memtrack: Couldn't load memtrack module
03-13 10:06:03.879  2013  2042 E AppIdleHistory: Error writing app idle file for user 0
03-13 10:06:04.594  2013  2042 E memtrack: Couldn't load memtrack module
03-13 10:06:09.445  2593  3818 E WakeLock: GCM_CONN_ALARM ** IS FORCE-RELEASED ON TIMEOUT **
03-13 10:06:18.813  1878  1878 E netmgr  : Failed to open QEMU pipe 'qemud:network': Invalid argument
03-13 10:06:22.496  1898  1898 E wifi_forwarder: RemoteConnection failed to initialize: RemoteConnection failed to open pipe
03-13 10:06:44.498  2593  4876 E WakeLock: GCM_HB_ALARM release without a matched acquire!
03-13 10:07:18.851  1878  1878 E netmgr  : Failed to open QEMU pipe 'qemud:network': Invalid argument
03-13 10:07:22.542  1898  1898 E wifi_forwarder: RemoteConnection failed to initialize: RemoteConnection failed to open pipe
03-13 10:07:44.511  2013  2042 E memtrack: Couldn't load memtrack module
03-13 10:08:18.912  1878  1878 E netmgr  : Failed to open QEMU pipe 'qemud:network': Invalid argument
03-13 10:08:22.602  1898  1898 E wifi_forwarder: RemoteConnection failed to initialize: RemoteConnection failed to open pipe
03-13 10:08:49.513  2593  3818 E WakeLock: GCM_CONN_ALARM ** IS FORCE-RELEASED ON TIMEOUT **
03-13 10:09:09.313 32666  4909 E memtrack: Couldn't load memtrack module
03-13 10:09:18.964  1878  1878 E netmgr  : Failed to open QEMU pipe 'qemud:network': Invalid argument
03-13 10:09:22.665  1898  1898 E wifi_forwarder: RemoteConnection failed to initialize: RemoteConnection failed to open pipe
03-13 10:09:24.563  2593  4907 E WakeLock: GCM_HB_ALARM release without a matched acquire!
03-13 10:10:04.527  2013  2042 E memtrack: Couldn't load memtrack module
03-13 10:10:19.020  1878  1878 E netmgr  : Failed to open QEMU pipe 'qemud:network': Invalid argument
03-13 10:10:22.726  1898  1898 E wifi_forwarder: RemoteConnection failed to initialize: RemoteConnection failed to open pipe
03-13 10:10:28.240  2013  3053 E memtrack: Couldn't load memtrack module
03-13 10:11:19.072  1878  1878 E netmgr  : Failed to open QEMU pipe 'qemud:network': Invalid argument
03-13 10:11:22.769  1898  1898 E wifi_forwarder: RemoteConnection failed to initialize: RemoteConnection failed to open pipe
03-13 10:11:58.061  2593  3241 E ModuleIdSetter: exception when setting module id
03-13 10:11:58.061  2593  3241 E ModuleIdSetter: java.lang.IllegalStateException: Unable to get current module info in ModuleManager created with non-module Context
03-13 10:11:58.061  2593  3241 E ModuleIdSetter: 	at com.google.android.chimera.config.ModuleManager.getCurrentModule(:com.google.android.gms@202414022@20.24.14 (040700-319035315):2)
03-13 10:11:58.061  2593  3241 E ModuleIdSetter: 	at aewd.a(:com.google.android.gms@202414022@20.24.14 (040700-319035315):4)
03-13 10:11:58.061  2593  3241 E ModuleIdSetter: 	at aewg.b(:com.google.android.gms@202414022@20.24.14 (040700-319035315):9)
03-13 10:11:58.061  2593  3241 E ModuleIdSetter: 	at aeso.a(Unknown Source:0)
03-13 10:11:58.061  2593  3241 E ModuleIdSetter: 	at rpm.a(:com.google.android.gms@202414022@20.24.14 (040700-319035315):0)
03-13 10:11:58.061  2593  3241 E ModuleIdSetter: 	at rlv.c(:com.google.android.gms@202414022@20.24.14 (040700-319035315):1)
03-13 10:11:58.061  2593  3241 E ModuleIdSetter: 	at rlt.b(:com.google.android.gms@202414022@20.24.14 (040700-319035315):1)
03-13 10:11:58.061  2593  3241 E ModuleIdSetter: 	at rok.b(:com.google.android.gms@202414022@20.24.14 (040700-319035315):6)
03-13 10:11:58.061  2593  3241 E ModuleIdSetter: 	at rok.c(:com.google.android.gms@202414022@20.24.14 (040700-319035315):6)
03-13 10:11:58.061  2593  3241 E ModuleIdSetter: 	at rok.b(:com.google.android.gms@202414022@20.24.14 (040700-319035315):10)
03-13 10:11:58.061  2593  3241 E ModuleIdSetter: 	at rok.a(:com.google.android.gms@202414022@20.24.14 (040700-319035315):17)
03-13 10:11:58.061  2593  3241 E ModuleIdSetter: 	at rok.g(:com.google.android.gms@202414022@20.24.14 (040700-319035315):3)
03-13 10:11:58.061  2593  3241 E ModuleIdSetter: 	at sdr.a(:com.google.android.gms@202414022@20.24.14 (040700-319035315):2)
03-13 10:11:58.061  2593  3241 E ModuleIdSetter: 	at scr.a(:com.google.android.gms@202414022@20.24.14 (040700-319035315):10)
03-13 10:11:58.061  2593  3241 E ModuleIdSetter: 	at sci.a(:com.google.android.gms@202414022@20.24.14 (040700-319035315):0)
03-13 10:11:58.061  2593  3241 E ModuleIdSetter: 	at scl.handleMessage(:com.google.android.gms@202414022@20.24.14 (040700-319035315):28)
03-13 10:11:58.061  2593  3241 E ModuleIdSetter: 	at android.os.Handler.dispatchMessage(Handler.java:107)
03-13 10:11:58.061  2593  3241 E ModuleIdSetter: 	at aekz.a(:com.google.android.gms@202414022@20.24.14 (040700-319035315):2)
03-13 10:11:58.061  2593  3241 E ModuleIdSetter: 	at aekz.dispatchMessage(:com.google.android.gms@202414022@20.24.14 (040700-319035315):14)
03-13 10:11:58.061  2593  3241 E ModuleIdSetter: 	at android.os.Looper.loop(Looper.java:214)
03-13 10:11:58.061  2593  3241 E ModuleIdSetter: 	at android.os.HandlerThread.run(HandlerThread.java:67)
03-13 10:11:58.098  2013  2036 E system_server: Invalid ID 0x00000000.
03-13 10:11:58.228  3068  4951 E PlaceStateUpdater: Received no places
03-13 10:11:58.386  2593  4740 E cklt    : *~*~*~ Channel {0} was not shutdown properly!!! ~*~*~*
03-13 10:11:58.386  2593  4740 E cklt    :     Make sure to call shutdown()/shutdownNow() and wait until awaitTermination() returns true.
03-13 10:11:58.386  2593  4740 E cklt    : java.lang.RuntimeException: ManagedChannel allocation site
03-13 10:11:58.386  2593  4740 E cklt    : 	at ckls.<init>(:com.google.android.gms@202414022@20.24.14 (040700-319035315):3)
03-13 10:11:58.386  2593  4740 E cklt    : 	at cklt.<init>(:com.google.android.gms@202414022@20.24.14 (040700-319035315):2)
03-13 10:11:58.386  2593  4740 E cklt    : 	at ckfk.b(:com.google.android.gms@202414022@20.24.14 (040700-319035315):21)
03-13 10:11:58.386  2593  4740 E cklt    : 	at sjo.a(:com.google.android.gms@202414022@20.24.14 (040700-319035315):29)
03-13 10:11:58.386  2593  4740 E cklt    : 	at sjo.a(:com.google.android.gms@202414022@20.24.14 (040700-319035315):52)
03-13 10:11:58.386  2593  4740 E cklt    : 	at bjxj.call(:com.google.android.gms@202414022@20.24.14 (040700-319035315):0)
03-13 10:11:58.386  2593  4740 E cklt    : 	at bjvu.run(:com.google.android.gms@202414022@20.24.14 (040700-319035315):1)
03-13 10:11:58.386  2593  4740 E cklt    : 	at soy.b(:com.google.android.gms@202414022@20.24.14 (040700-319035315):12)
03-13 10:11:58.386  2593  4740 E cklt    : 	at soy.run(:com.google.android.gms@202414022@20.24.14 (040700-319035315):7)
03-13 10:11:58.386  2593  4740 E cklt    : 	at java.util.concurrent.ThreadPoolExecutor.runWorker(ThreadPoolExecutor.java:1167)
03-13 10:11:58.386  2593  4740 E cklt    : 	at java.util.concurrent.ThreadPoolExecutor$Worker.run(ThreadPoolExecutor.java:641)
03-13 10:11:58.386  2593  4740 E cklt    : 	at sux.run(:com.google.android.gms@202414022@20.24.14 (040700-319035315):0)
03-13 10:11:58.386  2593  4740 E cklt    : 	at java.lang.Thread.run(Thread.java:919)
03-13 10:11:58.395  2593  4740 E cklt    : *~*~*~ Channel {0} was not shutdown properly!!! ~*~*~*
03-13 10:11:58.395  2593  4740 E cklt    :     Make sure to call shutdown()/shutdownNow() and wait until awaitTermination() returns true.
03-13 10:11:58.395  2593  4740 E cklt    : java.lang.RuntimeException: ManagedChannel allocation site
03-13 10:11:58.395  2593  4740 E cklt    : 	at ckls.<init>(:com.google.android.gms@202414022@20.24.14 (040700-319035315):3)
03-13 10:11:58.395  2593  4740 E cklt    : 	at cklt.<init>(:com.google.android.gms@202414022@20.24.14 (040700-319035315):2)
03-13 10:11:58.395  2593  4740 E cklt    : 	at ckfk.b(:com.google.android.gms@202414022@20.24.14 (040700-319035315):21)
03-13 10:11:58.395  2593  4740 E cklt    : 	at sjo.a(:com.google.android.gms@202414022@20.24.14 (040700-319035315):29)
03-13 10:11:58.395  2593  4740 E cklt    : 	at sjo.a(:com.google.android.gms@202414022@20.24.14 (040700-319035315):52)
03-13 10:11:58.395  2593  4740 E cklt    : 	at bjxj.call(:com.google.android.gms@202414022@20.24.14 (040700-319035315):0)
03-13 10:11:58.395  2593  4740 E cklt    : 	at bjvu.run(:com.google.android.gms@202414022@20.24.14 (040700-319035315):1)
03-13 10:11:58.395  2593  4740 E cklt    : 	at soy.b(:com.google.android.gms@202414022@20.24.14 (040700-319035315):12)
03-13 10:11:58.395  2593  4740 E cklt    : 	at soy.run(:com.google.android.gms@202414022@20.24.14 (040700-319035315):7)
03-13 10:11:58.395  2593  4740 E cklt    : 	at java.util.concurrent.ThreadPoolExecutor.runWorker(ThreadPoolExecutor.java:1167)
03-13 10:11:58.395  2593  4740 E cklt    : 	at java.util.concurrent.ThreadPoolExecutor$Worker.run(ThreadPoolExecutor.java:641)
03-13 10:11:58.395  2593  4740 E cklt    : 	at sux.run(:com.google.android.gms@202414022@20.24.14 (040700-319035315):0)
03-13 10:11:58.395  2593  4740 E cklt    : 	at java.lang.Thread.run(Thread.java:919)
03-13 10:11:58.469  2593  2593 E BeaconBle: Missing BluetoothAdapter [CONTEXT service_id=111 ]
03-13 10:11:58.501  2593  2593 E BeaconBle: Scan couldn't start for Places [CONTEXT service_id=111 ]
03-13 10:11:58.526  1796  2329 E SurfaceFlinger: ro.sf.lcd_density must be defined as a build property
03-13 10:11:58.529  1796  2329 E SurfaceFlinger: ro.sf.lcd_density must be defined as a build property
03-13 10:12:04.119  2593  3818 E WakeLock: NlpWakeLock ** IS FORCE-RELEASED ON TIMEOUT **
03-13 10:12:09.228  2013  2042 E memtrack: Couldn't load memtrack module
03-13 10:12:19.133  1878  1878 E netmgr  : Failed to open QEMU pipe 'qemud:network': Invalid argument
03-13 10:12:20.163  2013  2042 E memtrack: Couldn't load memtrack module
03-13 10:12:22.825  1898  1898 E wifi_forwarder: RemoteConnection failed to initialize: RemoteConnection failed to open pipe
03-13 10:12:26.894  2593  3818 E WakeLock: NlpWakeLock ** IS FORCE-RELEASED ON TIMEOUT **
03-13 10:12:44.180  2013  2042 E memtrack: Couldn't load memtrack module
03-13 10:13:19.143  1878  1878 E netmgr  : Failed to open QEMU pipe 'qemud:network': Invalid argument
03-13 10:13:22.885  1898  1898 E wifi_forwarder: RemoteConnection failed to initialize: RemoteConnection failed to open pipe
03-13 10:13:24.580  2013  2042 E memtrack: Couldn't load memtrack module
03-13 10:13:24.593  2013  2042 E memtrack: Couldn't load memtrack module
03-13 10:13:29.585  2593  3818 E WakeLock: GCM_CONN_ALARM ** IS FORCE-RELEASED ON TIMEOUT **
03-13 10:14:04.640  2593  5149 E WakeLock: GCM_HB_ALARM release without a matched acquire!
03-13 10:14:09.392 32666  5154 E memtrack: Couldn't load memtrack module
03-13 10:14:19.160  1878  1878 E netmgr  : Failed to open QEMU pipe 'qemud:network': Invalid argument
03-13 10:14:22.910  1898  1898 E wifi_forwarder: RemoteConnection failed to initialize: RemoteConnection failed to open pipe
03-13 10:15:04.653  2013  2042 E memtrack: Couldn't load memtrack module
03-13 10:15:19.177  1878  1878 E netmgr  : Failed to open QEMU pipe 'qemud:network': Invalid argument
03-13 10:15:22.926  1898  1898 E wifi_forwarder: RemoteConnection failed to initialize: RemoteConnection failed to open pipe
03-13 10:15:28.310  2013  4927 E memtrack: Couldn't load memtrack module
03-13 10:16:14.640  2275  2275 E DnsResolver: resNetworkResult:android.system.ErrnoException: resNetworkResult failed: ETIMEDOUT (Connection timed out)
03-13 10:16:14.647  2275  2275 E DnsResolver: resNetworkResult:android.system.ErrnoException: resNetworkResult failed: ETIMEDOUT (Connection timed out)
03-13 10:16:14.647  2275  2275 E DnsResolver: resNetworkResult:android.system.ErrnoException: resNetworkResult failed: ETIMEDOUT (Connection timed out)
03-13 10:16:14.648  2275  2275 E DnsResolver: resNetworkResult:android.system.ErrnoException: resNetworkResult failed: ETIMEDOUT (Connection timed out)
03-13 10:16:19.227  1878  1878 E netmgr  : Failed to open QEMU pipe 'qemud:network': Invalid argument
03-13 10:16:22.942  1898  1898 E wifi_forwarder: RemoteConnection failed to initialize: RemoteConnection failed to open pipe
03-13 10:16:54.744  2013  2042 E memtrack: Couldn't load memtrack module
03-13 10:17:19.259  1878  1878 E netmgr  : Failed to open QEMU pipe 'qemud:network': Invalid argument
03-13 10:17:21.098  2013  2042 E memtrack: Couldn't load memtrack module
03-13 10:17:22.943  1898  1898 E wifi_forwarder: RemoteConnection failed to initialize: RemoteConnection failed to open pipe
03-13 10:18:19.261  1878  1878 E netmgr  : Failed to open QEMU pipe 'qemud:network': Invalid argument
03-13 10:18:22.959  1898  1898 E wifi_forwarder: RemoteConnection failed to initialize: RemoteConnection failed to open pipe
03-13 10:19:09.451 32666  5199 E memtrack: Couldn't load memtrack module
03-13 10:19:19.276  1878  1878 E netmgr  : Failed to open QEMU pipe 'qemud:network': Invalid argument
03-13 10:19:22.994  1898  1898 E wifi_forwarder: RemoteConnection failed to initialize: RemoteConnection failed to open pipe
03-13 10:19:45.619  2013  2048 E BluetoothAdapter: Bluetooth binder is null
03-13 10:20:19.311  1878  1878 E netmgr  : Failed to open QEMU pipe 'qemud:network': Invalid argument
03-13 10:20:23.044  1898  1898 E wifi_forwarder: RemoteConnection failed to initialize: RemoteConnection failed to open pipe
03-13 10:20:28.391  2013  4279 E memtrack: Couldn't load memtrack module
03-13 10:21:05.919  2013  2042 E memtrack: Couldn't load memtrack module
03-13 10:21:19.372  1878  1878 E netmgr  : Failed to open QEMU pipe 'qemud:network': Invalid argument
03-13 10:21:23.105  1898  1898 E wifi_forwarder: RemoteConnection failed to initialize: RemoteConnection failed to open pipe
03-13 10:21:32.804  2013  2036 E system_server: Invalid ID 0x00000000.
03-13 10:21:32.889  2593  3241 E ModuleIdSetter: exception when setting module id
03-13 10:21:32.889  2593  3241 E ModuleIdSetter: java.lang.IllegalStateException: Unable to get current module info in ModuleManager created with non-module Context
03-13 10:21:32.889  2593  3241 E ModuleIdSetter: 	at com.google.android.chimera.config.ModuleManager.getCurrentModule(:com.google.android.gms@202414022@20.24.14 (040700-319035315):2)
03-13 10:21:32.889  2593  3241 E ModuleIdSetter: 	at aewd.a(:com.google.android.gms@202414022@20.24.14 (040700-319035315):4)
03-13 10:21:32.889  2593  3241 E ModuleIdSetter: 	at aewg.b(:com.google.android.gms@202414022@20.24.14 (040700-319035315):9)
03-13 10:21:32.889  2593  3241 E ModuleIdSetter: 	at aeso.a(Unknown Source:0)
03-13 10:21:32.889  2593  3241 E ModuleIdSetter: 	at rpm.a(:com.google.android.gms@202414022@20.24.14 (040700-319035315):0)
03-13 10:21:32.889  2593  3241 E ModuleIdSetter: 	at rlv.c(:com.google.android.gms@202414022@20.24.14 (040700-319035315):1)
03-13 10:21:32.889  2593  3241 E ModuleIdSetter: 	at rlt.b(:com.google.android.gms@202414022@20.24.14 (040700-319035315):1)
03-13 10:21:32.889  2593  3241 E ModuleIdSetter: 	at rok.b(:com.google.android.gms@202414022@20.24.14 (040700-319035315):6)
03-13 10:21:32.889  2593  3241 E ModuleIdSetter: 	at rok.c(:com.google.android.gms@202414022@20.24.14 (040700-319035315):6)
03-13 10:21:32.889  2593  3241 E ModuleIdSetter: 	at rok.b(:com.google.android.gms@202414022@20.24.14 (040700-319035315):10)
03-13 10:21:32.889  2593  3241 E ModuleIdSetter: 	at rok.a(:com.google.android.gms@202414022@20.24.14 (040700-319035315):17)
03-13 10:21:32.889  2593  3241 E ModuleIdSetter: 	at rok.g(:com.google.android.gms@202414022@20.24.14 (040700-319035315):3)
03-13 10:21:32.889  2593  3241 E ModuleIdSetter: 	at sdr.a(:com.google.android.gms@202414022@20.24.14 (040700-319035315):2)
03-13 10:21:32.889  2593  3241 E ModuleIdSetter: 	at scr.a(:com.google.android.gms@202414022@20.24.14 (040700-319035315):10)
03-13 10:21:32.889  2593  3241 E ModuleIdSetter: 	at sci.a(:com.google.android.gms@202414022@20.24.14 (040700-319035315):0)
03-13 10:21:32.889  2593  3241 E ModuleIdSetter: 	at scl.handleMessage(:com.google.android.gms@202414022@20.24.14 (040700-319035315):28)
03-13 10:21:32.889  2593  3241 E ModuleIdSetter: 	at android.os.Handler.dispatchMessage(Handler.java:107)
03-13 10:21:32.889  2593  3241 E ModuleIdSetter: 	at aekz.a(:com.google.android.gms@202414022@20.24.14 (040700-319035315):2)
03-13 10:21:32.889  2593  3241 E ModuleIdSetter: 	at aekz.dispatchMessage(:com.google.android.gms@202414022@20.24.14 (040700-319035315):14)
03-13 10:21:32.889  2593  3241 E ModuleIdSetter: 	at android.os.Looper.loop(Looper.java:214)
03-13 10:21:32.889  2593  3241 E ModuleIdSetter: 	at android.os.HandlerThread.run(HandlerThread.java:67)
03-13 10:21:32.953  3068  5230 E PlaceStateUpdater: Received no places
03-13 10:21:33.186  2593  2593 E BeaconBle: Missing BluetoothAdapter [CONTEXT service_id=111 ]
03-13 10:21:33.218  2593  2593 E BeaconBle: Scan couldn't start for Places [CONTEXT service_id=111 ]
03-13 10:21:33.304  1796  2054 E SurfaceFlinger: ro.sf.lcd_density must be defined as a build property
03-13 10:21:33.305  1796  2054 E SurfaceFlinger: ro.sf.lcd_density must be defined as a build property
03-13 10:21:38.916  2593  3818 E WakeLock: NlpWakeLock ** IS FORCE-RELEASED ON TIMEOUT **
03-13 10:21:43.960  2013  2042 E memtrack: Couldn't load memtrack module
03-13 10:21:52.895  2013  2042 E memtrack: Couldn't load memtrack module
03-13 10:21:54.958  2013  2042 E memtrack: Couldn't load memtrack module
03-13 10:22:01.392  2593  3818 E WakeLock: NlpWakeLock ** IS FORCE-RELEASED ON TIMEOUT **
